49 restaurants to visit
  1/49 no-menu-category     0 photos  Tortillas De Harina El Trigal
  2/49 ok                   4 photos  Mr. Pulpo Sea Food
  3/49 ok                   4 photos  BunZ
  4/49 limited-view         0 photos  Valerio's Finest Bake Shop
  5/49 limited-view         0 photos  Amalfi Cucina Italiana at Orfila Vineyards
  6/49 limited-view         0 photos  bb.q Chicken Vista
  7/49 no-menu-category     0 photos  Japanese Friendship Bell
  8/49 limited-view         0 photos  Savoy Donuts
  9/49 no-menu-category     0 photos  Uncle Feras Middle Eastern Restaurant
 10/49 ok                   3 photos  Le Charcuterie Bar
 11/49 limited-view         0 photos  The Parks Cafe
 12/49 ok                   5 photos  Sonora Steak Asadero El Prieto #13
 13/49 ok                   4 photos  Black Plague Purgatory Lounge
 14/49 limited-view         0 photos  Greek Gyros II
 15/49 ok                   4 photos  JJANG Korean bbq
 16/49 ok                   2 photos  Lakes Market & Deli
 17/49 limited-view         0 photos  Immersion Coffee
 18/49 ok                   5 photos  Da Good Vibes Eats
 19/49 limited-view         0 photos  Cristallo Cafe
 20/49 no-menu-category     0 photos  El Flako's Wrangler Barbecue
 21/49 ok                   3 photos  Zen 5
 22/49 limited-view         0 photos  Kelly's Pub, El Cajon
 23/49 limited-view         0 photos  Señor Taquero Taco Shop
 24/49 no-menu-category     0 photos  Arrieros Tacos ¡Hecho está!
 25/49 no-menu-category     0 photos  Windows Cafe
 26/49 ok                   1 photos  Roadtrip Bowls Made by Lazy Dog
 27/49 limited-view         0 photos  Fusion Bar & Lounge
 28/49 limited-view         0 photos  Calzone Life Escondido
 29/49 limited-view         0 photos  Dainty Dessert
 30/49 ok                   1 photos  Casa Ocho
 31/49 ok                   3 photos  We Olive & Wine Bar
 32/49 ok                   1 photos  1022 Cafe & Gelateria
 33/49 limited-view         0 photos  Mutual Friend Ice Cream
 34/49 ok                   4 photos  Rosaria's Pizza
 35/49 limited-view         0 photos  Yuki Yuki
 36/49 limited-view         0 photos  M & M Patisserie
 37/49 limited-view         0 photos  Promised Goods
 38/49 ok                   3 photos  Baci Restaurant | Italian
 39/49 ok                   4 photos  VG Donut & Bakery
 40/49 ok                   3 photos  Caffe Positano, Fairbanks
 41/49 limited-view         0 photos  Juice Caboose
 42/49 limited-view         0 photos  Flor and Seed Coffee Roasters
 43/49 no-menu-category     0 photos  Margarita’s
 44/49 ok                   3 photos  The Keep Coffee
 45/49 limited-view         0 photos  California Mexican Food
 46/49 limited-view         0 photos  Elsa's Kitchen
 47/49 limited-view         0 photos  Burros and Fries
 48/49 no-menu-category     0 photos  La Paloma
 49/49 ok                   3 photos  Mariscos Mazatlan Mexican Grill
