2998 restaurants to visit
  1/2998 limited-view         0 photos  Somisomi
  2/2998 limited-view         0 photos  Panini Kabob Grill - Park 12
  3/2998 limited-view         0 photos  Tasty Pizza Escondido LLC
  4/2998 limited-view         0 photos  Los Armando's Mexican Food
  5/2998 limited-view         0 photos  Kneading Love Micro Bakery
  6/2998 ok                   3 photos  San Diego Blenders
  7/2998 limited-view         0 photos  Immersion Express / Coffee and Matcha
  8/2998 limited-view         0 photos  Interim Coffee
  9/2998 menu-category-empty  0 photos  Mariscos la baja mar y fuego
 10/2998 limited-view         0 photos  The Whet Noodle
 11/2998 limited-view         0 photos  Taqueria Los Famosos
 12/2998 ok                   4 photos  Oakberry Açaí bowls
2986 restaurants to visit
  1/2986 ok                   5 photos  Bar Sin Nombre
  2/2986 limited-view         0 photos  Rubio's Coastal Grill
  3/2986 ok                   2 photos  Jimmy's Cafe & Pub
  4/2986 limited-view         0 photos  Xolotacos
  5/2986 ok                   4 photos  Tommy V's Pizzeria
  6/2986 limited-view         0 photos  Santaluz Bistro
  7/2986 ok                   3 photos  FIT Social
  8/2986 limited-view         0 photos  Bedda
  9/2986 limited-view         0 photos  Black Sea Cafe & Market
 10/2986 limited-view         0 photos  Coast Coffee Co
 11/2986 limited-view         0 photos  Meshuggah Shack
 12/2986 limited-view         0 photos  Mama’s Bowl
 13/2986 limited-view         0 photos  Coffee & Smoothies
 14/2986 limited-view         0 photos  Brigitte's Bakery
 15/2986 ok                   4 photos  Taqueria Campos
 16/2986 limited-view         0 photos  Hi!Dumplings
 17/2986 ok                   5 photos  Jitters Espresso
 18/2986 ok                   3 photos  THRONE ROOM
 19/2986 ok                   4 photos  GOLDEN DRAGON ASIAN CUISINE
 20/2986 limited-view         0 photos  ICE POPS
 21/2986 ok                   5 photos  Pam's Donuts and Frozen Yogurt
 22/2986 limited-view         0 photos  Sourdough & moore
 23/2986 limited-view         0 photos  Compadres Grilled Chicken
 24/2986 no-menu-category     0 photos  Foundation X
 25/2986 limited-view         0 photos  Café Sand Castle
 26/2986 no-menu-category     0 photos  La delicia
 27/2986 ok                   4 photos  Casa Café & Market
 28/2986 limited-view         0 photos  Kelly’s Pub
 29/2986 ok                   4 photos  Boba Tea Spot
 30/2986 ok                   3 photos  Peterson's Donut Corner
 31/2986 no-menu-category     0 photos  Rooster Ramen
 32/2986 no-menu-category     0 photos  Carnitas Paracho Garibay
 33/2986 limited-view         0 photos  Cargo Cafe - Gateway
 34/2986 ok                   3 photos  Tejedas' Peruvian Kitchen
 35/2986 no-menu-category     0 photos  Arcana Brewing Company
 36/2986 no-menu-category     0 photos  Golden Dragon
 37/2986 ok                   4 photos  86d (inside Coin-Op)
 38/2986 limited-view         0 photos  Sunright Tea Studio
 39/2986 limited-view         0 photos  Giovanetti’s Italian Cuisine
 40/2986 no-menu-category     0 photos  Continent Delicatessen
 41/2986 limited-view         0 photos  Chimney Nation
 42/2986 limited-view         0 photos  Drinky Promise
 43/2986 ok                   6 photos  Birria Blvd
 44/2986 limited-view         0 photos  ZzanG Hotdog & Chicken
 45/2986 no-menu-category     0 photos  Frugo's Yogurt
 46/2986 no-menu-category     0 photos  Mar & Fuego
 47/2986 ok                   3 photos  Barrio Coffee
 48/2986 ok                   5 photos  Rank & File
 49/2986 ok                   3 photos  Mariscos y Miches El Patron
 50/2986 limited-view         0 photos  Volcan Mountain Winery
 51/2986 ok                   3 photos  Haunted Head Saloon
 52/2986 limited-view         0 photos  California Mountain Bakery
 53/2986 ok                   2 photos  Pepita's Cafe
 54/2986 no-menu-category     0 photos  The Funky Frenchie (Lemon Grove)
 55/2986 no-photos            0 photos  Sprinkles Ice Cream Shop And Bakery
 56/2986 ok                   5 photos  Calypso Bay Smokehouse
 57/2986 no-menu-category     0 photos  The Break Room
 58/2986 limited-view         0 photos  Manna Heaven BBQ - National City
 59/2986 ok                   3 photos  Sushi ki To
 60/2986 limited-view         0 photos  D's Coffee
 61/2986 ok                   4 photos  Cali Craft Tacos
 62/2986 ok                   5 photos  Tocaya Modern Mexican
 63/2986 no-menu-category     0 photos  La Cucina di Silvana
 64/2986 limited-view         0 photos  Mr. Charlie's
 65/2986 limited-view         0 photos  Tokyo Express
 66/2986 limited-view         0 photos  The Round Up Grill
 67/2986 limited-view         0 photos  Birrieria Y Menuderia Guadalajara
 68/2986 ok                   3 photos  Casa de Freds
 69/2986 ok                   2 photos  Ambiance Kitchen + Lounge
 70/2986 ok                   3 photos  Max's Restaurant National City
 71/2986 ok                   3 photos  Taco Bar
 72/2986 limited-view         0 photos  Red Ribbon Bakeshop
 73/2986 limited-view         0 photos  Hanna Garden
 74/2986 limited-view         0 photos  Chiim Thai
 75/2986 limited-view         0 photos  Las Delicias de Alicia
 76/2986 limited-view         0 photos  Omas Delectables
 77/2986 no-menu-category     0 photos  Muse Cheesecakes & Bakery
 78/2986 limited-view         0 photos  Caribbean Taste
 79/2986 limited-view         0 photos  Babylon Restaurant
 80/2986 limited-view         0 photos  Balboa Bakery
 81/2986 ok                   4 photos  Hanu Korean BBQ
 82/2986 ok                   4 photos  Jaguar Paw
 83/2986 limited-view         0 photos  Hacienda Jamul
 84/2986 limited-view         0 photos  Nolberto's Taco Shop
 85/2986 ok                   3 photos  KM BBQ
 86/2986 ok                   3 photos  Corner Pizza Oceanside
 87/2986 limited-view         0 photos  Cardiff Seaside Market
 88/2986 limited-view         0 photos  33 Area Chow Hall
 89/2986 ok                   2 photos  The Alibi
 90/2986 limited-view         0 photos  43 Area Mess Hall
 91/2986 ok                   4 photos  Frank’s Ice Cream Wholesale
 92/2986 limited-view         0 photos  Julian Hard Cider
 93/2986 ok                   3 photos  Mariscos La Morena
 94/2986 limited-view         0 photos  Panini Kabob Grill - Westfield UTC
 95/2986 ok                   1 photos  ZENSHI Handcrafted Sushi
 96/2986 no-menu-category     0 photos  The Pony Express Coffee Bar & Drive Thru
 97/2986 limited-view         0 photos  La Peña Mexican Grill
 98/2986 limited-view         0 photos  San Diego Blenders
 99/2986 limited-view         0 photos  The Burger Den
100/2986 limited-view         0 photos  The LAB Collaborative
101/2986 no-menu-category     0 photos  Cafe Pho
102/2986 limited-view         0 photos  It's Raw Poke Truck
103/2986 limited-view         0 photos  Bonchon Chicken
104/2986 ok                   4 photos  Rancho Cafe
105/2986 limited-view         0 photos  Surf City Squeeze
106/2986 ok                   3 photos  14 Area Chow Hall
107/2986 limited-view         0 photos  La India Bonita
108/2986 ok                   3 photos  Prado At The Airport
109/2986 ok                   1 photos  The Fountains Restaurant
110/2986 ok                   4 photos  Come Back Coffee Co.
111/2986 no-photos            0 photos  When Pigs Fly BBQ
112/2986 limited-view         0 photos  Taquería Imperial Taco Shop
113/2986 no-menu-category     0 photos  Rise Southern Biscuits & Righteous Chicken - San Diego
114/2986 ok                   2 photos  FLAVORS EXPRESS SDSU
115/2986 no-menu-category     0 photos  El Rancho Bar & Grill
116/2986 no-menu-category     0 photos  No excuse income
117/2986 limited-view         0 photos  Tacos El Güero
118/2986 limited-view         0 photos  Machete Beer House
119/2986 limited-view         0 photos  Sue's Korean Kitchen
120/2986 limited-view         0 photos  Bonny's Cafe
121/2986 limited-view         0 photos  Deleitte
122/2986 ok                   1 photos  DELISTRABERRY
123/2986 ok                   3 photos  Donut Stop
124/2986 ok                   2 photos  Tocumbo Ice Cream National City
125/2986 ok                   2 photos  Mar & Ember
126/2986 ok                   4 photos  Sprinkles La Jolla
127/2986 ok                   3 photos  Hongyuan Kebab
128/2986 limited-view         0 photos  Super Express Chinese Food
129/2986 limited-view         0 photos  Red Ribbon Bakeshop
130/2986 limited-view         0 photos  The Meltdown
131/2986 no-menu-category     0 photos  The Patch Coffee
132/2986 limited-view         0 photos  Emilio's Food Truck
133/2986 no-menu-category     0 photos  The Candy Pushers
134/2986 no-menu-category     0 photos  HapiVegan
135/2986 limited-view         0 photos  The Confessional by The Lost Abbey
136/2986 limited-view         0 photos  Rooftop Bar
137/2986 limited-view         0 photos  Ramen Station
138/2986 ok                   4 photos  Pho46 & Banh Mi
139/2986 limited-view         0 photos  Edelweiss Bakery
140/2986 limited-view         0 photos  Galu Café and Delicatessen
141/2986 ok                   4 photos  Ono Hawaiian BBQ
142/2986 ok                   5 photos  Prey Brewing Company
143/2986 no-photos            0 photos  (dba) The Wayfarer's Pantry - Cottage Kitchen
144/2986 no-menu-category     0 photos  Smash’d Burgers
145/2986 limited-view         0 photos  Okama Ramen and Grill
146/2986 limited-view         0 photos  Chee-Chee Club
147/2986 no-menu-category     0 photos  Sweets
148/2986 no-menu-category     0 photos  Sweet Maison Bakery
149/2986 limited-view         0 photos  Tsunami Modern Cuisine
150/2986 limited-view         0 photos  Hilberto's Mexican Food
151/2986 ok                   3 photos  Rumorosa
152/2986 limited-view         0 photos  The TriTiperia
153/2986 limited-view         0 photos  Spinnaker Coffee
154/2986 limited-view         0 photos  Julian Food Truck
155/2986 no-menu-category     0 photos  Manhattan Cocktail Lounge
156/2986 ok                   4 photos  Opa Greek Restaurant & Grill
157/2986 limited-view         0 photos  Carlo
158/2986 limited-view         0 photos  Rift Sand Bar
159/2986 limited-view         0 photos  Arctic Snacks
160/2986 ok                   1 photos  NandosHotBox
161/2986 limited-view         0 photos  Better Buzz Coffee Del Mar
162/2986 limited-view         0 photos  Sammy's Restaurant & Bar
163/2986 ok                   1 photos  Lady M Cake Boutique - San Diego
164/2986 limited-view         0 photos  Chico's Bakery
165/2986 ok                   4 photos  Surf City Squeeze
166/2986 no-menu-category     0 photos  Cali Cafe
167/2986 no-menu-category     0 photos  Fox Den Bar
168/2986 no-menu-category     0 photos  Colibri Cafe
169/2986 limited-view         0 photos  Cargo Cafe - Torrey Pines
170/2986 limited-view         0 photos  CHI
171/2986 limited-view         0 photos  La Banana Fruits - Fruteria
172/2986 limited-view         0 photos  Sang Dao Kitchen
173/2986 limited-view         0 photos  Brett's BBQ
174/2986 limited-view         0 photos  Sky Hookah Lounge
175/2986 ok                   1 photos  Casa Del Lobo
176/2986 limited-view         0 photos  Yas Lounge
177/2986 limited-view         0 photos  Con Pane Rustic Breads & Cafe
178/2986 limited-view         0 photos  P B Pub
179/2986 limited-view         0 photos  858 Burger
180/2986 limited-view         0 photos  El Charro Mexican Food
181/2986 ok                   3 photos  Moonshine Flats
182/2986 ok                   3 photos  Christophe Rull Patisserie
183/2986 ok                   3 photos  Crumbl Cookies
184/2986 limited-view         0 photos  Imperial Mandarin
185/2986 ok                   4 photos  Somisomi
186/2986 ok                   4 photos  Paris Baguette
187/2986 limited-view         0 photos  Middy's Pizza
188/2986 limited-view         0 photos  Poki One N Half San Marcos
189/2986 limited-view         0 photos  El Rinconcito Fruteria
190/2986 ok                   5 photos  Tacos oasis
191/2986 limited-view         0 photos  OB Smoothies Bar & Subs
192/2986 limited-view         0 photos  Silver Spigot
193/2986 ok                   4 photos  Jilberto's
194/2986 no-menu-category     0 photos  Lagoon Terrace
195/2986 limited-view         0 photos  Sangucheria PSF Hillcrest
196/2986 limited-view         0 photos  Winston’s Beach Club
197/2986 no-menu-category     0 photos  Raspados Aloha 2
198/2986 ok                   1 photos  Louisiana Banana Pudding
199/2986 limited-view         0 photos  Ground Up Cafe
200/2986 no-menu-category     0 photos  La Casa de Don Juan
201/2986 no-menu-category     0 photos  Ituri Hut
202/2986 ok                   3 photos  Haven Cafe
203/2986 ok                   4 photos  Tengu Ramen
204/2986 limited-view         0 photos  Los Cucos Mexican Food
205/2986 no-menu-category     0 photos  Nik's BBQ
206/2986 ok                   3 photos  Divo Diva Cafe
207/2986 ok                   3 photos  Its Cafe Thai
208/2986 limited-view         0 photos  The Best Donuts
209/2986 ok                   3 photos  Chandelier BY G
210/2986 limited-view         0 photos  Savory Thai Restaurant
211/2986 ok                   3 photos  Elixir Espresso Bar
212/2986 ok                   3 photos  The Iconic Coffee Club
213/2986 limited-view         0 photos  Beach City Smoothies - Oceanside
214/2986 limited-view         0 photos  Snow Pops San Diego - Snow Pops SD
215/2986 limited-view         0 photos  Side Chick - Chicken & Fries
216/2986 ok                   3 photos  Handel's Homemade Ice Cream Vista
217/2986 ok                   1 photos  Harissa Mediterranean Kitchen
218/2986 no-menu-category     0 photos  The Meltdown
219/2986 limited-view         0 photos  Golden Spoon Carlsbad Plaza
220/2986 limited-view         0 photos  Sinbad Restaurant And Lounge
221/2986 no-menu-category     0 photos  Mike Hess Brewing - Seaport Village Taphouse
222/2986 ok                   6 photos  J & J's Mexican Food
223/2986 ok                   3 photos  SHELTER Encinitas
224/2986 ok                   2 photos  Freshly Prepped
225/2986 limited-view         0 photos  Pazzos Italian
226/2986 no-menu-category     0 photos  Thyme Of Essence
227/2986 limited-view         0 photos  Linda's Yogurt & Deli
228/2986 ok                   3 photos  Hommunlii & Co
229/2986 limited-view         0 photos  Home Coffee
230/2986 limited-view         0 photos  Pop's Pizza
231/2986 limited-view         0 photos  The Shine Shack
232/2986 limited-view         0 photos  Stella Jean's Ice Cream Kensington
233/2986 limited-view         0 photos  Fresh Catch Fish Market & Grill
234/2986 ok                   3 photos  Cafe Aero
235/2986 ok                   3 photos  Sea Ridge Cafe
236/2986 no-menu-category     0 photos  Buka - Taste of Nigeria
237/2986 ok                   1 photos  Cocinita La Michoacana
238/2986 limited-view         0 photos  Tortilleria Bakery
239/2986 limited-view         0 photos  Bake and beach
240/2986 ok                   5 photos  Karihan Filipino Food
241/2986 limited-view         0 photos  Namino (Tahchin)
242/2986 limited-view         0 photos  FIFTEEN 360
243/2986 no-menu-category     0 photos  La Dama y Sus Takonez
244/2986 no-menu-category     0 photos  Little Club
245/2986 ok                   2 photos  Pure Meal Prep SD
246/2986 no-menu-category     0 photos  Cluck N Sip
247/2986 limited-view         0 photos  Pop Pops Paleta
248/2986 limited-view         0 photos  Lounge 72
249/2986 ok                   4 photos  Del Sur Mexican Cuisine
250/2986 limited-view         0 photos  The Morning Grove
251/2986 ok                   3 photos  Snax
252/2986 no-menu-category     0 photos  Vella Brasserie
253/2986 ok                   2 photos  Ohana Nutrition
254/2986 ok                   3 photos  The Bean
255/2986 ok                   5 photos  Cafe Pascale
256/2986 ok                   1 photos  The Chicken Snack Shack
257/2986 ok                   3 photos  Ascend Coffee Roasters
258/2986 limited-view         0 photos  Heavenly Donuts
259/2986 limited-view         0 photos  GelatoLove Carlsbad Village
260/2986 limited-view         0 photos  China-Star
261/2986 limited-view         0 photos  Crumbl Cookies
262/2986 limited-view         0 photos  MyPozole
263/2986 limited-view         0 photos  University Towers Kitchen
264/2986 limited-view         0 photos  Z Cafe
265/2986 ok                   5 photos  California Bean
266/2986 ok                   1 photos  The Meantime
267/2986 ok                   1 photos  Barcino Grill
268/2986 limited-view         0 photos  Dimassi's Mediterranean Buffet
269/2986 no-menu-category     0 photos  El Rancho Grande Bar & Grill
270/2986 ok                   5 photos  Las Brazas Mexican Food
271/2986 no-menu-category     0 photos  Chico Club
272/2986 limited-view         0 photos  Chef Budda Blasian Soul Food LLC
273/2986 limited-view         0 photos  Julie's Desserts & Bakery
274/2986 no-menu-category     0 photos  OMG Crêpes
275/2986 ok                   4 photos  El Borrego
276/2986 ok                   5 photos  The Library Coffee Shop
277/2986 limited-view         0 photos  Al Teatro Panini Grill
278/2986 ok                   3 photos  Cafe Bella Midway
279/2986 limited-view         0 photos  Na Tart
280/2986 ok                   6 photos  Sabertooth Mexican Grill
281/2986 ok                   3 photos  Bros Kabob
282/2986 no-menu-category     0 photos  The Meltdown
283/2986 ok                   4 photos  Castelli & Pizarro Family Vineyards & Winery
284/2986 no-menu-category     0 photos  Cafe East by Eurest
285/2986 no-menu-category     0 photos  Capital One Cafe
286/2986 no-menu-category     0 photos  Fruttos Yogurt
287/2986 ok                   4 photos  Shallow End Grill
288/2986 ok                   1 photos  On Point BBQ
289/2986 ok                   3 photos  Cup 'n Go
290/2986 ok                   3 photos  Phology Noodle House - Pho Vietnamese Chula Vista CA
291/2986 ok                   4 photos  J-Town Grab and Go
292/2986 limited-view         0 photos  Curbside Cafe
293/2986 limited-view         0 photos  Vaqueros Carne Asada
294/2986 no-menu-category     0 photos  The Meltdown
295/2986 limited-view         0 photos  Barbeer
296/2986 limited-view         0 photos  National Burrito
297/2986 ok                   5 photos  Imperial Fish Market
298/2986 limited-view         0 photos  Burritos Luna
299/2986 limited-view         0 photos  Fuego Mediterranean Grill
300/2986 ok                   4 photos  bb.q Chicken National City
301/2986 limited-view         0 photos  Katsuya Ko
302/2986 no-menu-category     0 photos  Bloomix studio
303/2986 ok                   5 photos  Imperial Palace
304/2986 ok                   4 photos  Yakumi Sushi SD
305/2986 ok                   4 photos  ENO Market & Pizzeria
306/2986 limited-view         0 photos  Unico Juice Shop
307/2986 ok                   3 photos  Mama G’s Kitchen & Sauces Peruvian Cuisine
308/2986 limited-view         0 photos  Empanada Kitchen
309/2986 no-menu-category     0 photos  Side Piece
310/2986 ok                   6 photos  Nice Food Restaurant
311/2986 ok                   2 photos  La Patrona
312/2986 ok                   2 photos  Lone Pine Eatery
313/2986 ok                   4 photos  Little Fox Cups + Cones
314/2986 ok                   3 photos  Steph's Donut Hole
315/2986 ok                   4 photos  Crispy Cones - Carlsbad
316/2986 ok                   1 photos  Vivant Bistro & Craft Bar
317/2986 limited-view         0 photos  Mr. Shwarma
318/2986 limited-view         0 photos  Supreme Donuts
319/2986 limited-view         0 photos  The Golf Bar
320/2986 no-menu-category     0 photos  Oceanside Donut
321/2986 limited-view         0 photos  Fish With You ｜Spicy & Sour Fish Soup 鱼你在一起酸菜鱼
322/2986 ok                   4 photos  Trieu Chau Restaurant | Chinese • Cambodian
323/2986 ok                   3 photos  Bonehead Burger Co.
324/2986 limited-view         0 photos  Corvette Diner
325/2986 limited-view         0 photos  Tacos El Chris
326/2986 no-menu-category     0 photos  Huerta Taco Stand
327/2986 ok                   3 photos  Desi's Bar & Grill
328/2986 limited-view         0 photos  Repostería Jexana
329/2986 ok                   5 photos  Olala Crepes
330/2986 limited-view         0 photos  Huckleberry's Breakfast & Lunch
331/2986 no-menu-category     0 photos  Cozy Crumble Cottage Bakery
332/2986 ok                   3 photos  Pho Hoa
333/2986 limited-view         0 photos  ALBACA
334/2986 no-menu-category     0 photos  Dryer's Ice Cream Parlor
335/2986 limited-view         0 photos  Dolce Italia Desserts, Inc.
336/2986 no-menu-category     0 photos  Tamales Escondido
337/2986 no-menu-category     0 photos  Baklava King
338/2986 limited-view         0 photos  Juice Stop Encinitas
339/2986 no-menu-category     0 photos  Meadiocrity Mead
340/2986 no-menu-category     0 photos  Liberty Public Market
341/2986 limited-view         0 photos  The Vibe
342/2986 ok                   3 photos  Corner Deli & Pizza
343/2986 no-menu-category     0 photos  Linda Vista Market
344/2986 ok                   4 photos  ALOHA GRILL
345/2986 limited-view         0 photos  Hoffer's Cigar Bar
346/2986 ok                   3 photos  Old Hickory Steakhouse
347/2986 limited-view         0 photos  Verde Kitchen & Bar
348/2986 limited-view         0 photos  Layali nights lounge
349/2986 ok                   5 photos  Tacos El Gordo
350/2986 ok                   3 photos  HINAR Dessert Bar & Café
351/2986 no-menu-category     0 photos  Warung RieRie
352/2986 no-menu-category     0 photos  Lina's Bakery
353/2986 limited-view         0 photos  seaglass restaurant
354/2986 no-menu-category     0 photos  The Meltdown
355/2986 limited-view         0 photos  Agave Birrieria
356/2986 limited-view         0 photos  Paris Baguette
357/2986 limited-view         0 photos  Bao Bar
358/2986 limited-view         0 photos  XENiA Mediterranean Kitchen - San Diego
359/2986 limited-view         0 photos  The Cowshed
360/2986 no-menu-category     0 photos  Tacos Los Carnales
361/2986 ok                   5 photos  Memo's Bagel Café
362/2986 limited-view         0 photos  Safari Kitchen
363/2986 no-menu-category     0 photos  Tacos El Jalón
364/2986 limited-view         0 photos  The Landing
365/2986 ok                   3 photos  The Latin Chef Liberty Station
366/2986 limited-view         0 photos  Danish & Donuts
367/2986 limited-view         0 photos  Prager Brothers Artisan Bread
368/2986 no-menu-category     0 photos  The Burger Den
369/2986 no-menu-category     0 photos  Punkers Cafe
370/2986 limited-view         0 photos  Elote
371/2986 ok                   3 photos  JJ's Sushi and Pho
372/2986 limited-view         0 photos  El Sonorense Taco Shop
373/2986 limited-view         0 photos  Millport
374/2986 ok                   3 photos  La Especial Norte
375/2986 ok                   4 photos  Juice Caboose
376/2986 limited-view         0 photos  Cilantro's Mexican Food,
377/2986 limited-view         0 photos  Joes on the Nose
378/2986 no-menu-category     0 photos  Cj Lounge
379/2986 limited-view         0 photos  Mike's Giant New York Pizza
380/2986 limited-view         0 photos  24 Area Messhall
381/2986 limited-view         0 photos  Cafecito on Palm
382/2986 limited-view         0 photos  Mikara Cafe
383/2986 limited-view         0 photos  Pelican's on the Bay
384/2986 limited-view         0 photos  Draft South Mission
385/2986 limited-view         0 photos  Fresh Donuts
386/2986 no-menu-category     0 photos  Mexican Seafood & Grill
387/2986 ok                   4 photos  BB's Deli
388/2986 ok                   4 photos  Merenda
389/2986 limited-view         0 photos  Awesome Jamaican Jerk Wings by Laylahs
390/2986 no-menu-category     0 photos  Mount Palomar Winery
391/2986 limited-view         0 photos  Stix
392/2986 limited-view         0 photos  Benny's Mexican Food
393/2986 ok                   4 photos  Vista Bean Coffee
394/2986 ok                   4 photos  La Isla Neveria
395/2986 limited-view         0 photos  The Cafe
396/2986 no-menu-category     0 photos  Akai Hana
397/2986 limited-view         0 photos  Sub-marine
398/2986 ok                   4 photos  Piedra Santa
399/2986 ok                   1 photos  Vega’s Kitchen
400/2986 ok                   3 photos  El Chingon
401/2986 no-menu-category     0 photos  Zen Coffee & Deli
402/2986 no-menu-category     0 photos  CC Bakehouse
403/2986 limited-view         0 photos  Mi Taco Shop
404/2986 ok                   3 photos  The Rooftop by STK
405/2986 limited-view         0 photos  Eugenio Italian Ristorante & More
406/2986 limited-view         0 photos  ETNA DULCIS
407/2986 limited-view         0 photos  Carne & Hueso
408/2986 no-menu-category     0 photos  Manny's Bar & Grill
409/2986 limited-view         0 photos  A.R. Valentien
410/2986 limited-view         0 photos  Seaside BBQ
411/2986 ok                   2 photos  Granny's Apple Fries
412/2986 ok                   3 photos  Fatburger
413/2986 no-menu-category     0 photos  Playa Azul Mariscos Restaurant
414/2986 ok                   1 photos  Deli and Pizzeria
415/2986 no-menu-category     0 photos  Farmer's Fridge
416/2986 limited-view         0 photos  Nova Easy Kombucha
417/2986 no-menu-category     0 photos  1935 Artisan Desserts & Kitchen
418/2986 ok                   1 photos  Marisol's Pie Shop
419/2986 limited-view         0 photos  CARAVAN
420/2986 ok                   5 photos  Germán Seafood Food Truck
421/2986 limited-view         0 photos  Krak Boba
422/2986 ok                   6 photos  Tacos de Birria El Chinito Jr
423/2986 limited-view         0 photos  Flippin' Pizza La Costa
424/2986 limited-view         0 photos  Señor Pancho Mexican Grill
425/2986 limited-view         0 photos  Tavos Tacos n Beer
426/2986 limited-view         0 photos  Tierra Mia Coffee Drive Thru
427/2986 ok                   2 photos  The Elegant Truffle
428/2986 ok                   3 photos  Angry Petes Pizza Point Loma
429/2986 limited-view         0 photos  Shaks Mediterranean Bistro
430/2986 limited-view         0 photos  Wild Child Ice Cream
431/2986 limited-view         0 photos  One of Us
432/2986 limited-view         0 photos  SHOR
433/2986 ok                   6 photos  Rosendo's Taco Shop
434/2986 limited-view         0 photos  Sunny Scoops
435/2986 no-menu-category     0 photos  Mantra Sukha Tea Lounge
436/2986 ok                   4 photos  Sun Deck
437/2986 limited-view         0 photos  Donut Star
438/2986 limited-view         0 photos  Pita Pit
439/2986 limited-view         0 photos  Ten Gu Ramen
440/2986 no-menu-category     0 photos  Shack-House
441/2986 ok                   4 photos  Lighthouse Ice Cream
442/2986 limited-view         0 photos  Barbas Mexican Food
443/2986 ok                   5 photos  Saray Restaurant Charcoal Grill
444/2986 no-menu-category     0 photos  Arevalo's Bakery
445/2986 limited-view         0 photos  Lemon Grove Bakery
446/2986 ok                   3 photos  Copa Vida - Del Mar
447/2986 ok                   2 photos  Tuétano Taquería
448/2986 no-menu-category     0 photos  Mielimon Bakery
449/2986 ok                   2 photos  The Bistro - Eat. Drink. Connect.®
450/2986 limited-view         0 photos  Ironsmith Coffee Roasters
451/2986 limited-view         0 photos  The Craft Taco at The Nat
452/2986 limited-view         0 photos  Don Ramon Méxican and sea food
453/2986 limited-view         0 photos  The Leucadian
454/2986 ok                   4 photos  Paris Baguette
455/2986 ok                   3 photos  Feliz Coffee Club
456/2986 ok                   3 photos  El Nopal Mexican Restaurant
457/2986 ok                   3 photos  6 Grados Coffee
458/2986 ok                   1 photos  Sandok Filipino Cuisine
459/2986 ok                   4 photos  Paradise Lounge & Grill - San Diego's Best Sports Bar
460/2986 limited-view         0 photos  Chamoyess
461/2986 limited-view         0 photos  Bronx Pizza
462/2986 ok                   1 photos  Rhino Cake and Coffee Company
463/2986 menu-category-empty  0 photos  Thérapie Bistro
464/2986 limited-view         0 photos  Bar Traza
465/2986 limited-view         0 photos  Canton Bakery by Meta Sweets
466/2986 ok                   3 photos  Golden Grill
467/2986 no-menu-category     0 photos  Fruteria el Manguito
468/2986 ok                   3 photos  Pure Squeeze
469/2986 limited-view         0 photos  Cali Cream Bakery
