100 restaurants to visit
  1/100 ok                   4 photos  Don Pedro Taco Shop
  2/100 ok                   5 photos  San Diego Bakery & Café
  3/100 limited-view         0 photos  Promised Goods
  4/100 limited-view         0 photos  Elsa's Kitchen
  5/100 limited-view         0 photos  Margarita’s
  6/100 ok                   3 photos  Stadium Club
  7/100 ok                   3 photos  Miss Kim's by That Boy Good
  8/100 ok                   1 photos  Shake Smart
  9/100 no-menu-category     0 photos  Logan Inn
 10/100 ok                   2 photos  Tacos la Guera
 11/100 no-menu-category     0 photos  The Beekeeper's Oven Farmstand - Santa Ysabel
 12/100 limited-view         0 photos  Le Charcuterie Bar
 13/100 ok                   3 photos  Daniel's Taco Shop
 14/100 ok                   3 photos  The Cove Bar & Grill
 15/100 no-menu-category     0 photos  My Cup of Tea Unique Gifts
 16/100 limited-view         0 photos  Mutual Friend Ice Cream
 17/100 ok                   3 photos  The Shores Restaurant
 18/100 ok                   1 photos  Sweet Escape Homemade Treats
 19/100 limited-view         0 photos  Zen 5
 20/100 ok                   1 photos  Deli & Go
 21/100 ok                   3 photos  The Cakery Cafe
 22/100 limited-view         0 photos  Yuki Yuki
 23/100 no-menu-category     0 photos  Panda Restaurant
 24/100 no-menu-category     0 photos  Blu Temple | Blu Cabana
 25/100 no-menu-category     0 photos  Queenstown Del Mar
 26/100 limited-view         0 photos  Greek Gyros II
 27/100 menu-category-empty  0 photos  Altered State venue
 28/100 ok                   4 photos  Primos Mexican Food & Cantina
 29/100 ok                   3 photos  Origen
 30/100 limited-view         0 photos  Da Good Vibes Eats
 31/100 limited-view         0 photos  Lakes Market & Deli
 32/100 ok                   4 photos  Mexi-Cocina Restaurant
 33/100 ok                   4 photos  Tus Chefs Favoritas
 34/100 limited-view         0 photos  La Paloma
 35/100 ok                   4 photos  El Kafecito
 36/100 ok                   4 photos  Route 6 Coffee & Smoothies
 37/100 limited-view         0 photos  Dainty Dessert
 38/100 no-menu-category     0 photos  Center Bar
 39/100 limited-view         0 photos  Japanese Friendship Bell
 40/100 no-menu-category     0 photos  Mesa Cafe
 41/100 limited-view         0 photos  Señor Taquero Taco Shop
 42/100 ok                   3 photos  Nomada
 43/100 limited-view         0 photos  Immersion Coffee
 44/100 ok                   4 photos  Yeeha Boba
 45/100 no-menu-category     0 photos  Em Coffee House
 46/100 no-menu-category     0 photos  MCX Food & Service Plaza, Camp Pendleton, CA
 47/100 limited-view         0 photos  Kelly's Pub, El Cajon
 48/100 limited-view         0 photos  VG Donut & Bakery
 49/100 limited-view         0 photos  Calzone Life Escondido
 50/100 limited-view         0 photos  JJANG Korean bbq
 51/100 limited-view         0 photos  Savoy Donuts
 52/100 no-menu-category     0 photos  K & K Orient Valley Food Center
 53/100 limited-view         0 photos  M & M Patisserie
 54/100 limited-view         0 photos  El Flako's Wrangler Barbecue
 55/100 limited-view         0 photos  Rosaria's Pizza
 56/100 limited-view         0 photos  BunZ
 57/100 no-menu-category     0 photos  The Meltdown
 58/100 limited-view         0 photos  Caffe Positano, Fairbanks
 59/100 limited-view         0 photos  Uncle Feras Middle Eastern Restaurant
 60/100 ok                   3 photos  Red Lobster
 61/100 no-menu-category     0 photos  Sprinkles Cafe
 62/100 ok                   1 photos  Sweets by Victoria
 63/100 no-menu-category     0 photos  D'liteful Chocolat
 64/100 ok                   1 photos  SideYard Coffee
 65/100 limited-view         0 photos  Windows Cafe
 66/100 no-menu-category     0 photos  Audrey's Café
 67/100 ok                   1 photos  Lulu’s Buns Wholesale Bakery
 68/100 limited-view         0 photos  Arrieros Tacos ¡Hecho está!
 69/100 ok                   1 photos  Terra Cafe
 70/100 limited-view         0 photos  Burros and Fries
 71/100 limited-view         0 photos  The Parks Cafe
 72/100 no-menu-category     0 photos  Gandolfo's New York Deli
 73/100 limited-view         0 photos  Valerio's Finest Bake Shop
 74/100 limited-view         0 photos  Roadtrip Bowls Made by Lazy Dog
 75/100 limited-view         0 photos  Black Plague Purgatory Lounge
 76/100 limited-view         0 photos  Sonora Steak Asadero El Prieto #13
 77/100 no-menu-category     0 photos  Pastry Pedaler - Bakery Delivery in Pacific Beach, San Diego
 78/100 limited-view         0 photos  Amalfi Cucina Italiana at Orfila Vineyards
 79/100 limited-view         0 photos  Casa Ocho
 80/100 ok                   2 photos  Long Story Irish Pub
 81/100 limited-view         0 photos  We Olive & Wine Bar
 82/100 no-photos            0 photos  Mexico City Cuisine LLC
 83/100 limited-view         0 photos  Cristallo Cafe
 84/100 limited-view         0 photos  Flor and Seed Coffee Roasters
 85/100 limited-view         0 photos  1022 Cafe & Gelateria
 86/100 limited-view         0 photos  Baci Restaurant | Italian
 87/100 limited-view         0 photos  Mr. Pulpo Sea Food
 88/100 limited-view         0 photos  The Keep Coffee
 89/100 ok                   3 photos  Seafood La 57
 90/100 ok                   4 photos  Ko-Li Bar
 91/100 ok                   3 photos  Caffé Adesso
 92/100 limited-view         0 photos  Juice Caboose
 93/100 no-menu-category     0 photos  OB Tamales and Taqueria
 94/100 limited-view         0 photos  Mariscos Mazatlan Mexican Grill
 95/100 ok                   4 photos  Ramones Cantina
 96/100 limited-view         0 photos  Tortillas De Harina El Trigal
 97/100 limited-view         0 photos  Fusion Bar & Lounge
 98/100 ok                   2 photos  Bailey House
 99/100 limited-view         0 photos  California Mexican Food
100/100 limited-view         0 photos  bb.q Chicken Vista
