(node:16724) [MODULE_TYPELESS_PACKAGE_JSON] Warning: Module type of file:///C:/Users/Calvin%20%20Lensink/Documents/platemaps/src/data/regions.ts is not specified and it doesn't parse as CommonJS.
Reparsing as ES module because module syntax was detected. This incurs a performance overhead.
To eliminate this warning, add "type": "module" to \\?\C:\Users\Calvin  Lensink\Documents\platemaps\package.json.
(Use `node --trace-warnings ...` to show where the warning was created)
1117 cells, 1 done, fetching 1116
  25 cells, 7867 places, 24 credits
  50 cells, 7908 places, 49 credits
  76 cells, 7972 places, 75 credits
  100 cells, 8005 places, 99 credits
  125 cells, 8037 places, 125 credits
  150 cells, 8073 places, 151 credits
  176 cells, 8105 places, 178 credits
  200 cells, 8157 places, 202 credits
  225 cells, 8221 places, 227 credits
  250 cells, 8282 places, 252 credits
  276 cells, 8340 places, 278 credits
  300 cells, 8390 places, 302 credits
  325 cells, 8469 places, 327 credits
  350 cells, 8545 places, 353 credits
  375 cells, 8620 places, 378 credits
  400 cells, 8664 places, 403 credits
  425 cells, 8701 places, 428 credits
  450 cells, 8768 places, 453 credits
  475 cells, 8805 places, 478 credits
  500 cells, 8850 places, 503 credits
  525 cells, 8890 places, 528 credits
  551 cells, 8937 places, 556 credits
  575 cells, 8965 places, 580 credits
  600 cells, 9010 places, 606 credits
  625 cells, 9037 places, 631 credits
  651 cells, 9071 places, 657 credits
  675 cells, 9103 places, 682 credits
  700 cells, 9150 places, 708 credits
  725 cells, 9181 places, 733 credits
  750 cells, 9202 places, 758 credits
  775 cells, 9242 places, 783 credits
  800 cells, 9275 places, 809 credits
  825 cells, 9308 places, 836 credits
  850 cells, 9328 places, 863 credits
  875 cells, 9374 places, 888 credits
  900 cells, 9422 places, 914 credits
  926 cells, 9459 places, 941 credits
  950 cells, 9495 places, 965 credits
  975 cells, 9545 places, 991 credits
  1000 cells, 9574 places, 1017 credits
  1025 cells, 9600 places, 1042 credits
  1051 cells, 9610 places, 1068 credits
  1076 cells, 9618 places, 1093 credits
  1100 cells, 9626 places, 1117 credits
done: 1117 cells, 9647 distinct places (+1905 new), 1135 credits this run
(node:29804) [MODULE_TYPELESS_PACKAGE_JSON] Warning: Module type of file:///C:/Users/Calvin%20%20Lensink/Documents/platemaps/src/data/regions.ts is not specified and it doesn't parse as CommonJS.
Reparsing as ES module because module syntax was detected. This incurs a performance overhead.
To eliminate this warning, add "type": "module" to \\?\C:\Users\Calvin  Lensink\Documents\platemaps\package.json.
(Use `node --trace-warnings ...` to show where the warning was created)
1117 cells, 0 done, fetching 1117
  25 cells, 9769 places, 25 credits
  50 cells, 9820 places, 50 credits
  75 cells, 9858 places, 75 credits
  100 cells, 9894 places, 100 credits
  125 cells, 9938 places, 127 credits
  150 cells, 9968 places, 152 credits
  176 cells, 10019 places, 178 credits
  201 cells, 10065 places, 203 credits
  225 cells, 10139 places, 227 credits
  250 cells, 10223 places, 252 credits
  275 cells, 10308 places, 277 credits
  300 cells, 10379 places, 302 credits
  326 cells, 10445 places, 328 credits
  350 cells, 10511 places, 352 credits
  375 cells, 10560 places, 377 credits
  401 cells, 10623 places, 403 credits
  425 cells, 10671 places, 427 credits
  450 cells, 10738 places, 452 credits
  475 cells, 10777 places, 477 credits
  500 cells, 10826 places, 502 credits
  525 cells, 10866 places, 527 credits
  550 cells, 10915 places, 554 credits
  575 cells, 10949 places, 579 credits
  600 cells, 10995 places, 605 credits
  625 cells, 11055 places, 630 credits
  651 cells, 11109 places, 656 credits
  675 cells, 11135 places, 681 credits
  700 cells, 11191 places, 708 credits
  725 cells, 11237 places, 733 credits
  750 cells, 11269 places, 758 credits
  777 cells, 11333 places, 786 credits
  800 cells, 11377 places, 810 credits
  825 cells, 11411 places, 836 credits
  850 cells, 11479 places, 861 credits
  875 cells, 11548 places, 886 credits
  901 cells, 11615 places, 912 credits
  925 cells, 11671 places, 936 credits
  950 cells, 11729 places, 961 credits
  975 cells, 11791 places, 987 credits
  1000 cells, 11845 places, 1013 credits
  1025 cells, 11884 places, 1038 credits
  1050 cells, 11933 places, 1063 credits
  1075 cells, 11959 places, 1088 credits
cell 33.36,-117.16: serper 400 for @33.36,-117.16,16z p1
cell 33.36,-117.09: serper 400 for @33.36,-117.09,16z p1
  1100 cells, 11991 places, 1113 credits
cell 33.38,-116.65: serper 400 for @33.38,-116.65,16z p1
cell 33.39,-117.24: serper 400 for @33.39,-117.24,16z p1
cell 33.40,-117.60: serper 400 for @33.4,-117.6,16z p1
cell 33.43,-116.86: serper 400 for @33.43,-116.86,16z p1
done: 1111 cells, 12017 distinct places (+2370 new), 1124 credits this run
(node:2636) [MODULE_TYPELESS_PACKAGE_JSON] Warning: Module type of file:///C:/Users/Calvin%20%20Lensink/Documents/platemaps/src/data/regions.ts is not specified and it doesn't parse as CommonJS.
Reparsing as ES module because module syntax was detected. This incurs a performance overhead.
To eliminate this warning, add "type": "module" to \\?\C:\Users\Calvin  Lensink\Documents\platemaps\package.json.
(Use `node --trace-warnings ...` to show where the warning was created)
1117 cells, 0 done, fetching 1117
cell 32.54,-116.95: serper 400 for @32.54,-116.95,16z p1
cell 32.55,-117.05: serper 400 for @32.55,-117.05,16z p1
cell 32.55,-116.98: serper 400 for @32.55,-116.98,16z p1
cell 32.55,-116.94: serper 400 for @32.55,-116.94,16z p1
cell 32.55,-116.88: serper 400 for @32.55,-116.88,16z p1
cell 32.55,-116.63: serper 400 for @32.55,-116.63,16z p1
cell 32.56,-117.06: serper 400 for @32.56,-117.06,16z p1
cell 32.56,-117.04: serper 400 for @32.56,-117.04,16z p1
cell 32.56,-116.99: serper 400 for @32.56,-116.99,16z p1
cell 32.56,-116.96: serper 400 for @32.56,-116.96,16z p1
cell 32.56,-116.66: serper 400 for @32.56,-116.66,16z p1
cell 32.56,-116.65: serper 400 for @32.56,-116.65,16z p1
cell 32.56,-116.63: serper 400 for @32.56,-116.63,16z p1
cell 32.56,-116.61: serper 400 for @32.56,-116.61,16z p1
cell 32.56,-116.58: serper 400 for @32.56,-116.58,16z p1
cell 32.57,-117.12: serper 400 for @32.57,-117.12,16z p1
cell 32.57,-117.11: serper 400 for @32.57,-117.11,16z p1
cell 32.57,-117.07: serper 400 for @32.57,-117.07,16z p1
  25 cells, 12148 places, 25 credits
cell 32.57,-117.05: serper 400 for @32.57,-117.05,16z p1
cell 32.57,-117.00: serper 400 for @32.57,-117,16z p1
cell 32.57,-116.99: serper 400 for @32.57,-116.99,16z p1
cell 32.57,-116.96: serper 400 for @32.57,-116.96,16z p1
cell 32.57,-116.93: serper 400 for @32.57,-116.93,16z p1
cell 32.57,-116.67: serper 400 for @32.57,-116.67,16z p1
cell 32.57,-116.66: serper 400 for @32.57,-116.66,16z p1
cell 32.57,-116.65: serper 400 for @32.57,-116.65,16z p1
cell 32.57,-116.63: serper 400 for @32.57,-116.63,16z p1
cell 32.57,-116.60: serper 400 for @32.57,-116.6,16z p1
cell 32.57,-116.59: serper 400 for @32.57,-116.59,16z p1
cell 32.58,-117.14: serper 400 for @32.58,-117.14,16z p1
cell 32.58,-117.09: serper 400 for @32.58,-117.09,16z p1
cell 32.58,-117.08: serper 400 for @32.58,-117.08,16z p1
cell 32.58,-117.07: serper 400 for @32.58,-117.07,16z p1
cell 32.58,-117.06: serper 400 for @32.58,-117.06,16z p1
cell 32.58,-117.04: serper 400 for @32.58,-117.04,16z p1
cell 32.58,-117.03: serper 400 for @32.58,-117.03,16z p1
cell 32.58,-117.00: serper 400 for @32.58,-117,16z p1
cell 32.58,-116.61: serper 400 for @32.58,-116.61,16z p1
cell 32.59,-117.11: serper 400 for @32.59,-117.11,16z p1
cell 32.59,-117.09: serper 400 for @32.59,-117.09,16z p1
cell 32.59,-117.08: serper 400 for @32.59,-117.08,16z p1
cell 32.59,-117.05: serper 400 for @32.59,-117.05,16z p1
cell 32.59,-117.04: serper 400 for @32.59,-117.04,16z p1
cell 32.59,-117.03: serper 400 for @32.59,-117.03,16z p1
cell 32.59,-117.02: serper 400 for @32.59,-117.02,16z p1
cell 32.59,-117.01: serper 400 for @32.59,-117.01,16z p1
cell 32.59,-116.52: serper 400 for @32.59,-116.52,16z p1
cell 32.60,-117.08: serper 400 for @32.6,-117.08,16z p1
cell 32.60,-117.05: serper 400 for @32.6,-117.05,16z p1
cell 32.60,-117.03: serper 400 for @32.6,-117.03,16z p1
cell 32.60,-117.02: serper 400 for @32.6,-117.02,16z p1
cell 32.60,-117.01: serper 400 for @32.6,-117.01,16z p1
cell 32.60,-117.00: serper 400 for @32.6,-117,16z p1
cell 32.61,-117.08: serper 400 for @32.61,-117.08,16z p1
cell 32.61,-117.06: serper 400 for @32.61,-117.06,16z p1
cell 32.61,-117.05: serper 400 for @32.61,-117.05,16z p1
cell 32.61,-117.04: serper 400 for @32.61,-117.04,16z p1
cell 32.61,-117.03: serper 400 for @32.61,-117.03,16z p1
cell 32.61,-116.99: serper 400 for @32.61,-116.99,16z p1
cell 32.62,-117.13: serper 400 for @32.62,-117.13,16z p1
cell 32.62,-117.09: serper 400 for @32.62,-117.09,16z p1
cell 32.62,-117.08: serper 400 for @32.62,-117.08,16z p1
cell 32.62,-117.06: serper 400 for @32.62,-117.06,16z p1
cell 32.62,-117.03: serper 400 for @32.62,-117.03,16z p1
cell 32.62,-117.00: serper 400 for @32.62,-117,16z p1
cell 32.62,-116.99: serper 400 for @32.62,-116.99,16z p1
cell 32.62,-116.98: serper 400 for @32.62,-116.98,16z p1
cell 32.62,-116.97: serper 400 for @32.62,-116.97,16z p1
cell 32.62,-116.96: serper 400 for @32.62,-116.96,16z p1
cell 32.62,-116.46: serper 400 for @32.62,-116.46,16z p1
cell 32.62,-116.19: serper 400 for @32.62,-116.19,16z p1
cell 32.63,-117.13: serper 400 for @32.63,-117.13,16z p1
cell 32.63,-117.14: serper 400 for @32.63,-117.14,16z p1
cell 32.63,-117.11: serper 400 for @32.63,-117.11,16z p1
cell 32.63,-117.10: serper 400 for @32.63,-117.1,16z p1
  51 cells, 12229 places, 51 credits
cell 32.63,-117.08: serper 400 for @32.63,-117.08,16z p1
cell 32.63,-117.06: serper 400 for @32.63,-117.06,16z p1
cell 32.63,-117.05: serper 400 for @32.63,-117.05,16z p1
cell 32.63,-117.04: serper 400 for @32.63,-117.04,16z p1
cell 32.63,-116.99: serper 400 for @32.63,-116.99,16z p1
cell 32.63,-116.98: serper 400 for @32.63,-116.98,16z p1
cell 32.63,-116.97: serper 400 for @32.63,-116.97,16z p1
cell 32.63,-116.93: serper 400 for @32.63,-116.93,16z p1
cell 32.63,-116.47: serper 400 for @32.63,-116.47,16z p1
cell 32.64,-117.10: serper 400 for @32.64,-117.1,16z p1
cell 32.64,-117.09: serper 400 for @32.64,-117.09,16z p1
cell 32.64,-117.08: serper 400 for @32.64,-117.08,16z p1
cell 32.64,-117.05: serper 400 for @32.64,-117.05,16z p1
cell 32.64,-117.03: serper 400 for @32.64,-117.03,16z p1
cell 32.64,-117.02: serper 400 for @32.64,-117.02,16z p1
cell 32.64,-117.00: serper 400 for @32.64,-117,16z p1
cell 32.64,-116.99: serper 400 for @32.64,-116.99,16z p1
cell 32.64,-116.97: serper 400 for @32.64,-116.97,16z p1
cell 32.64,-116.78: serper 400 for @32.64,-116.78,16z p1
cell 32.64,-116.77: serper 400 for @32.64,-116.77,16z p1
cell 32.65,-117.10: serper 400 for @32.65,-117.1,16z p1
cell 32.65,-117.07: serper 400 for @32.65,-117.07,16z p1
cell 32.65,-117.06: serper 400 for @32.65,-117.06,16z p1
cell 32.65,-117.00: serper 400 for @32.65,-117,16z p1
cell 32.65,-116.97: serper 400 for @32.65,-116.97,16z p1
cell 32.65,-116.96: serper 400 for @32.65,-116.96,16z p1
cell 32.65,-116.95: serper 400 for @32.65,-116.95,16z p1
cell 32.65,-116.49: serper 400 for @32.65,-116.49,16z p1
cell 32.65,-116.18: serper 400 for @32.65,-116.18,16z p1
cell 32.66,-117.11: serper 400 for @32.66,-117.11,16z p1
cell 32.66,-117.10: serper 400 for @32.66,-117.1,16z p1
cell 32.66,-117.08: serper 400 for @32.66,-117.08,16z p1
cell 32.66,-117.07: serper 400 for @32.66,-117.07,16z p1
cell 32.66,-117.04: serper 400 for @32.66,-117.04,16z p1
cell 32.66,-116.97: serper 400 for @32.66,-116.97,16z p1
cell 32.64,-116.96: serper 400 for @32.64,-116.96,16z p1
cell 32.67,-117.10: serper 400 for @32.67,-117.1,16z p1
cell 32.67,-117.08: serper 400 for @32.67,-117.08,16z p1
cell 32.67,-117.07: serper 400 for @32.67,-117.07,16z p1
cell 32.67,-117.02: serper 400 for @32.67,-117.02,16z p1
cell 32.67,-116.29: serper 400 for @32.67,-116.29,16z p1
cell 32.68,-117.18: serper 400 for @32.68,-117.18,16z p1
cell 32.68,-117.17: serper 400 for @32.68,-117.17,16z p1
cell 32.68,-117.13: serper 400 for @32.68,-117.13,16z p1
cell 32.68,-117.11: serper 400 for @32.68,-117.11,16z p1
cell 32.68,-117.10: serper 400 for @32.68,-117.1,16z p1
cell 32.68,-117.09: serper 400 for @32.68,-117.09,16z p1
cell 32.68,-117.08: serper 400 for @32.68,-117.08,16z p1
cell 32.68,-117.07: serper 400 for @32.68,-117.07,16z p1
cell 32.68,-117.06: serper 400 for @32.68,-117.06,16z p1
cell 32.68,-117.04: serper 400 for @32.68,-117.04,16z p1
cell 32.68,-117.03: serper 400 for @32.68,-117.03,16z p1
cell 32.68,-117.01: serper 400 for @32.68,-117.01,16z p1
cell 32.68,-116.51: serper 400 for @32.68,-116.51,16z p1
cell 32.69,-117.19: serper 400 for @32.69,-117.19,16z p1
cell 32.68,-116.48: serper 400 for @32.68,-116.48,16z p1
cell 32.69,-117.18: serper 400 for @32.69,-117.18,16z p1
cell 32.69,-117.17: serper 400 for @32.69,-117.17,16z p1
cell 32.69,-117.14: serper 400 for @32.69,-117.14,16z p1
cell 32.69,-117.13: serper 400 for @32.69,-117.13,16z p1
cell 32.69,-117.12: serper 400 for @32.69,-117.12,16z p1
cell 32.69,-117.11: serper 400 for @32.69,-117.11,16z p1
cell 32.69,-117.10: serper 400 for @32.69,-117.1,16z p1
cell 32.69,-117.09: serper 400 for @32.69,-117.09,16z p1
cell 32.69,-117.05: serper 400 for @32.69,-117.05,16z p1
cell 32.69,-117.07: serper 400 for @32.69,-117.07,16z p1
cell 32.69,-117.04: serper 400 for @32.69,-117.04,16z p1
cell 32.69,-116.34: serper 400 for @32.69,-116.34,16z p1
cell 32.70,-117.20: serper 400 for @32.7,-117.2,16z p1
cell 32.70,-117.17: serper 400 for @32.7,-117.17,16z p1
cell 32.70,-117.16: serper 400 for @32.7,-117.16,16z p1
cell 32.70,-117.15: serper 400 for @32.7,-117.15,16z p1
cell 32.70,-117.14: serper 400 for @32.7,-117.14,16z p1
cell 32.70,-117.19: serper 400 for @32.7,-117.19,16z p1
cell 32.70,-117.18: serper 400 for @32.7,-117.18,16z p1
cell 32.70,-117.10: serper 400 for @32.7,-117.1,16z p1
cell 32.70,-117.13: serper 400 for @32.7,-117.13,16z p1
cell 32.70,-117.12: serper 400 for @32.7,-117.12,16z p1
cell 32.70,-117.07: serper 400 for @32.7,-117.07,16z p1
cell 32.70,-117.09: serper 400 for @32.7,-117.09,16z p1
cell 32.70,-117.06: serper 400 for @32.7,-117.06,16z p1
cell 32.70,-117.02: serper 400 for @32.7,-117.02,16z p1
cell 32.70,-116.87: serper 400 for @32.7,-116.87,16z p1
cell 32.70,-117.03: serper 400 for @32.7,-117.03,16z p1
cell 32.70,-116.35: serper 400 for @32.7,-116.35,16z p1
cell 32.71,-117.23: serper 400 for @32.71,-117.23,16z p1
cell 32.71,-117.18: serper 400 for @32.71,-117.18,16z p1
cell 32.71,-117.17: serper 400 for @32.71,-117.17,16z p1
cell 32.71,-117.15: serper 400 for @32.71,-117.15,16z p1
cell 32.71,-117.16: serper 400 for @32.71,-117.16,16z p1
cell 32.71,-117.14: serper 400 for @32.71,-117.14,16z p1
cell 32.71,-117.13: serper 400 for @32.71,-117.13,16z p1
cell 32.71,-117.12: serper 400 for @32.71,-117.12,16z p1
cell 32.71,-117.10: serper 400 for @32.71,-117.1,16z p1
cell 32.71,-117.09: serper 400 for @32.71,-117.09,16z p1
cell 32.71,-117.07: serper 400 for @32.71,-117.07,16z p1
cell 32.71,-117.06: serper 400 for @32.71,-117.06,16z p1
cell 32.71,-117.05: serper 400 for @32.71,-117.05,16z p1
cell 32.71,-117.02: serper 400 for @32.71,-117.02,16z p1
cell 32.71,-117.08: serper 400 for @32.71,-117.08,16z p1
cell 32.71,-117.00: serper 400 for @32.71,-117,16z p1
cell 32.71,-116.99: serper 400 for @32.71,-116.99,16z p1
cell 32.71,-117.01: serper 400 for @32.71,-117.01,16z p1
cell 32.72,-117.23: serper 400 for @32.72,-117.23,16z p1
cell 32.72,-117.25: serper 400 for @32.72,-117.25,16z p1
cell 32.71,-116.87: serper 400 for @32.71,-116.87,16z p1
cell 32.72,-117.22: serper 400 for @32.72,-117.22,16z p1
cell 32.72,-117.21: serper 400 for @32.72,-117.21,16z p1
cell 32.72,-117.19: serper 400 for @32.72,-117.19,16z p1
cell 32.72,-117.16: serper 400 for @32.72,-117.16,16z p1
cell 32.72,-117.17: serper 400 for @32.72,-117.17,16z p1
cell 32.72,-117.15: serper 400 for @32.72,-117.15,16z p1
cell 32.72,-117.14: serper 400 for @32.72,-117.14,16z p1
cell 32.72,-117.13: serper 400 for @32.72,-117.13,16z p1
cell 32.72,-117.11: serper 400 for @32.72,-117.11,16z p1
cell 32.72,-117.09: serper 400 for @32.72,-117.09,16z p1
cell 32.72,-117.08: serper 400 for @32.72,-117.08,16z p1
cell 32.72,-117.07: serper 400 for @32.72,-117.07,16z p1
cell 32.72,-117.05: serper 400 for @32.72,-117.05,16z p1
cell 32.72,-117.03: serper 400 for @32.72,-117.03,16z p1
cell 32.72,-117.01: serper 400 for @32.72,-117.01,16z p1
cell 32.72,-116.88: serper 400 for @32.72,-116.88,16z p1
cell 32.72,-117.00: serper 400 for @32.72,-117,16z p1
cell 32.73,-117.23: serper 400 for @32.73,-117.23,16z p1
cell 32.73,-117.21: serper 400 for @32.73,-117.21,16z p1
cell 32.73,-117.22: serper 400 for @32.73,-117.22,16z p1
cell 32.73,-117.19: serper 400 for @32.73,-117.19,16z p1
cell 32.73,-117.20: serper 400 for @32.73,-117.2,16z p1
cell 32.73,-117.17: serper 400 for @32.73,-117.17,16z p1
cell 32.73,-117.18: serper 400 for @32.73,-117.18,16z p1
cell 32.73,-117.16: serper 400 for @32.73,-117.16,16z p1
cell 32.73,-117.15: serper 400 for @32.73,-117.15,16z p1
cell 32.73,-117.10: serper 400 for @32.73,-117.1,16z p1
cell 32.73,-117.13: serper 400 for @32.73,-117.13,16z p1
cell 32.73,-117.06: serper 400 for @32.73,-117.06,16z p1
cell 32.73,-117.04: serper 400 for @32.73,-117.04,16z p1
cell 32.73,-117.03: serper 400 for @32.73,-117.03,16z p1
cell 32.73,-116.97: serper 400 for @32.73,-116.97,16z p1
cell 32.73,-116.96: serper 400 for @32.73,-116.96,16z p1
cell 32.73,-116.92: serper 400 for @32.73,-116.92,16z p1
cell 32.73,-116.91: serper 400 for @32.73,-116.91,16z p1
cell 32.74,-117.25: serper 400 for @32.74,-117.25,16z p1
cell 32.74,-117.24: serper 400 for @32.74,-117.24,16z p1
cell 32.74,-117.23: serper 400 for @32.74,-117.23,16z p1
cell 32.74,-117.21: serper 400 for @32.74,-117.21,16z p1
cell 32.74,-117.22: serper 400 for @32.74,-117.22,16z p1
cell 32.74,-117.19: serper 400 for @32.74,-117.19,16z p1
cell 32.74,-117.20: serper 400 for @32.74,-117.2,16z p1
cell 32.74,-117.18: serper 400 for @32.74,-117.18,16z p1
cell 32.74,-117.17: serper 400 for @32.74,-117.17,16z p1
cell 32.74,-117.16: serper 400 for @32.74,-117.16,16z p1
cell 32.74,-117.15: serper 400 for @32.74,-117.15,16z p1
cell 32.74,-117.14: serper 400 for @32.74,-117.14,16z p1
cell 32.74,-117.13: serper 400 for @32.74,-117.13,16z p1
cell 32.74,-117.12: serper 400 for @32.74,-117.12,16z p1
cell 32.74,-117.11: serper 400 for @32.74,-117.11,16z p1
cell 32.74,-117.10: serper 400 for @32.74,-117.1,16z p1
cell 32.74,-117.09: serper 400 for @32.74,-117.09,16z p1
cell 32.74,-117.08: serper 400 for @32.74,-117.08,16z p1
cell 32.74,-117.06: serper 400 for @32.74,-117.06,16z p1
cell 32.74,-117.05: serper 400 for @32.74,-117.05,16z p1
cell 32.74,-117.04: serper 400 for @32.74,-117.04,16z p1
cell 32.74,-117.03: serper 400 for @32.74,-117.03,16z p1
cell 32.74,-117.02: serper 400 for @32.74,-117.02,16z p1
cell 32.74,-117.01: serper 400 for @32.74,-117.01,16z p1
cell 32.74,-117.00: serper 400 for @32.74,-117,16z p1
cell 32.74,-116.97: serper 400 for @32.74,-116.97,16z p1
cell 32.74,-116.93: serper 400 for @32.74,-116.93,16z p1
cell 32.74,-116.77: serper 400 for @32.74,-116.77,16z p1
cell 32.75,-117.26: serper 400 for @32.75,-117.26,16z p1
cell 32.75,-117.25: serper 400 for @32.75,-117.25,16z p1
cell 32.75,-117.22: serper 400 for @32.75,-117.22,16z p1
cell 32.75,-117.24: serper 400 for @32.75,-117.24,16z p1
cell 32.75,-117.21: serper 400 for @32.75,-117.21,16z p1
cell 32.75,-117.19: serper 400 for @32.75,-117.19,16z p1
cell 32.75,-117.20: serper 400 for @32.75,-117.2,16z p1
cell 32.74,-116.94: serper 400 for @32.74,-116.94,16z p1
cell 32.75,-117.18: serper 400 for @32.75,-117.18,16z p1
cell 32.75,-117.16: serper 400 for @32.75,-117.16,16z p1
cell 32.75,-117.17: serper 400 for @32.75,-117.17,16z p1
cell 32.75,-117.15: serper 400 for @32.75,-117.15,16z p1
cell 32.75,-117.14: serper 400 for @32.75,-117.14,16z p1
cell 32.75,-117.13: serper 400 for @32.75,-117.13,16z p1
cell 32.75,-117.12: serper 400 for @32.75,-117.12,16z p1
cell 32.75,-117.11: serper 400 for @32.75,-117.11,16z p1
cell 32.75,-117.10: serper 400 for @32.75,-117.1,16z p1
cell 32.75,-117.09: serper 400 for @32.75,-117.09,16z p1
cell 32.75,-117.08: serper 400 for @32.75,-117.08,16z p1
cell 32.75,-117.07: serper 400 for @32.75,-117.07,16z p1
cell 32.75,-117.06: serper 400 for @32.75,-117.06,16z p1
cell 32.75,-117.05: serper 400 for @32.75,-117.05,16z p1
cell 32.75,-117.04: serper 400 for @32.75,-117.04,16z p1
cell 32.75,-117.01: serper 400 for @32.75,-117.01,16z p1
cell 32.75,-116.99: serper 400 for @32.75,-116.99,16z p1
cell 32.75,-117.00: serper 400 for @32.75,-117,16z p1
cell 32.75,-116.98: serper 400 for @32.75,-116.98,16z p1
cell 32.75,-116.96: serper 400 for @32.75,-116.96,16z p1
cell 32.76,-117.23: serper 400 for @32.76,-117.23,16z p1
cell 32.75,-116.93: serper 400 for @32.75,-116.93,16z p1
cell 32.76,-117.24: serper 400 for @32.76,-117.24,16z p1
cell 32.76,-117.22: serper 400 for @32.76,-117.22,16z p1
cell 32.76,-117.20: serper 400 for @32.76,-117.2,16z p1
cell 32.76,-117.21: serper 400 for @32.76,-117.21,16z p1
cell 32.76,-117.18: serper 400 for @32.76,-117.18,16z p1
cell 32.76,-117.19: serper 400 for @32.76,-117.19,16z p1
cell 32.76,-117.15: serper 400 for @32.76,-117.15,16z p1
cell 32.76,-117.16: serper 400 for @32.76,-117.16,16z p1
cell 32.76,-117.17: serper 400 for @32.76,-117.17,16z p1
cell 32.76,-117.14: serper 400 for @32.76,-117.14,16z p1
cell 32.76,-117.11: serper 400 for @32.76,-117.11,16z p1
cell 32.76,-117.13: serper 400 for @32.76,-117.13,16z p1
cell 32.76,-117.12: serper 400 for @32.76,-117.12,16z p1
cell 32.76,-117.10: serper 400 for @32.76,-117.1,16z p1
cell 32.76,-117.09: serper 400 for @32.76,-117.09,16z p1
cell 32.76,-117.08: serper 400 for @32.76,-117.08,16z p1
cell 32.76,-117.07: serper 400 for @32.76,-117.07,16z p1
cell 32.76,-117.06: serper 400 for @32.76,-117.06,16z p1
cell 32.76,-117.05: serper 400 for @32.76,-117.05,16z p1
cell 32.76,-117.04: serper 400 for @32.76,-117.04,16z p1
cell 32.76,-117.03: serper 400 for @32.76,-117.03,16z p1
cell 32.76,-117.02: serper 400 for @32.76,-117.02,16z p1
cell 32.77,-117.25: serper 400 for @32.77,-117.25,16z p1
cell 32.76,-116.96: serper 400 for @32.76,-116.96,16z p1
cell 32.76,-117.01: serper 400 for @32.76,-117.01,16z p1
cell 32.77,-117.24: serper 400 for @32.77,-117.24,16z p1
cell 32.77,-117.21: serper 400 for @32.77,-117.21,16z p1
cell 32.77,-117.23: serper 400 for @32.77,-117.23,16z p1
cell 32.77,-117.22: serper 400 for @32.77,-117.22,16z p1
cell 32.77,-117.20: serper 400 for @32.77,-117.2,16z p1
cell 32.77,-117.18: serper 400 for @32.77,-117.18,16z p1
cell 32.77,-117.19: serper 400 for @32.77,-117.19,16z p1
cell 32.77,-117.17: serper 400 for @32.77,-117.17,16z p1
cell 32.77,-117.16: serper 400 for @32.77,-117.16,16z p1
cell 32.77,-117.15: serper 400 for @32.77,-117.15,16z p1
cell 32.77,-117.14: serper 400 for @32.77,-117.14,16z p1
cell 32.77,-117.13: serper 400 for @32.77,-117.13,16z p1
cell 32.77,-117.08: serper 400 for @32.77,-117.08,16z p1
cell 32.77,-117.05: serper 400 for @32.77,-117.05,16z p1
cell 32.77,-117.06: serper 400 for @32.77,-117.06,16z p1
cell 32.77,-117.04: serper 400 for @32.77,-117.04,16z p1
cell 32.77,-117.02: serper 400 for @32.77,-117.02,16z p1
cell 32.77,-117.03: serper 400 for @32.77,-117.03,16z p1
cell 32.77,-117.01: serper 400 for @32.77,-117.01,16z p1
cell 32.77,-116.93: serper 400 for @32.77,-116.93,16z p1
cell 32.77,-117.00: serper 400 for @32.77,-117,16z p1
cell 32.78,-117.25: serper 400 for @32.78,-117.25,16z p1
cell 32.78,-117.21: serper 400 for @32.78,-117.21,16z p1
cell 32.78,-117.24: serper 400 for @32.78,-117.24,16z p1
cell 32.78,-117.17: serper 400 for @32.78,-117.17,16z p1
cell 32.78,-117.16: serper 400 for @32.78,-117.16,16z p1
cell 32.78,-117.15: serper 400 for @32.78,-117.15,16z p1
cell 32.78,-117.14: serper 400 for @32.78,-117.14,16z p1
cell 32.78,-117.13: serper 400 for @32.78,-117.13,16z p1
cell 32.78,-117.10: serper 400 for @32.78,-117.1,16z p1
cell 32.78,-117.11: serper 400 for @32.78,-117.11,16z p1
cell 32.78,-117.09: serper 400 for @32.78,-117.09,16z p1
cell 32.78,-117.08: serper 400 for @32.78,-117.08,16z p1
cell 32.78,-117.07: serper 400 for @32.78,-117.07,16z p1
cell 32.78,-117.06: serper 400 for @32.78,-117.06,16z p1
cell 32.78,-117.04: serper 400 for @32.78,-117.04,16z p1
cell 32.78,-117.05: serper 400 for @32.78,-117.05,16z p1
cell 32.78,-117.03: serper 400 for @32.78,-117.03,16z p1
cell 32.78,-117.01: serper 400 for @32.78,-117.01,16z p1
cell 32.78,-117.02: serper 400 for @32.78,-117.02,16z p1
cell 32.78,-117.00: serper 400 for @32.78,-117,16z p1
cell 32.78,-116.98: serper 400 for @32.78,-116.98,16z p1
cell 32.78,-116.99: serper 400 for @32.78,-116.99,16z p1
cell 32.78,-116.97: serper 400 for @32.78,-116.97,16z p1
cell 32.78,-116.96: serper 400 for @32.78,-116.96,16z p1
cell 32.78,-116.93: serper 400 for @32.78,-116.93,16z p1
cell 32.78,-116.88: serper 400 for @32.78,-116.88,16z p1
cell 32.79,-117.26: serper 400 for @32.79,-117.26,16z p1
cell 32.79,-117.25: serper 400 for @32.79,-117.25,16z p1
cell 32.79,-117.24: serper 400 for @32.79,-117.24,16z p1
cell 32.79,-117.21: serper 400 for @32.79,-117.21,16z p1
cell 32.79,-117.20: serper 400 for @32.79,-117.2,16z p1
cell 32.79,-117.18: serper 400 for @32.79,-117.18,16z p1
cell 32.79,-117.19: serper 400 for @32.79,-117.19,16z p1
cell 32.79,-117.17: serper 400 for @32.79,-117.17,16z p1
cell 32.79,-117.16: serper 400 for @32.79,-117.16,16z p1
cell 32.79,-117.11: serper 400 for @32.79,-117.11,16z p1
cell 32.79,-117.10: serper 400 for @32.79,-117.1,16z p1
cell 32.79,-117.12: serper 400 for @32.79,-117.12,16z p1
cell 32.79,-117.09: serper 400 for @32.79,-117.09,16z p1
cell 32.79,-117.02: serper 400 for @32.79,-117.02,16z p1
cell 32.79,-117.00: serper 400 for @32.79,-117,16z p1
cell 32.79,-117.08: serper 400 for @32.79,-117.08,16z p1
cell 32.79,-116.98: serper 400 for @32.79,-116.98,16z p1
cell 32.79,-116.97: serper 400 for @32.79,-116.97,16z p1
cell 32.79,-116.96: serper 400 for @32.79,-116.96,16z p1
cell 32.79,-116.94: serper 400 for @32.79,-116.94,16z p1
cell 32.79,-116.95: serper 400 for @32.79,-116.95,16z p1
cell 32.79,-116.83: serper 400 for @32.79,-116.83,16z p1
cell 32.79,-116.93: serper 400 for @32.79,-116.93,16z p1
cell 32.80,-117.25: serper 400 for @32.8,-117.25,16z p1
cell 32.80,-117.26: serper 400 for @32.8,-117.26,16z p1
cell 32.80,-117.24: serper 400 for @32.8,-117.24,16z p1
cell 32.80,-117.23: serper 400 for @32.8,-117.23,16z p1
cell 32.80,-117.21: serper 400 for @32.8,-117.21,16z p1
cell 32.80,-117.22: serper 400 for @32.8,-117.22,16z p1
cell 32.80,-117.19: serper 400 for @32.8,-117.19,16z p1
cell 32.80,-117.17: serper 400 for @32.8,-117.17,16z p1
cell 32.80,-117.16: serper 400 for @32.8,-117.16,16z p1
cell 32.80,-117.15: serper 400 for @32.8,-117.15,16z p1
cell 32.80,-117.05: serper 400 for @32.8,-117.05,16z p1
cell 32.80,-117.04: serper 400 for @32.8,-117.04,16z p1
cell 32.80,-117.01: serper 400 for @32.8,-117.01,16z p1
cell 32.80,-117.00: serper 400 for @32.8,-117,16z p1
cell 32.80,-116.99: serper 400 for @32.8,-116.99,16z p1
cell 32.80,-116.97: serper 400 for @32.8,-116.97,16z p1
cell 32.80,-116.96: serper 400 for @32.8,-116.96,16z p1
cell 32.80,-116.95: serper 400 for @32.8,-116.95,16z p1
cell 32.80,-116.94: serper 400 for @32.8,-116.94,16z p1
cell 32.80,-117.14: serper 400 for @32.8,-117.14,16z p1
cell 32.80,-116.93: serper 400 for @32.8,-116.93,16z p1
cell 32.81,-117.27: serper 400 for @32.81,-117.27,16z p1
cell 32.81,-117.26: serper 400 for @32.81,-117.26,16z p1
cell 32.81,-117.25: serper 400 for @32.81,-117.25,16z p1
cell 32.81,-117.22: serper 400 for @32.81,-117.22,16z p1
cell 32.81,-117.20: serper 400 for @32.81,-117.2,16z p1
cell 32.81,-117.18: serper 400 for @32.81,-117.18,16z p1
cell 32.81,-117.17: serper 400 for @32.81,-117.17,16z p1
cell 32.81,-117.16: serper 400 for @32.81,-117.16,16z p1
cell 32.81,-117.15: serper 400 for @32.81,-117.15,16z p1
cell 32.81,-117.13: serper 400 for @32.81,-117.13,16z p1
cell 32.81,-117.14: serper 400 for @32.81,-117.14,16z p1
cell 32.81,-117.12: serper 400 for @32.81,-117.12,16z p1
cell 32.81,-117.10: serper 400 for @32.81,-117.1,16z p1
cell 32.81,-117.08: serper 400 for @32.81,-117.08,16z p1
cell 32.81,-116.98: serper 400 for @32.81,-116.98,16z p1
cell 32.81,-116.97: serper 400 for @32.81,-116.97,16z p1
cell 32.81,-116.94: serper 400 for @32.81,-116.94,16z p1
cell 32.81,-116.93: serper 400 for @32.81,-116.93,16z p1
cell 32.81,-116.95: serper 400 for @32.81,-116.95,16z p1
cell 32.81,-116.87: serper 400 for @32.81,-116.87,16z p1
cell 32.81,-116.92: serper 400 for @32.81,-116.92,16z p1
cell 32.81,-116.86: serper 400 for @32.81,-116.86,16z p1
cell 32.81,-116.96: serper 400 for @32.81,-116.96,16z p1
cell 32.82,-117.22: serper 400 for @32.82,-117.22,16z p1
cell 32.82,-117.21: serper 400 for @32.82,-117.21,16z p1
cell 32.82,-117.27: serper 400 for @32.82,-117.27,16z p1
cell 32.82,-117.19: serper 400 for @32.82,-117.19,16z p1
cell 32.82,-117.18: serper 400 for @32.82,-117.18,16z p1
cell 32.82,-117.17: serper 400 for @32.82,-117.17,16z p1
cell 32.82,-117.16: serper 400 for @32.82,-117.16,16z p1
cell 32.82,-117.15: serper 400 for @32.82,-117.15,16z p1
cell 32.82,-117.14: serper 400 for @32.82,-117.14,16z p1
cell 32.82,-117.13: serper 400 for @32.82,-117.13,16z p1
cell 32.82,-117.12: serper 400 for @32.82,-117.12,16z p1
cell 32.82,-117.11: serper 400 for @32.82,-117.11,16z p1
cell 32.82,-117.06: serper 400 for @32.82,-117.06,16z p1
cell 32.82,-117.10: serper 400 for @32.82,-117.1,16z p1
cell 32.82,-117.01: serper 400 for @32.82,-117.01,16z p1
cell 32.82,-116.97: serper 400 for @32.82,-116.97,16z p1
cell 32.82,-116.98: serper 400 for @32.82,-116.98,16z p1
cell 32.82,-116.96: serper 400 for @32.82,-116.96,16z p1
cell 32.82,-116.95: serper 400 for @32.82,-116.95,16z p1
cell 32.82,-116.94: serper 400 for @32.82,-116.94,16z p1
cell 32.82,-116.93: serper 400 for @32.82,-116.93,16z p1
cell 32.82,-116.92: serper 400 for @32.82,-116.92,16z p1
cell 32.82,-116.90: serper 400 for @32.82,-116.9,16z p1
cell 32.82,-116.83: serper 400 for @32.82,-116.83,16z p1
cell 32.82,-116.53: serper 400 for @32.82,-116.53,16z p1
cell 32.83,-117.28: serper 400 for @32.83,-117.28,16z p1
cell 32.83,-117.24: serper 400 for @32.83,-117.24,16z p1
cell 32.83,-117.23: serper 400 for @32.83,-117.23,16z p1
cell 32.83,-117.21: serper 400 for @32.83,-117.21,16z p1
cell 32.83,-117.19: serper 400 for @32.83,-117.19,16z p1
cell 32.83,-117.17: serper 400 for @32.83,-117.17,16z p1
cell 32.83,-117.18: serper 400 for @32.83,-117.18,16z p1
cell 32.83,-117.16: serper 400 for @32.83,-117.16,16z p1
cell 32.83,-117.14: serper 400 for @32.83,-117.14,16z p1
cell 32.83,-117.15: serper 400 for @32.83,-117.15,16z p1
cell 32.83,-117.20: serper 400 for @32.83,-117.2,16z p1
cell 32.83,-117.12: serper 400 for @32.83,-117.12,16z p1
cell 32.83,-117.13: serper 400 for @32.83,-117.13,16z p1
cell 32.83,-117.10: serper 400 for @32.83,-117.1,16z p1
cell 32.83,-117.00: serper 400 for @32.83,-117,16z p1
cell 32.83,-116.99: serper 400 for @32.83,-116.99,16z p1
cell 32.83,-116.98: serper 400 for @32.83,-116.98,16z p1
cell 32.83,-116.97: serper 400 for @32.83,-116.97,16z p1
cell 32.83,-116.91: serper 400 for @32.83,-116.91,16z p1
cell 32.83,-116.90: serper 400 for @32.83,-116.9,16z p1
cell 32.83,-116.96: serper 400 for @32.83,-116.96,16z p1
cell 32.83,-116.93: serper 400 for @32.83,-116.93,16z p1
cell 32.83,-116.77: serper 400 for @32.83,-116.77,16z p1
cell 32.83,-116.85: serper 400 for @32.83,-116.85,16z p1
cell 32.83,-116.76: serper 400 for @32.83,-116.76,16z p1
cell 32.83,-116.75: serper 400 for @32.83,-116.75,16z p1
cell 32.84,-117.27: serper 400 for @32.84,-117.27,16z p1
cell 32.84,-117.28: serper 400 for @32.84,-117.28,16z p1
cell 32.84,-117.17: serper 400 for @32.84,-117.17,16z p1
cell 32.84,-117.19: serper 400 for @32.84,-117.19,16z p1
cell 32.84,-117.15: serper 400 for @32.84,-117.15,16z p1
cell 32.84,-117.14: serper 400 for @32.84,-117.14,16z p1
cell 32.84,-117.13: serper 400 for @32.84,-117.13,16z p1
cell 32.84,-117.10: serper 400 for @32.84,-117.1,16z p1
cell 32.84,-117.02: serper 400 for @32.84,-117.02,16z p1
cell 32.84,-117.03: serper 400 for @32.84,-117.03,16z p1
cell 32.84,-117.01: serper 400 for @32.84,-117.01,16z p1
cell 32.84,-117.00: serper 400 for @32.84,-117,16z p1
cell 32.84,-116.99: serper 400 for @32.84,-116.99,16z p1
cell 32.84,-116.98: serper 400 for @32.84,-116.98,16z p1
cell 32.84,-116.97: serper 400 for @32.84,-116.97,16z p1
cell 32.84,-116.96: serper 400 for @32.84,-116.96,16z p1
cell 32.84,-116.90: serper 400 for @32.84,-116.9,16z p1
cell 32.84,-116.88: serper 400 for @32.84,-116.88,16z p1
cell 32.84,-116.79: serper 400 for @32.84,-116.79,16z p1
cell 32.84,-116.78: serper 400 for @32.84,-116.78,16z p1
cell 32.84,-116.77: serper 400 for @32.84,-116.77,16z p1
cell 32.84,-116.76: serper 400 for @32.84,-116.76,16z p1
cell 32.84,-116.75: serper 400 for @32.84,-116.75,16z p1
cell 32.84,-116.71: serper 400 for @32.84,-116.71,16z p1
cell 32.84,-116.70: serper 400 for @32.84,-116.7,16z p1
cell 32.84,-116.61: serper 400 for @32.84,-116.61,16z p1
cell 32.85,-117.28: serper 400 for @32.85,-117.28,16z p1
cell 32.85,-117.27: serper 400 for @32.85,-117.27,16z p1
cell 32.85,-117.26: serper 400 for @32.85,-117.26,16z p1
cell 32.85,-117.25: serper 400 for @32.85,-117.25,16z p1
cell 32.85,-117.22: serper 400 for @32.85,-117.22,16z p1
cell 32.85,-117.21: serper 400 for @32.85,-117.21,16z p1
cell 32.85,-117.20: serper 400 for @32.85,-117.2,16z p1
cell 32.85,-117.00: serper 400 for @32.85,-117,16z p1
cell 32.85,-116.98: serper 400 for @32.85,-116.98,16z p1
cell 32.85,-116.97: serper 400 for @32.85,-116.97,16z p1
cell 32.85,-116.96: serper 400 for @32.85,-116.96,16z p1
cell 32.85,-116.95: serper 400 for @32.85,-116.95,16z p1
cell 32.85,-116.93: serper 400 for @32.85,-116.93,16z p1
cell 32.85,-117.18: serper 400 for @32.85,-117.18,16z p1
cell 32.85,-116.92: serper 400 for @32.85,-116.92,16z p1
cell 32.85,-116.86: serper 400 for @32.85,-116.86,16z p1
cell 32.85,-116.88: serper 400 for @32.85,-116.88,16z p1
cell 32.85,-116.87: serper 400 for @32.85,-116.87,16z p1
cell 32.85,-116.62: serper 400 for @32.85,-116.62,16z p1
cell 32.86,-117.22: serper 400 for @32.86,-117.22,16z p1
cell 32.86,-117.26: serper 400 for @32.86,-117.26,16z p1
cell 32.86,-117.25: serper 400 for @32.86,-117.25,16z p1
cell 32.86,-117.13: serper 400 for @32.86,-117.13,16z p1
cell 32.86,-117.01: serper 400 for @32.86,-117.01,16z p1
cell 32.86,-116.98: serper 400 for @32.86,-116.98,16z p1
cell 32.86,-116.97: serper 400 for @32.86,-116.97,16z p1
cell 32.86,-116.94: serper 400 for @32.86,-116.94,16z p1
cell 32.86,-116.91: serper 400 for @32.86,-116.91,16z p1
cell 32.86,-116.92: serper 400 for @32.86,-116.92,16z p1
cell 32.86,-116.93: serper 400 for @32.86,-116.93,16z p1
cell 32.86,-116.90: serper 400 for @32.86,-116.9,16z p1
cell 32.86,-116.42: serper 400 for @32.86,-116.42,16z p1
cell 32.86,-116.85: serper 400 for @32.86,-116.85,16z p1
cell 32.86,-116.62: serper 400 for @32.86,-116.62,16z p1
cell 32.86,-116.84: serper 400 for @32.86,-116.84,16z p1
cell 32.87,-117.24: serper 400 for @32.87,-117.24,16z p1
cell 32.87,-117.23: serper 400 for @32.87,-117.23,16z p1
cell 32.87,-117.25: serper 400 for @32.87,-117.25,16z p1
cell 32.87,-117.20: serper 400 for @32.87,-117.2,16z p1
cell 32.87,-117.21: serper 400 for @32.87,-117.21,16z p1
cell 32.87,-117.11: serper 400 for @32.87,-117.11,16z p1
cell 32.87,-117.22: serper 400 for @32.87,-117.22,16z p1
cell 32.87,-116.97: serper 400 for @32.87,-116.97,16z p1
cell 32.88,-117.25: serper 400 for @32.88,-117.25,16z p1
cell 32.87,-116.42: serper 400 for @32.87,-116.42,16z p1
cell 32.88,-117.24: serper 400 for @32.88,-117.24,16z p1
cell 32.88,-117.23: serper 400 for @32.88,-117.23,16z p1
cell 32.88,-117.22: serper 400 for @32.88,-117.22,16z p1
cell 32.88,-117.21: serper 400 for @32.88,-117.21,16z p1
cell 32.88,-117.20: serper 400 for @32.88,-117.2,16z p1
cell 32.88,-117.19: serper 400 for @32.88,-117.19,16z p1
cell 32.88,-117.17: serper 400 for @32.88,-117.17,16z p1
cell 32.88,-117.16: serper 400 for @32.88,-117.16,16z p1
cell 32.88,-117.15: serper 400 for @32.88,-117.15,16z p1
cell 32.88,-117.13: serper 400 for @32.88,-117.13,16z p1
cell 32.89,-117.25: serper 400 for @32.89,-117.25,16z p1
cell 32.89,-117.23: serper 400 for @32.89,-117.23,16z p1
cell 32.89,-117.24: serper 400 for @32.89,-117.24,16z p1
cell 32.89,-117.22: serper 400 for @32.89,-117.22,16z p1
cell 32.89,-117.21: serper 400 for @32.89,-117.21,16z p1
cell 32.89,-117.20: serper 400 for @32.89,-117.2,16z p1
cell 32.88,-117.14: serper 400 for @32.88,-117.14,16z p1
cell 32.89,-117.15: serper 400 for @32.89,-117.15,16z p1
cell 32.89,-117.16: serper 400 for @32.89,-117.16,16z p1
cell 32.89,-117.18: serper 400 for @32.89,-117.18,16z p1
cell 32.89,-117.14: serper 400 for @32.89,-117.14,16z p1
cell 32.89,-117.13: serper 400 for @32.89,-117.13,16z p1
cell 32.89,-117.12: serper 400 for @32.89,-117.12,16z p1
cell 32.90,-117.24: serper 400 for @32.9,-117.24,16z p1
cell 32.90,-117.23: serper 400 for @32.9,-117.23,16z p1
cell 32.90,-117.22: serper 400 for @32.9,-117.22,16z p1
cell 32.90,-117.21: serper 400 for @32.9,-117.21,16z p1
cell 32.90,-117.20: serper 400 for @32.9,-117.2,16z p1
cell 32.90,-117.19: serper 400 for @32.9,-117.19,16z p1
cell 32.90,-117.17: serper 400 for @32.9,-117.17,16z p1
cell 32.90,-117.18: serper 400 for @32.9,-117.18,16z p1
cell 32.90,-117.15: serper 400 for @32.9,-117.15,16z p1
cell 32.90,-117.14: serper 400 for @32.9,-117.14,16z p1
cell 32.90,-117.13: serper 400 for @32.9,-117.13,16z p1
cell 32.90,-117.12: serper 400 for @32.9,-117.12,16z p1
cell 32.90,-117.11: serper 400 for @32.9,-117.11,16z p1
cell 32.90,-117.10: serper 400 for @32.9,-117.1,16z p1
cell 32.90,-117.09: serper 400 for @32.9,-117.09,16z p1
cell 32.90,-116.90: serper 400 for @32.9,-116.9,16z p1
cell 32.90,-116.64: serper 400 for @32.9,-116.64,16z p1
cell 32.91,-117.24: serper 400 for @32.91,-117.24,16z p1
cell 32.91,-117.23: serper 400 for @32.91,-117.23,16z p1
cell 32.91,-117.19: serper 400 for @32.91,-117.19,16z p1
cell 32.91,-117.18: serper 400 for @32.91,-117.18,16z p1
cell 32.91,-117.17: serper 400 for @32.91,-117.17,16z p1
cell 32.91,-117.15: serper 400 for @32.91,-117.15,16z p1
cell 32.91,-117.14: serper 400 for @32.91,-117.14,16z p1
cell 32.91,-117.13: serper 400 for @32.91,-117.13,16z p1
cell 32.91,-117.12: serper 400 for @32.91,-117.12,16z p1
cell 32.91,-117.10: serper 400 for @32.91,-117.1,16z p1
cell 32.92,-117.24: serper 400 for @32.92,-117.24,16z p1
cell 32.92,-117.22: serper 400 for @32.92,-117.22,16z p1
cell 32.92,-117.21: serper 400 for @32.92,-117.21,16z p1
cell 32.91,-117.11: serper 400 for @32.91,-117.11,16z p1
cell 32.91,-117.08: serper 400 for @32.91,-117.08,16z p1
cell 32.92,-117.14: serper 400 for @32.92,-117.14,16z p1
cell 32.92,-117.13: serper 400 for @32.92,-117.13,16z p1
cell 32.92,-117.23: serper 400 for @32.92,-117.23,16z p1
cell 32.92,-117.12: serper 400 for @32.92,-117.12,16z p1
cell 32.92,-117.11: serper 400 for @32.92,-117.11,16z p1
cell 32.93,-117.26: serper 400 for @32.93,-117.26,16z p1
cell 32.93,-117.25: serper 400 for @32.93,-117.25,16z p1
cell 32.93,-117.24: serper 400 for @32.93,-117.24,16z p1
cell 32.93,-117.20: serper 400 for @32.93,-117.2,16z p1
cell 32.93,-117.14: serper 400 for @32.93,-117.14,16z p1
cell 32.93,-117.09: serper 400 for @32.93,-117.09,16z p1
cell 32.93,-117.06: serper 400 for @32.93,-117.06,16z p1
cell 32.94,-117.24: serper 400 for @32.94,-117.24,16z p1
cell 32.94,-117.23: serper 400 for @32.94,-117.23,16z p1
cell 32.94,-117.21: serper 400 for @32.94,-117.21,16z p1
cell 32.94,-117.20: serper 400 for @32.94,-117.2,16z p1
cell 32.94,-117.16: serper 400 for @32.94,-117.16,16z p1
cell 32.94,-117.11: serper 400 for @32.94,-117.11,16z p1
cell 32.94,-117.10: serper 400 for @32.94,-117.1,16z p1
cell 32.94,-117.05: serper 400 for @32.94,-117.05,16z p1
cell 32.94,-117.04: serper 400 for @32.94,-117.04,16z p1
cell 32.94,-117.03: serper 400 for @32.94,-117.03,16z p1
cell 32.94,-116.87: serper 400 for @32.94,-116.87,16z p1
cell 32.94,-117.02: serper 400 for @32.94,-117.02,16z p1
cell 32.95,-117.26: serper 400 for @32.95,-117.26,16z p1
cell 32.95,-117.25: serper 400 for @32.95,-117.25,16z p1
cell 32.95,-117.23: serper 400 for @32.95,-117.23,16z p1
cell 32.95,-117.24: serper 400 for @32.95,-117.24,16z p1
cell 32.95,-117.15: serper 400 for @32.95,-117.15,16z p1
cell 32.95,-117.11: serper 400 for @32.95,-117.11,16z p1
cell 32.95,-117.12: serper 400 for @32.95,-117.12,16z p1
cell 32.95,-117.10: serper 400 for @32.95,-117.1,16z p1
cell 32.95,-117.08: serper 400 for @32.95,-117.08,16z p1
cell 32.95,-117.06: serper 400 for @32.95,-117.06,16z p1
cell 32.95,-117.07: serper 400 for @32.95,-117.07,16z p1
cell 32.95,-117.04: serper 400 for @32.95,-117.04,16z p1
cell 32.96,-117.27: serper 400 for @32.96,-117.27,16z p1
cell 32.96,-117.19: serper 400 for @32.96,-117.19,16z p1
cell 32.96,-117.26: serper 400 for @32.96,-117.26,16z p1
cell 32.96,-117.16: serper 400 for @32.96,-117.16,16z p1
cell 32.96,-117.15: serper 400 for @32.96,-117.15,16z p1
cell 32.96,-117.13: serper 400 for @32.96,-117.13,16z p1
cell 32.96,-117.12: serper 400 for @32.96,-117.12,16z p1
cell 32.96,-117.09: serper 400 for @32.96,-117.09,16z p1
cell 32.96,-117.06: serper 400 for @32.96,-117.06,16z p1
cell 32.96,-117.05: serper 400 for @32.96,-117.05,16z p1
cell 32.96,-117.04: serper 400 for @32.96,-117.04,16z p1
cell 32.96,-117.02: serper 400 for @32.96,-117.02,16z p1
cell 32.96,-117.03: serper 400 for @32.96,-117.03,16z p1
cell 32.97,-117.27: serper 400 for @32.97,-117.27,16z p1
cell 32.96,-117.11: serper 400 for @32.96,-117.11,16z p1
cell 32.97,-117.26: serper 400 for @32.97,-117.26,16z p1
cell 32.97,-117.16: serper 400 for @32.97,-117.16,16z p1
cell 32.97,-117.09: serper 400 for @32.97,-117.09,16z p1
cell 32.97,-117.08: serper 400 for @32.97,-117.08,16z p1
cell 32.97,-117.04: serper 400 for @32.97,-117.04,16z p1
cell 32.97,-116.91: serper 400 for @32.97,-116.91,16z p1
cell 32.98,-117.27: serper 400 for @32.98,-117.27,16z p1
cell 32.98,-117.26: serper 400 for @32.98,-117.26,16z p1
cell 32.98,-117.25: serper 400 for @32.98,-117.25,16z p1
cell 32.98,-117.23: serper 400 for @32.98,-117.23,16z p1
cell 32.98,-117.09: serper 400 for @32.98,-117.09,16z p1
cell 32.98,-117.08: serper 400 for @32.98,-117.08,16z p1
cell 32.98,-117.07: serper 400 for @32.98,-117.07,16z p1
cell 32.98,-117.06: serper 400 for @32.98,-117.06,16z p1
cell 32.98,-117.02: serper 400 for @32.98,-117.02,16z p1
cell 32.99,-117.26: serper 400 for @32.99,-117.26,16z p1
cell 32.99,-117.27: serper 400 for @32.99,-117.27,16z p1
cell 32.99,-117.25: serper 400 for @32.99,-117.25,16z p1
cell 32.99,-117.20: serper 400 for @32.99,-117.2,16z p1
cell 32.99,-117.19: serper 400 for @32.99,-117.19,16z p1
cell 32.99,-117.16: serper 400 for @32.99,-117.16,16z p1
cell 32.99,-117.15: serper 400 for @32.99,-117.15,16z p1
cell 32.99,-117.08: serper 400 for @32.99,-117.08,16z p1
cell 32.99,-117.07: serper 400 for @32.99,-117.07,16z p1
cell 32.99,-116.84: serper 400 for @32.99,-116.84,16z p1
cell 32.99,-116.58: serper 400 for @32.99,-116.58,16z p1
cell 33.00,-117.27: serper 400 for @33,-117.27,16z p1
cell 33.00,-117.26: serper 400 for @33,-117.26,16z p1
cell 33.00,-117.25: serper 400 for @33,-117.25,16z p1
cell 33.00,-117.19: serper 400 for @33,-117.19,16z p1
cell 33.00,-117.09: serper 400 for @33,-117.09,16z p1
cell 33.00,-116.81: serper 400 for @33,-116.81,16z p1
cell 33.00,-117.06: serper 400 for @33,-117.06,16z p1
cell 33.01,-117.28: serper 400 for @33.01,-117.28,16z p1
cell 33.01,-117.11: serper 400 for @33.01,-117.11,16z p1
cell 33.01,-117.08: serper 400 for @33.01,-117.08,16z p1
cell 33.01,-117.01: serper 400 for @33.01,-117.01,16z p1
cell 33.01,-116.96: serper 400 for @33.01,-116.96,16z p1
cell 33.01,-116.92: serper 400 for @33.01,-116.92,16z p1
cell 33.01,-116.87: serper 400 for @33.01,-116.87,16z p1
cell 33.01,-116.82: serper 400 for @33.01,-116.82,16z p1
cell 33.02,-117.28: serper 400 for @33.02,-117.28,16z p1
cell 33.01,-117.09: serper 400 for @33.01,-117.09,16z p1
cell 33.02,-117.26: serper 400 for @33.02,-117.26,16z p1
cell 33.02,-117.13: serper 400 for @33.02,-117.13,16z p1
cell 33.02,-117.12: serper 400 for @33.02,-117.12,16z p1
cell 33.02,-117.11: serper 400 for @33.02,-117.11,16z p1
cell 33.02,-117.10: serper 400 for @33.02,-117.1,16z p1
cell 33.02,-117.09: serper 400 for @33.02,-117.09,16z p1
cell 33.02,-117.20: serper 400 for @33.02,-117.2,16z p1
cell 33.02,-117.07: serper 400 for @33.02,-117.07,16z p1
cell 33.02,-117.06: serper 400 for @33.02,-117.06,16z p1
cell 33.02,-117.05: serper 400 for @33.02,-117.05,16z p1
cell 33.02,-116.85: serper 400 for @33.02,-116.85,16z p1
cell 33.03,-117.29: serper 400 for @33.03,-117.29,16z p1
cell 33.03,-117.27: serper 400 for @33.03,-117.27,16z p1
cell 33.02,-117.08: serper 400 for @33.02,-117.08,16z p1
cell 33.03,-117.08: serper 400 for @33.03,-117.08,16z p1
cell 33.03,-117.07: serper 400 for @33.03,-117.07,16z p1
cell 33.03,-117.05: serper 400 for @33.03,-117.05,16z p1
cell 33.03,-116.88: serper 400 for @33.03,-116.88,16z p1
cell 33.03,-116.89: serper 400 for @33.03,-116.89,16z p1
cell 33.04,-117.29: serper 400 for @33.04,-117.29,16z p1
cell 33.04,-117.28: serper 400 for @33.04,-117.28,16z p1
cell 33.04,-117.27: serper 400 for @33.04,-117.27,16z p1
cell 33.04,-117.26: serper 400 for @33.04,-117.26,16z p1
cell 33.04,-117.25: serper 400 for @33.04,-117.25,16z p1
cell 33.04,-117.24: serper 400 for @33.04,-117.24,16z p1
cell 33.04,-117.16: serper 400 for @33.04,-117.16,16z p1
cell 33.04,-117.07: serper 400 for @33.04,-117.07,16z p1
cell 33.04,-117.02: serper 400 for @33.04,-117.02,16z p1
cell 33.04,-116.88: serper 400 for @33.04,-116.88,16z p1
cell 33.04,-116.86: serper 400 for @33.04,-116.86,16z p1
cell 33.04,-116.87: serper 400 for @33.04,-116.87,16z p1
cell 33.05,-117.30: serper 400 for @33.05,-117.3,16z p1
cell 33.05,-117.29: serper 400 for @33.05,-117.29,16z p1
cell 33.05,-117.17: serper 400 for @33.05,-117.17,16z p1
cell 33.05,-117.28: serper 400 for @33.05,-117.28,16z p1
cell 33.05,-117.26: serper 400 for @33.05,-117.26,16z p1
cell 33.05,-116.88: serper 400 for @33.05,-116.88,16z p1
cell 33.05,-116.86: serper 400 for @33.05,-116.86,16z p1
cell 33.06,-117.30: serper 400 for @33.06,-117.3,16z p1
cell 33.06,-117.29: serper 400 for @33.06,-117.29,16z p1
cell 33.06,-117.27: serper 400 for @33.06,-117.27,16z p1
cell 33.06,-117.12: serper 400 for @33.06,-117.12,16z p1
cell 33.06,-117.26: serper 400 for @33.06,-117.26,16z p1
cell 33.06,-116.58: serper 400 for @33.06,-116.58,16z p1
cell 33.07,-117.30: serper 400 for @33.07,-117.3,16z p1
cell 33.06,-116.42: serper 400 for @33.06,-116.42,16z p1
cell 33.07,-117.31: serper 400 for @33.07,-117.31,16z p1
cell 33.07,-117.29: serper 400 for @33.07,-117.29,16z p1
cell 33.07,-117.07: serper 400 for @33.07,-117.07,16z p1
cell 33.07,-117.06: serper 400 for @33.07,-117.06,16z p1
cell 33.07,-117.04: serper 400 for @33.07,-117.04,16z p1
cell 33.07,-117.27: serper 400 for @33.07,-117.27,16z p1
cell 33.07,-117.26: serper 400 for @33.07,-117.26,16z p1
cell 33.07,-117.28: serper 400 for @33.07,-117.28,16z p1
cell 33.07,-117.01: serper 400 for @33.07,-117.01,16z p1
cell 33.07,-116.99: serper 400 for @33.07,-116.99,16z p1
cell 33.07,-117.00: serper 400 for @33.07,-117,16z p1
cell 33.08,-117.31: serper 400 for @33.08,-117.31,16z p1
cell 33.08,-117.27: serper 400 for @33.08,-117.27,16z p1
cell 33.08,-117.24: serper 400 for @33.08,-117.24,16z p1
cell 33.08,-117.23: serper 400 for @33.08,-117.23,16z p1
cell 33.08,-116.60: serper 400 for @33.08,-116.6,16z p1
cell 33.08,-116.59: serper 400 for @33.08,-116.59,16z p1
cell 33.09,-117.29: serper 400 for @33.09,-117.29,16z p1
cell 33.09,-117.27: serper 400 for @33.09,-117.27,16z p1
cell 33.09,-117.07: serper 400 for @33.09,-117.07,16z p1
cell 33.09,-117.26: serper 400 for @33.09,-117.26,16z p1
cell 33.09,-116.65: serper 400 for @33.09,-116.65,16z p1
cell 33.10,-117.32: serper 400 for @33.1,-117.32,16z p1
cell 33.10,-117.31: serper 400 for @33.1,-117.31,16z p1
cell 33.10,-117.29: serper 400 for @33.1,-117.29,16z p1
cell 33.10,-117.28: serper 400 for @33.1,-117.28,16z p1
cell 33.10,-117.27: serper 400 for @33.1,-117.27,16z p1
cell 33.10,-117.20: serper 400 for @33.1,-117.2,16z p1
cell 33.10,-117.08: serper 400 for @33.1,-117.08,16z p1
cell 33.10,-117.09: serper 400 for @33.1,-117.09,16z p1
cell 33.10,-117.07: serper 400 for @33.1,-117.07,16z p1
cell 33.10,-117.00: serper 400 for @33.1,-117,16z p1
cell 33.10,-116.70: serper 400 for @33.1,-116.7,16z p1
cell 33.10,-116.65: serper 400 for @33.1,-116.65,16z p1
cell 33.10,-116.61: serper 400 for @33.1,-116.61,16z p1
cell 33.10,-116.60: serper 400 for @33.1,-116.6,16z p1
cell 33.11,-117.32: serper 400 for @33.11,-117.32,16z p1
cell 33.11,-117.27: serper 400 for @33.11,-117.27,16z p1
cell 33.11,-117.29: serper 400 for @33.11,-117.29,16z p1
cell 33.11,-117.22: serper 400 for @33.11,-117.22,16z p1
cell 33.11,-117.17: serper 400 for @33.11,-117.17,16z p1
cell 33.11,-117.12: serper 400 for @33.11,-117.12,16z p1
cell 33.11,-117.11: serper 400 for @33.11,-117.11,16z p1
cell 33.11,-117.10: serper 400 for @33.11,-117.1,16z p1
cell 33.11,-116.68: serper 400 for @33.11,-116.68,16z p1
cell 33.11,-117.08: serper 400 for @33.11,-117.08,16z p1
cell 33.11,-117.07: serper 400 for @33.11,-117.07,16z p1
cell 33.11,-116.67: serper 400 for @33.11,-116.67,16z p1
cell 33.12,-117.32: serper 400 for @33.12,-117.32,16z p1
cell 33.12,-117.31: serper 400 for @33.12,-117.31,16z p1
cell 33.12,-117.29: serper 400 for @33.12,-117.29,16z p1
cell 33.12,-117.28: serper 400 for @33.12,-117.28,16z p1
cell 33.12,-117.27: serper 400 for @33.12,-117.27,16z p1
cell 33.12,-117.22: serper 400 for @33.12,-117.22,16z p1
cell 33.12,-117.21: serper 400 for @33.12,-117.21,16z p1
cell 33.12,-117.20: serper 400 for @33.12,-117.2,16z p1
cell 33.12,-117.17: serper 400 for @33.12,-117.17,16z p1
cell 33.12,-117.12: serper 400 for @33.12,-117.12,16z p1
cell 33.12,-117.11: serper 400 for @33.12,-117.11,16z p1
cell 33.12,-117.10: serper 400 for @33.12,-117.1,16z p1
cell 33.12,-117.09: serper 400 for @33.12,-117.09,16z p1
cell 33.12,-117.08: serper 400 for @33.12,-117.08,16z p1
cell 33.12,-117.07: serper 400 for @33.12,-117.07,16z p1
cell 33.13,-117.32: serper 400 for @33.13,-117.32,16z p1
cell 33.13,-117.31: serper 400 for @33.13,-117.31,16z p1
cell 33.13,-117.29: serper 400 for @33.13,-117.29,16z p1
cell 33.13,-117.28: serper 400 for @33.13,-117.28,16z p1
cell 33.13,-117.26: serper 400 for @33.13,-117.26,16z p1
cell 33.13,-117.27: serper 400 for @33.13,-117.27,16z p1
cell 33.13,-117.25: serper 400 for @33.13,-117.25,16z p1
cell 33.13,-117.24: serper 400 for @33.13,-117.24,16z p1
cell 33.13,-117.23: serper 400 for @33.13,-117.23,16z p1
cell 33.13,-117.21: serper 400 for @33.13,-117.21,16z p1
cell 33.13,-117.20: serper 400 for @33.13,-117.2,16z p1
cell 33.13,-117.19: serper 400 for @33.13,-117.19,16z p1
cell 33.13,-117.18: serper 400 for @33.13,-117.18,16z p1
cell 33.13,-117.17: serper 400 for @33.13,-117.17,16z p1
cell 33.13,-117.16: serper 400 for @33.13,-117.16,16z p1
cell 33.13,-117.12: serper 400 for @33.13,-117.12,16z p1
cell 33.13,-117.13: serper 400 for @33.13,-117.13,16z p1
cell 33.13,-117.11: serper 400 for @33.13,-117.11,16z p1
cell 33.13,-117.10: serper 400 for @33.13,-117.1,16z p1
cell 33.13,-117.09: serper 400 for @33.13,-117.09,16z p1
cell 33.13,-117.08: serper 400 for @33.13,-117.08,16z p1
cell 33.13,-117.06: serper 400 for @33.13,-117.06,16z p1
cell 33.13,-117.07: serper 400 for @33.13,-117.07,16z p1
cell 33.14,-117.30: serper 400 for @33.14,-117.3,16z p1
cell 33.13,-117.05: serper 400 for @33.13,-117.05,16z p1
cell 33.14,-117.32: serper 400 for @33.14,-117.32,16z p1
cell 33.14,-117.29: serper 400 for @33.14,-117.29,16z p1
cell 33.14,-117.28: serper 400 for @33.14,-117.28,16z p1
cell 33.14,-117.27: serper 400 for @33.14,-117.27,16z p1
cell 33.14,-117.25: serper 400 for @33.14,-117.25,16z p1
cell 33.14,-117.24: serper 400 for @33.14,-117.24,16z p1
cell 33.14,-117.23: serper 400 for @33.14,-117.23,16z p1
cell 33.14,-117.22: serper 400 for @33.14,-117.22,16z p1
cell 33.14,-117.21: serper 400 for @33.14,-117.21,16z p1
cell 33.14,-117.20: serper 400 for @33.14,-117.2,16z p1
cell 33.14,-117.19: serper 400 for @33.14,-117.19,16z p1
cell 33.14,-117.18: serper 400 for @33.14,-117.18,16z p1
cell 33.14,-117.17: serper 400 for @33.14,-117.17,16z p1
cell 33.14,-117.16: serper 400 for @33.14,-117.16,16z p1
cell 33.14,-117.15: serper 400 for @33.14,-117.15,16z p1
cell 33.14,-117.14: serper 400 for @33.14,-117.14,16z p1
cell 33.14,-117.13: serper 400 for @33.14,-117.13,16z p1
cell 33.14,-117.12: serper 400 for @33.14,-117.12,16z p1
cell 33.14,-117.10: serper 400 for @33.14,-117.1,16z p1
cell 33.14,-117.09: serper 400 for @33.14,-117.09,16z p1
cell 33.14,-117.08: serper 400 for @33.14,-117.08,16z p1
cell 33.14,-117.06: serper 400 for @33.14,-117.06,16z p1
cell 33.14,-117.05: serper 400 for @33.14,-117.05,16z p1
cell 33.14,-117.04: serper 400 for @33.14,-117.04,16z p1
cell 33.14,-116.13: serper 400 for @33.14,-116.13,16z p1
cell 33.15,-117.37: serper 400 for @33.15,-117.37,16z p1
cell 33.15,-117.34: serper 400 for @33.15,-117.34,16z p1
cell 33.15,-117.33: serper 400 for @33.15,-117.33,16z p1
cell 33.15,-117.24: serper 400 for @33.15,-117.24,16z p1
cell 33.15,-117.23: serper 400 for @33.15,-117.23,16z p1
cell 33.15,-117.22: serper 400 for @33.15,-117.22,16z p1
cell 33.15,-117.20: serper 400 for @33.15,-117.2,16z p1
cell 33.15,-117.17: serper 400 for @33.15,-117.17,16z p1
cell 33.15,-117.19: serper 400 for @33.15,-117.19,16z p1
cell 33.15,-117.16: serper 400 for @33.15,-117.16,16z p1
cell 33.15,-117.35: serper 400 for @33.15,-117.35,16z p1
cell 33.15,-117.10: serper 400 for @33.15,-117.1,16z p1
cell 33.15,-117.15: serper 400 for @33.15,-117.15,16z p1
cell 33.15,-117.11: serper 400 for @33.15,-117.11,16z p1
cell 33.16,-117.35: serper 400 for @33.16,-117.35,16z p1
cell 33.16,-117.34: serper 400 for @33.16,-117.34,16z p1
cell 33.16,-117.33: serper 400 for @33.16,-117.33,16z p1
cell 33.16,-117.25: serper 400 for @33.16,-117.25,16z p1
cell 33.16,-117.22: serper 400 for @33.16,-117.22,16z p1
cell 33.16,-117.20: serper 400 for @33.16,-117.2,16z p1
cell 33.16,-117.13: serper 400 for @33.16,-117.13,16z p1
cell 33.16,-117.12: serper 400 for @33.16,-117.12,16z p1
cell 33.16,-117.10: serper 400 for @33.16,-117.1,16z p1
cell 33.16,-117.09: serper 400 for @33.16,-117.09,16z p1
cell 33.17,-117.36: serper 400 for @33.17,-117.36,16z p1
cell 33.17,-117.24: serper 400 for @33.17,-117.24,16z p1
cell 33.17,-117.25: serper 400 for @33.17,-117.25,16z p1
cell 33.17,-117.22: serper 400 for @33.17,-117.22,16z p1
cell 33.17,-117.21: serper 400 for @33.17,-117.21,16z p1
cell 33.17,-117.09: serper 400 for @33.17,-117.09,16z p1
cell 33.17,-117.01: serper 400 for @33.17,-117.01,16z p1
cell 33.18,-117.35: serper 400 for @33.18,-117.35,16z p1
cell 33.18,-117.36: serper 400 for @33.18,-117.36,16z p1
cell 33.18,-117.37: serper 400 for @33.18,-117.37,16z p1
cell 33.18,-117.34: serper 400 for @33.18,-117.34,16z p1
cell 33.18,-117.33: serper 400 for @33.18,-117.33,16z p1
cell 33.18,-117.32: serper 400 for @33.18,-117.32,16z p1
cell 33.18,-117.31: serper 400 for @33.18,-117.31,16z p1
cell 33.18,-117.30: serper 400 for @33.18,-117.3,16z p1
cell 33.18,-117.29: serper 400 for @33.18,-117.29,16z p1
cell 33.18,-117.23: serper 400 for @33.18,-117.23,16z p1
cell 33.18,-117.28: serper 400 for @33.18,-117.28,16z p1
cell 33.18,-117.21: serper 400 for @33.18,-117.21,16z p1
cell 33.18,-117.17: serper 400 for @33.18,-117.17,16z p1
cell 33.18,-117.16: serper 400 for @33.18,-117.16,16z p1
cell 33.18,-117.00: serper 400 for @33.18,-117,16z p1
cell 33.19,-117.38: serper 400 for @33.19,-117.38,16z p1
cell 33.19,-117.36: serper 400 for @33.19,-117.36,16z p1
cell 33.19,-117.37: serper 400 for @33.19,-117.37,16z p1
cell 33.19,-117.35: serper 400 for @33.19,-117.35,16z p1
cell 33.19,-117.33: serper 400 for @33.19,-117.33,16z p1
cell 33.19,-117.28: serper 400 for @33.19,-117.28,16z p1
cell 33.19,-117.29: serper 400 for @33.19,-117.29,16z p1
cell 33.19,-117.27: serper 400 for @33.19,-117.27,16z p1
cell 33.19,-117.26: serper 400 for @33.19,-117.26,16z p1
cell 33.19,-117.24: serper 400 for @33.19,-117.24,16z p1
cell 33.19,-117.25: serper 400 for @33.19,-117.25,16z p1
cell 33.19,-117.23: serper 400 for @33.19,-117.23,16z p1
cell 33.19,-117.22: serper 400 for @33.19,-117.22,16z p1
cell 33.20,-117.38: serper 400 for @33.2,-117.38,16z p1
cell 33.19,-117.15: serper 400 for @33.19,-117.15,16z p1
cell 33.20,-117.39: serper 400 for @33.2,-117.39,16z p1
cell 33.19,-116.32: serper 400 for @33.19,-116.32,16z p1
cell 33.20,-117.36: serper 400 for @33.2,-117.36,16z p1
cell 33.20,-117.35: serper 400 for @33.2,-117.35,16z p1
cell 33.20,-117.37: serper 400 for @33.2,-117.37,16z p1
cell 33.20,-117.34: serper 400 for @33.2,-117.34,16z p1
cell 33.20,-117.33: serper 400 for @33.2,-117.33,16z p1
cell 33.20,-117.31: serper 400 for @33.2,-117.31,16z p1
cell 33.20,-117.29: serper 400 for @33.2,-117.29,16z p1
cell 33.20,-117.26: serper 400 for @33.2,-117.26,16z p1
cell 33.20,-117.25: serper 400 for @33.2,-117.25,16z p1
cell 33.20,-117.24: serper 400 for @33.2,-117.24,16z p1
cell 33.20,-117.23: serper 400 for @33.2,-117.23,16z p1
cell 33.20,-116.97: serper 400 for @33.2,-116.97,16z p1
cell 33.20,-116.60: serper 400 for @33.2,-116.6,16z p1
cell 33.21,-117.39: serper 400 for @33.21,-117.39,16z p1
cell 33.21,-117.36: serper 400 for @33.21,-117.36,16z p1
cell 33.21,-117.31: serper 400 for @33.21,-117.31,16z p1
cell 33.21,-117.35: serper 400 for @33.21,-117.35,16z p1
cell 33.21,-117.30: serper 400 for @33.21,-117.3,16z p1
cell 33.21,-117.29: serper 400 for @33.21,-117.29,16z p1
cell 33.21,-117.28: serper 400 for @33.21,-117.28,16z p1
cell 33.21,-117.27: serper 400 for @33.21,-117.27,16z p1
cell 33.21,-117.25: serper 400 for @33.21,-117.25,16z p1
cell 33.21,-117.24: serper 400 for @33.21,-117.24,16z p1
cell 33.21,-117.23: serper 400 for @33.21,-117.23,16z p1
cell 33.21,-117.11: serper 400 for @33.21,-117.11,16z p1
cell 33.21,-117.06: serper 400 for @33.21,-117.06,16z p1
cell 33.21,-117.03: serper 400 for @33.21,-117.03,16z p1
cell 33.21,-116.74: serper 400 for @33.21,-116.74,16z p1
cell 33.21,-116.33: serper 400 for @33.21,-116.33,16z p1
cell 33.22,-117.41: serper 400 for @33.22,-117.41,16z p1
cell 33.22,-117.40: serper 400 for @33.22,-117.4,16z p1
cell 33.22,-117.34: serper 400 for @33.22,-117.34,16z p1
cell 33.22,-117.35: serper 400 for @33.22,-117.35,16z p1
cell 33.22,-117.32: serper 400 for @33.22,-117.32,16z p1
cell 33.22,-117.33: serper 400 for @33.22,-117.33,16z p1
cell 33.22,-117.27: serper 400 for @33.22,-117.27,16z p1
cell 33.22,-117.26: serper 400 for @33.22,-117.26,16z p1
cell 33.22,-117.24: serper 400 for @33.22,-117.24,16z p1
cell 33.22,-117.25: serper 400 for @33.22,-117.25,16z p1
cell 33.22,-117.23: serper 400 for @33.22,-117.23,16z p1
cell 33.22,-117.22: serper 400 for @33.22,-117.22,16z p1
cell 33.22,-117.03: serper 400 for @33.22,-117.03,16z p1
cell 33.22,-116.97: serper 400 for @33.22,-116.97,16z p1
cell 33.22,-116.70: serper 400 for @33.22,-116.7,16z p1
cell 33.23,-117.40: serper 400 for @33.23,-117.4,16z p1
cell 33.23,-117.39: serper 400 for @33.23,-117.39,16z p1
cell 33.23,-117.35: serper 400 for @33.23,-117.35,16z p1
cell 33.23,-117.33: serper 400 for @33.23,-117.33,16z p1
cell 33.22,-117.11: serper 400 for @33.22,-117.11,16z p1
cell 33.23,-117.32: serper 400 for @33.23,-117.32,16z p1
cell 33.23,-117.31: serper 400 for @33.23,-117.31,16z p1
cell 33.23,-117.29: serper 400 for @33.23,-117.29,16z p1
cell 33.23,-117.14: serper 400 for @33.23,-117.14,16z p1
cell 33.23,-117.23: serper 400 for @33.23,-117.23,16z p1
cell 33.23,-117.22: serper 400 for @33.23,-117.22,16z p1
cell 33.23,-117.04: serper 400 for @33.23,-117.04,16z p1
cell 33.23,-117.02: serper 400 for @33.23,-117.02,16z p1
cell 33.23,-117.03: serper 400 for @33.23,-117.03,16z p1
cell 33.23,-117.01: serper 400 for @33.23,-117.01,16z p1
cell 33.23,-116.98: serper 400 for @33.23,-116.98,16z p1
cell 33.23,-116.76: serper 400 for @33.23,-116.76,16z p1
cell 33.23,-116.99: serper 400 for @33.23,-116.99,16z p1
cell 33.24,-117.32: serper 400 for @33.24,-117.32,16z p1
cell 33.24,-117.30: serper 400 for @33.24,-117.3,16z p1
cell 33.24,-117.29: serper 400 for @33.24,-117.29,16z p1
cell 33.24,-117.26: serper 400 for @33.24,-117.26,16z p1
cell 33.24,-117.15: serper 400 for @33.24,-117.15,16z p1
cell 33.24,-117.14: serper 400 for @33.24,-117.14,16z p1
cell 33.24,-117.05: serper 400 for @33.24,-117.05,16z p1
cell 33.24,-117.12: serper 400 for @33.24,-117.12,16z p1
cell 33.24,-116.36: serper 400 for @33.24,-116.36,16z p1
cell 33.25,-117.41: serper 400 for @33.25,-117.41,16z p1
cell 33.25,-117.32: serper 400 for @33.25,-117.32,16z p1
cell 33.25,-117.31: serper 400 for @33.25,-117.31,16z p1
cell 33.25,-117.30: serper 400 for @33.25,-117.3,16z p1
cell 33.25,-117.29: serper 400 for @33.25,-117.29,16z p1
cell 33.25,-117.23: serper 400 for @33.25,-117.23,16z p1
cell 33.25,-117.28: serper 400 for @33.25,-117.28,16z p1
cell 33.25,-116.99: serper 400 for @33.25,-116.99,16z p1
cell 33.26,-117.30: serper 400 for @33.26,-117.3,16z p1
cell 33.26,-117.25: serper 400 for @33.26,-117.25,16z p1
cell 33.26,-117.24: serper 400 for @33.26,-117.24,16z p1
cell 33.26,-116.96: serper 400 for @33.26,-116.96,16z p1
cell 33.26,-117.15: serper 400 for @33.26,-117.15,16z p1
cell 33.25,-117.16: serper 400 for @33.25,-117.16,16z p1
cell 33.26,-116.40: serper 400 for @33.26,-116.4,16z p1
cell 33.26,-116.38: serper 400 for @33.26,-116.38,16z p1
cell 33.26,-116.37: serper 400 for @33.26,-116.37,16z p1
cell 33.26,-116.32: serper 400 for @33.26,-116.32,16z p1
cell 33.27,-117.33: serper 400 for @33.27,-117.33,16z p1
cell 33.27,-116.96: serper 400 for @33.27,-116.96,16z p1
cell 33.27,-116.95: serper 400 for @33.27,-116.95,16z p1
cell 33.27,-116.40: serper 400 for @33.27,-116.4,16z p1
cell 33.28,-117.24: serper 400 for @33.28,-117.24,16z p1
cell 33.28,-117.20: serper 400 for @33.28,-117.2,16z p1
cell 33.28,-117.03: serper 400 for @33.28,-117.03,16z p1
cell 33.28,-116.85: serper 400 for @33.28,-116.85,16z p1
cell 33.28,-116.63: serper 400 for @33.28,-116.63,16z p1
cell 33.29,-117.35: serper 400 for @33.29,-117.35,16z p1
cell 33.29,-117.30: serper 400 for @33.29,-117.3,16z p1
cell 33.29,-117.23: serper 400 for @33.29,-117.23,16z p1
cell 33.29,-117.21: serper 400 for @33.29,-117.21,16z p1
cell 33.29,-117.08: serper 400 for @33.29,-117.08,16z p1
cell 33.29,-116.96: serper 400 for @33.29,-116.96,16z p1
cell 33.29,-116.38: serper 400 for @33.29,-116.38,16z p1
cell 33.30,-117.35: serper 400 for @33.3,-117.35,16z p1
cell 33.30,-117.34: serper 400 for @33.3,-117.34,16z p1
cell 33.30,-117.31: serper 400 for @33.3,-117.31,16z p1
cell 33.30,-117.22: serper 400 for @33.3,-117.22,16z p1
cell 33.30,-116.98: serper 400 for @33.3,-116.98,16z p1
cell 33.31,-117.37: serper 400 for @33.31,-117.37,16z p1
cell 33.31,-117.31: serper 400 for @33.31,-117.31,16z p1
cell 33.31,-117.30: serper 400 for @33.31,-117.3,16z p1
cell 33.31,-116.87: serper 400 for @33.31,-116.87,16z p1
cell 33.32,-117.24: serper 400 for @33.32,-117.24,16z p1
cell 33.33,-117.16: serper 400 for @33.33,-117.16,16z p1
cell 33.33,-117.00: serper 400 for @33.33,-117,16z p1
cell 33.33,-116.99: serper 400 for @33.33,-116.99,16z p1
cell 33.34,-117.19: serper 400 for @33.34,-117.19,16z p1
cell 33.34,-116.73: serper 400 for @33.34,-116.73,16z p1
cell 33.35,-117.41: serper 400 for @33.35,-117.41,16z p1
cell 33.35,-117.19: serper 400 for @33.35,-117.19,16z p1
cell 33.36,-117.25: serper 400 for @33.36,-117.25,16z p1
cell 33.36,-117.21: serper 400 for @33.36,-117.21,16z p1
cell 33.36,-117.16: serper 400 for @33.36,-117.16,16z p1
cell 33.36,-117.09: serper 400 for @33.36,-117.09,16z p1
cell 33.37,-117.26: serper 400 for @33.37,-117.26,16z p1
cell 33.36,-117.08: serper 400 for @33.36,-117.08,16z p1
cell 33.37,-117.25: serper 400 for @33.37,-117.25,16z p1
cell 33.37,-117.24: serper 400 for @33.37,-117.24,16z p1
cell 33.38,-117.48: serper 400 for @33.38,-117.48,16z p1
cell 33.37,-117.08: serper 400 for @33.37,-117.08,16z p1
cell 33.38,-117.25: serper 400 for @33.38,-117.25,16z p1
cell 33.38,-117.24: serper 400 for @33.38,-117.24,16z p1
cell 33.38,-117.23: serper 400 for @33.38,-117.23,16z p1
cell 33.39,-117.24: serper 400 for @33.39,-117.24,16z p1
cell 33.39,-117.23: serper 400 for @33.39,-117.23,16z p1
cell 33.38,-117.26: serper 400 for @33.38,-117.26,16z p1
cell 33.40,-117.60: serper 400 for @33.4,-117.6,16z p1
cell 33.40,-117.51: serper 400 for @33.4,-117.51,16z p1
cell 33.38,-116.65: serper 400 for @33.38,-116.65,16z p1
cell 33.38,-116.75: serper 400 for @33.38,-116.75,16z p1
cell 33.41,-117.16: serper 400 for @33.41,-117.16,16z p1
cell 33.42,-117.56: serper 400 for @33.42,-117.56,16z p1
cell 33.43,-116.86: serper 400 for @33.43,-116.86,16z p1
done: 66 cells, 12310 distinct places (+293 new), 66 credits this run
(node:21604) [MODULE_TYPELESS_PACKAGE_JSON] Warning: Module type of file:///C:/Users/Calvin%20%20Lensink/Documents/platemaps/src/data/regions.ts is not specified and it doesn't parse as CommonJS.
Reparsing as ES module because module syntax was detected. This incurs a performance overhead.
To eliminate this warning, add "type": "module" to \\?\C:\Users\Calvin  Lensink\Documents\platemaps\package.json.
(Use `node --trace-warnings ...` to show where the warning was created)
12310 places seen; skipped {"ours":6013,"nonFood":3655,"outsideCounty":1548,"noCoords":2,"fewReviews":695,"venue":85,"notPublic":55}; 257 new → data/serper-discovered.json
  Kings Inn San Diego | 1333 Hotel Cir S, San Diego, CA 92108 | Bar | 4.3 (3570)
  Barnes & Noble | 2015 Birch Rd Ste 700, Chula Vista, CA 91915 | Cafe | 4.7 (2152)
  Food 4 Less | 660 Palomar St, Chula Vista, CA 91911 | Bakery | 4.3 (2053)
  El Super | 3700 Highland Ave, National City, CA 91950 | Bakery | 4.2 (1867)
  Food 4 Less | 1320 E 30th St, National City, CA 91950 | Bakery | 4.3 (1455)
  Barnes & Noble | Trolley Square, 9938 Mission Gorge Rd, Santee, CA 92071 | Cafe | 4.7 (1329)
  Prohibition Lounge | 548 Fifth Ave, San Diego, CA 92101 | Lounge bar | 4.5 (1164)
  Quartyard | 1301 Market St #3, San Diego, CA 92101 | Cafe | 4.6 (1137)
  The Lamplighter | 817 W Washington St, San Diego, CA 92103 | Karaoke bar | 4.1 (762)
  EQ San Diego | 1271 University Ave, San Diego, CA 92103 | Bar | 4.5 (665)
  El Primo Birriería | 325 Oxford St #313, Chula Vista, CA 91911 | Mexican restaurant | 4.3 (654)
  Spin Nightclub | 2028 Hancock St, San Diego, CA 92110 | Bar | 4.1 (462)
