(node:32212) [MODULE_TYPELESS_PACKAGE_JSON] Warning: Module type of file:///C:/Users/Calvin%20%20Lensink/Documents/platemaps/src/data/regions.ts is not specified and it doesn't parse as CommonJS.
Reparsing as ES module because module syntax was detected. This incurs a performance overhead.
To eliminate this warning, add "type": "module" to \\?\C:\Users\Calvin  Lensink\Documents\platemaps\package.json.
(Use `node --trace-warnings ...` to show where the warning was created)
1116 cells, 910 done, fetching 207
  925 cells, 5848 places, 15 credits
  950 cells, 5933 places, 40 credits
  976 cells, 5974 places, 66 credits
  1000 cells, 6015 places, 90 credits
  1025 cells, 6045 places, 115 credits
  1051 cells, 6073 places, 141 credits
  1076 cells, 6104 places, 166 credits
  1100 cells, 6133 places, 190 credits
done: 1117 cells, 6159 distinct places (+439 new), 207 credits this run
(node:35828) [MODULE_TYPELESS_PACKAGE_JSON] Warning: Module type of file:///C:/Users/Calvin%20%20Lensink/Documents/platemaps/src/data/regions.ts is not specified and it doesn't parse as CommonJS.
Reparsing as ES module because module syntax was detected. This incurs a performance overhead.
To eliminate this warning, add "type": "module" to \\?\C:\Users\Calvin  Lensink\Documents\platemaps\package.json.
(Use `node --trace-warnings ...` to show where the warning was created)
1117 cells, 0 deepened, deepening 89
  10 deepened, 6503 places, 104 credits
  20 deepened, 6631 places, 171 credits
  30 deepened, 6808 places, 231 credits
  40 deepened, 7061 places, 320 credits
cell 32.85,-117.27: serper 500 for @32.8475,-117.2675,17z p2
  50 deepened, 7234 places, 393 credits
  60 deepened, 7353 places, 465 credits
  70 deepened, 7443 places, 532 credits
  81 deepened, 7598 places, 610 credits
done: 88 cells deepened, 7722 distinct places (+1563 new), 650 credits this run
