16 branches can inherit a menu from a nearer branch of the same chain.

  And Breakfast Burritos (South Oceanside)  <-  Liberty Station  50.2km
  BCB Coffee (College Area)  <-  College Area  0.6km
  Brick & Bell (UTC)  <-  La Jolla  6.2km
  California Wild Ales (Old Town)  <-  Ocean Beach  4.1km
  Craft Coast Beer & Tacos (San Marcos)  <-  Encinitas  14.3km
  Kung Fu Tea (Oceanside)  <-  San Marcos  19.8km
  Mountain Mike's Pizza (College Area)  <-  Linda Vista  13.9km
  Pho Ca Dao & Grill (Chula Vista)  <-  Santee  24.3km
  Pick Up Stix (University Heights)  <-  Pacific Beach  9.2km
  Pink Rose Cafe (La Mesa)  <-  Hillcrest  13.2km
  Protector Brewery (Mira Mesa)  <-  Little Italy  20.3km
  Santa Ana Fresh Mexican Food (Escondido)  <-  Vista  18.5km
  Signature Cafe (Scripps Ranch)  <-  Escondido  22.4km
  Smashburger (Pauma Valley)  <-  Escondido  21.4km
  Tacos El Gordo (Mission Beach)  <-  Gaslamp  12.4km
  Taquería Los Ruiz (El Cajon)  <-  Pacific Beach  28.8km
  1/16  2/16  3/16  4/16  5/16  6/16  7/16  8/16  9/16  10/16  11/16  12/16  13/16  14/16  15/16

15 branches given a menu, 1130 dishes copied.
1 branches skipped: their chain's menu carries no prices.
5548/9043 restaurants now carry a menu.
All of it is marked confidence = 'chain-shared' and points at the source branch.
