  ZENSHI Handcrafted Sushi — 44 dishes
  ZENSHI Handcrafted Sushi — 44 dishes
  ZENSHI Handcrafted Sushi — 44 dishes
  ZENSHI Handcrafted Sushi — 44 dishes
  ZENSHI Handcrafted Sushi — 44 dishes
  ZENSHI Handcrafted Sushi — 44 dishes
  ZENSHI Handcrafted Sushi — 44 dishes
  ZENSHI Handcrafted Sushi — 44 dishes
  ZENSHI Handcrafted Sushi — 44 dishes
  ZENSHI Handcrafted Sushi — 44 dishes
  ZENSHI Handcrafted Sushi — 44 dishes
  ZENSHI Handcrafted Sushi — 44 dishes
  ZENSHI Handcrafted Sushi — 44 dishes
  ZENSHI Handcrafted Sushi — 44 dishes
  ZENSHI Handcrafted Sushi — 44 dishes
  ZENSHI Handcrafted Sushi — 44 dishes
  ZENSHI Handcrafted Sushi — 44 dishes
  Palomino's Mexican & Seafood — 438 dishes
  Yesenia's Mexican Food — 168 dishes
  Urban Crave — 76 dishes
  Urban Crave — 76 dishes
  Compadres Grilled Chicken — 43 dishes
  Little Fox Cups + Cones — 58 dishes
  Cali Cafe — 37 dishes
  Streets Pho & Grill — 34 dishes
  Teziutacos — 60 dishes
  DaYung's Tea — 76 dishes
  Farm Fresh Meals — 8 dishes
  Lakeside Social — 41 dishes
  Little Fox Cups + Cones — 58 dishes
  Belinda's Familia Mexican Food Truck — 25 dishes
  Filibertos — 95 dishes
  Slice House by Tony Gemignani — 750 dishes
  IZOLA — 43 dishes
  La Fachada — 20 dishes
  Z Cafe — 49 dishes
  Al Toque | Peruvian Kitchen — 62 dishes

Loaded 37 menus (2965 dishes).
Coverage: 6806/14199 restaurants have a menu.
