no DATABASE_URL - brand-twin check falls back to the hand-written allowlist

unpriced dishes dropped (kept the rest of each menu):
  The Spot taco shop: dropped 2 unpriced
clean:      22 entries (22 with menus, 0 confirmed not-found), 2067 dishes
quarantine: 16 entries, 184 dishes withheld

  Serrano's Mexican Food (7 dishes) - only 7 dishes - likely a partial capture
  Randy's Donuts (5 dishes) - only 5 dishes - likely a partial capture
  Sue's Korean Kitchen (5 dishes) - only 5 dishes - likely a partial capture
  Castelli & Pizarro Family Vineyards & Winery (7 dishes) - every section is a carousel (Most Popular, Featured Items) - that is the marketplace front page, not a menu; the catalog was never opened (www.cpfwinery.com)
  BCB Coffee (5 dishes) - only 5 dishes - likely a partial capture
  Up2You Cafe (6 dishes) - only 6 dishes - likely a partial capture
  Camp Coffee Company (5 dishes) - only 5 dishes - likely a partial capture
  Sandwich Emporium (5 dishes) - only 5 dishes - likely a partial capture
  ChickenHeadz (15 dishes) - every section is a carousel (Featured Items) - that is the marketplace front page, not a menu; the catalog was never opened (order.online)
  FurnSaj Bakery & Restaurant (25 dishes) - every section is a carousel (Featured Items) - that is the marketplace front page, not a menu; the catalog was never opened (order.online)
  Green Fork (11 dishes) - every section is a carousel (Featured Items) - that is the marketplace front page, not a menu; the catalog was never opened (order.online)
  Better Blendz (24 dishes) - every section is a carousel (Featured Items) - that is the marketplace front page, not a menu; the catalog was never opened (order.online)
  Eat Crispy Burger Oceanside (14 dishes) - every section is a carousel (Featured Items) - that is the marketplace front page, not a menu; the catalog was never opened (order.online)
  BRGR SHACK (20 dishes) - every section is a carousel (Featured Items) - that is the marketplace front page, not a menu; the catalog was never opened (order.online)
  Oh My Pho! (25 dishes) - every section is a carousel (Featured Items) - that is the marketplace front page, not a menu; the catalog was never opened (order.online)
  Baja Rick's Cantina (5 dishes) - only 5 dishes - likely a partial capture
