  Korean Kitchen Tofu & Galbi — 156 dishes
  Seniore's Pizza — 99 dishes
  Mission + Garnet Food Hall — 31 dishes
  Matisse Bistro — 87 dishes
  The Greenspot Salad Company — 48 dishes
  The Spot taco shop — 101 dishes
  Brown Cup Cafe & Lounge — 72 dishes
  Saffron Pizza Kitchen — 48 dishes
  Double Standard — 64 dishes
  Diego’s Street Tacos — 32 dishes
  Taco Club — 89 dishes
  The Jetty — 173 dishes
  The Kitchen at Torrey Heights — 44 dishes
  Café Alessie — 8 dishes
  Charoen Krung Thai Cuisine — 158 dishes
  Luigi's New York Giant Pizza — 71 dishes
  LA MALQUERIDA BY DOLCHE — 294 dishes
  The Sizzling Pizza — 86 dishes
  The Grove at Governor Pointe — 105 dishes
  Morena Provisions — 206 dishes
  Silverlake Ramen Fashion Valley — 58 dishes
  Falafel Heights — 37 dishes

Loaded 22 menus (2067 dishes).
Coverage: 6806/14199 restaurants have a menu.
