  Korean Kitchen Tofu & Galbi — 156 dishes
  Seniore's Pizza — 99 dishes
  Mission + Garnet Food Hall — 31 dishes
  Matisse Bistro — 87 dishes
  The Greenspot Salad Company — 48 dishes
  ChickenHeadz — 15 dishes
  FurnSaj Bakery & Restaurant — 25 dishes
  The Spot taco shop — 101 dishes
  Brown Cup Cafe & Lounge — 72 dishes
  Saffron Pizza Kitchen — 48 dishes
  Green Fork — 11 dishes
  Double Standard — 64 dishes
  Diego’s Street Tacos — 32 dishes
  Taco Club — 89 dishes
  The Jetty — 173 dishes
  The Kitchen at Torrey Heights — 44 dishes
  Café Alessie — 8 dishes
  Charoen Krung Thai Cuisine — 158 dishes
  Luigi's New York Giant Pizza — 71 dishes
  Better Blendz — 24 dishes
  Eat Crispy Burger Oceanside — 14 dishes
  BRGR SHACK — 20 dishes
  LA MALQUERIDA BY DOLCHE — 294 dishes
  The Sizzling Pizza — 86 dishes
  The Grove at Governor Pointe — 105 dishes
  Morena Provisions — 206 dishes
  Oh My Pho! — 25 dishes
  Silverlake Ramen Fashion Valley — 58 dishes
  Falafel Heights — 37 dishes

Loaded 29 menus (2201 dishes).
Coverage: 4957/8564 restaurants have a menu.
