no DATABASE_URL - brand-twin check falls back to the hand-written allowlist

unpriced dishes dropped (kept the rest of each menu):
  Thai Thai Oceanside Restaurant: dropped 19 unpriced
  Señor Taquero: dropped 6 unpriced
  Mi Asador Mexican & Seafood Restaurant: dropped 6 unpriced
  Burgeon Beer Company: dropped 4 unpriced
  Thai2You Restaurant: dropped 19 unpriced
  El Cajon taco shop: dropped 6 unpriced
  Staxx Burger House: dropped 1 unpriced
clean:      204 entries (204 with menus, 0 confirmed not-found), 11799 dishes
quarantine: 47 entries, 930 dishes withheld

  Donut Star (40 dishes) - untrusted aggregator (menutoeat.com)
  Randy's Donuts (5 dishes) - only 5 dishes - likely a partial capture
  Taste of Thai (5 dishes) - only 5 dishes - likely a partial capture
  Fuego Mediterranean Grill (40 dishes) - brand-twin domain (www.fuegomediterraneangrill.online)
  Peterson's Donut Corner (43 dishes) - untrusted aggregator (menutoeat.com)
  Grandma Tofu & BBQ (25 dishes) - every section is a carousel (Featured Items) - that is the marketplace front page, not a menu; the catalog was never opened (order.online)
  Tiajuana Food Court (5 dishes) - brand-twin domain (tiajuanafoodcourt.shop)
  Up2You Cafe (6 dishes) - only 6 dishes - likely a partial capture
  Baci Restaurant | Italian (42 dishes) - held by id - see QUARANTINE_IDS
  Camp Coffee Company (5 dishes) - only 5 dishes - likely a partial capture
  Bottlecraft Little Italy (19 dishes) - held by id - see QUARANTINE_IDS
  Sandwich Emporium (5 dishes) - only 5 dishes - likely a partial capture
  Boards N' Beans (192 dishes) - brand-twin domain (boardsnbeans.shop)
  Burgeon Beer Company (4 dishes) - only 4 dishes - likely a partial capture
  Karami Ramen (41 dishes) - held by id - see QUARANTINE_IDS
  Glazed Coffee & Creamery (7 dishes) - only 7 dishes - likely a partial capture
  Garden Coffee (6 dishes) - only 6 dishes - likely a partial capture
  Sue's Korean Kitchen (5 dishes) - only 5 dishes - likely a partial capture
  Dreamwave Coffee (5 dishes) - only 5 dishes - likely a partial capture
  The Deli Stop (5 dishes) - only 5 dishes - likely a partial capture
  La Fresita Y Mas (6 dishes) - every section is a carousel (Featured Items) - that is the marketplace front page, not a menu; the catalog was never opened (order.online)
  Chiim Thai (31 dishes) - untrusted aggregator (menutoeat.com)
  Mama Made Thai (5 dishes) - only 5 dishes - likely a partial capture
  Mi Amigo Mexican Food & Sea (5 dishes) - only 5 dishes - likely a partial capture
  Pho Ever Carlsbad (6 dishes) - only 6 dishes - likely a partial capture
  Jamul Meat Market (94 dishes) - brand-twin domain (www.jamulmeatmarket.online)
  Merenda (7 dishes) - only 7 dishes - likely a partial capture
  Fiesta Mexican Grille (6 dishes) - only 6 dishes - likely a partial capture
  Cha Cha Tea Spot (6 dishes) - only 6 dishes - likely a partial capture
  Torta Time (6 dishes) - only 6 dishes - likely a partial capture
  Inka'fe SD Coffee Shop (5 dishes) - every section is a carousel (Most popular) - that is the marketplace front page, not a menu; the catalog was never opened (www.inkafesd.com)
  The San Diego Taco Truck (48 dishes) - untrusted aggregator (menutoeat.com)
  El Cajon taco shop (4 dishes) - only 4 dishes - likely a partial capture
  Hong Kong Kitchen & Dimsum (38 dishes) - untrusted aggregator (menutoeat.com)
  Maria's Coffee Shop (66 dishes) - brand-twin domain (www.mariascoffeeshop.online)
  The Salty Cookie (6 dishes) - only 6 dishes - likely a partial capture
  Vie Café (22 dishes) - brand-twin domain (westgatehotel.menu)
  Coatl Coffee (6 dishes) - only 6 dishes - likely a partial capture
  Rock N’ Roost Rotisserie (7 dishes) - only 7 dishes - likely a partial capture
  Staxx Burger House (7 dishes) - only 7 dishes - likely a partial capture
  Jewel Box (7 dishes) - only 7 dishes - likely a partial capture
  little Estrella bakes (7 dishes) - only 7 dishes - likely a partial capture
  La Gordita (6 dishes) - only 6 dishes - likely a partial capture
  Veggyjess (6 dishes) - only 6 dishes - likely a partial capture
  Noodles (5 dishes) - only 5 dishes - likely a partial capture
  Sushi Heights (7 dishes) - only 7 dishes - likely a partial capture
  30Z Dive Club (Three Ounce) (6 dishes) - only 6 dishes - likely a partial capture
