queue 1365 with a website; routing 1365 at concurrency 4

[   1/1365] no-platform   -            FryYay
[   2/1365] no-platform   -            Mimi's Cafe
[   3/1365] needs-browser chownow      Brigantine Seafood
[   4/1365] wrong-branch  order.online El Pueblo Mexican Food - Carlsbad
[   5/1365] fetch-failed  -            Public Square Coffee House
[   6/1365] no-platform   -            VG Donut & Bakery
[   7/1365] screened-out  order.online Wood Ranch Mission Valley
[   8/1365] needs-browser Square Online storefront Wayfarer Bread & Pastry
[   9/1365] no-platform   -            Farmer & The Seahorse
[  10/1365] needs-browser order.online Tom's Famous Family Restaurant 24
[  11/1365] gated         toast        En Fuego Cantina & Grill
[  12/1365] no-platform   -            Los Reyes Mexican Restaurant & Cantina
[  13/1365] needs-browser toast        Golden Egg Omelet House
[  14/1365] needs-browser order.online TOM's Famous Family Restaurant 22
[  15/1365] needs-browser plain-html   Por Favor El Cajon
[  16/1365] no-platform   -            Loreto's Taco Shop
[  17/1365] fetch-failed  -            Gus's Subs & Pizza Place
[  18/1365] needs-browser chownow      Parakeet Cafe - Little Italy
[  19/1365] fetch-failed  -            Plazas Mexican Food
[  20/1365] needs-browser toast        MooTime Creamery
[  21/1365] needs-browser plain-html   Papas & Tacos Mexican Food
[  22/1365] needs-browser GloriaFood widget That Mexican Place
[  23/1365] no-platform   -            Todo Sushi
[  24/1365] no-platform   -            El Real Mexican Food
[  25/1365] screened-out  order.online Grandma Tofu & BBQ
[  26/1365] needs-browser slice        Pastalini
[  27/1365] needs-browser olo          Panini Kabob Grill - Mission Valley
[  28/1365] needs-browser toast        The Asian Bistro
[  29/1365] needs-browser toast        Lanna Thai Cuisine
[  30/1365] needs-browser Square Online storefront skybound coffee + dessert lounge
[  31/1365] no-platform   -            It's Raw Poke Shop
[  32/1365] no-platform   -            Antonio's Mexican Food
[  33/1365] needs-browser Square Online (own domain) Up2You Cafe
[  34/1365] needs-browser toast        Stake Chophouse & Bar
[  35/1365] no-platform   -            Red Fox Room and Steakhouse
[  36/1365] no-platform   -            Boudin SF
[  37/1365] needs-browser plain-html   Nick's Del Mar
[  38/1365] no-platform   -            Urban Crave
[  39/1365] fetch-failed  -            La Concha Bakery
[  40/1365] no-platform   -            Edelweiss Bakery
[  41/1365] needs-browser olo          Better Buzz Coffee Pacific Beach Grand
[  42/1365] no-platform   -            Lucy's Bakery
[  43/1365] no-platform   -            Urban Crave
[  44/1365] no-platform   -            Baci Restaurant | Italian
[  45/1365] needs-browser -            Beyer Deli
[  46/1365] needs-browser plain-html   Pancho's Mexican Restaurant
[  47/1365] needs-browser Square Online (own domain) Portal Coffee
[  48/1365] needs-browser toast        Nado Republic
[  49/1365] no-platform   -            Golden Donut
[  50/1365] fetch-failed  -            Mi Ranchito Taco Shop
[  51/1365] needs-browser order.online Robertito's Mexican Food
[  52/1365] needs-browser toast        Honey's Bistro & Bakery
[  53/1365] needs-browser MealKeyWay   Dumplings N More
[  54/1365] wrong-branch  chownow      Handel’s Homemade Ice Cream
[  55/1365] no-platform   -            Superbloom Coffee & Juice
[  56/1365] needs-browser toast        The Remy
[  57/1365] needs-browser Square Online (own domain) Barrio Donas
[  58/1365] needs-browser spothopper   Penelopes Mexican Food
[  59/1365] fetch-failed  -            Apple Alley Bakery
[  60/1365] fetch-failed  -            Bonchon Chicken
[  61/1365] no-platform   -            Frost Me Cafe and Bakery
[  62/1365] no-platform   -            The Cowshed
[  63/1365] needs-browser spothopper   Curry & More - Indian Bistro
[  64/1365] needs-browser toast        Clayton's Bakery & Bistro
[  65/1365] no-platform   -            Yingli Restaurant | Chula Vista
[  66/1365] needs-browser spothopper   3N1 Sports Bar & Grill
[  67/1365] no-platform   -            Pacific Beach Ice Cream Co.
[  68/1365] needs-browser chownow      Arizona Chinese Restaurant
[  69/1365] no-platform   -            Señor Taquero
[  70/1365] needs-browser order.online Scoops La Jolla
[  71/1365] fetch-failed  -            Leucadia Donut Shoppe
[  72/1365] too-few       netwaiter    Aiberto's Taco Shop
[  73/1365] no-platform   -            Camel's Bar and Grill
[  74/1365] no-platform   -            SOMISOMI
[  75/1365] wrong-branch  chownow      Handel's Homemade Ice Cream
[  76/1365] screened-out  clover       Royal Sweets
[  77/1365] no-platform   -            Sushi Factory
[  78/1365] wrong-branch  order.online Lourdes Mexican Food To Go
[  79/1365] needs-browser toast        Tabu Sushi Bar & Grill Santee
[  80/1365] no-platform   -            Big Front Door
[  81/1365] needs-browser Square Online storefront Bay Park Coffee
[  82/1365] no-platform   -            Emma's Mexican Food
[  83/1365] no-platform   -            Hidden Fish
[  84/1365] needs-browser spothopper   il Sogno Italiano
[  85/1365] no-platform   -            Rosarito's Mexican Food #1
[  86/1365] too-few       netwaiter    Mary Ettas Cafe
[  87/1365] needs-browser Square Online storefront Sandwich Emporium
[  88/1365] needs-browser order.online Gelato Paradiso
[  89/1365] no-platform   -            Hanna's Gourmet
[  90/1365] no-platform   -            Flora
[  91/1365] no-platform   -            The Art of Espresso
[  92/1365] no-platform   -            Angelito's Fruteria Y Neveria
[  93/1365] needs-browser slice        Italia Pizza
[  94/1365] needs-browser toast        Valentina
[  95/1365] screened-out  order.online Chicken Over Rice Co.
[  96/1365] no-platform   -            Honey Baked Ham
[  97/1365] no-platform   -            Lucy's Bakery
[  98/1365] screened-out  order.online Yogurt Heaven
[  99/1365] fetch-failed  -            El Charro Mexican Food
[ 100/1365] no-platform   -            Cafe Bella Drive Thru
[ 101/1365] needs-browser plain-html   @Spacebar Cafe
[ 102/1365] no-platform   -            Off The 8 Café
[ 103/1365] needs-browser olo          Randy's Donuts
[ 104/1365] screened-out  menufy       Ginza Sushi
[ 105/1365] fetch-failed  -            We Olive & Wine Bar
[ 106/1365] no-platform   -            Tropifruit Juice Bar
[ 107/1365] no-platform   -            Royal India Express
[ 108/1365] no-platform   -            Cow-A-Bunga Ice Cream & Coffee
[ 109/1365] needs-browser Square Online (own domain) Serrano's Mexican Food
[ 110/1365] needs-browser MealKeyWay   Surfing Crab Escondido
[ 111/1365] no-platform   -            Ike's Love & Sandwiches
[ 112/1365] fetch-failed  -            Thai Island@
[ 113/1365] no-platform   -            BKK THAI KITCHEN
[ 114/1365] needs-browser spothopper   Santos Coffee
[ 115/1365] fetch-failed  -            Palomino's Mexican & Seafood
[ 116/1365] no-platform   -            Tak Grill Fresh Mediterranean Food
[ 117/1365] needs-browser toast        Rosemonts Cafe
[ 118/1365] no-platform   -            Athens Market Taverna
[ 119/1365] screened-out  shopify      La Colombe Coffee Roasters
[ 120/1365] no-platform   -            Shozen BBQ
[ 121/1365] no-platform   -            Mexico Lindo Restaurant
[ 122/1365] needs-browser order.online San Diego Sandwich Co
[ 123/1365] needs-browser -            Marieta's Mexican Food
[ 124/1365] needs-browser HungerRush   Flippin' Pizza La Costa
[ 125/1365] no-platform   -            Eugenio Italian Ristorante & More
[ 126/1365] no-platform   -            PGA Tour Grill
[ 127/1365] no-platform   -            Wahoo's Fish Taco
[ 128/1365] no-platform   -            Cake de Partie
[ 129/1365] no-platform   -            Uncle Biffs California Killer Cookies
[ 130/1365] screened-out  own-jsonld   Hanna Garden
[ 131/1365] no-platform   -            Donuts Plus
[ 132/1365] no-platform   -            Valerio's 1979
[ 133/1365] no-platform   -            Silverlake Ramen
[ 134/1365] no-platform   -            La Mixteca
[ 135/1365] fetch-failed  -            Marlen's Taco Shop
[ 136/1365] no-platform   -            Pizza Mania
[ 137/1365] no-platform   -            Bravo Cafe
[ 138/1365] filed         shopify      Flor and Seed Coffee Roasters
[ 139/1365] no-platform   -            Karami Ramen
[ 140/1365] needs-browser Square Online storefront Crossroads Deli
[ 141/1365] needs-browser Square Online (own domain) Elixir Espresso & Wine Bar
[ 142/1365] no-platform   -            Ortiz Bakery & Restaurant
[ 143/1365] too-few       netwaiter    Opa Greek Restaurant & Grill
[ 144/1365] no-platform   -            Bistro du Marché by Tapenade
[ 145/1365] filed         toast        Olive Baking Company
[ 146/1365] no-platform   -            Imperial Express
[ 147/1365] no-platform   -            KD's Donuts
[ 148/1365] fetch-failed  -            Potato Corner
[ 149/1365] fetch-failed  -            Cielo Rooftop
[ 150/1365] no-platform   -            The Orient Thai
[ 151/1365] no-platform   -            Choice Juicery
[ 152/1365] no-platform   -            White Labs Brewing Co - San Diego
[ 153/1365] screened-out  slice        Lucca's Pizzeria and Market
[ 154/1365] no-platform   -            Kokoro Restaurant
[ 155/1365] no-platform   -            Kaffee Meister
[ 156/1365] no-platform   -            Taquería Los Ruiz
[ 157/1365] no-platform   -            The Leucadian
[ 158/1365] no-platform   -            Beach + Taco Shack
[ 159/1365] needs-browser toast        The Naked Cafe
[ 160/1365] needs-browser Square Online storefront Thyme for Lunch Cafe & Grill
[ 161/1365] filed         own-jsonld   Roberto’s Taco Shop - Pacific Beach
[ 162/1365] no-platform   -            ENO Market & Pizzeria
[ 163/1365] no-platform   -            Glazed Coffee & Creamery
[ 164/1365] needs-browser -            Phở Hòa Restaurant | Vietnamese
[ 165/1365] no-platform   -            Nothing Bundt Cakes
[ 166/1365] screened-out  menufy       IB Thai
[ 167/1365] no-platform   -            SoCal Sushi
[ 168/1365] needs-browser Square Online storefront Mesa Agricola
[ 169/1365] no-platform   -            Ko-Li Bar
[ 170/1365] needs-browser Square Online (own domain) Industrial Grind Coffee
[ 171/1365] screened-out  shopify      James Coffee Co
[ 172/1365] needs-browser chownow      Pho Hiep & Grill
[ 173/1365] no-platform   -            Kaito Sushi
[ 174/1365] fetch-failed  -            Donut Factory
[ 175/1365] screened-out  shopify      Seven Seas Roasting Company
[ 176/1365] no-platform   -            The Grounds Bean Bar
[ 177/1365] no-platform   -            YuJing Chinese Restaurant
[ 178/1365] no-platform   -            Tea Pavilion
[ 179/1365] needs-browser -            Banh Mi Blvd
[ 180/1365] no-platform   -            La Moreliana
[ 181/1365] needs-browser Square Online (own domain) Dot Cafe
[ 182/1365] needs-browser order.online BB's Deli
[ 183/1365] fetch-failed  -            Valentinas Taco Shop
[ 184/1365] no-platform   -            Blue Pepper Asian Cuisine
[ 185/1365] fetch-failed  -            Memo's Golden Bagel
[ 186/1365] needs-browser order.online Le Macaron French Pastries
[ 187/1365] needs-browser -            Seaview Restaurant
[ 188/1365] fetch-failed  -            Tony's Pizza
[ 189/1365] fetch-failed  -            The Reunion
[ 190/1365] no-platform   -            FroYo Love
[ 191/1365] fetch-failed  -            Chopsticks Chinese Cuisine
[ 192/1365] no-platform   -            Dark Horse Coffee Roasters
[ 193/1365] fetch-failed  -            White Rice
[ 194/1365] fetch-failed  -            Eat Your Heart Out II
[ 195/1365] no-platform   -            Robek's Smoothies
[ 196/1365] no-platform   -            Tea Monks
[ 197/1365] needs-browser MealKeyWay   Iron Wok
[ 198/1365] no-platform   -            VanMan's Kitchen
[ 199/1365] no-platform   -            OMOMO Tea Shoppe
[ 200/1365] no-platform   -            Bar Kamon
[ 201/1365] needs-browser SpotOn       Kalei's Kitchenette
[ 202/1365] needs-browser toast        Lime in the Coconut
[ 203/1365] no-platform   -            Big Apple Bagels
[ 204/1365] no-platform   -            Park Blvd Express | Chinese
[ 205/1365] filed         toast        Baja Rick's Cantina
[ 206/1365] no-platform   -            San Diego Blenders
[ 207/1365] no-platform   -            Air Conditioned Lounge
[ 208/1365] no-platform   -            Pop Pie Co.
[ 209/1365] no-platform   -            Joses Taco Shop
[ 210/1365] needs-browser slice        Rock On Pizza
[ 211/1365] needs-browser toast        Aaharn Thai @ University City
[ 212/1365] no-platform   -            Victor's Kafe - Poway
[ 213/1365] filed         own-jsonld   Goldilocks National City
[ 214/1365] no-platform   -            Purple Owl Cafe
[ 215/1365] no-platform   -            Nanay's Best BBQ
[ 216/1365] needs-browser Square Online storefront Sue's Korean Kitchen
[ 217/1365] wrong-branch  toast        Cross Street Chicken and Beer
[ 218/1365] fetch-failed  -            Iron Pan Thai Kitchen
[ 219/1365] no-platform   -            Leucadia Pizzeria Shadowridge
[ 220/1365] no-platform   -            Mike's New York Giant Pizza
[ 221/1365] fetch-failed  -            Al Teatro Panini Grill
[ 222/1365] no-platform   -            Bistro Pazzo
[ 223/1365] no-platform   -            EL TORO GRILL TAQUERIA
[ 224/1365] fetch-failed  -            Idego Coffee Roasters
[ 225/1365] no-platform   -            Black Radish
[ 226/1365] no-platform   -            Side Bar
[ 227/1365] no-platform   -            Clem’s Station - Clem’s Coffee Co.
[ 228/1365] no-platform   -            Little Ceasar's
[ 229/1365] no-platform   -            Pear's Thai Cuisine
[ 230/1365] no-platform   -            Explorers Café
[ 231/1365] gated         toast        Gravity Heights Mission Valley
[ 232/1365] no-platform   -            Mikiya Wagyu Shabu House
[ 233/1365] fetch-failed  -            Rosarito's Mexican Food #2
[ 234/1365] no-platform   -            Criscito Pizza
[ 235/1365] needs-browser Square Online storefront Tacoman
[ 236/1365] fetch-failed  -            Ozone Billiard Cafe
[ 237/1365] needs-browser toast        Blue Palm Mission Beach
[ 238/1365] filed         order.online GK Grill
[ 239/1365] fetch-failed  -            Erickbertos Mexican Food
[ 240/1365] no-platform   -            Ipo BBQ
[ 241/1365] too-few       netwaiter    Nolberto's Taco Shop
[ 242/1365] no-platform   -            Storyhouse Spirits
[ 243/1365] no-platform   -            Los Amigos Mexican Food
[ 244/1365] filed         own-jsonld   Franca's Italian Kitchen & Bar
[ 245/1365] no-platform   -            Surfdog's Java Hot
[ 246/1365] too-few       spothopper   Bound Coffee Co.
[ 247/1365] wrong-branch  clover       VaniTea Café
[ 248/1365] no-platform   -            The Luau
[ 249/1365] no-platform   -            Red Ribbon Bakeshop
[ 250/1365] fetch-failed  -            Thai Fresh
[ 251/1365] no-platform   -            Hino
[ 252/1365] no-platform   -            Hot Tasty Pizza
[ 253/1365] no-platform   -            Coral Tree Tea House
[ 254/1365] no-platform   -            Golden Spoon Yogurt
[ 255/1365] fetch-failed  -            P B Pub
[ 256/1365] fetch-failed  -            Prince Hookah Cafe
[ 257/1365] no-platform   -            World Famous I Bar
[ 258/1365] no-platform   -            Red Ribbon Bakeshop
[ 259/1365] no-platform   -            Sushi MARU
[ 260/1365] needs-browser Square Online storefront Fan-Fan
[ 261/1365] no-platform   -            SOT BBQ
[ 262/1365] no-platform   -            Thai Style
[ 263/1365] no-platform   -            Mother's Kitchen
[ 264/1365] filed         order.online Teriyaki House
[ 265/1365] no-platform   -            Marlene's Tea & Cakes
[ 266/1365] no-platform   -            Brown Bag Deli
[ 267/1365] needs-browser toast        Mr. Charlie's
[ 268/1365] fetch-failed  -            Gotcha
[ 269/1365] needs-browser toast        BenGong's Tea
[ 270/1365] no-platform   -            Aztec Food Hub
[ 271/1365] no-platform   -            Corner Cafe | Chinese
[ 272/1365] no-platform   -            The Halal Shack
[ 273/1365] no-platform   -            Tony’s Newport Cafe
[ 274/1365] no-platform   -            Crispy Chicken n' Tomato
[ 275/1365] no-platform   -            Quantum Brewing
[ 276/1365] needs-browser plain-html   Donut Stop
[ 277/1365] no-platform   -            Zhang Liang Malatang
[ 278/1365] no-platform   -            The Burrito Factory
[ 279/1365] no-platform   -            Taco Time Food Truck
[ 280/1365] fetch-failed  -            Stagecoach Inn
[ 281/1365] no-platform   -            Gong Cha
[ 282/1365] wrong-branch  toast        Mexican Bar
[ 283/1365] no-platform   -            The Elegant Truffle
[ 284/1365] no-platform   -            Kona Coffee
[ 285/1365] no-platform   -            The Mental Bar- Coffee, Tea & Wellness
[ 286/1365] needs-browser SpotOn       D Wings & Ribs
[ 287/1365] needs-browser -            Panorama Bar & Grill
[ 288/1365] no-platform   -            Ding Tea SDSU
[ 289/1365] needs-browser toast        Pit Stop Pizza
[ 290/1365] no-platform   -            Millport
[ 291/1365] no-platform   -            Cake Korner
[ 292/1365] no-platform   -            La Perlita Mexican Food
[ 293/1365] no-platform   -            Nothing Bundt Cakes
[ 294/1365] no-platform   -            Seahorse Coffee
[ 295/1365] wrong-branch  toast        Blue Ocean Sushi
[ 296/1365] no-platform   -            The Pool House
[ 297/1365] no-platform   -            64 Degrees
[ 298/1365] no-platform   -            Marketplace Cafe at Nordstrom
[ 299/1365] no-platform   -            The Deli Stop
[ 300/1365] wrong-branch  toast        Matoi
[ 301/1365] needs-browser Square Online storefront Cargo Cafe
[ 302/1365] wrong-branch  toast        The Crack Shack - Pacific Beach
[ 303/1365] no-platform   -            D'Sotos Mexican Food
[ 304/1365] no-platform   -            Parkys
[ 305/1365] no-platform   -            Chin's Gourmet
[ 306/1365] filed         own-jsonld   Sankalp: The Taste of India
[ 307/1365] fetch-failed  -            Topside Terrace Kitchen & Bar
[ 308/1365] no-platform   -            Shanghai Cuisine
[ 309/1365] no-platform   -            Sura BBQ & SHABU
[ 310/1365] needs-browser Square Online (own domain) Elixir Espresso Bar
[ 311/1365] needs-browser Square Online storefront Sul & Beans
[ 312/1365] needs-browser chownow      Gor Gai Thai Eatery
[ 313/1365] needs-browser toast        Bonehead Burger Co.
[ 314/1365] needs-browser MealKeyWay   Zhengxin Chicken Steak
[ 315/1365] fetch-failed  -            Pho Olala
[ 316/1365] no-platform   -            The Well Cafe
[ 317/1365] needs-browser Square Online storefront ZzanG Hotdog & Chicken
[ 318/1365] no-platform   -            The Lean Machine Meal Prep
[ 319/1365] needs-browser -            Hancock Street Cafe
[ 320/1365] no-platform   -            China Express
[ 321/1365] fetch-failed  -            Roots Bowls
[ 322/1365] no-platform   -            The Surf Club Oceanside
[ 323/1365] no-platform   -            The Peruvian Spot
[ 324/1365] no-platform   -            Thiên Hương Bánh Cuốn Vietnamese Cuisine
[ 325/1365] needs-browser olo          Sweetfin
[ 326/1365] no-platform   -            Teaspoon
[ 327/1365] screened-out  clover       Hooked On Pokè
[ 328/1365] no-platform   -            Channel 2 Sports Bar
[ 329/1365] needs-browser order.online Daniel's Taco Shop
[ 330/1365] no-platform   -            Curry Up Now
[ 331/1365] fetch-failed  -            Rosaria's Pizza 4
[ 332/1365] no-platform   -            Thai Society Restaurant
[ 333/1365] needs-browser SpotOn       Hot or Not Thai
[ 334/1365] no-platform   -            Chen Golden Palace
[ 335/1365] fetch-failed  -            Sadaf Restaurant
[ 336/1365] fetch-failed  -            Deano's Pub
[ 337/1365] needs-browser -            Bistro Kaz
[ 338/1365] needs-browser MealKeyWay   Szechuan Chef Chinese Cuisine
[ 339/1365] needs-browser order.online DaYung's Tea
[ 340/1365] needs-browser HungerRush   Flippin Pizza Encinitas
[ 341/1365] fetch-failed  -            Le Rendez-Vous French Bakery
[ 342/1365] fetch-failed  -            Instant Replay
[ 343/1365] no-platform   -            Craft Café at Mingei
[ 344/1365] screened-out  menufy       Kotija, Jr.
[ 345/1365] no-platform   -            La Central
[ 346/1365] fetch-failed  -            Ace New York Giant Pizza Bar & Lounge
[ 347/1365] needs-browser Square Online storefront Invita Cafe
[ 348/1365] fetch-failed  -            Tulum Seafood
[ 349/1365] no-platform   -            Abnormal Beer Co
[ 350/1365] fetch-failed  -            Kearny Mesa Brothers Mexican Restaurant
[ 351/1365] fetch-failed  -            Long Story Irish Pub
[ 352/1365] no-platform   -            Vitality Bowls
[ 353/1365] fetch-failed  -            Panda's Tortas and Frutas locas
[ 354/1365] wrong-branch  order.online Submarina
[ 355/1365] no-platform   -            Mike Hess Brewing Tasting Room
[ 356/1365] no-platform   -            It's A Piece A Cake
[ 357/1365] no-platform   -            Musashiya
[ 358/1365] no-platform   -            San Diego Eagle
[ 359/1365] no-platform   -            The Brass Rail
[ 360/1365] no-platform   -            Giant Pizza King #6
[ 361/1365] no-platform   -            City Dragon
[ 362/1365] no-platform   -            El Cubano
[ 363/1365] too-few       netwaiter    Goyo's Bakery
[ 364/1365] no-platform   -            Sidny's Bagels & Deli
[ 365/1365] no-platform   -            Pop Pie Co. Pacific Beach
[ 366/1365] no-platform   -            Donutopolis
[ 367/1365] no-platform   -            CAFE 160
[ 368/1365] needs-browser toast        Upper East
[ 369/1365] no-platform   -            Capital One Cafe
[ 370/1365] no-platform   -            Okavango Outpost
[ 371/1365] no-platform   -            Pizza at the Ranch
[ 372/1365] wrong-branch  toast        Cafe 86
[ 373/1365] no-platform   -            Bale French Sandwiches
[ 374/1365] no-platform   -            Nancys Taco Shop
[ 375/1365] fetch-failed  -            Kinchana
[ 376/1365] fetch-failed  -            Kaki Sushi
[ 377/1365] needs-browser order.online Taste of Thai
[ 378/1365] fetch-failed  -            Spoon House
[ 379/1365] no-platform   -            Marketplace Grille
[ 380/1365] fetch-failed  -            Mosa Tea
[ 381/1365] needs-browser order.online Elsa's Kitchen
[ 382/1365] no-platform   -            African Spices
[ 383/1365] no-platform   -            Babcock & Story Bar
[ 384/1365] screened-out  toast        Agave Taco Shop
[ 385/1365] no-platform   -            Hoffer's Cigar Bar
[ 386/1365] wrong-branch  own-jsonld   Abierto's Mexican Food
[ 387/1365] no-platform   -            Spoon Thai
[ 388/1365] no-platform   -            Gloria's Taco Shop
[ 389/1365] needs-browser Square Online storefront Mad Munch Grilled Cheezer Co.
[ 390/1365] no-platform   -            Kearny Mesa Deli
[ 391/1365] screened-out  slice        Mike's Giant New York Pizza
[ 392/1365] wrong-branch  toast        Achilles Coffee Roasters
[ 393/1365] no-platform   -            Dine with Orcas
[ 394/1365] needs-browser plain-html   JNC Pinoy Foodmart
[ 395/1365] no-platform   -            Julian Tea & Cottage Arts
[ 396/1365] no-platform   -            Lucky Doughnut
[ 397/1365] no-platform   -            Dora
[ 398/1365] screened-out  order.online Frida's Taqueria
[ 399/1365] no-platform   -            Bopomofo Cafe
[ 400/1365] no-platform   -            Nobu
[ 401/1365] needs-browser -            Thai Ladle
[ 402/1365] no-platform   -            Novecientos Grados by Tony Hawk
