clean:      2 entries (2 with menus, 0 confirmed not-found), 148 dishes
quarantine: 18 entries, 68 dishes withheld

  Smittys Downtown (0 dishes) - blocked, not absent: site is Squarespace bar page (karaoke/pool, cash-only, 21+); /welcome menu path 404s; no food menu found, homepage never mentions food service
  Manzanita Roasting Co (0 dishes) - blocked, not absent: Shopify site lists only Escondido, Rancho Bernardo and Ramona(coming soon) locations/menus; no Poway page or address found to confirm this is the 13330 Paseo Del Verano Norte branch; Rancho Bernardo menu page itself is only a single coffee-menu PNG not yet transcribed
  Godfather's Diner (0 dishes) - blocked, not absent: no website on file; only lead is a Facebook profile URL returning HTTP 400; DuckDuckGo search bot-walled (202/anomaly page) within budget
  Tom's Chinese BBQ (0 dishes) - blocked, not absent: listed website toms-chinese-bbq.poi.place redirects to edan.io (barred farm domain); NetWaiter ordering channel genuinely empty ({"Groups":[],"ExternalType":null}); no marketplace listing found within budget
  La Nacional (0 dishes) - blocked, not absent: listed website la-nacional.weeblyte.com (barred farm domain) unreachable; a Toast page for a same-named 'La Nacional' is 239 W 14 St, New York NY — wrong city, not this restaurant's 279 3rd Avenue location; no correct-branch source found within budget
  Urban Bubble (0 dishes) - blocked, not absent: needs-browser: Wix (Thunderbolt) site, client-rendered; /menu path returns Wix 404 in static fetch; no price data in raw HTML
  Pizzabilities - Alpine (0 dishes) - blocked, not absent: needs-browser: Toast ordering confirmed matching location (whiteLabelName 'Pizzabilities 2710 Alpine Blvd Suite M') but __OO_STATE__ menuGroups/menuItems arrays are empty (metadata-only) and rendered static HTML is just a location-picker shell; no item data captured
  Hyderabad Cafe (0 dishes) - blocked, not absent: needs-browser: Clover COLO2 storefront (found via redirect API) confirms this location's address (9494 Black Mountain Road) but is a Next.js client-rendered app with no price data in static HTML
  Juice Stop Encinitas (68 dishes) - markup or platform fee: 50/68 prices divide by 1.08 onto round dollars (www.doordash.com)
  Roma's Pizza (0 dishes) - blocked, not absent: NetWaiter GetMenu endpoint returns the genuinely-empty signature ({"Groups":[],"ExternalType":null}) — this ordering channel has no menu data; own domain otherwise ENOTFOUND per worklist router; no marketplace listing found within budget
  Deano's Pub East (0 dishes) - blocked, not absent: cached homepage (deanospub.com) confirms name and links to /m/orders (Toast) but the live domain itself is unreachable (curl HTTP 000 / worklist ENOTFOUND) — cannot reach the Toast ordering page at all; no marketplace listing found within budget
  Jack's Donuts (0 dishes) - blocked, not absent: two distinct DoorDash listings found (business ids jack's-donuts-57855 and jacks-donuts-789769, a multi-state chain) but neither page's cached HTML contains 'Chula Vista' or 'Broadway' anywhere — could not confirm either listing is the worklist's 1355 Broadway A, Chula Vista branch; filing either would risk a wrong-branch chain mismatch, so blocked instead
  Angela's Eccentric Kitchen (0 dishes) - blocked, not absent: needs-browser: Wix (Thunderbolt) site, client-rendered (siteassets.parastorage.com bundles); dedicated /menu page returns 404; homepage mentions 'menu'/'cake' repeatedly (custom-cake bakery) but carries no price data in raw HTML
  Agave Bar and Grill (0 dishes) - blocked, not absent: first-party PDF menu located (references Marriott Marquis San Diego Marina, 333 W Harbor Drive — matches worklist address) and confirms this is a real restaurant with dish names (Kids Menu cheeseburger/quesadilla/grilled cheese/tenders; Quesadillas cheese/chicken/shrimp/carne asada/portobello; Dole soft-serve flavors) but PDF text-extraction carries zero prices anywhere in the document — dish names without prices, blocked per rule (not not_found)
  Calico's (0 dishes) - blocked, not absent: no first-party website on file; only lead is a zmenu (tier-5 aggregator) page which is itself Cloudflare-walled ("Just a moment") — even if reachable, a single tier-5 aggregator alone is never a valid source; no other listing found within budget
  El Mundo De Mariscos Mexican Food (0 dishes) - blocked, not absent: DoorDash and MenuPages captures both Cloudflare-walled ("Just a moment"); Uber Eats capture's title is a San Diego listing (city mismatch vs. worklist's Oceanside CA 92054, likely a different branch or generic city rollup); the only city-confirmed, readable capture is allmenus (tier-5 aggregator, title 'Oceanside CA 92054') which cannot stand alone as a source; no corroborating first-party or non-tier-5 source found within budget
  Kind Coffee (0 dishes) - blocked, not absent: needs-browser: homepage is a client-rendered SPA shell (webpack-style _assets/*.js and *.ltr.css bundles, no server-rendered content) titled only 'Home'; zero price matches in raw HTML; no other page or marketplace listing found within budget
  Picasso's Naturals (0 dishes) - blocked, not absent: cached homepage title 'Picasso Naturals' matches the worklist restaurant (minor apostrophe/possessive difference only) but carries zero price matches in raw HTML; no menu subpage or marketplace listing found within budget
