[07:09] night-run starting
[07:09] iter 1: router --no-cache
[07:23] === resume after shutdown ===
[07:24] tm-05: Loaded 7 menus (627 dishes). Coverage: 4724/8564 restaurants have a menu. 
[07:25] tm-06: Loaded 9 menus (484 dishes), 1 recorded as not found. Coverage: 4727/8564 restaurants have a menu. 
[07:25] tk2-01: Loaded 5 menus (241 dishes), 1 recorded as not found. Coverage: 4732/8564 restaurants have a menu. 
[07:25] tk2-04: Loaded 1 menus (25 dishes). Coverage: 4733/8564 restaurants have a menu. 
[07:25] iter 1: router --no-cache
[07:47] tk2-02: Loaded 7 menus (317 dishes), 2 recorded as not found. Coverage: 4740/8564 restaurants have a menu. 
[07:48] tk2-05: Loaded 6 menus (289 dishes), 1 recorded as not found. Coverage: 4744/8564 restaurants have a menu. 
[07:49] tk2-07: Loaded 6 menus (380 dishes), 3 recorded as not found. Coverage: 4750/8564 restaurants have a menu. 
[00:56] tk2-06: Loaded 9 menus (876 dishes). Coverage: 4775/8564 restaurants have a menu. 
[00:56] tk2-08: Loaded 5 menus (326 dishes), 1 recorded as not found. Coverage: 4784/8564 restaurants have a menu. 
[00:58] tk2-03: Loaded 9 menus (874 dishes). Coverage: 4800/8564 restaurants have a menu. 
[07:58] r0904-0725-router: Loaded 33 menus (3293 dishes). Coverage: 4806/8564 restaurants have a menu. 
[07:58] iter 1: browser from router-20260904-072552.notes.json
[01:11] w1-02: 
[01:13] w1-02 reload after 6218 name fix
[09:23] r0904-0725-browser: 
[09:23] iter 1: Node.js v24.18.1
[09:33] iter 2: router --no-cache
[09:51] r0904-0933-router: 
[09:51] iter 2: browser from router-20260904-093341.notes.json
[09:51] r0904-0933-browser: 
[09:51] iter 2: Node.js v24.18.1
[10:01] iter 3: router --no-cache
[10:21] r0904-1001-router: Loaded 4 menus (429 dishes). Coverage: 4821/8564 restaurants have a menu. 
[10:21] iter 3: browser from router-20260904-100141.notes.json
[10:52] r0904-1001-browser: Loaded 11 menus (1185 dishes). Coverage: 4832/8564 restaurants have a menu. 
[10:52] iter 3: wrote 6 batches of 20 as menus/wip/n1052-NN.json (120 restaurants)
[11:02] iter 4: router --no-cache
[11:14] r0904-1102-router: 
[11:14] iter 4: browser from router-20260904-110245.notes.json
[11:14] r0904-1102-browser: 
[11:14] iter 4: Node.js v24.18.1
[11:24] iter 5: router --no-cache
[11:30] r0904-1124-router: 
[11:30] iter 5: browser from router-20260904-112437.notes.json
[11:30] r0904-1124-browser: 
[11:30] iter 5: Node.js v24.18.1
[11:40] iter 6: router --no-cache
[04:52] w1-01: Loaded 4 menus (166 dishes). Coverage: 4836/8564 restaurants have a menu. 
[04:52] w1-03: 1 problem(s) — nothing written: 
[04:54] w1-04: Loaded 13 menus (1133 dishes). Coverage: 4849/8564 restaurants have a menu. 
[04:54] w1-05: Loaded 6 menus (341 dishes). Coverage: 4855/8564 restaurants have a menu. 
[04:55] w1-06: Loaded 7 menus (503 dishes), 2 recorded as not found. Coverage: 4862/8564 restaurants have a menu. 
[04:55] w1-07: Loaded 3 menus (161 dishes). Coverage: 4865/8564 restaurants have a menu. 
[04:55] cutting w2 batches
[04:55] w2 cut: 8 batches
[04:57] w1-03 reload after name align
[12:07] r0904-1140-router: Loaded 10 menus (1056 dishes). Coverage: 4882/8564 restaurants have a menu. 
[12:07] iter 6: browser from router-20260904-114006.notes.json
[05:10] w1-09: Loaded 3 menus (175 dishes). Coverage: 4885/8564 restaurants have a menu. 
[05:16] w2-01: Loaded 8 menus (456 dishes). Coverage: 4893/8564 restaurants have a menu. 
[05:20] w2-02: Loaded 6 menus (550 dishes), 1 recorded as not found. Coverage: 4899/8564 restaurants have a menu. 
[05:30] w1-10: Loaded 7 menus (534 dishes), 2 recorded as not found. Coverage: 4906/8564 restaurants have a menu. 
[05:36] w2-05: Loaded 3 menus (175 dishes), 11 recorded as not found. Coverage: 4909/8564 restaurants have a menu. 
[05:38] w3 cut: 8 batches
[12:45] r0904-1140-browser: 
[12:45] iter 6: Node.js v24.18.1
[05:49] r0904-1140-browser: recovered load after transient Neon outage: Loaded 9 menus (710 dishes). Coverage: 4918/8564 restaurants have a menu. 
[05:51] w2-03: Loaded 4 menus (349 dishes), 4 recorded as not found. Coverage: 4934/8564 restaurants have a menu. 
[05:53] browser-recover (unloaded browser passes): Loaded 29 menus (2201 dishes). Coverage: 4951/8564 restaurants have a menu. 
[12:54] === resume after shutdown ===
[12:55] iter 7: router --no-cache
[05:55] w2-04: Loaded 6 menus (353 dishes), 2 recorded as not found. Coverage: 4957/8564 restaurants have a menu. 
[12:55] tm-05: Loaded 7 menus (627 dishes). Coverage: 4957/8564 restaurants have a menu. 
[12:56] tm-06: Loaded 9 menus (484 dishes), 1 recorded as not found. Coverage: 4957/8564 restaurants have a menu. 
[12:56] tk2-01: Loaded 5 menus (241 dishes), 1 recorded as not found. Coverage: 4957/8564 restaurants have a menu. 
[12:56] tk2-04: Loaded 1 menus (25 dishes). Coverage: 4957/8564 restaurants have a menu. 
[12:56] iter 1: router --no-cache
[05:57] brec: Loaded 29 menus (2201 dishes). Coverage: 4957/8564 restaurants have a menu. 
[13:06] r0904-1255-router: Loaded 0 menus (0 dishes). Coverage: 4961/8564 restaurants have a menu. 
[13:06] iter 7: browser from router-20260904-125658.notes.json
[06:06] w2-07: Loaded 4 menus (352 dishes), 2 recorded as not found. Coverage: 4961/8564 restaurants have a menu. 
[06:19] w3-02: Loaded 3 menus (600 dishes). Coverage: 4964/8564 restaurants have a menu. 
[06:20] w3-01 (3 downgraded to blocked): Loaded 4 menus (261 dishes), 3 recorded as not found. Coverage: 4968/8564 restaurants have a menu. 
[06:21] agent-browser pass rc=0
[06:21] agbr (menus/wip/browser-20260904-131900.json): Loaded 1 menus (40 dishes). Coverage: 4969/8564 restaurants have a menu. 
[13:25] r0904-1256-router: Loaded 6 menus (494 dishes). Coverage: 4975/8564 restaurants have a menu. 
[13:25] iter 1: browser from router-20260904-125658.notes.json
[13:29] r0904-1255-browser: Loaded 0 menus (0 dishes). Coverage: 4976/8564 restaurants have a menu. 
[13:29] iter 7: wrote 6 batches of 20 as menus/wip/n1329-NN.json (120 restaurants)
[06:30] w3-03 (5954 withdrawn): Loaded 2 menus (225 dishes), 2 recorded as not found. Coverage: 4977/8564 restaurants have a menu. 
[06:32] w3-04: Loaded 6 menus (525 dishes), 4 recorded as not found. Coverage: 4983/8564 restaurants have a menu. 
[06:38] w3-05: Loaded 5 menus (306 dishes), 6 recorded as not found. Coverage: 4988/8564 restaurants have a menu. 
[13:39] iter 8: router --no-cache
[13:40] r0904-1339-router: 
[13:40] iter 8: browser from router-20260904-125658.notes.json
[13:40] r0904-1339-browser: 
[13:40] iter 8: Node.js v24.18.1
[06:50] w3-06 (3445 withdrawn): Loaded 3 menus (412 dishes), 1 recorded as not found. Coverage: 4991/8564 restaurants have a menu. 
[13:50] iter 9: router --no-cache
[06:57] w3-07: Loaded 2 menus (228 dishes), 9 recorded as not found. Coverage: 4993/8564 restaurants have a menu. 
[06:57] w3-08: Loaded 4 menus (281 dishes), 12 recorded as not found. Coverage: 4997/8564 restaurants have a menu. 
[13:58] r0904-1256-browser: Loaded 0 menus (0 dishes). Coverage: 4997/8564 restaurants have a menu. 
[13:58] iter 1: wrote 6 batches of 20 as menus/wip/n1358-NN.json (120 restaurants)
[07:01] n1329-01 (4371 withdrawn): 1 problem(s) — nothing written: Loaded 3 menus (178 dishes). Coverage: 5000/8564 restaurants have a menu. 
[14:03] r0904-1350-router: Loaded 0 menus (0 dishes). Coverage: 5000/8564 restaurants have a menu. 
[14:03] iter 9: browser from router-20260904-135037.notes.json
[07:05] n1329-05 (4 medium retirements withheld): Loaded 0 menus (0 dishes), 3 recorded as not found. Coverage: 5000/8564 restaurants have a menu. 
[07:08] n1329-02 (4703 withdrawn): Loaded 4 menus (279 dishes). Coverage: 5004/8564 restaurants have a menu. 
[14:08] iter 2: router --no-cache
[14:21] r0904-1408-router: Loaded 0 menus (0 dishes). Coverage: 5004/8564 restaurants have a menu. 
[14:21] iter 2: browser from router-20260904-140845.notes.json
[14:53] r0904-1350-browser: Loaded 7 menus (314 dishes). Coverage: 5011/8564 restaurants have a menu. 
[14:53] iter 9: wrote 6 batches of 20 as menus/wip/n1453-NN.json (120 restaurants)
[14:54] r0904-1408-browser: 
[14:54] iter 2: Node.js v24.18.1
[15:03] iter 10: router --no-cache
[15:04] iter 3: router --no-cache
[15:26] r0904-1503-router: Loaded 3 menus (271 dishes). Coverage: 5014/8564 restaurants have a menu. 
[15:26] iter 10: browser from router-20260904-150432.notes.json
[15:26] r0904-1504-router: Loaded 2 menus (151 dishes). Coverage: 5014/8564 restaurants have a menu. 
[15:26] iter 3: browser from router-20260904-150432.notes.json
[15:30] r0904-1504-browser: 
[15:30] iter 3: Node.js v24.18.1
[15:30] r0904-1503-browser: 
[15:30] iter 10: Node.js v24.18.1
[15:40] iter 4: router --no-cache
[15:40] iter 11: router --no-cache
[15:55] r0904-1540-router: Loaded 2 menus (147 dishes). Coverage: 5016/8564 restaurants have a menu. 
[15:55] iter 4: browser from router-20260904-154001.notes.json
[15:55] r0904-1540-router: Loaded 2 menus (107 dishes). Coverage: 5017/8564 restaurants have a menu. 
[15:55] iter 11: browser from router-20260904-154002.notes.json
[16:34] r0904-1540-browser: 
[16:34] iter 4: Node.js v24.18.1
[16:37] r0904-1540-browser: Loaded 6 menus (217 dishes). Coverage: 5023/8564 restaurants have a menu. 
[16:37] iter 11: wrote 6 batches of 20 as menus/wip/n1637-NN.json (120 restaurants)
[16:44] iter 5: router --no-cache
[16:47] iter 12: router --no-cache
[09:52] n1329-04 (rescued after agent killed): Loaded 2 menus (62 dishes), 6 recorded as not found. Coverage: 5025/8564 restaurants have a menu. 
[17:07] r0904-1644-router: Loaded 1 menus (43 dishes). Coverage: 5026/8564 restaurants have a menu. 
[17:07] iter 5: browser from router-20260904-164757.notes.json
[17:10] r0904-1647-router: Loaded 2 menus (124 dishes). Coverage: 5027/8564 restaurants have a menu. 
[17:10] iter 12: browser from router-20260904-164757.notes.json
[10:13] n1329-03: Loaded 4 menus (246 dishes). Coverage: 5031/8564 restaurants have a menu. 
[10:16] w1-02-rescreen (DB-backed brand-twin check): 1 problem(s) — nothing written: Loaded 12 menus (874 dishes). Coverage: 5032/8564 restaurants have a menu. 
[10:19] n1329-06: Loaded 5 menus (594 dishes), 4 recorded as not found. Coverage: 5037/8564 restaurants have a menu. 
[10:21] n1358-01 (6724 partial withheld): Loaded 5 menus (355 dishes). Coverage: 5042/8564 restaurants have a menu. 
[10:23] n1358-02: Loaded 6 menus (372 dishes), 1 recorded as not found. Coverage: 5048/8564 restaurants have a menu. 
[17:28] r0904-1644-browser: Loaded 1 menus (30 dishes). Coverage: 5049/8564 restaurants have a menu. 
[17:28] iter 5: wrote 6 batches of 20 as menus/wip/n1728-NN.json (120 restaurants)
[10:30] n1358-03: Loaded 2 menus (148 dishes). Coverage: 5051/8564 restaurants have a menu. 
[17:38] iter 6: router --no-cache
[10:39] n1358-04: Loaded 5 menus (293 dishes). Coverage: 5056/8564 restaurants have a menu. 
[10:41] n1358-05: Loaded 3 menus (301 dishes), 2 recorded as not found. Coverage: 5059/8564 restaurants have a menu. 
[10:42] n1637-01: Loaded 1 menus (10 dishes), 3 recorded as not found. Coverage: 5060/8564 restaurants have a menu. 
[17:53] r0904-1738-router: Loaded 0 menus (0 dishes). Coverage: 5060/8564 restaurants have a menu. 
[17:53] iter 6: browser from router-20260904-173820.notes.json
[18:01] r0904-1647-browser: Loaded 1 menus (80 dishes). Coverage: 5061/8564 restaurants have a menu. 
[18:01] iter 12: wrote 6 batches of 20 as menus/wip/n1801-NN.json (120 restaurants)
[11:07] n1637-03: Loaded 7 menus (242 dishes). Coverage: 5068/8564 restaurants have a menu. 
[11:08] n1637-02: Loaded 5 menus (364 dishes), 2 recorded as not found. Coverage: 5073/8564 restaurants have a menu. 
[18:11] iter 13: router --no-cache
[18:23] r0904-1738-browser: Loaded 0 menus (0 dishes). Coverage: 5073/8564 restaurants have a menu. 
[18:23] iter 6: wrote 6 batches of 20 as menus/wip/n1823-NN.json (120 restaurants)
[11:26] n1358-06: Loaded 5 menus (411 dishes), 2 recorded as not found. Coverage: 5078/8564 restaurants have a menu. 
[11:31] n1637-04 (3093/1507 rebrands withdrawn): Loaded 5 menus (308 dishes), 1 recorded as not found. Coverage: 5083/8564 restaurants have a menu. 
[18:33] iter 7: router --no-cache
[18:37] r0904-1811-router: 
[18:37] iter 13: browser from router-20260904-183341.notes.json
[18:37] r0904-1811-browser: 
[18:37] iter 13: Node.js v24.18.1
[18:47] iter 14: router --no-cache
[18:48] r0904-1833-router: Loaded 2 menus (51 dishes). Coverage: 5085/8564 restaurants have a menu. 
[18:48] iter 7: browser from router-20260904-184745.notes.json
[11:49] n1637-05 (6914 partial withdrawn): 1 problem(s) — nothing written: 
[11:52] n1637-05: Loaded 9 menus (655 dishes). Coverage: 5094/8564 restaurants have a menu. 
[18:52] r0904-1833-browser: Loaded 0 menus (0 dishes). Coverage: 5096/8564 restaurants have a menu. 
[18:52] iter 7: wrote 6 batches of 20 as menus/wip/n1852-NN.json (120 restaurants)
[11:53] n1728-01: Loaded 4 menus (300 dishes). Coverage: 5098/8564 restaurants have a menu. 
[11:53] n1637-06: 1 problem(s) — nothing written: 
[11:55] n1637-06: Loaded 11 menus (947 dishes), 2 recorded as not found. Coverage: 5109/8564 restaurants have a menu. 
[11:56] n1728-02: Loaded 4 menus (128 dishes). Coverage: 5113/8564 restaurants have a menu. 
[19:00] r0904-1847-router: Loaded 2 menus (51 dishes). Coverage: 5113/8564 restaurants have a menu. 
[19:00] iter 14: browser from router-20260904-184745.notes.json
[19:02] iter 8: router --no-cache
[19:26] r0904-1902-router: Loaded 3 menus (136 dishes). Coverage: 5116/8564 restaurants have a menu. 
[19:26] iter 8: browser from router-20260904-190259.notes.json
[19:48] r0904-1847-browser: Loaded 1 menus (37 dishes). Coverage: 5117/8564 restaurants have a menu. 
[19:48] iter 14: wrote 6 batches of 20 as menus/wip/n1948-NN.json (120 restaurants)
[19:58] iter 15: router --no-cache
[20:23] r0904-1958-router: Loaded 0 menus (0 dishes). Coverage: 5117/8564 restaurants have a menu. 
[20:23] iter 15: browser from router-20260904-195848.notes.json
[20:49] r0904-1902-browser: Loaded 3 menus (105 dishes). Coverage: 5119/8564 restaurants have a menu. 
[20:49] iter 8: wrote 6 batches of 20 as menus/wip/n2049-NN.json (120 restaurants)
[13:53] n1728-03: Loaded 4 menus (239 dishes). Coverage: 5123/8564 restaurants have a menu. 
[13:54] n1728-04: Loaded 6 menus (437 dishes), 1 recorded as not found. Coverage: 5129/8564 restaurants have a menu. 
[13:55] n1728-05: Loaded 3 menus (179 dishes). Coverage: 5132/8564 restaurants have a menu. 
[20:59] iter 9: router --no-cache
[14:07] trunc79: Loaded 7 menus (1118 dishes). Coverage: 5132/8564 restaurants have a menu. 
[21:22] r0904-2059-router: Loaded 0 menus (0 dishes). Coverage: 5132/8564 restaurants have a menu. 
[21:22] iter 9: browser from router-20260904-205908.notes.json
[21:45] r0904-1958-browser: Loaded 3 menus (114 dishes). Coverage: 5133/8564 restaurants have a menu. 
[21:46] iter 15: wrote 6 batches of 20 as menus/wip/n2145-NN.json (120 restaurants)
[21:56] iter 16: router --no-cache
[22:17] r0904-2156-router: Loaded 2 menus (80 dishes). Coverage: 5135/8564 restaurants have a menu. 
[22:17] iter 16: browser from router-20260904-215602.notes.json
[22:46] r0904-2059-browser: Loaded 2 menus (123 dishes). Coverage: 5136/8564 restaurants have a menu. 
[22:46] iter 9: wrote 1 batches of 20 as menus/wip/n2246-NN.json (20 restaurants)
[22:56] iter 10: router --no-cache
[23:21] r0904-2256-router: Loaded 2 menus (210 dishes). Coverage: 5138/8564 restaurants have a menu. 
[23:21] iter 10: browser from router-20260904-225624.notes.json
[23:40] r0904-2156-browser: Loaded 1 menus (126 dishes). Coverage: 5139/8564 restaurants have a menu. 
[23:40] iter 16: wrote 4 batches of 20 as menus/wip/n2340-NN.json (80 restaurants)
[23:50] iter 17: router --no-cache
[00:13] r0904-2350-router: Loaded 0 menus (0 dishes). Coverage: 5139/8564 restaurants have a menu. 
[00:13] iter 17: browser from router-20260904-235056.notes.json
[00:44] r0904-2256-browser: Loaded 1 menus (126 dishes). Coverage: 5139/8564 restaurants have a menu. 
[00:44] iter 10: wrote 6 batches of 20 as menus/wip/n0044-NN.json (120 restaurants)
[00:54] iter 11: router --no-cache
[01:17] r0905-0054-router: Loaded 0 menus (0 dishes). Coverage: 5139/8564 restaurants have a menu. 
[01:17] iter 11: browser from router-20260905-005406.notes.json
[01:29] r0904-2350-browser: no file
[01:29] iter 17: wrote 6 batches of 20 as menus/wip/n0129-NN.json (120 restaurants)
[01:29] r0905-0054-browser: Loaded 0 menus (0 dishes). Coverage: 5139/8564 restaurants have a menu. 
[01:29] iter 11: wrote 6 batches of 20 as menus/wip/n0129-NN.json (120 restaurants)
[01:39] iter 18: router --no-cache
[01:39] iter 12: router --no-cache
[02:04] r0905-0139-router: Loaded 1 menus (47 dishes). Coverage: 5154/8564 restaurants have a menu. 
[02:04] iter 12: browser from router-20260905-013957.notes.json
[02:04] r0905-0139-router: Loaded 1 menus (47 dishes). Coverage: 5155/8564 restaurants have a menu. 
[02:04] iter 18: browser from router-20260905-013957.notes.json
[03:27] r0905-0139-browser: Loaded 0 menus (0 dishes). Coverage: 5219/9508 restaurants have a menu. 
[03:27] iter 12: wrote 6 batches of 20 as menus/wip/n0327-NN.json (120 restaurants)
[03:27] r0905-0139-browser: Loaded 0 menus (0 dishes). Loaded 1 menus (43 dishes). Coverage: 5219/9508 restaurants have a menu. 
[03:27] iter 18: wrote 6 batches of 20 as menus/wip/n0327-NN.json (120 restaurants)
[03:37] iter 13: router --no-cache
[03:37] iter 19: router --no-cache
[04:51] r0905-0337-router: Loaded 174 menus (18324 dishes). Coverage: 5597/11461 restaurants have a menu. 
[04:51] iter 13: browser from router-20260905-033754.notes.json
[04:53] r0905-0337-router: Loaded 181 menus (19170 dishes). Coverage: 5598/11461 restaurants have a menu. 
[04:53] iter 19: browser from router-20260905-033754.notes.json
[07:22] r0905-0337-browser: Loaded 51 menus (2779 dishes). Coverage: 5795/13982 restaurants have a menu. 
[07:22] iter 13: wrote 6 batches of 20 as menus/wip/n0722-NN.json (120 restaurants)
[07:22] r0905-0337-browser: Loaded 52 menus (2822 dishes). Coverage: 5795/13982 restaurants have a menu. 
[07:22] iter 19: wrote 6 batches of 20 as menus/wip/n0722-NN.json (120 restaurants)
[07:32] iter 14: router --no-cache
[07:32] iter 20: router --no-cache
[08:48] r0905-0732-router: Loaded 140 menus (11788 dishes). Coverage: 5993/13983 restaurants have a menu. 
[08:48] iter 20: browser from router-20260905-073232.notes.json
[08:49] r0905-0732-router: Loaded 140 menus (11788 dishes). Coverage: 5993/13983 restaurants have a menu. 
[08:49] iter 14: browser from router-20260905-073232.notes.json
[11:34] r0905-0732-browser: Loaded 33 menus (1668 dishes). Coverage: 6177/13983 restaurants have a menu. 
[11:34] r0905-0732-browser: Loaded 33 menus (1668 dishes). Coverage: 6177/13983 restaurants have a menu. 
[11:34] iter 20: wrote 6 batches of 20 as menus/wip/n1134-NN.json (120 restaurants)
[11:34] iter 14: wrote 6 batches of 20 as menus/wip/n1134-NN.json (120 restaurants)
[11:44] iter 21: router --no-cache
[11:44] iter 15: router --no-cache
[12:35] r0905-1144-router: Loaded 9 menus (528 dishes). Coverage: 6263/13983 restaurants have a menu. 
[12:35] iter 21: browser from router-20260905-114455.notes.json
[12:36] r0905-1144-router: Loaded 9 menus (528 d  Gorilla Eats Sushi — 75 dishes Loaded 15 menus (1203 dishes). Coverage: 6268/13983 restaurants have a menu. 
[12:36] iter 15: browser from router-20260905-114455.notes.json
[15:07] r0905-1144-browser: Loaded 5 menus (467 dishes). Coverage: 6422/13983 restaurants have a menu. 
[15:07] iter 15: wrote 6 batches of 20 as menus/wip/n1507-NN.json (120 restaurants)
[15:07] r0905-1144-browser: Loaded 5 menus (467 dishes). Coverage: 6422/13983 restaurants have a menu. 
[15:07] iter 21: wrote 6 batches of 20 as menus/wip/n1507-NN.json (120 restaurants)
[15:17] iter 16: router --no-cache
[15:17] iter 22: router --no-cache
[16:01] r0905-1517-router: Loaded 7 menus (699 dishes). Coverage: 6500/13983 restaurants have a menu. 
[16:01] iter 16: browser from router-20260905-151751.notes.json
[16:01] r0905-1517-router: Loaded 7 menus (699 dishes). Coverage: 6500/13983 restaurants have a menu. 
[16:01] iter 22: browser from router-20260905-151751.notes.json
[18:29] r0905-1517-browser: Loaded 0 menus (0 dishes). Coverage: 6639/13983 restaurants have a menu. 
[18:29] iter 22: wrote 6 batches of 20 as menus/wip/n1829-NN.json (120 restaurants)
[18:29] r0905-1517-browser: Loaded 0 menus (0 dishes). Coverage: 6639/13983 restaurants have a menu. 
[18:29] iter 16: wrote 6 batches of 20 as menus/wip/n1829-NN.json (120 restaurants)
[18:39] iter 23: router --no-cache
[18:39] iter 17: router --no-cache
[19:22] r0905-1839-router: Loaded 12 menus (821 dishes). Coverage: 6692/14078 restaurants have a menu. 
[19:22] iter 17: browser from router-20260905-183953.notes.json
[19:22] r0905-1839-router: Loaded 12 menus (821 dishes). Coverage: 6692/14078 restaurants have a me Loaded 14 menus (862 dishes). Coverage: 6692/14078 restaurants have a menu. 
[19:22] iter 23: browser from router-20260905-183953.notes.json
[21:47] r0905-1839-browser: Loaded 1 menus (28 dishes). Coverage: 6729/14199 restaurants have a menu. 
[21:47] r0905-1839-browser: Loaded 1 menus (28 dishes). Coverage: 6729/14199 restaurants have a menu. 
[21:48] iter 17: wrote 6 batches of 20 as menus/wip/n2147-NN.json (120 restaurants)
[21:48] iter 23: wrote 6 batches of 20 as menus/wip/n2147-NN.json (120 restaurants)
[21:58] iter 24: router --no-cache
[21:58] iter 18: router --no-cache
[22:45] r0905-2158-router: Loaded 15 menus (1491 dishes). Coverage: 6744/14199 restaurants have a menu. 
[22:45] iter 18: browser from router-20260905-215800.notes.json
[22:45] r0905-2158-router: Loaded 15 menus (1491 dishes). Coverage: 6744/14199 restaurants have a menu. 
[22:45] iter 24: browser from router-20260905-215800.notes.json
[00:41] r0905-2158-browser: 
[00:41] iter 24: Node.js v24.18.1
[00:41] r0905-2158-browser: 
[00:41] iter 18: Node.js v24.18.1
[00:51] iter 25: router --no-cache
[00:51] iter 19: router --no-cache
[01:21] r0906-0051-router: Loaded 1 menus (37 dishes). Coverage: 6752/14199 restaurants have a menu. 
[01:21] r0906-0051-router: Loaded 1 menus (37 dishes). Coverage: 6752/14199 restaurants have a menu. 
[01:21] iter 25: browser from router-20260906-005123.notes.json
[01:21] iter 19: browser from router-20260906-005123.notes.json
[02:27] r0906-0051-browser: Loaded 0 menus (0 dishes). Coverage: 6769/14199 restaurants have a menu. 
[02:27] r0906-0051-browser: Loaded 0 menus (0 dishes). Coverage: 6769/14199 restaurants have a menu. 
[02:27] iter 25: wrote 6 batches of 20 as menus/wip/n0227-NN.json (120 restaurants)
[02:27] iter 19: wrote 6 batches of 20 as menus/wip/n0227-NN.json (120 restaurants)
[02:37] iter 26: router --no-cache
[02:37] iter 20: router --no-cache
[03:23] r0906-0237-router: Loaded 0 menus (0 dishes). Coverage: 6769/14199 restaurants have a menu. 
[03:23] r0906-0237-router: Loaded 0 menus (0 dishes). Coverage: 6769/14199 restaurants have a menu. 
[03:23] iter 26: browser from router-20260906-023750.notes.json
[03:23] iter 20: browser from router-20260906-023750.notes.json
[05:53] r0906-0237-browser: Loaded 1 menus (11 dishes). Coverage: 6828/14199 restaurants have a menu. 
[05:53] r0906-0237-browser: Loaded 1 menus (11 dishes). Coverage: 6828/14199 restaurants have a menu. 
[05:53] iter 20: wrote 6 batches of 20 as menus/wip/n0553-NN.json (120 restaurants)
[05:53] iter 26: wrote 6 batches of 20 as menus/wip/n0553-NN.json (120 restaurants)
[06:03] iter 21: router --no-cache
[06:03] iter 27: router --no-cache
[06:46] r0906-0603-router: Loaded 0 menus (0 dishes). Coverage: 6848/14199 restaurants have a menu. 
[06:46] iter 27: browser from router-20260906-060328.notes.json
[06:46] r0906-0603-router: Loaded 0 menus (0 dishes). Coverage: 6848/14199 restaurants have a menu. 
[06:46] iter 21: browser from router-20260906-060328.notes.json
[09:08] r0906-0603-browser: Loaded 0 menus (0 dishes). Coverage: 6885/14199 restaurants have a menu. 
[09:08] r0906-0603-browser: Loaded 0 menus (0 dishes). Coverage: 6885/14199 restaurants have a menu. 
[09:08] iter 27: wrote 6 batches of 20 as menus/wip/n0908-NN.json (120 restaurants)
[09:08] iter 21: wrote 6 batches of 20 as menus/wip/n0908-NN.json (120 restaurants)
[09:18] iter 28: router --no-cache
[09:18] iter 22: router --no-cache
[09:59] r0906-0918-router: Loaded 0 menus (0 dishes). Coverage: 6907/14199 restaurants have a menu. 
[09:59] iter 28: browser from router-20260906-091823.notes.json
[09:59] r0906-0918-router: Loaded 0 menus (0 dishes). Coverage: 6907/14199 restaurants have a menu. 
[09:59] iter 22: browser from router-20260906-091823.notes.json
[12:23] r0906-0918-browser: Loaded 0 menus (0 dishes). Coverage: 6907/14199 restaurants have a menu. 
[12:23] r0906-0918-browser: Loaded 0 menus (0 dishes). Coverage: 6907/14199 restaurants have a menu. 
[12:23] iter 22: wrote 6 batches of 20 as menus/wip/n1223-NN.json (120 restaurants)
[12:23] iter 28: wrote 6 batches of 20 as menus/wip/n1223-NN.json (120 restaurants)
[12:33] iter 23: router --no-cache
[12:33] iter 29: router --no-cache
[13:14] r0906-1233-router: Loaded 1 menus (106 dishes). Coverage: 6908/14199 restaurants have a menu. 
[13:14] r0906-1233-router: Loaded 1 menus (106 dishes). Coverage: 6908/14199 restaurants have a menu. 
[13:14] iter 29: browser from router-20260906-123344.notes.json
[13:14] iter 23: browser from router-20260906-123344.notes.json
[15:36] r0906-1233-browser: Loaded 2 menus (62 dishes). Coverage: 6911/14199 restaurants have a menu. 
[15:36] r0906-1233-browser: Loaded 2 menus (95 dishes). Coverage: 6911/14199 restaurants have a menu. 
[15:36] iter 23: wrote 6 batches of 20 as menus/wip/n1536-NN.json (120 restaurants)
[15:36] iter 29: wrote 6 batches of 20 as menus/wip/n1536-NN.json (120 restaurants)
[15:46] iter 24: router --no-cache
[15:46] iter 30: router --no-cache
[16:29] r0906-1546-router: Loaded 0 menus (0 dishes). Coverage: 6911/14199 restaurants have a menu. 
[16:29] r0906-1546-router: Loaded 0 menus (0 dishes). Coverage: 6911/14199 restaurants have a menu. 
[16:29] iter 30: browser from router-20260906-154653.notes.json
[16:29] iter 24: browser from router-20260906-154653.notes.json
[18:51] r0906-1546-browser: Loaded 1 menus (20 dishes). Coverage: 6970/14199 restaurants have a menu. 
[18:51] iter 30: wrote 6 batches of 20 as menus/wip/n1851-NN.json (120 restaurants)
[18:51] r0906-1546-browser: Loaded 1 menus (20 dishes). Coverage: 6972/14199 restaurants have a menu. 
[18:51] iter 24: wrote 6 batches of 20 as menus/wip/n1851-NN.json (120 restaurants)
[19:01] iter 25: router --no-cache
[19:39] r0906-1901-router: Loaded 0 menus (0 dishes). Coverage: 6982/14199 restaurants have a menu. 
[19:39] iter 25: browser from router-20260906-190138.notes.json
[21:59] r0906-1901-browser: Loaded 0 menus (0 dishes). Coverage: 6988/14199 restaurants have a menu. 
[21:59] iter 25: wrote 6 batches of 20 as menus/wip/n2159-NN.json (120 restaurants)
[22:09] iter 26: router --no-cache
[22:51] r0906-2209-router: Loaded 0 menus (0 dishes). Coverage: 6989/14199 restaurants have a menu. 
[22:51] iter 26: browser from router-20260906-220958.notes.json
[01:10] r0906-2209-browser: Loaded 0 menus (0 dishes). Coverage: 6990/14199 restaurants have a menu. 
[01:10] iter 26: wrote 6 batches of 20 as menus/wip/n0110-NN.json (120 restaurants)
[01:20] iter 27: router --no-cache
[02:01] r0907-0120-router: Loaded 0 menus (0 dishes). Coverage: 6990/14199 restaurants have a menu. 
[02:01] iter 27: browser from router-20260907-012024.notes.json
[04:19] r0907-0120-browser: Loaded 0 menus (0 dishes). Coverage: 6990/14199 restaurants have a menu. 
[04:19] iter 27: wrote 6 batches of 20 as menus/wip/n0419-NN.json (120 restaurants)
[04:29] iter 28: router --no-cache
[05:06] r0907-0429-router: Loaded 0 menus (0 dishes). Coverage: 6990/14199 restaurants have a menu. 
[05:06] iter 28: browser from router-20260907-042918.notes.json
[07:07] r0907-0429-browser: Loaded 0 menus (0 dishes). Coverage: 6990/14199 restaurants have a menu. 
[07:07] iter 28: wrote 6 batches of 20 as menus/wip/n0707-NN.json (120 restaurants)
[07:17] iter 29: router --no-cache
[07:59] r0907-0717-router: Loaded 0 menus (0 dishes). Coverage: 6990/14199 restaurants have a menu. 
[07:59] iter 29: browser from router-20260907-071752.notes.json
[10:17] r0907-0717-browser: Loaded 0 menus (0 dishes). Coverage: 6990/14199 restaurants have a menu. 
[10:17] iter 29: wrote 6 batches of 20 as menus/wip/n1017-NN.json (120 restaurants)
[10:27] iter 30: router --no-cache
[11:07] r0907-1027-router: Loaded 1 menus (19 dishes). Coverage: 6991/14199 restaurants have a menu. 
[11:07] iter 30: browser from router-20260907-102734.notes.json
[13:27] r0907-1027-browser: Loaded 0 menus (0 dishes). Coverage: 6991/14199 restaurants have a menu. 
[13:27] iter 30: wrote 6 batches of 20 as menus/wip/n1327-NN.json (120 restaurants)
[13:37] resume-night finished
