1326 needs-browser/gated rows in menus/wip/noplatform-mtq7u547.notes.json; opening 1326

[  1/1326] needs-browser  -                          curl=unknown Westfield UTC
[  2/1326] needs-browser  -                          curl=unknown Oceanside Harbor Village
[  3/1326] needs-browser  -                          curl=unknown 100's seafood grill buffet
[  4/1326] gated          -                          curl=unknown Crumbl Cookies
[  5/1326] gated          -                          curl=unknown Sessions by the Bay Cannabis Dispensary and Lounge
[  6/1326] filed          -                          curl=false   Ghirardelli Ice Cream & Chocolate Shop
[  7/1326] needs-browser  -                          curl=unknown Kaelin's Market
[  8/1326] needs-browser  -                          curl=unknown Cardiff Seaside Market
[  9/1326] needs-browser  -                          curl=unknown Mitsuwa Marketplace - San Diego
[ 10/1326] gated          -                          curl=unknown Red Lobster
[ 11/1326] needs-browser  -                          curl=unknown Mimi's Cafe
[ 12/1326] needs-browser  -                          curl=unknown Filippi's Pizza Grotto Temecula
[ 13/1326] fetch-failed   -                          curl=unknown Mama Kat's Restaurant
[ 14/1326] needs-browser  -                          curl=unknown Somisomi
[ 15/1326] needs-browser  -                          curl=unknown Yogurt Mill
[ 16/1326] fetch-failed   -                          curl=unknown Taquería Imperial
[ 17/1326] gated          -                          curl=unknown Crumbl Cookies
[ 18/1326] fetch-failed   -                          curl=unknown El Super
[ 19/1326] needs-browser  -                          curl=unknown Twin Peaks
[ 20/1326] needs-browser  -                          curl=unknown Sally's Waterfront Dining
[ 21/1326] needs-browser  -                          curl=unknown Windmill Food Hall
[ 22/1326] fetch-failed   -                          curl=unknown Acai Republic - Oceanside
[ 23/1326] needs-browser  -                          curl=unknown Miguel's Cocina 4S Ranch
[ 24/1326] needs-browser  -                          curl=unknown VG Donut & Bakery
[ 25/1326] needs-browser  -                          curl=unknown Public Square Coffee House
[ 26/1326] fetch-failed   -                          curl=unknown Original Pancake House Vista
[ 27/1326] needs-browser  -                          curl=unknown Otay Farms Market & Mexican Food
[ 28/1326] gated          -                          curl=unknown Crumbl Cookies
[ 29/1326] needs-browser  -                          curl=unknown Ty's Burger House
[ 30/1326] needs-browser  -                          curl=unknown Portside Pier
[ 31/1326] needs-browser  -                          curl=unknown Golden Corral
[ 32/1326] fetch-failed   -                          curl=unknown Menudería Don Vicente
[ 33/1326] fetch-failed   -                          curl=unknown Khyber Pass Zarparan Restaurant | Afghan
[ 34/1326] needs-browser  -                          curl=unknown Lake Cuyamaca Restaurant & Store
[ 35/1326] needs-browser  -                          curl=unknown Con Pane Rustic Breads & Cafe
[ 36/1326] needs-browser  -                          curl=unknown Prohibition Lounge
[ 37/1326] needs-browser  -                          curl=unknown Islands Restaurant Chula Vista
[ 38/1326] fetch-failed   -                          curl=unknown Saigon Restaurant
[ 39/1326] needs-browser  -                          curl=unknown Nado Gelato Cafe
[ 40/1326] needs-browser  -                          curl=unknown Quartyard
[ 41/1326] gated          -                          curl=unknown Crumbl Cookies
[ 42/1326] needs-browser  -                          curl=unknown Carnitas Las Michoacánas
[ 43/1326] needs-browser  -                          curl=unknown Rubio's Coastal Grill
[ 44/1326] needs-browser  -                          curl=unknown Fridas Street Tacos
[ 45/1326] needs-browser  -                          curl=unknown Kiko's Place-The Seafood King
[ 46/1326] needs-browser  -                          curl=unknown Huckleberry's Breakfast & Lunch
[ 47/1326] needs-browser  -                          curl=unknown Los Reyes Mexican Restaurant & Cantina
[ 48/1326] gated          -                          curl=unknown Phở Vân Restaurant
[ 49/1326] gated          -                          curl=unknown Crumbl Cookies
[ 50/1326] needs-browser  -                          curl=unknown Camino Riviera
[ 51/1326] fetch-failed   -                          curl=unknown Hong Kong Restaurant
[ 52/1326] fetch-failed   -                          curl=unknown Sweet Spot Real Jamaican Restaurant
[ 53/1326] gated          -                          curl=unknown Crumbl Cookies
[ 54/1326] gated          -                          curl=unknown Crumbl Cookies
[ 55/1326] needs-browser  -                          curl=unknown Loreto's Taco Shop
[ 56/1326] fetch-failed   -                          curl=unknown Taco Bar
[ 57/1326] needs-browser  -                          curl=unknown Deiberto's Mexican Restaurant
[ 58/1326] needs-browser  -                          curl=unknown Plazas Mexican Food
[ 59/1326] fetch-failed   -                          curl=unknown The Shores Restaurant
[ 60/1326] needs-browser  -                          curl=unknown Red Fox Room and Steakhouse
[ 61/1326] needs-browser  -                          curl=unknown Los Garcia's Taco Shop
[ 62/1326] needs-browser  -                          curl=unknown Gin Sushi
[ 63/1326] needs-browser  -                          curl=unknown Stone Brewing Tap Room - Oceanside
[ 64/1326] needs-browser  -                          curl=unknown Fallbrook Cafe
[ 65/1326] needs-browser  -                          curl=unknown KOGI Korean BBQ
[ 66/1326] gate-personal  -                          curl=unknown El Real Mexican Food
[ 67/1326] gate-personal  -                          curl=unknown Round1 Bowling & Arcade - Nati[ 73/1326] needs-browser  -                          curl=unknown Fridas Taqueria
[ 74/1326] needs-browser  -                          curl=unknown Donut Factory
[ 75/1326] needs-browser  -                          curl=unknown Pick Up Stix Fresh Asian Flavors
[ 76/1326] needs-browser  -                          curl=unknown Side Chick - Chicken & Fries
[ 77/1326] needs-browser  -                          curl=unknown San Diego Blenders
[ 78/1326] needs-browser  -                          curl=unknown Nanay's Best BBQ
[ 79/1326] needs-browser  -                          curl=unknown Pick Up Stix Fresh Asian Flavors
[ 80/1326] needs-browser  -                          curl=unknown La Central
[ 81/1326] needs-browser  -                          curl=unknown Kind Coffee
[ 82/1326] needs-browser  -                          curl=unknown Bonchon Chicken
[ 83/1326] needs-browser  -                          curl=unknown Rush Bowls
[ 84/1326] needs-browser  -                          curl=unknown Immersion Coffee
[ 85/1326] fetch-failed   -                          curl=unknown Belinda's Familia Mexican Food Truck
[ 86/1326] fetch-failed   -                          curl=unknown Easy Thai
[ 87/1326] fetch-failed   -                          curl=unknown Easy Thai
[ 88/1326] needs-browser  -                          curl=unknown Valerio's 1979
[ 89/1326] needs-browser  -                          curl=unknown Buttery Bakes
[ 90/1326] needs-browser  -                          curl=unknown Fall Brewing Company
[ 91/1326] needs-browser  -                          curl=unknown Iceskimo
[ 92/1326] needs-browser  -                          curl=unknown Elote
[ 93/1326] fetch-failed   -                          curl=unknown El Flako's Wrangler Barbecue
[ 94/1326] fetch-failed   -                          curl=unknown El Flako's Wrangler Barbecue
[ 95/1326] needs-browser  -                          curl=unknown La Michoacana Elite
[ 96/[ 91/1326] needs-browser  -                          curl=unknown O'side Bakery
[ 92/1326] needs-browser  -                          curl=unknown VAGA Restaurant & Bar
[ 93/1326] fetch-failed   -                          curl=unknown Konito's Cafe
[ 94/1326] needs-browser  -                          curl=unknown Zarlitos Family Restaurant
[ 95/1326] needs-browser  -                          curl=unknown Eppig Br[101/1326] needs-browser  -     [ 96/1326] needs-browser  -                 [102/1326] needs-browser  -                          curl=unknown La Central
[103/1326] needs-browser  -                          [ 98/1326] needs-browser  -         [104/1326] needs-browser  -                        [ 99/1326] needs-browser  -                          curl=unknown Frida’s Taqueria Oceanside
[100/1326] needs-browser  -                          curl=unknown Golden Donut
[101/1326] needs-browser  -                          curl=unknown Niederfrank's Ice Cream
[102/1326] needs-browser  -                          curl=unknown The Bella Lounge
[103/1326] needs-browser  -                          curl=unknown Mi Ranchito Taco Shop
[104/1326] needs-browser  -                          curl=unknown Rubio's Coastal Grill
[105/1326] needs-browser  -                          curl=unknown Superbloom Coffee & Juice
[106/1326] needs-browser  -                          curl=unknown Market on 8th
[107/1326] fetch-failed   -                          curl=unknown Birria El Rey
[108/1326] needs-browser  -                          curl=unknown The Remy
[109/1326] needs-browser  -                          curl=unknown GelatoLove Carlsbad Village
[110/1326] needs-browser  -                          curl=unknown Muri Coffee & Dessert
[111/1326] needs-browser  -                          curl=unknown Quixote
[112/1326] fetch-failed   -                          curl=unknown Panda Imperial Restaurant
[113/1326] needs-browser  -                          curl=unknown Mariscos Mar Y Tierra
[114/1326] needs-browser  -                          curl=unknown The Cowshed
[115/1326] needs-browser  -                          curl=unknown Manna Heaven BBQ - National City
[116/1326] needs-browser  -                          curl=unknown The Cowshed
[117/1326] gated          -                          curl=unknown Crumbl Cookies
[118/1326] needs-browser  -                          curl=unknown Bonchon Chicken
[119/1326] needs-browser  -                          curl=unknown Red Lobster
[120/1326] needs-browser  -                          curl=unknown Rubio's Coastal Grill
[121/1326] needs-browser  -                          curl=unknown Yingli Restaurant | Chula Vista
[122/1326] needs-browser  -                          curl=unknown Chiroys Cafe
[123/1326] needs-browser  -                          curl=unknown The Vibe
[124/1326] needs-browser  -                          curl=unknown Pacific Beach Ice Cream Co.
[125/1326] fetch-failed   -                          curl=unknown Green Vine Delicatessen
[126/1326] needs-browser  -                          curl=unknown Arizona Chinese Restaurant
[127/1326] fetch-failed   -                          curl=unknown Jts Clubhouse Pub and Grill
[128/1326] needs-browser  -                          curl=unknown Marina Kitchen
[129/1326] needs-browser  -                          curl=unknown Manna Heaven BBQ Downtown
[130/1326] fetch-failed   -                          curl=unknown Savory Thai Restaurant
[131/1326] fetch-failed   -                          curl=unknown Curbside Eatery & Drinkery
[132/1326] gated          -                          curl=unknown Leucadia Donut Shoppe
[133/1326] needs-browser  -                          curl=unknown Imperial Mandarin
[134/1326] gated          -                          curl=unknown ICHIBAN RAMEN AND SUSHI
[135/1326] needs-browser  -                          curl=unknown Camel's Bar and Grill
[136/1326] fetch-failed   -                          curl=unknown China Fun
[137/1326] needs-browser  -                          curl=unknown The Buffet
[138/1326] needs-browser  -                          curl=unknown Lighthouse Ice Cream
[139/1326] needs-browser  -                          curl=unknown SOMISOMI
[140/1326] fetch-failed   -                          curl=unknown Ami Sushi
[141/1326] needs-browser  -                          curl=unknown Hidden Fish
[142/1326] gated          -                          curl=unknown Secco
[143/1326] gate-personal  -                          curl=unknown Seafood La 57
/1326] fetch-failed   -                          curl=unknown Khyber Pass Zarparan Restaurant | Afghan
[150/1326] needs-browser  -                          curl=unknown Lake Cuyamaca Restaurant & Store
[151/1326] needs-browser  -                          curl=unknown Con Pane Rustic Breads & Cafe
[152/1326] needs-browser  -                          curl=unknown Prohibition Lounge
