queue 1102 with a website; routing 1102 at concurrency 4

[   1/1102] needs-browser chownow      Burger Bench Escondido
[   2/1102] no-platform   -            FryYay
[   3/1102] no-platform   -            Mimi's Cafe
[   4/1102] needs-browser chownow      Brigantine Seafood
[   5/1102] no-platform   -            Taquería Imperial
[   6/1102] fetch-failed  -            Public Square Coffee House
[   7/1102] screened-out  order.online Wood Ranch Mission Valley
[   8/1102] no-platform   -            VG Donut & Bakery
[   9/1102] wrong-branch  order.online El Pueblo Mexican Food - Carlsbad
[  10/1102] needs-browser Square Online storefront Wayfarer Bread & Pastry
[  11/1102] no-platform   -            Farmer & The Seahorse
[  12/1102] needs-browser order.online Tom's Famous Family Restaurant 24
[  13/1102] needs-browser order.online TOM's Famous Family Restaurant 22
[  14/1102] wrong-branch  chownow      Handel’s Homemade Ice Cream
[  15/1102] needs-browser plain-html   Por Favor El Cajon
[  16/1102] no-platform   -            Loreto's Taco Shop
[  17/1102] needs-browser plain-html   Papas & Tacos Mexican Food
[  18/1102] no-platform   -            Taco Bar
[  19/1102] fetch-failed  -            Gus's Subs & Pizza Place
[  20/1102] fetch-failed  -            Home Sweet Home Cafe
[  21/1102] needs-browser chownow      Parakeet Cafe - Little Italy
[  22/1102] fetch-failed  -            Plazas Mexican Food
[  23/1102] no-platform   -            MooTime Creamery
[  24/1102] needs-browser -            Coya Peruvian Secret
[  25/1102] needs-browser GloriaFood widget That Mexican Place
[  26/1102] no-platform   -            Todo Sushi
[  27/1102] no-platform   -            Red Fox Room and Steakhouse
[  28/1102] no-platform   -            El Real Mexican Food
[  29/1102] no-platform   -            Anita's Mexican Restaurant &[  30/110[  30/1102] no-platform   -            Lanna Thai Cuisine
[  31/1102] screened-out  order.online Grandma Tofu & BBQ
[  32/1102] needs-browser -            The Asian [  33/1[  33/1102] needs-browser slice        Pastalini
[  34/1102] no-p[  34/1102] no-platform   -            Hanu Korean BBQ
[  35/1102] needs-browser olo          Panini Kabob Grill - Mission Valley
[  36/1102] no-platform   -            Stake Chophouse & Bar
[  37/1102] no-platform   -            The Asian Bistro
[  38/1102] needs-browser Square Online storefront skybound coffee + dessert lounge
[  39/1102] no-platform   -            It's Raw Poke Shop
[  40/1102] no-platform   -            Antonio's Mexican Food
[  41/1102] needs-browser Square Online (own domain) Up2You Cafe
[  42/1102] fetch-failed  -            Los Reyes Mexican Restaurant & Cantina
[  43/1102] needs-browser order.online Sancho's Tacos
[  44/1102] no-platform   -            Boudin SF
[  45/1102] needs-browser plain-html   Nick's Del Mar
[  46/1102] needs-browser olo          Better Buzz Coffee Pacific Beach Grand
[  47/1102] fetch-failed  -            La Concha Bakery
[  48/1102] needs-browser plain-html   Pancho's Mexican Restaurant
[  49/1102] too-few       netwaiter    Connie's
[  50/1102] no-platform   -            Urban Crave
[  51/1102] no-platform   -            Urban Crave
[  52/1102] needs-browser -            Shaks Mediterranean Bistro
[  53/1102] no-platform   -            Lucy's Bakery
[  54/1102] no-platform   -            Muay Thai Kitchen
[  55/1102] no-platform   -            Baci Restaurant | Italian
[  56/1102] needs-browser toast        Nado Republic
[  57/1102] needs-browser Square Online (own domain) Camp Coffee Company
[  58/1102] needs-browser -            Beyer Deli
[  59/1102] needs-browser order.online Robertito's Mexican Food
[  60/1102] needs-browser Square Online (own domain) Portal Coffee
[  61/1102] no-platform   -            Golden Donut
[  62/1102] no-platform   -            Umai Sushi
[  63/1102] wrong-branch  chownow      Handel’s Homemade Ice Cream
[  64/1102] needs-browser spothopper   Los Panchos Mexican Grill & Seafood
[  65/1102] no-platform   -            San Luis Mexican Food
[  66/1102] wrong-branch  ubereats     Broad Street Dough Co
[  67/1102] wrong-branch  ubereats     Broad Street Dough Co
[  68/1102] needs-browser Square Online storefront Prager Brothers Artisan Breads
[  69/1102] needs-browser Square Online storefront Maan's Mediterranean Grill
[  70/1102] needs-browser MealKeyWay   Dumplings N More
[  71/1102] needs-browser spothopper   Penelopes Mexican Food
[  72/1102] no-platform   -            Superbloom Coffee & Juice
[  73/1102] needs-browser Square Online (own dom[  74/1102] needs-[  74/1102] needs-browser toast        The Remy
[  75/1102] fetch-failed  -            Bonchon Chicken
[  76/1102] no-platform   -            The Cowshed
[  77/1102] needs-browser spothopper   Curry & More - Indian Bistro
[  78/1102] no-platform   -            Red Lobster
[  79/1102] no-platform   -            Yingli Restaurant | Chula Vista
[  80/1102] needs-browser spothopper   3N1 Sports Bar & Grill
[  81/1102] needs-browser order.online Scoops La Jolla
[  82/1102] no-platform   -            Señor Taquero
[  83/1102] fetch-failed  -            Pacific Beach Ice Cream Co.
[  84/1102] fetch-failed  -            Edelweiss Bakery
[  85/1102] fetch-failed  -            Arizona Chinese Restaurant
[  86/1102] fetch-failed  -            Leucadia Donut Shopp[  87/1102] fetch-failed  -            Tabu Sushi Bar & Grill Santee
[ [  88/1102] fetch-failed  -            Aiberto's Taco Shop
[  89/1102] fetch-failed  -            SOMISOMI
[  90/1102] fetch-failed  -            Lourdes Mexican Food To Go
[  91/1102] no-platform   -            Royal Sweets
[  92/1102] fetch-failed  -            Handel's Homemade Ice Cream
[  93/1102] fetch-failed  -            Bay Park Coffee
[  94/1102] no-platform   -            Big Front Door
[  95/1102] needs-browser Square Online storefront Portinos Restaurant
[  96/1102] no-platform   -            Hidden Fish
[  97/1102] no-platform   -            Sushi Factory
[  98/1102] no-platform   -            El Charro Mexican Food
[  99/1102] needs-browser -            Rosarito's Mexican Food #1
[ 100/1102] no-platform   -            Emma's Mexican Food
[ 101/1102] needs-browser spothopper   il Sogno Italiano
[ 102/1102] too-few       netwaiter    Mary Ettas Cafe
[ 103/1102] needs-browser Square Online storefront Sandwich Emporium
[ 104/1102] needs-browser order.online Gelato Paradiso
[ 105/1102] fetch-failed  -            Camel's Bar and Grill
[ 106/1102] fetch-failed  -            Pink Rose Cafe
[ 107/1102] no-platform   -            Angelito's Fruteria Y Neveria
[ 108/1102] fetch-failed  -            Flora
[ 109/1102] no-platform   -            Hanna's Gourmet
[ 110/1102] fetch-failed  -            Yogurt Heaven
[ 111/1102] fetch-failed  -            Italia Pizza
[ 112/1102] fetch-failed  -            The Art of Espr[ 113[ 113/1102] fetch-failed  -            Randy's Donuts
[ 114/1102] fetch-failed  -            Honey Baked Ham
[ 115/1102] fetch-failed  -            Lucy's Bak[ 11[ 116/1102] no-platform   -            Valentina
[ 117/1102] fetch-failed  -            Cafe Bella Drive Thru
[ 118/1102] fetch-failed  -            Wahoo's Fish Taco
[ 119/1102] fetch-failed  -            Off The 8 Café
[ 120/1102] fetch-failed  -            @Spacebar Cafe
[ 121/1102] fetch-failed  -            Royal India Express
[ 122/1102] fetch-failed  -            Luna Grill Millenia
[ 123/1102] fetch-failed  -            Solana Sumptuous Cookies
[ 124/1102] fetch-failed  -            Surfing Crab Escondido
[ 125/1102] fetch-failed  -            Ginza Sushi
[ 126/1102] fetch-failed  -            Dragon Express
[ 127/1102] fetch-failed  -            We Olive & Wine Bar
[ 128/1102] fetch-failed  -            Tropifruit Juice Bar
[ 129/1102] fetch-failed  -            Cow-A-Bunga Ice Cream & Coffee
[ 130/1102] fetch-failed  -            Serrano's Mexican Food
[ 131/1102] fetch-failed  -            Rosemonts Cafe
[ 132/1102] fetch-failed  -            Ike's Love & Sandwiches
[ 133/1102] fetch-failed  -            Thai Island@
[ 134/1102] fetch-failed  -            Santos Coffee
[ 135/1102] fetch-failed  -            Palomino's Mexican & Seafood
[ 136/1102] fetch-failed  -            Tak Grill Fresh Mediterranean Food
[ 137/1102] fetch-failed  -            BKK THAI KITCHEN
[ 138/1102] fetch-failed  -            La Colombe Coffee Roasters
[ 139/1102] fetch-failed  -            Shozen BBQ
[ 140/1102] fetch-failed  -            PGA Tour Grill
[ 141/1102] fetch-failed  -            Mexico Lindo Restaurant
[ 142/1102] fetch-failed  -            Athens Market Taverna
[ 143/1102] fetch-failed  -            Matcha Cafe Maiko - Escondido
[ 144/1102] fetch-failed  -            San Diego Sandwich Co
[ 145/1102] fetch-failed  -            Flippin' Pizza La Costa
[ 146/1102] fetch-failed  -            Marieta's Mexican Food
[ 147/1102] fetch-failed  -            Cake de Partie
[ 148/1102] fetch-failed  -            Valerio's 1979
[ 149/1102] fetch-failed  -            Eugenio Italian Ristorante & More
[ 150/1102] fetch-failed  -            Hanna Garden
[ 151/1102] fetch-failed  -            Kokoro Restaurant
[ 152/1102] fetch-failed  -            Donuts Plus
[ 153/1102] fetch-failed  -            Uncle Biffs California Killer Cookies
[ 154/1102] fetch-failed  -            La Mixteca
[ 155/1102] fetch-failed  -            Handel's Homemade Ice Cream
[ 156/1102] fetch-failed  -            Silverlake Ramen
[ 157/1102] fetch-failed  -            Bravo Cafe
[ 158/1102] fetch-failed  -            Porky's Lechon Barbecue
[ 159/1102] fetch-failed  -            Pizza Mania
[ 160/1102] fetch-failed  -            Crossroads Deli
[ 161/1102] fetch-failed  -            Flor and Seed Coffee Roasters
[ 162/1102] fetch-failed  -            Opa Greek Restaurant & Grill
[ 163/1102] fetch-failed  -            Elixir Espresso & Wine Bar
[ 164/1102] fetch-failed  -            White Labs Brewing Co - San Diego
[ 165/1102] fetch-failed  -            KD's Donuts
[ 166/1102] fetch-failed  -            Potato Corner
[ 167/1102] fetch-failed  -            Imperial Express
[ 168/1102] fetch-failed  -            Glazed Coffee & Creamery
[ 169/1102] fetch-failed  -            The Orient Thai
[ 170/1102] fetch-failed  -            Cielo Rooftop
[ 171/1102] fetch-failed  -            The Naked Cafe
[ 172/1102] fetch-failed  -            Kaffee Meister
[ 173/1102] fetch-failed  -            Luna Grill Encinitas
[ 174/1102] fetch-failed  -            Beach + Taco Shack
[ 175/1102] fetch-failed  -            Nothing Bundt Cakes
[ 176/1102] fetch-failed  -            The Leucadian
[ 177/1102] fetch-failed  -            ENO Market & Pizzeria
[ 178/1102] fetch-failed  -            Ko-Li Bar
[ 179/1102] fetch-failed  -            SoCal Sushi
[ 180/1102] fetch-failed  -            Thyme for Lunch Cafe & Grill
[ 181/1102] fetch-failed  -            IB Thai
[ 182/1102] fetch-failed  -            Phở Hòa Restaurant | Vietnamese
[ 183/1102] fetch-failed  -            Mesa Agricola
[ 184/1102] fetch-failed  -            The Grounds Bean Bar
[ 185/1102] fetch-failed  -            Bistro Pazzo
[ 186/1102] fetch-failed  -            Rosarito's Mexican Food #7
[ 187/1102] fetch-failed  -            Industrial Grind Coffee
[ 188/1102] fetch-failed  -            Que Tortas
[ 189/1102] fetch-failed  -            James Coffee Co
[ 190/1102] fetch-failed  -            Seven Seas Roasting Company
[ 191/1102] fetch-failed  -            Pho Hiep & Grill
[ 192/1102] fetch-failed  -            Fat Joe’s O’side
[ 193/1102] fetch-failed  -            Kaito Sushi
[ 194/1102] fetch-failed  -            Donut Factory
[ 195/1102] fetch-failed  -            Tea Pavilion
[ 196/1102] fetch-failed  -            Chopsticks Chinese Cuisine
[ 197/1102] fetch-failed  -            YuJing Chinese Restaurant
[ 198/1102] fetch-failed  -            La Moreliana
[ 199/1102] fetch-failed  -            Banh Mi Blvd
[ 200/1102] fetch-failed  -            BB's Deli
[ 201/1102] fetch-failed  -            Dot Cafe
[ 202/1102] fetch-failed  -            Blue Pepper Asian Cuisine
[ 203/1102] fetch-failed  -            Bar Kamon
[ 204/1102] fetch-failed  -            Valentinas Taco Shop
[ 205/1102] fetch-failed  -            Memo's Golden Bagel
[ 206/1102] fetch-failed  -            The Reunion
[ 207/1102] fetch-failed  -            Seaview Restaurant
[ 208/1102] fetch-failed  -            Le Macaron French Pastries
[ 209/1102] fetch-failed  -            Iron Wok
[ 210/1102] fetch-failed  -            Lime in the Coconut
[ 211/1102] fetch-failed  -            Kalei's Kitchenette
[ 212/1102] fetch-failed  -            Eat Your Heart Out II
[ 213/1102] fetch-failed  -            Baja Rick's Cantina
[ 214/1102] fetch-failed  -            Rock On Pizza
[ 215/1102] fetch-failed  -            San Diego Blenders
[ 216/1102] fetch-failed  -            Joses Taco Shop
[ 217/1102] fetch-failed  -            Nanay's Best BBQ
[ 218/1102] fetch-failed  -            Victor's Kafe - Poway
[ 219/1102] fetch-failed  -            Purple Owl Cafe
[ 220/1102] fetch-failed  -            Sue's Korean Kitchen
[ 221/1102] fetch-failed  -            Little Ceasar's
[ 222/1102] fetch-failed  -            Black Radish
[ 223/1102] fetch-failed  -            Al Teatro Panini Grill
[ 224/1102] fetch-failed  -            Idego Coffee Roasters
[ 225/1102] fetch-failed  -            Explorers Café
[ 226/1102] fetch-failed  -            Criscito Pizza
[ 227/1102] fetch-failed  -            Rosarito's Mexican Food #2
[ 228/1102] fetch-failed  -            Tacoman
[ 229/1102] fetch-failed  -            Nolberto's Taco Shop
[ 230/1102] fetch-failed  -            Thai Fresh
[ 231/1102] fetch-failed  -            Sweet Revenge Bakery
[ 232/1102] fetch-failed  -            Fan-Fan
[ 233/1102] fetch-failed  -            Gotcha
[ 234/1102] fetch-failed  -            Surfdog's Java Hot
[ 235/1102] fetch-failed  -            Red Ribbon Bakeshop
[ 236/1102] fetch-failed  -            Hino
[ 237/1102] fetch-failed  -            The Luau
[ 238/1102] fetch-failed  -            Prince Hookah Cafe
[ 239/1102] fetch-failed  -            P B Pub
[ 240/1102] fetch-failed  -            Coral Tree Tea House
[ 241/1102] fetch-failed  -            World Famous I Bar
[ 242/1102] fetch-failed  -            Red Ribbon Bakeshop
[ 243/1102] fetch-failed  -            Mother's Kitchen
[ 244/1102] fetch-failed  -            Thai Style
[ 245/1102] fetch-failed  -            Mr. Charlie's
[ 246/1102] fetch-failed  -            Aztec Food Hub
[ 247/1102] fetch-failed  -            Brown Bag Deli
[ 248/1102] fetch-failed  -            The Halal Shack
[ 249/1102] fetch-failed  -            Corner Cafe | Chinese
[ 250/1102] fetch-failed  -            Crispy Chicken n' Tomato
[ 251/1102] fetch-failed  -            Tony’s Newport Cafe
[ 252/1102] fetch-failed  -            Zhang Liang Malatang
[ 253/1102] fetch-failed  -            Gong Cha
[ 254/1102] fetch-failed  -            Donut Stop
[ 255/1102] fetch-failed  -            Taco Time Food Truck
[ 256/1102] fetch-failed  -            Stagecoach Inn
[ 257/1102] fetch-failed  -            Kona Coffee
[ 258/1102] fetch-failed  -            D Wings & Ribs
[ 259/1102] fetch-failed  -            Panorama Bar & Grill
[ 260/1102] fetch-failed  -            The Elegant Truffle
[ 261/1102] fetch-failed  -            Nothing Bundt Cakes
[ 262/1102] fetch-failed  -            La Perlita Mexican Food
[ 263/1102] fetch-failed  -            The Crack Shack - Pacific Beach
[ 264/1102] fetch-failed  -            Seahorse Coffee
[ 265/1102] fetch-failed  -            Millport
[ 266/1102] fetch-failed  -            Matoi
[ 267/1102] fetch-failed  -            The Deli Stop
[ 268/1102] fetch-failed  -            Bonehead Burger Co.
[ 269/1102] fetch-failed  -            Poki Poki - Encinitas
[ 270/1102] fetch-failed  -            Cargo Cafe
[ 271/1102] fetch-failed  -            Chin's Gourmet
[ 272/1102] fetch-failed  -            Parkys
[ 273/1102] fetch-failed  -            Shanghai Cuisine
[ 274/1102] fetch-failed  -            Zhengxin Chicken Steak
[ 275/1102] fetch-failed  -            Topside Terrace Kitchen & Bar
[ 276/1102] fetch-failed  -            Sul & Beans
[ 277/1102] fetch-failed  -            Gor Gai Thai Eatery
[ 278/1102] fetch-failed  -            Elixir Espresso Bar
[ 279/1102] fetch-failed  -            Pho Olala
[ 280/1102] fetch-failed  -            China Express
[ 281/1102] fetch-failed  -            The Peruvian Spot
[ 282/1102] fetch-failed  -            ZzanG Hotdog & Chicken
[ 283/1102] fetch-failed  -            Hancock Street Cafe
[ 284/1102] fetch-failed  -            The Lean Machine Meal Prep
[ 285/1102] fetch-failed  -            Hooked On Pokè
[ 286/1102] fetch-failed  -            Sweetfin
[ 287/1102] fetch-failed  -            Roots Bowls
[ 288/1102] fetch-failed  -            Daniel's Taco Shop
[ 289/1102] fetch-failed  -            Teaspoon
[ 290/1102] fetch-failed  -            Deano's Pub
[ 291/1102] fetch-failed  -            Pick Up Stix Fresh Asian Flavors
[ 292/1102] fetch-failed  -            Chen Golden Palace
[ 293/1102] fetch-failed  -            Le Rendez-Vous French Bakery
[ 294/1102] fetch-failed  -            Channel 2 Sports Bar
[ 295/1102] fetch-failed  -            Hot or Not Thai
[ 296/1102] fetch-failed  -            Szechuan Chef Chinese Cuisine
[ 297/1102] fetch-failed  -            Rosaria's Pizza 4
[ 298/1102] fetch-failed  -            Bistro Kaz
[ 299/1102] fetch-failed  -            DaYung's Tea
[ 300/1102] fetch-failed  -            Tulum Seafood
[ 301/1102] fetch-failed  -            Flippin Pizza Encinitas
[ 302/1102] fetch-failed  -            Vitality Bowls
[ 303/1102] fetch-failed  -            Long Story Irish Pub
[ 304/1102] fetch-failed  -            La Central
[ 305/1102] fetch-failed  -            Upper East
[ 306/1102] fetch-failed  -            Mike Hess Brewing Tasting Room
[ 307/1102] fetch-failed  -            It's A Piece A Cake
[ 308/1102] fetch-failed  -            City Dragon
[ 309/1102] fetch-failed  -            Musashiya
[ 310/1102] fetch-failed  -            The Brass Rail
[ 311/1102] fetch-failed  -            Kinchana
[ 312/1102] fetch-failed  -            San Diego Eagle
[ 313/1102] fetch-failed  -            Goyo's Bakery
[ 314/1102] fetch-failed  -            Kaki Sushi
[ 315/1102] fetch-failed  -            Sidny's Bagels & Deli
[ 316/1102] fetch-failed  -            CAFE 160
[ 317/1102] fetch-failed  -            Mosa Tea
[ 318/1102] fetch-failed  -            Okavango Outpost
[ 319/1102] fetch-failed  -            Bale French Sandwiches
[ 320/1102] fetch-failed  -            Taste of Thai
[ 321/1102] fetch-failed  -            African Spices
[ 322/1102] fetch-failed  -            Spoon House
[ 323/1102] fetch-failed  -            Elsa's Kitchen
[ 324/1102] fetch-failed  -            Agave Taco Shop
[ 325/1102] fetch-failed  -            Hoffer's Cigar Bar
[ 326/1102] fetch-failed  -            Gloria's Taco Shop
[ 327/1102] fetch-failed  -            Mike's Giant New York Pizza
[ 328/1102] fetch-failed  -            Mad Munch Grilled Cheezer Co.
[ 329/1102] fetch-failed  -            La Michoacana
[ 330/1102] fetch-failed  -            JNC Pinoy Foodmart
[ 331/1102] fetch-failed  -            Achilles Coffee Roasters
[ 332/1102] fetch-failed  -            Dora
[ 333/1102] fetch-failed  -            Novecientos Grados by Tony Hawk
[ 334/1102] fetch-failed  -            Dine with Orcas
[ 335/1102] fetch-failed  -            Teriyaki Madness
[ 336/1102] fetch-failed  -            Cool Down Coffee
[ 337/1102] fetch-failed  -            Nobu
[ 338/1102] fetch-failed  -            Frida's Taqueria
[ 339/1102] fetch-failed  -            Thai Ladle
[ 340/1102] fetch-failed  -            Goli
[ 341/1102] fetch-failed  -            Bopomofo Cafe
[ 342/1102] fetch-failed  -            Leos Kitchen
[ 343/1102] fetch-failed  -            Lucky Doughnut
[ 344/1102] fetch-failed  -            Junction Bar & Grill
[ 345/1102] fetch-failed  -            Los Kompadres Mexican Food
[ 346/1102] fetch-failed  -            Juice Kaboose
[ 347/1102] fetch-failed  -            Manzanita Roasting Co
[ 348/1102] fetch-failed  -            Smittys Downtown
[ 349/1102] fetch-failed  -            Donut Bros
[ 350/1102] fetch-failed  -            La Nacional
[ 351/1102] fetch-failed  -            Deli Belly
[ 352/1102] fetch-failed  -            Tom's Chinese BBQ
[ 353/1102] fetch-failed  -            Pizzabilities - Alpine
[ 354/1102] fetch-failed  -            Urban Bubble
[ 355/1102] fetch-failed  -            Tasty Pizza Escondido LLC
[ 356/1102] fetch-failed  -            Tenkatori
[ 357/1102] fetch-failed  -            Hyderabad Cafe
[ 358/1102] fetch-failed  -            Roma's Pizza
[ 359/1102] fetch-failed  -            Ma's House
[ 360/1102] fetch-failed  -            Deano's Pub East
[ 361/1102] fetch-failed  -            Juice Stop Encinitas
[ 362/1102] fetch-failed  -            Angry Petes Pizza Point Loma
[ 363/1102] fetch-failed  -            Angela's Eccentric Kitchen
[ 364/1102] fetch-failed  -            Leucadia Pizza Point Loma
[ 365/1102] fetch-failed  -            La Banana Fr[ 366/1102] fetch-failed  -            La Banana Fruits - Fruteria
[ 3[ 367/1102] fetch-failed  -            Kind Coffee
[ 368/1102] fetch-failed  -            Star Express
[ 369/1102] fetch-failed  -            Picasso's Naturals
[ 370/1102] fetch-failed  -            Nova Easy Kombucha
[ 371/1102] fetch-failed  -            Pho G-Beef
[ 372/1102] fetch-failed  -            Rad Habits Juice
[ 373/1102] fetch-failed  -            Spicy Noodle
[ 374/1102] fetch-failed  -            Bonchon Chicken
[ 375/1102] fetch-failed  -            Ranch House Restaurant
[ 376/1102] fetch-failed  -            Del Sushi
[ 377/1102] fetch-failed  -            Village Pub
[ 378/1102] fetch-failed  -            Kona Kakes Tropical Cake Bakery
[ 379/1102] fetch-failed  -            Tastea
[ 380/1102] fetch-failed  -            U Dessert Eats
[ 381/1102] fetch-failed  -            Mariscos y Miches El Patron
[ 382/1102] fetch-failed  -            Juice Caboose
[ 383/1102] fetch-failed  -            Hometown Taste
[ 384/1102] fetch-failed  -            Granny's Apple Fries
[ 385/1102] fetch-failed  -            Burrito King
[ 386/1102] fetch-failed  -            Rocco's Pizza Deli
[ 387/1102] fetch-failed  -            Vica’s Cafe
[ 388/1102] fetch-failed  -            Burekas Box
[ 389/1102] fetch-failed  -            Unique Sandwiches
[ 390/1102] fetch-failed  -            Seven Seas Roasting
[ 391/1102] fetch-failed  -            El Mercadito
[ 392/1102] fetch-failed  -            Dog Leg Brewing
[ 393/1102] fetch-failed  -            Bowl To Go
[ 394/1102] fetch-failed  -            A Louest
[ 395/1102] fetch-failed  -            Java Earth Coffee
[ 396/1102] fetch-failed  -            Gihon Ethio[ 397/1102] fetch-failed  -            Star Dust Donut Shop
[ 398/1102] fetch-failed  -            Gihon Ethiopian Kitchen
[ 399/1102] fetch-failed  -            Orient Valley Filipino Cuisine
[ 400/1102] fetch-failed  -            Cheers
[ 401/1102] fetch-failed  -            Las Michoacanas
[ 402/1102] fetch-failed  -            Tutti Frutti Frozen Yogurt
[ 403/1102] fetch-failed  -            Cj Lounge
[ 404/1102] fetch-failed  -            The Pad Thai Stand
[ 405/1102] fetch-failed  -            Kinme Omakase
[ 406/1102] fetch-failed  -            Sarku Japan
[ 407/1102] fetch-failed  -            The Craft Taco at The Nat
[ 408/1102] fetch-failed  -            Erika's Mexican Food & Seafood
[ 409/1102] fetch-failed  -            Ten Seconds Yunnan Rice Noodle
[ 410/1102] fetch-failed  -            Social hookah lounge
[ 411/1102] fetch-failed  -            R3fresh Juice Bar
[ 412/1102] fetch-failed  -            Castelli & Pizarro Family Vineyards & Winery
[ 413/1102] fetch-failed  -            Bang Bang
[ 414/1102] fetch-failed  -            Jungle Tea
[ 415/1102] fetch-failed  -            Burros and Fries
[ 416/1102] fetch-failed  -            Papa's Pizza
[ 417/1102] fetch-failed  -            Park Commons
[ 418/1102] fetch-failed  -            Hongyuan Kebab
[ 419/1102] fetch-failed  -            SusieCakes - Carlsbad
[ 420/1102] fetch-failed  -            Tu Thanh
[ 421/1102] fetch-failed  -            Bobalicious
[ 422/1102] fetch-failed  -            China Fun
[ 423/1102] fetch-failed  -            La michoacana Plus San Diego #2
[ 424/1102] fetch-failed  -            Grab & Go - Mission Hills
[ 425/1102] fetch-failed  -            Rambler Coffee
[ 426/1102] fetch-failed  -            Kim's Bar-B-Que
[ 427/1102] fetch-failed  -            Tajima Ramen Crown Point
[ 428/1102] fetch-failed  -            K & K Orient Valley Food Center
[ 429/1102] fetch-failed  -            Hammer's New York Pizza
[ 430/1102] fetch-failed  -            PB Oriental
[ 431/1102] fetch-failed  -            DRIFT La Jolla
[ 432/1102] fetch-failed  -            Landshark Bar & Grill
[ 433/1102] fetch-failed  -            PKI Sushi
[ 434/1102] fetch-failed  -            Modern Times Coffee
[ 435/1102] fetch-failed  -            Marketplace Grille
[ 436/1102] fetch-failed  -            Del Cerro Pizza
[ 437/1102] fetch-failed  -            Leucadia [ 438/[ 438/1102] fetch-failed  -            Bar Ella
[ 439/1102] fetch-failed  -            Prendi E Vai
[ 440/1102] fetch-failed  -            Go Greek Authentic Yogurteria
[ 441/1102] fetch-failed  -            Tous les Jours
[ 442/1102] fetch-failed  -            Bubbles & Brews Cafe
[ 443/1102] fetch-failed  -            Sieu Sieu BBQ
[ 444/1102] fetch-failed  -            El Viejon
[ 445/1102] fetch-failed  -            Mariscos La [ 446/1[ 446/1102] fetch-failed  -            Cherry Bomb
[ 447/1102] fetch-failed  -            The Pearl Restaurant
[ 448/1102] fetch-failed  -            Casa Fiesta Juice Bar
[ 449/1102] fetch-failed  -            Flour Atelier
[ 450/1102] fetch-failed  -            Happytime Tea
[ 451/1102] fetch-failed  -            Möge Tee
[ 452/1102] fetch-failed  -            Knights' Smokehouse BBQ
[ 453/1102] fetch-failed  -            Imperial Palace
[ 454/1102] fetch-failed  -            Lapper Kitchen + Tap
[ 455/1102] fetch-failed  -            Roppongi
[ 456/1102] fetch-failed  -            Egg Holic
[ 457/1102] fetch-failed  -            Nothing Bundt Cakes
[ 458/1102] fetch-failed  -            Qin West
[ 459/1102] fetch-failed  -            Kim's Deli
[ 460/1102] fetch-failed  -            Quick Wok
[ 461/1102] fetch-failed  -            Vinya Yoga and Wine Bar
[ 462/1102] fetch-failed  -            Vinh Long Food To Go
[ 463/1102] fetch-failed  -            Taco Loco
[ 464/1102] no-platform   -            Campus Cafe
[ 465/1102] screened-out  shopify      Casa De Otay – The Casita
[ 466/1102] no-platform   -            Hua Mei Cafe
[ 467/1102] no-platform   -            Ching's Famous Hopia
[ 468/1102] no-platform   -            T. P. Bánh Bao 3
[ 469/1102] no-platform   -            Cafe Aero
[ 470/1102] no-platform   -            Necter Juice Bar
[ 471/1102] no-platform   -            LJ Crafted Wines - Wines & Tastings
[ 472/1102] no-platform   -            Presotea
[ 473/1102] no-platform   -            Gather
[ 474/1102] wrong-branch  order.online The Pad Thai Stand
[ 475/1102] no-platform   -            Josie's Hideout Saloon
[ 476/1102] no-platform   -            D'liteful Chocolat
[ 477/1102] fetch-failed  -            Oakberry Açaí bowls
[ 478/1102] no-platform   -            De Kotija Taco Shop LLC
[ 479/1102] no-platform   -            Creperie Antoi[ 480/[ 480/1102] fetch-failed  -            Bonita Donuts
[ 481/1102] needs-browser order.online Mochinut
[ 482/1102] needs-browser toast        Tree House
[ 483/1102] no-platform   -            Trevi Hills Winery
[ 484/1102] needs-browser order.online Poke One N Half
[ 485/1102] no-platform   -            Old Town Eatery[[ 486/1102] no-platform   -            Tasty Donuts
[ 487/1102] no-platform   -            Valerio's 1979
[ 488/1102] no-platform   -            Jamal's Chicken
[ 489/1102] no-platform   -            Tres Hermanos Locos Tacos
[ 490/1102] no-platform   -            Sydney's
[ 491/1102] needs-browser chownow      Off the Vine Gardens Deli And Catering
[ 492/1102] needs-browser Square Online (own domain) Cafe Pascale Grill & Deli
[ 493/1102] too-few       netwaiter    Guerrero Taco Shop
[ 494/1102] no-platform   -            Cha Cha Tea Spot
[ 495/1102] no-platform   -            Sunny Dumpling House
[ 496/1102] needs-browser Square Online storefront Bean Box
[ 497/1102] needs-browser -            Cluck N Sip
[ 498/1102] no-platform   -            DaYung's Tea
[ 499/1102] needs-browser -            Pure Squeeze
[ 500/1102] needs-browser -            Divina Matcha
[ 501/1102] no-platform   -            Nomada
[ 502/1102] fetch-failed  -            Yas Lounge
[ 503/1102] no-platform   -            Nothing Bundt Cakes
[ 504/1102] needs-browser -            56 Thai Cafe
[ 505/1102] too-few       netwaiter    Playa Azul Mariscos Restauran[ 506/1102] no-platform   -            56 Thai Cafe
[ 507/1102] no-platform   -            Ohana Nutrition
[ 508/1102] no-platform   -            Qualcomm Cafe Q
[ 509/1102] fetch-failed  -            Grubz
[ 510/1102] no-platform   -            Linda's Yogurt & Deli
[ 511/1102] no-platform   -            Asia Wok Teppanyaki & Chinese Food
[ 512/1102] no-platform   -            Bivouac Adventure Lodge Coffee Shop
[ 513/1102] needs-browser -            Boba Tea Spot
[ 514/110[ 514/1102] fetch-failed  -            Grubz
[ 515/1102] needs-browser Square Online storefront Montebello
[ 516/1102] fetch-failed  -            Warner Springs Golf Shop & Grill
[ 517/1102] no-platform   -            The Golf Bar
[ 518/1102] no-platform   -            The Grillery
[ 519/1102] no-platform   -            Cali Banh Mi
[ 520/1102] fetch-failed  -            Lambers Chinese Bakery
[ 521/1102] too-few       netwaiter    Ba Le French Sandwich Shop
[ 522/1102] fetch-failed  -            Tazza D'Oro
[ 523/1102] needs-browser Square Online storefront Cargo Cafe - Paseo Del Mar
[ 524/1102] no-platform   -            All Things Ube Desserts
[ 525/1102] no-platform   -            Pub 1795
[ 526/1102] no-platform   -            5 O'Clock Somewhere Rooftop Bar
[ 527/1102] no-platform   -            Pita Pit
[ 528/1102] fetch-failed  -            Paradise Kabob
[ 529/1102] needs-browser MealKeyWay   Suki Hana
[ 530/1102] no-platform   -            The Loft at UC San Diego
[ 531/1102] wrong-branch  popmenu      Alohana Açaí Bowls
[ 532/1102] fetch-failed  -            Route 6 Coffee & Smoothies
[ 533/1102] needs-browser -            Grab & Go
[ 534/1102] no-platform   -            Mike Hess Brewing - Seaport Village Taphouse
[ 535/1102] fetch-failed  -            Shabu Spot
[ 536/1102] needs-browser Paytronix    Ziggi's Coffee
[ 537/1102] needs-browser order.online La Pizzeria Arrivederci
[ 538/1102] too-few       netwaiter    J & J's Mexican Food
[ 539/1102] no-platform   -            Sunright Tea Studio
[ 540/1102] no-platform   -            Huy Ky Bakery
[ 541/1102] no-platform   -            Johnny Radz Pizza
[ 542/1102] too-few       netwaiter    Pizza Grande
[ 543/1102] no-platform   -            Zoo Brew
[ 544/1102] no-platform   -            Dockside Casual Seafood [ 545/11[ 545/1102] no-platform   -            F Street Cafe
[ 546/1102] wrong-branch  toast        Enoteca Buona Forchetta
[ 547/1102] no-platform   -            Zest Wine Bistro
[ 548/1102] needs-browser MealKeyWay   Yuki Yuki
[ 549/1102] no-platform   -            The MRKT
[ 550/1102] fetch-failed  -            Suki Hana
[ 551/1102] no-platform   -            Craft Pizza
[ 552/1102] fetch-failed  -            La Jolla Boba
[ 553/1102] too-few       netwaiter    Sandwich Place
[ 554/1102] no-platform   -            Forum Deli
[ 555/1102] no-platform   -            62 Area Chow [ 556/1102] too-few       netwaiter    Sandwich Place
[ 557/1102] no-platform   -            Test Kitchen
[ 558/1102] no-platform   -            Madina Market Halal Fast Food
[ 559/1102] fetch-failed  -            Royal Pearl Tea
[ 560/1102] fetch-failed  -            Healthy Grill Mediterranean
[ 561/1102] fetch-failed  -            Moniker General
[ 562/1102] no-platform   -            Plaza [ 563/1102] no-platform   -            Michoacana Mia - SDSU
[ 564/1102] fetch-failed  -            Market One
[ 565/1102] fetch-failed  -            longball cocktail
[ 566/1102] fetch-failed  -            Blue Bowl Superfoods
[ 567/1102] no-platform   -            Moniker General
[ 568/1102] fetch-failed  -            Chapters Cafe
[ 569/1102] no-platform   -            La Paloma
[ 570/1102] no-platform   -            Manta Pizza
[ 571/1102] needs-browser -            Fresca Deli .
[ 572/1102] no-platform   -            Sip Fresh
[ 573/1102] no-platform   -            Chester's
[ 574/1102] no-platform   -            Showa Ramen
[ 575/1102] no-platform   -            The Lookout at Lake Poway
[ 576/1102] no-platform   -            Mombasa Cooker
[ 577/1102] needs-browser order.online WUHU TEA & DELI
[ 578/1102] fetch-failed  -            Mister G Salsa
[ 579/1102] no-platform   -            Collette’s Collaborative Collective Cuisine
[ 580/1102] no-platform   -            Prado Perk
[ 581/1102] no-platform   -            El Cilantro Mexican Grill
[ 582/1102] no-platform   -            Surf City Squeeze
[ 583/1102] no-platform   -            Thérapie Bistro
[ 584/1102] fetch-failed  -            Unico Juice Shop
[ 585/1102] needs-browser Square Online storefront The Bean Box 701
[ 586/1102] no-platform   -            Topo's Tacos
[ 587/1102] no-platform   -            FLAVORS EXPRESS SDSU
[ 588/1102] no-platform   -            FiveO3 Pupusas
[ 589/1102] no-platform   -            Chagee
[ 590/1102] needs-browser Square Online storefront Ramen Station
[ 591/1102] needs-browser SpotOn       Oriste Fairway Cafe
[ 592/1102] no-platform   -            Finca Casa Blanca
[ 593/1102] no-platform   -            Lò Bánh Cuốn Tân Định
[ 594/1102] no-platform   -            Boba n More
[ 595/1102] fetch-failed  -            El huevo estrellado # 2
[ 596/1102] needs-browser Square Online storefront Cargo Cafe - Wateridge
[ 597/1102] needs-browser Square Online storefront Cargo Cafe - Gateway
[ 598/1102] no-platform   -            Bert's Bistro
[ 599/1102] no-platform   -            El Camino
[ 600/1102] fetch-failed  -            Med Cafe
[ 601/1102] no-platform   -            Bosley Cafe
[ 602/1102] no-platform   -            Rift Sand Bar
[ 603/1102] needs-browser -            Swami's
[ 604/1102] no-platform   -            3 Day Suit Broker
[ 605/1102] needs-browser chownow      Juice Caboose
[ 606/1102] no-platform   -            Winners Circle
[ 607/1102] no-platform   -            Coin Toss
[ 608/1102] no-platform   -            Basic
[ 609/1102] needs-browser toast        Coco Bomb
[ 610/1102] no-platform   -            Filling Station Pub and Grill
[ 611/1102] no-platform   -            The Caddyshack
[ 612/1102] no-platform   -            Allen's New York Pizza
[ 613/1102] needs-browser order.online Poki Poki
[ 614/1102] no-platform   -            Fairbanks
[ 615/1102] needs-browser Square Online storefront Copa Vida
[ 616/1102] needs-browser Square Online storefront Sushi Freak
[ 617/1102] no-platform   -            Thai Basil
[ 618/1102] needs-browser Square Online (own domain) Crepes
[ 619/1102] no-platform   -            GIHON Ethiopian Kitchen
[ 620/1102] needs-browser order.online Hummus Mediterranean Kitchen
[ 621/1102] no-platform   -            Hacienda De Vega
[ 622/1102] no-platform   -            Baja Fresh
[ 623/1102] fetch-failed  -            BurgerIM
[ 624/1102] no-platform   -            Valerio's Finest Bake Shop
[ 625/1102] no-platform   -            Taco King
[ 626/1102] no-platform   -            Birria El Rey
[ 627/1102] fetch-failed  -            Citrina Berry Fresh
[ 628/1102] no-platform   -            Silvia's Pupuseria
[ 629/1102] no-platform   -            Curbside Eatery & Drinkery
[ 630/1102] no-platform   -            Karihan Filipino Food
[ 631/1102] no-platform   -            Atelier Manna
[ 632/1102] no-platform   -            I Love Pho
[ 633/1102] no-platform   -            Beer Company
[ 634/1102] needs-browser toast        Trattoria da Sofia
[ 635/1102] no-platform   -            Rito’s Mexican Food
[ 636/1102] needs-browser -            Stella Jean's Ice Cream Kensington
[ 637/1102] no-platform   -            Crave
[ 638/1102] needs-browser SpotOn       CITRINA BERRY FRESH
[ 639/1102] no-platform   -            Stone Oven
[ 640/1102] no-platform   -            Terrace Lounge
[ 641/1102] needs-browser -            Golden Spoon Carlsbad Plaza
[ 642/1102] no-platform   -            Backyard Altar BBQ
[ 643/1102] needs-browser Square Online storefront Purl Tea San Marcos
[ 644/1102] no-platform   -            Pei Wei
[ 645/1102] needs-browser plain-html   Nick's on State
[ 646/1102] no-platform   -            Rare Society
[ 647/1102] no-platform   -            Bovino
[ 648/1102] no-platform   -            Fairbanks
[ 649/1102] no-platform   -            Cococabana
[ 650/1102] no-platform   -            Everest Himalayan Cuisine
[ 651/1102] no-platform   -            Paris Baguette
[ 652/1102] needs-browser -            Ding Tea Oceanside
[ 653/1102] needs-browser toast        Paradisaea
[ 654/1102] needs-browser -            Board & Brew - Escondido
[ 655/1102] no-platform   -            Green Vine Delicatessen
[ 656/1102] no-platform   -            Tacos de Birria El Chinito Jr
[ 657/1102] no-platform   -            China Fun
[ 658/1102] no-platform   -            Oaks Bar Grill
[ 659/1102] no-platform   -            That Pizza Place - Carlsbad
[ 660/1102] no-platform   -            La Sabrosita
[ 661/1102] needs-browser Square Online (own domain) Darshan Bakery
[ 662/1102] needs-browser slice        Fiori’s Pizza
[ 663/1102] needs-browser order.online Sabor a Vida Cafe & Deli
[ 664/1102] filed         toast        Friends of Friends
[ 665/1102] needs-browser toast        Taco Lounge Escaya
[ 666/1102] too-few       netwaiter    Appetite
[ 667/1102] no-platform   -            Monserate Winery
[ 668/1102] screened-out  shopify      Vigilante Coffee
[ 669/1102] screened-out  toast        Agave Birrieria
[ 670/1102] no-platform   -            Breakwater Brewing Co.
[ 671/1102] no-platform   -            Golden Corral
[ 672/1102] no-platform   -            Pho House
[ 673/1102] needs-browser -            Tita's Taco Shop
[ 674/1102] needs-browser chownow      Donburi Rice Bowls
[ 675/1102] filed         own-jsonld   Taco Machin
[ 676/1102] no-platform   -            Camino Riviera
[ 677/1102] fetch-failed  -            Gooseberries kafe
[ 678/1102] needs-browser toast        bcb Cafe
[ 679/1102] no-platform   -            Mendoza’s Mexican Food
[ 680/1102] wrong-branch  toast        Chin's Szechwan - Del Mar
[ 681/1102] needs-browser -            Trebol Mexican Restaurant
[ 682/1102] needs-browser SpotOn       Tasty Pho
[ 683/1102] no-platform   -            Draft Republic San Marcos
[ 684/1102] no-platform   -            Vinarius Wine Bar & Restaurant
[ 685/1102] needs-browser -            Village Roots Deli & Taproom
[ 686/1102] no-platform   -            Pho Oceanside
[ 687/1102] wrong-branch  chownow      Handel's Homemade Ice Cream
[ 688/1102] too-few       netwaiter    Su Pan Bakery El Cajon
[ 689/1102] needs-browser -            1022 Cafe & Gelateria
[ 690/1102] needs-browser order.online El Rinconcito Fruteria
[ 691/1102] needs-browser -            Taqueria El Kabron Jr.
[ 692/1102] needs-browser -            Tacaliente Mexican Grill
[ 693/1102] no-platform   -            Panda Imperial Restaurant
[ 694/1102] needs-browser SpotOn       Balsamico Italian Kitchen
[ 695/1102] gated         toast        Barn Door Public House
[ 696/1102] no-platform   -            Gelato 101 Solana Beach
[ 697/1102] fetch-failed  -            Nory's Donut & Bakery
[ 698/1[ 698/1102] no-platform   -            Paris Baguette
[ 699/1[ 699/1102] wrong-branch  toast        Bubba’s Smoke[ 700/1102] fetch-failed  -            Truluck's
[ 701/1102[ 701/1102] no-platform   -            Paris Baguette
[ 702/1102] no-platform   -            Backdraft Bar & Grill
[ 703/1102] fetch-failed  -            Cork N Brew
[ 704/1102] needs-browser HungerRush   Buonasera New York Pizzeria
[ 705/1102] no-platform   -            Ocean Thai Cuisine
[ 706/1102] needs-browser toast        Higher Grounds Coffee + Café
[ 707/1102] no-platform   -            Ono Hawaiian BBQ
[ 708/1102] no-platform   -            MOOYAH Burgers, Fries & Shakes
[ 709/1102] wrong-branch  toast        Cozy Corner
[ 710/1102] no-platform   -            Ernes Mexican Food & Breakfast
[ 711/1102] fetch-failed  -            Savory Thai Restaurant
[ 712/1102] no-platform   -            Finca
[ 713/1102] no-platform   -            Rancho Grande El Toro Mexican Cuisine
[ 714/1102] no-platform   -            Tacotarian San Diego
[ 715/1102] needs-browser Square Online storefront House of Pho
[ 716/1102] fetch-failed  -            Ju-ichi
[ 717/1102] no-platform   -            ZZan Sushi & Soju
[ 718/1102] needs-browser toast        Madeleine
[ 719/1102] no-platform   -            Graziano's Pizza Oceanside
[ 720/1102][ 720/1102] no-platform   -            Caribbea[ 721/1102] screened-out  shopify      Ascend Coffee Roasters
[ 722/1102] no-platform   -            China Fusion - Vista Way
[ 723/1102] needs-browser -            NuYo Frozen Yogurt Telegraph Canyon
[ 724/1102] needs-browser SpotOn       Souplantation
[ 725/1102] fetch-failed  -            Sunny Side Solana
[ 726/1102] no-platform   -            Bambinos Pizzeria & Deli #4
[ 727/1102] no-platform   -            Blanco Cocina + Canti[ 7[ 728/1102] screened-out  shopify      James Coffee Co.
[ 729/1102] needs-browser chownow      Parakeet Juicery - La Jolla
[ 730/1102] no-platform   -            Old World Meat Company
[ 731/1102] needs-browser clover       Himalayan Bistro Oceanside
[ 732/1102] no-platform   -            Panpan wok
[ 733/1102] no-platform   -            El After Social Club
[ 734/1102] fetch-failed  -            New York Buffalo Wings
[ 735/1102] no-platform   -            Sonny’s Pizza
[ 736/1102] needs-browser slice        Allen's New York Pizza
[ 737/1102] needs-browser toast        Prey Brewing Company
[ 738/1102] needs-browser slice        HillCrust Pizza
[ 739/1102] needs-browser -            Naked Pizza
[ 740/1102] no-platform   -            EL ENCANTO SD
[ 741/1102] needs-browser clover       Ryan Bros Coffee City Heights
[ 742/1102] wrong-branch  chownow      Handel’s Homemade Ice Cream
[ 743/1102] no-platform   -            Le Coq
[ 744/1102] no-platform   -            China bros
[ 745/1102] gated         toast        Aromi Italian Cuisine
[ 746/1102] needs-browser -            Sukho Thai Extraordinaire
[ 747/1102] no-platform   -            Belinda's Familia Mexican Food Truck
[ 748/1102] needs-browser toast        ALOHA GRILL
[ 749/1102] no-platform   -            Jaws Topokki
[ 750/1102] no-platform   -            AleSmith Brewing Company
[ 751/1102] needs-browser toast        Angry Chickz - Oceanside
[ 752/1102] gated         chownow      Finney's Cra[ 753/11[ 753/1102] no-platform   -            The Crimson Cake
[ 754/1102] no-platform   -            Sam's Farm Fresh
[ 755/1102] needs-browser MealKeyWay   Tengu Ramen
[ 756/1102] no-platform   -            Comstock Bar & Grill
[ 757/1102] no-platform   -            Emiliana's Mexican & Deli Food
[ 758/1102] needs-browser -            Baked Thicc
[ 759/1102] no-platform   -            Docent Br[ 760/1102] no-platform   -            Docent Brewing
[ 761/1102] screened-out  shopify      Ascend Coffee Roasters
[ 762/1102] needs-browser MealKeyWay   Hi!Dumplings
[ 763/1102] needs-browser Square Online storefront PB Poke House Oceanside
[ 764/1102] needs-browser toast        Smokin J's BBQ & Taphouse
[ 765/1102] too-few       netwaiter    Thai Pasta
[ 766/1102] needs-browser order.online El Ranchero
[ 767/1102] needs-browser spothopper   Players Sports Grill
[ 768/1102] no-platform   -            La Mesa Pizzaworks
[ 769/1102] wrong-branch  ubereats     SugarBears Sweet Provisions
[ 770/1102] no-platform   -            Great Wok of China
[ 771/1102] no-platform   -            Merenda
[ 772/1102] no-platform   -            Charli's Landing
[ 773/1102] no-platform   -            Urban Location Boba Tea House San Diego
[ 774/1102] screened-out  shopify      Trident Coffee Pacific Beach
[ 775/1102] no-platform   -            Eclipse [ 776/110[ 776/1102] no-platform   -            Sound by[ 777/110[ 777/1102] needs-browser toast        Leu Leu
[ 778/1102] no-platform   -            Thai Table Time
[ 779/1102] no-platform   -            Good Source Coffee
[ 780/1102] needs-browser MealKeyWay   Ocean Buffet
[ 781/1102] no-platform   -            Los Armando's Mexican Food
[ 782/1102] no-platform   -            Green Cheek Beer Co.
[ 783/1102] needs-browser plain-html   Chef’s Wok & Dumplings
[ 784/1102] needs-browser Square Online (own domain) Beach City Smoothies
[ 785/1102] no-platform   -            Flame Broiler
[ 786/1102] no-platform   -            Los Cucos Mexican Food
[ 787/1102] no-platform   -            Two Hands Corn Dog Mira Mesa
[ 788/1102] no-platform   -            UT-HO Boba & Baguette
[ 789/1102] no-platform   -            Gintaro Sushi
[ 790/1102] no-platform   -            Good Omen Coffee Co
[ 791/1102] no-platform   -            Pietro's Cucina Italiana
[ 792/1102] no-platform   -            Burtech Family Vineyard Tasting Room
[ 793/1102] no-platform   -            Paris Baguette
[ 794/1102] no-platform   -            El Flako's Wrangler Barbecue
[ 795/1102] no-platform   -            The Alley Otay Mesa
[ 796/1102] no-platform   -            Buffalo Wild Wings GO
[ 797/1102] no-platform   -            Tacos el Niño Santana
[ 798/1102] no-platform   -            Saigon Star Restaurant
[ 799/1102] needs-browser MealKeyWay   Pho Tan
[ 800/1102] no-platform   -            Diego's Taco Shop
[ 801/1102] no-platform   -            IZOLA
[ 802/1102] needs-browser order.online Burrito Leo's Mexican Food
[ 803/1102] too-few       netwaiter    Wings mix
[ 804/1102] no-platform   -            Fish Boon
[ 805/1102] needs-browser chownow      Burger Bench Vista
[ 806/1102] no-platform   -            TAKARAMONO SUSHI
[ 807/1102] no-platform   -            La Casa [ 808/[ 808/1102] no-platform   -            Pho Nam Cali
[ 809/1102] no-platform   -            Pei Wei
[ 810/1102] no-platform   -            Simply Fresh Thai
[ 811/1102] no-platform   -            Chocolate Bash
[ 812/1102] no-platform   -            Photo House
[ 813/1102] needs-browser order.online EsKiNiTa
[ 814/1102] no-platform   -            La Mesita Mexican Food
[ 815/1102] no-platform   -            Little Victory Wine Bar
[ 816/1102] screened-out  clover       Mission Baja Tacos
[ 817/1102] no-platform   -            T&T Tacos & Tequila Grill & Cantina
[ 818/1102] no-platform   -            Banzai Bowls
[ 819/1102] needs-browser toast        Fleurette
[ 820/1102] no-platform   -            Albor[ 821/1102] n[ 821/1102] needs-browser order.online Scoops Ocean Beach
[ 822/1102] needs-browser slice        West Coast Pizza Company
[ 823/1102] needs-browser toast        CTZN
[ 824/1102] no-platform   -            Buca di Beppo Italian Restaurant
[ 825/1102] no-platform   -            The Honor Bar
[ 826/1102] fetch-failed  -            the Koffie Co
[ 827/1102] no-platform   -            Acai Republic - Oceanside
[ 828/1102] needs-browser olo          Panini Kabob Grill - Park 12
[ 829/1102] no-platform   -            tiger!tiger!
[ 830/1102] fetch-failed  -            Kona Craft Cafe
[ 831/1102] no-platform   -            Piedra Santa
[ 832/1102] no-platform   -            Pha Khao Lao Cuisine
[ 833/1102] needs-browser -            QUICK BITES CAFE / Best Sandwiches
[ 834/1102] no-platform   -            Rocko's Famil[ 835/1102] n[ 835/1102] no-platform   -            Banzai Bowls
[ 836/1102] no-platform   -            Kiiro Sushi Izakaya
[ 837/1102] needs-browser slice        Pop's Pizza
[ 838/1102] no-platform   -            Thai Thai Melrose Restaurant
[ 839/1102] needs-browser toast        Breakers
[ 840/1102] no-platform   -            MAKE Cafe
[ 841/1102] fetch-failed  -            Top of the Bagel
[ 842/1102] no-platform   -            Monserate Winery
[ 843/1102] fetch-failed  -            Mandarin Wok Restaurant
[ 844/1102] needs-browser chownow      CinKuni (Italian & Japanese Cuisine)
[ 845/1102] no-platform   -            Troy's Greek Restaurant
[ 846/1102] no-platform   -            Olive Branch Eatery
[ 847/1102] no-platform   -            Rubio's Coastal G[ 848/1102] no-platform   -            Rubio's Coastal Grill
[ 849/1102] no-platform   -            Mr. Buffalo Fries
[ 850/1102] no-platform   -            Rubio's Coastal Grill
[ 851/1102] no-platform   -            PanPan Wok
[ 852/1102] no-platform   -            Cocina 35 brunch
[ 853/1102] no-platform   -            Rubio's Coastal Grill
[ 854/1102] no-platform   -            Ocean Thai Cuisine
[ 855/1102] no-platform   -            Bueno Wine & Goods
[ 856/1102] too-few       netwaiter    LA PLACE DELI
[ 857/1102] no-platform   -            Las Ricas Tortas
[ 858/1102] wrong-branch  toast        The Great Greek Mediterranean Grill - Oceanside, CA
[ 859/1102] needs-browser Square Online storefront iWok Chinese Kitchen
[ 860/1102] needs-browser slice        Little Sisters Pizza
[ 861/1102] needs-browser Square Online (own domain) Slurp
[ 862/1102] wrong-branch  order.online Captain Sam's Fish & [ 863/11[ 863/1102] no-platform   -            Mi Tierra Super Taco
[ 864/1102] no-platform   -            Little Hidden Bakery
[ 865/1102] no-platform   -            Una Mas on Adams
[ 866/1102] no-platform   -            Pizza Guys
[ 867/1102] needs-browser toast        Jolie
[ 868/1102] needs-browser toast        Brites Soft Serve
[ 869/1102] no-platform   -            Fortuna Ristorante Italiano
[ 870/1102] no-platform   -            PanPan Wok
[ 871/1102] no-platform   -            chance's coffee
[ 872/1102] no-platform   -            Urban Teri Kitchen
[ 873/1102] needs-browser order.online Halal Burger Co.
[ 874/1102] needs-browser order.online Chin's Szechwan - Point Loma
[ 875/1102] needs-browser Square Online (own domain) Le Charcuterie Bar
[ 876/1102] no-platform   -            Juice Holler
[ 877/1102] no-platform   -            Dark Horse Coffee Roasters
[ 878/1102] needs-browser toast        Little Kiki Katsu & More
[ 879/1102] screened-out  toast        Agave Birrieria
[ 880/1102] no-platform   -            North Park Creamery
[ 881/1102] no-platform   -            Leona's Cuc[ 882/1102] needs-browser olo          Coffee Bean
[ 883/1102] needs-browser Square Online (own domain) Beach City Smoothies - Oceanside
[ 884/1102] needs-browser HungerRush   Pop Pops Paleta
[ 885/11[ 885/1102] needs-browser HungerRush   Pop Pops Paleta
[ 886/1102] no-platform   -            PanPan wok
[ 887/1102] needs-browser Square Online storefront Mein St. Asian Kitchen
[ 888/1102] no-platform   -            Oriental Cafe | Chinese
[ 889/1102] no-platform   -            Pokeport Oceanside
[ 890/1102] no-platform   -            Uncle Feras Middle Eastern Restaurant
[ 891/1102] no-platform   -            La Costa Wine
[ 892/1102] no-platform   -            Queenstown Del Mar
[ 893/1102] no-platform   -            El Papas Fritas Taco Shop
[ 894/1102] no-platform   -            Noodle & Bun
[ 895/1102] no-platform   -            Ono Hawaiian BBQ
[ 896/1102] no-platform   -            Thai Thae Cuisine
[ 897/1102] no-platform   -            Poki Poki - Escondido
[ 898/1102] needs-browser Square Online (own domain) Chef Budda Blasian Soul Food LLC
[ 899/1102] no-platform   -            KABOB SHACK - EASTLAKE
[ 900/1102] no-platform   -            Chopsticks Inn Restaurant
[ 901/1102] no-platform   -            Egg Tuck
[ 902/1102] no-platform   -            For The Win - San Diego
[[ 903/1102] screened-out  order.online La Fresita Y Mas
[ 904/1102] no-platform   -            For The Win - San Diego
[ 905/1102] needs-browser MealKeyWay   Dumplings N More
[ 906/1102] no-platform   -            Christophe Rull Patisserie
[ 907/1102] fetch-failed  -            Antique Thai
[ 908/1102] no-platform   -            Love Letters Pizza
[ 909/1102] no-platform   -            Khyber Pass Zarparan Restaurant | Afghan
[ 910/1102] needs-browser order.online Torta Time
[ 911/1102] no-platform   -            Hilltop Cafe
[ 912/1102] no-platform   -            ZZan Sushi & Soju
[ 913/1102] no-platform   -            Board & Brew - Downtown San Diego
[ 914/1102] no-platform   -            The Poke Tea House
[ 915/1102] no-platform   -            ROBATA-X Sushi & Izakaya
[ 916/1102] no-platform   -            Huckleberry's Breakfast & Lunch
[ 917/1102] needs-browser toast        NOIR Sushi and Sake Fusion Lounge
[ 918/1102] needs-browser olo          Dimassi's Mediterranean Buffet
[ 919/1102] no-platform   -            Barrel Riot
[ 920/1102] wrong-branch  toast        TACO CENTRO
[ 921/1102] no-platform   -            Dalu Hawaiian BBQ
[ 922/1102] no-platform   -            Sabroso taco savor a mi tierra
[ 923/1102] needs-browser -            Habibi Mediterranean Grill
[ 924/1102] no-platform   -            La Jollita
[ 925/1102] no-platform   -            Mevan Coffee & Desserts & Brunch
[ 926/1102] no-platform   -            Bodega Market
[ 927/1102] no-platform   -            Scena Fusion Kitchen & Bar
[ 928/1102] no-platform   -            24 Suns
[ 929/1102] no-platform   -            Zuma San Diego
[ 930/1102] no-platform   -            Jalisco Cantina
[ 931/1102] no-platform   -            Hazel & Jade Bakery
[ 932/1102] no-platform   -            Peppoli's Pizza & Philly Steaks
[ 933/1102] needs-browser Square Online (own domain) The Cakery Cafe
[ 934/1102] no-platform   -            Ichitaru Ramen Carlsbad
[ 935/1102] no-platform   -            Lotho Deli
[ 936/1102] needs-browser SpotOn       Crest Taco
[ 937/1102] no-platform   -            Colosseo Cucina Italiana
[ 938/1102] fetch-failed  -            Quarter Deck Inn Cocktails
[ 939/1102] no-platform   -            Pompei Pizza
[ 940/1102] filed         wix          Sourpuss Donuts
[ 941/1102] no-platform   -            Hanna Garden
[ 942/1102] needs-browser chownow      Parakeet Cafe - Nau[ 943/[ 943/1102] needs-browser toast        Market St Pizzeria
[ 944/1102] no-platform   -            UT-HO Boba & Baguette
[ 945/1102] no-platform   -            Mexico City Cuisine-CoLab
[ 946/1102] no-platform   -            Taconora Pacific Beach
[ 947/1102] needs-browser slice        Pastalini
[ 948/1102] no-platform   -            Thai Table Time
[ 949/1102] no-platform   -            Little While
[ 950/1102] no-platform   -            Side Street Bowls & Smoothies
[ 951/1102] no-platform   -            Borrego Rooftop
[ 952/1102] no-platform   -            I Love Bagels
[ 953/1102] no-platform   -            Sono North Park
[ 954/1102] fetch-failed  -            Daisy Deli
[ 955/1102] no-platform   -            Mantra Raja
[ 956/1102] no-platform   -            The Morning Grove
[ 957/1102] needs-browser MealKeyWay   Pho Luu Escondido - Vietnamese Cuisine
[ 958/1102] filed         own-jsonld   SD giant pizza
[ 959/1102] no-platform   -            Krak Boba
[ 960/1102] no-platform   -            Barrio Food Hub
[ 961/1102] wrong-branch  toast        Blank Slate
[ 962/1102] no-platform   -            Monserate Winery
[ 963/1102] no-platform   -            Gaslamp Coffee Bar
[ 964/1102] no-platform   -            El Flako's Wrangler Barbecue
[ 965/1102] needs-browser toast        Okama Ramen and Grill
[ 966/1102] no-platform   -            One of Us
[ 967/1102] needs-browser toast        Grandson Steaks
[ 968/1102] no-platform   -            Crave & Feast
[ 969/1102] no-platform   -            Los Mexas
[ 970/1102] no-platform   -            Sola Cafe and Deli
[ 971/1102] wrong-branch  toast        Bubble & Butter
[ 972/1102] no-platform   -            The Encore Sushi
[ 973/1102] needs-browser Square Online storefront Empanada Kitchen
[ 974/1102] needs-browser toast        Cala La Jolla Café
[ 975/1102] no-platform   -            Badas burgers
[ 976/1102] needs-browser MenuSifu     Joyee Noodle House(UTC)
[ 977/1102] no-platform   -            Doc Holliday's
[ 978/1102] no-platform   -            Native Foods
[ 979/1102] wrong-branch  toast        Saigon Alley Kitchen & Bar
[ 980/1102] no-platform   -            Kasi
[ 981/1102] no-platform   -            Baba's Pizza
[ 982/1102] needs-browser -            Mirch Masala 2 Go
[ 983/1102] no-platform   -            El Dorado
[ 984/1102] needs-browser -            Sammy's Woodfire Pizza and Grille
[ 985/1102] screened-out  order.online Fish Restaurant
[ 986/1102] wrong-branch  toast        Gold Coffee Shop
[ 987/1102] needs-browser Square Online storefront Copa Vida
[ 988/1102] no-platform   -            Soda & Swine
[ 989/1102] needs-browser order.online Deli Belly
[ 990/1102] wrong-branch  toast        Blue Water Grill
[ 991/1102] fetch-failed  -            Rancho Cafe
[ 992/1102] no-platform   -            Pegah’s Kitchen
[ 993/1102] no-platform   -            Cafe Fresh
[ 994/1102] screened-out  shopify      Lofty Coffee
[ 995/1102] needs-browser Square Online storefront Empanada Kitchen
[ 996/1102] no-platform   -            Our Green Affair
[ 997/1102] no-platform   -            Nékter Juice Bar
[ 998/1102] no-platform   -            Cent'Anni Café
[ 999/1102] fetch-failed  -            Coco's Bakery
[1000/1102] no-platform   -            U31
[1001/1102] no-platform   -            Filibertos
[1002/1102] no-platform   -            Rush Bowls
[1003/1102] needs-browser -            The Hamlett
[1004/1102] wrong-branch  toast        The Coffee Spot
[1005/1102] fetch-failed  -            Island Market
[1006/1102] no-platform   -            Colimas Mexican Grull
[1007/1102] no-platform   -            Brick & Bell Plus
[1008/1102] no-platform   -            India Princess
[1009/1102] no-platform   -            Arctic Snacks
[1010/1102] no-platform   -            Village Inn
[1011/1102] no-platform   -            Kava Lounge
[1012/1102] no-platform   -            Jungle Cart
[1013/1102] no-platform   -            Veladora
[1014/1102] no-platform   -            Deja Vu
[1015/1102] no-platform   -            Tradewinds
[1016/1102] no-platform   -            Villa Fresh Italian Kitchen
[1017/1102] no-platform   -            Jordan
[1018/1102] no-platform   -            Fairbanks
[1019/1102] no-platform   -            Lion Camp Slush and Snacks
[1020/1102] no-platform   -            Our Green Affair
[1021/1102] needs-browser slice        Massachusetts Mike's Pizzeria
[1022/1102] fetch-failed  -            Mis Dos Gallos Taqueria, Fruit & Deli
[1023/1102] no-platform   -            Trisler's San Diego Wine Bar
[1024/1102] no-platform   -            Candelas
[1025/1102] no-platform   -            Shake Smart
[1026/1102] no-platform   -            Nicolosi's Pizza (Mira Lee Way)
[1027/1102] no-platform   -            Rice
[1028/1102] no-platform   -            Ituri Hut
[1029/1102] needs-browser Square Online storefront Prager Brothers Artisan Breads
[1030/1102] no-platform   -            CABETOS Pops
[1031/1102] no-platform   -            The Reading Club
[1032/1102] no-platform   -            Monster Snacks
[1033/1102] gated         chownow      Beeside Balcony La Jolla
[1034/1102] no-platform   -            Antique Row Cafe
[1035/1102] fetch-failed  -            Lefty's Cheesesteaks
[1036/1102] no-platform   -            Copper Kings San Marcos
[1037/1102] no-platform   -            Time Out Café
[1038/1102] no-platform   -            Oodles By The Nood Bar
[1039/1102] no-platform   -            Cocina Del Mar
[1040/1102] no-platform   -            Juice Alchemy
[1041/1102] no-platform   -            Sultan Baklava
[1042/1102] no-platform   -            Relic Bakery & Kitchen
[1043/1102] no-platform   -            La Salsa
[1044/1102] no-platform   -            CHINA CHEF 1
[1045/1102] fetch-failed  -            Kellys Pub
[1046/1102] no-platform   -            Safari Coffee Outpost
[1047/1102] wrong-branch  toast        Oceanside Fish Shop
[1048/1102] no-platform   -            Corbin's Q
[1049/1102] no-platform   -            Pizza Guys
[1050/1102] needs-browser -            Yogurt Lounge Serra Mesa
[1051/1102] no-platform   -            Canyon Inn
[1052/1102] no-platform   -            Mo-Mo Paradise
[1053/1102] filed         spothopper   Cabo Cantina
[1054/1102] too-few       own-jsonld   The Oceanaire Seafood Room
[1055/1102] no-platform   -            Chef Fei
[1056/1102] wrong-branch  toast        Lucha Libre Taco Shop
[1057/1102] fetch-failed  -            OB Kebab
[1058/1102] fetch-failed  -            OB Garden Café
[1059/1102] fetch-failed  -            Tacos Locos Tasty Mexican Food
[1060/1102] needs-browser Square Online (own domain) BCB Coffee
[1061/1102] no-platform   -            George’s Bar
[1062/1102] no-platform   -            Grover's Grill
[1063/1102] no-platform   -            House of Black
[1064/1102] no-platform   -            Creme De La Crepe
[1065/1102] no-platform   -            Noodles
[1066/1102] no-platform   -            Border X Brewing
[1067/1102] fetch-failed  -            Las Pinches Tortas
[1068/1102] no-platform   -            Taco Villa
[1069/1102] needs-browser Square Online storefront Copa Vida
[1070/1102] wrong-branch  toast        Carnitas’ Snack Shack
[1071/1102] no-platform   -            Aromas
[1072/1102] no-platform   -            Mission Brewing (fka Rough Draft)
[1073/1102] fetch-failed  -            Dryer's Ice Cream Parlor
[1074/1102] no-platform   -            University Towers Kitchen
[1075/1102] no-platform   -            Chicken & Crown
[1076/1102] no-platform   -            TEC Cafe
[1077/1102] no-platform   -            Sweet Labors
[1078/1102] fetch-failed  -            Trade Restaurant & Lounge
[1079/1102] needs-browser MealKeyWay   Yonny Mini Hotpot
[1080/1102] no-platform   -            Café de Anza
[1081/1102] needs-browser toast        BCB Coffee Company
[1082/1102] no-platform   -            Mawazo Kitchen
[1083/1102] fetch-failed  -            The Waterfront
[1084/1102] needs-browser Square Online storefront Cafecito 1806
[1085/1102] no-platform   -            SanSai Japanese Grill
[1086/1102] no-platform   -            The Santaluz Club Dining Room and Events
[1087/1102] no-platform   -            NM Cafe
[1088/1102] no-platform   -            Stony Mountain Bar & Grill
[1089/1102] no-platform   -            Inland Tavern
[1090/1102] fetch-failed  -            In Between
[1091/1102] needs-browser -            Casa de Freds
[1092/1102] fetch-failed  -            Capriotti's Sandwich Shop
[1093/1102] needs-browser -            Verde Kitchen & Bar
[1094/1102] no-platform   -            HACIENDITA BAKERY
[1095/1102] no-platform   -            Mama Kat's Restaurant and Pie Shop
[1096/1102] fetch-failed  -            All Fried Up
[1097/1102] no-platform   -            Oliva
[1098/1102] no-platform   -            Bean Sprouts
[1099/1102] fetch-failed  -            BunZ
[1100/1102] no-platform   -            The Grand Tradition
[1101/1102] no-platform   -            Buka - Taste of Nigeria
[1102/1102] no-platform   -            Ground Up Cafe

platform                       attempted         filed       too-few         gated  wrong-branch needs-browser   no-platform  fetch-failed  screened-out
none                                 897             0             0             0             0            37           420           440             0
toast                                 43             2             0             0            15            24             0             0             2
order.online                          29             0             0             0             3            22             0             0             4
Square Online storefront              26             0             0             0             0            26             0             0             0
chownow                               16             0             0             2             4            10             0             0             0
Square Online (own domain)            14             0             0             0             0            14             0             0             0
netwaiter                             13             0            13             0             0             0             0             0             0
MealKeyWay                            10             0             0             0             0            10             0             0             0
slice                                  9             0             0             0             0             9             0             0             0
spothopper                             7             1             0             0             0             6             0             0             0
shopify                                7             0             0             0             0             0             0             0             7
plain-html                             6             0             0             0             0             6             0             0             0
SpotOn                                 6             0             0             0             0             6             0             0             0
olo                                    5             0             0             0             0             5             0             0             0
clover                                 3             0             0             0             0             2             0             0             1
ubereats                               2             0             0             0             2             0             0             0             0
HungerRush                             2             0             0             0             0             2             0             0             0
own-jsonld                             2             1             1             0             0             0             0             0             0
GloriaFood widget                      1             0             0             0             0             1             0             0             0
popmenu                                1             0             0             0             1             0             0             0             0
Paytronix                              1             0             0             0             0             1             0             0             0
wix                                    1             1             0             0             0             0             0             0             0
MenuSifu                               1             0             0             0             0             1             0             0             0
TOTAL                               1102             5            14             2            25           182           420           440            14

5 menus, 124 dishes
wrote menus/wip/router-20260904-154002.json
wrote menus/wip/router-20260904-154002.notes.json
