queue 1105 with a website; routing 1105 at concurrency 4

[   1/1105] no-platform   -            FryYay
[   2/1105] needs-browser chownow      Burger Bench Escondido
[   3/1105] no-platform   -            Mimi's Cafe
[   4/1105] needs-browser chownow      Brigantine Seafood
[   5/1105] no-platform   -            Taquería Imperial
[   6/1105] fetch-failed  -            Public Square Coffee House
[   7/1105] screened-out  order.online Wood Ranch Mission Valley
[   8/1105] wrong-branch  order.online El Pueblo Mexican Food - Carlsbad
[   9/1105] no-platform   -            VG Donut & Bakery
[  10/1105] needs-browser Square Online storefront Wayfarer Bread & Pastry
[  11/1105] needs-browser order.online Tom's Famous Family Restaurant 24
[  12/1105] no-platform   -            Farmer & The Seahorse
[  13/1105] needs-browser order.online TOM's Famous Family Restaurant 22
[  14/1105] wrong-branch  chownow      Handel’s Homemade Ice Cream
[  15/1105] needs-browser plain-html   Por Favor El Cajon
[  16/1105] no-platform   -            Loreto's Taco Shop
[  17/1105] needs-browser plain-html   Papas & Tacos Mexican Food
[  18/1105] no-platform   -            Taco Bar
[  19/1105] fetch-failed  -            Gus's Subs & Pizza Place
[  20/1105] fetch-failed  -            Home Sweet Home Cafe
[  21/1105] no-platform   -            MooTime Creamery
[  22/1105] fetch-failed  -            Plazas Mexican Food
[  23/1105] needs-browser chownow      Parakeet Cafe - Little Italy
[  24/1105] needs-browser toast        Coya Peruvian Secret
[  25/1105] needs-browser GloriaFood widget That Mexican Place
[  26/1105] no-platform   -            Todo Sushi
[  27/1105] no-platform   -            El Real Mexican Food
[  28/1105] no-platform   -            Lanna Thai Cuisine
[  29/1105] no-platform   -            Anita's Mexican Restaurant & Cantina
[  30/1105] screened-out  order.online Grandma Tofu & BBQ
[  31/1105] needs-browser -            The Asian Bistro
[  32/1105] needs-browser slice        Pastalini
[  33/1105] no-platform   -            Otay Mandarin Chinese Restaurant
[  34/1105] no-platform   -            Hanu Korean BBQ
[  35/1105] needs-browser olo          Panini Kabob Grill - Mission Valley
[  36/1105] fetch-failed  -            Los Reyes Mexican Restaurant & Cantina
[  37/1105] needs-browser Square Online storefront skybound coffee + dessert lounge
[  38/1105] no-platform   -            It's Raw Poke Shop
[  39/1105] needs-browser order.online Sancho's Tacos
[  40/1105] no-platform   -            Antonio's Mexican Food
[  41/1105] needs-browser Square Online (own domain) Up2You Cafe
[  42/1105] no-platform   -            Urban Crave
[  43/1105] no-platform   -            Urban Crave
[  44/1105] no-platform   -            Boudin SF
[  45/1105] needs-browser plain-html   Nick's Del Mar
[  46/1105] no-platform   -            Stake Chophouse & Bar
[  47/1105] fetch-failed  -            La Concha Bakery
[  48/1105] needs-browser olo          Better Buzz Coffee Pacific Beach Grand
[  49/1105] too-few       netwaiter    Connie's
[  50/1105] no-platform   -            Lucy's Bakery
[  51/1105] needs-browser plain-html   Pancho's Mexican Restaurant
[  52/1105] needs-browser order.online Robertito's Mexican Food
[  53/1105] no-platform   -            Muay Thai Kitchen
[  54/1105] no-platform   -            Baci Restaurant | Italian
[  55/1105] no-platform   -            Nado Republic
[  56/1105] no-platform   -            Umai Sushi
[  57/1105] needs-browser Square Online (own domain) Camp Coffee Company
[  58/1105] needs-browser -            Beyer Deli
[  59/1105] needs-browser toast        Shaks Mediterranean Bistro
[  60/1105] needs-browser Square Online (own domain) Portal Coffee
[  61/1105] no-platform   -            Golden Donut
[  62/1105] wrong-branch  ubereats     Broad Street Dough Co
[  63/1105] wrong-branch  chownow      Handel’s Homemade Ice Cream
[  64/1105] no-platform   -            San Luis Mexican Food
[  65/1105] needs-browser spothopper   Los Panchos Mexican Grill & Seafood
[  66/1105] fetch-failed  -            Mi Ranchito Taco Shop
[  67/1105] needs-browser Square Online storefront Prager Brothers Artisan Breads
[  68/1105] needs-browser MealKeyWay   Dumplings N More
[  69/1105] no-platform   -            Superbloom Coffee & Juice
[  70/1105] needs-browser Square Online storefront Maan's Mediterranean Grill
[  71/1105] needs-browser spothopper   Penelopes Mexican Food
[  72/1105] no-platform   -            The Remy
[  73/1105] no-platform   -            The Cowshed
[  74/1105] needs-browser Square Online (own domain) Barrio Donas
[  75/1105] fetch-failed  -            Bonchon Chicken
[  76/1105] filed         own-jsonld   Clayton's Bakery & Bistro
[  77/1105] no-platform   -            Yingli Restaurant | Chula Vista
[  78/1105] no-platform   -            Red Lobster
[  79/1105] needs-browser spothopper   Curry & More - Indian Bistro
[  80/1105] needs-browser spothopper   3N1 Sports Bar & Grill
[  81/1105] needs-browser order.online Scoops La Jolla
[  82/1105] fetch-failed  -            Edelweiss Bakery
[  83/1105] no-platform   -            Señor Taquero
[  84/1105] screened-out  clover       Royal Sweets
[  85/1105] too-few       netwaiter    Aiberto's Taco Shop
[  86/1105] fetch-failed  -            Leucadia Donut Shoppe
[  87/1105] needs-browser -            Tabu Sushi Bar & Grill Santee
[  88/1105] no-platform   -            Red Fox Room and Steakhouse
[  89/1105] no-platform   -            SOMISOMI
[  90/1105] wrong-branch  chownow      Handel's Homemade Ice Cream
[  91/1105] fetch-failed  -            Pacific Beach Ice Cream Co.
[  92/1105] wrong-branch  order.online Lourdes Mexican Food To Go
[  93/1105] fetch-failed  -            Arizona Chinese Restaurant
[  94/1105] no-platform   -            Sushi Factory
[  95/1105] no-platform   -            Hidden Fish
[  96/1105] no-platform   -            Big Front Door
[  97/1105] needs-browser Square Online storefront Bay Park Coffee
[  98/1105] needs-browser Square Online storefront Portinos Restaurant
[  99/1105] no-platform   -            Emma's Mexican Food
[ 100/1105] needs-browser -            Rosarito's Mexican Food #1
[ 101/1105] no-platform   -            El Charro Mexican Food
[ 102/1105] needs-browser spothopper   il Sogno Italiano
[ 103/1105] too-few       netwaiter    Mary Ettas Cafe
[ 104/1105] needs-browser Square Online storefront Sandwich Emporium
[ 105/1105] needs-browser order.online Gelato Paradiso
[ 106/1105] no-platform   -            Hanna's Gourmet
[ 107/1105] needs-browser Square Online storefront Pink Rose Cafe
[ 108/1105] no-platform   -            Angelito's Fruteria Y Neveria
[ 109/1105] needs-browser -            Yogurt Heaven
[ 110/1105] no-platform   -            Flora
[ 111/1105] needs-browser toast        Valentina
[ 112/1105] needs-browser slice        Italia Pizza
[ 113/1105] no-platform   -            Honey Baked Ham
[ 114/1105] no-platform   -            Lucy's Bakery
[ 115/1105] needs-browser olo          Randy's Donuts
[ 116/1105] no-platform   -            Cafe Bella Drive Thru
[ 117/1105] fetch-failed  -            Camel's Bar and Grill
[ 118/1105] no-platform   -            Off The 8 Café
[ 119/1105] no-platform   -            Wahoo's Fish Taco
[ 120/1105] needs-browser olo          Luna Grill Millenia
[ 121/1105] no-platform   -            Royal India Express
[ 122/1105] needs-browser Square Online (own domain) Solana Sumptuous Cookies
[ 123/1105] needs-browser MealKeyWay   Surfing Crab Escondido
[ 124/1105] fetch-failed  -            We Olive & Wine Bar
[ 125/1105] screened-out  menufy       Ginza Sushi
[ 126/1105] no-platform   -            Tropifruit Juice Bar
[ 127/1105] no-platform   -            Dragon Express
[ 128/1105] no-platform   -            Cow-A-Bunga Ice Cream & Coffee
[ 129/1105] needs-browser Square Online (own domain) Serrano's Mexican Food
[ 130/1105] no-platform   -            Ike's Love & Sandwiches
[ 131/1105] needs-browser spothopper   Santos Coffee
[ 132/1105] fetch-failed  -            Thai Island@
[ 133/1105] no-platform   -            Rosemonts Cafe
[ 134/1105] no-platform   -            BKK THAI KITCHEN
[ 135/1105] fetch-failed  -            Palomino's Mexican & Seafood
[ 136/1105] fetch-failed  -            The Art of Espresso
[ 137/1105] screened-out  shopify      La Colombe Coffee Roasters
[ 138/1105] no-platform   -            Athens Market Taverna
[ 139/1105] no-platform   -            Shozen BBQ
[ 140/1105] no-platform   -            PGA Tour Grill
[ 141/1105] needs-browser order.online San Diego Sandwich Co
[ 142/1105] no-platform   -            Mexico Lindo Restaurant
[ 143/1105] needs-browser Square Online (own domain) Matcha Cafe Maiko - Escondido
[ 144/1105] needs-browser -            Marieta's Mexican Food
[ 145/1105] no-platform   -            Eugenio Italian Ristorante & More
[ 146/1105] needs-browser HungerRush   Flippin' Pizza La Costa
[ 147/1105] fetch-failed  -            @Spacebar Cafe
[ 148/1105] no-platform   -            Cake de Partie
[ 149/1105] needs-browser -            Hanna Garden
[ 150/1105] no-platform   -            Uncle Biffs California Killer Cookies
[ 151/1105] no-platform   -            Donuts Plus
[ 152/1105] no-platform   -            La Mixteca
[ 153/1105] wrong-branch  chownow      Handel's Homemade Ice Cream
[ 154/1105] no-platform   -            Silverlake Ramen
[ 155/1105] needs-browser -            Bravo Cafe
[ 156/1105] needs-browser SpotOn       Porky's Lechon Barbecue
[ 157/1105] no-platform   -            Pizza Mania
[ 158/1105] no-platform   -            Kokoro Restaurant
[ 159/1105] needs-browser Square Online storefront Crossroads Deli
[ 160/1105] filed         shopify      Flor and Seed Coffee Roasters
[ 161/1105] needs-browser Square Online (own domain) Elixir Espresso & Wine Bar
[ 162/1105] too-few       netwaiter    Opa Greek Restaurant & Grill
[ 163/1105] no-platform   -            KD's Donuts
[ 164/1105] no-platform   -            Valerio's 1979
[ 165/1105] no-platform   -            Imperial Express
[ 166/1105] fetch-failed  -            Potato Corner
[ 167/1105] fetch-failed  -            Cielo Rooftop
[ 168/1105] no-platform   -            The Orient Thai
[ 169/1105] needs-browser -            The Naked Cafe
[ 170/1105] no-platform   -            Kaffee Meister
[ 171/1105] needs-browser olo          Luna Grill Encinitas
[ 172/1105] no-platform   -            The Leucadian
[ 173/1105] fetch-failed  -            Tak Grill Fresh Mediterranean Food
[ 174/1105] no-platform   -            Beach + Taco Shack
[ 175/1105] no-platform   -            Nothing Bundt Cakes
[ 176/1105] needs-browser Square Online storefront Thyme for Lunch Cafe & Grill
[ 177/1105] no-platform   -            ENO Market & Pizzeria
[ 178/1105] needs-browser -            Phở Hòa Restaurant | Vietnamese
[ 179/1105] no-platform   -            White Labs Brewing Co - San Diego
[ 180/1105] screened-out  menufy       IB Thai
[ 181/1105] no-platform   -            SoCal Sushi
[ 182/1105] no-platform   -            Glazed Coffee & Creamery
[ 183/1105] no-platform   -            Ko-Li Bar
[ 184/1105] needs-browser Square Online storefront Mesa Agricola
[ 185/1105] no-platform   -            Que Tortas
[ 186/1105] needs-browser Square Online (own domain) Industrial Grind Coffee
[ 187/1105] no-platform   -            Rosarito's Mexican Food #7
[ 188/1105] screened-out  shopify      James Coffee Co
[ 189/1105] no-platform   -            Kaito Sushi
[ 190/1105] needs-browser chownow      Pho Hiep & Grill
[ 191/1105] screened-out  shopify      Seven Seas Roasting Company
[ 192/1105] fetch-failed  -            Donut Factory
[ 193/1105] needs-browser -            Fat Joe’s O’side
[ 194/1105] no-platform   -            Chopsticks Chinese Cuisine
[ 195/1105] no-platform   -            The Grounds Bean Bar
[ 196/1105] no-platform   -            YuJing Chinese Restaurant
[ 197/1105] needs-browser -            Banh Mi Blvd
[ 198/1105] needs-browser Square Online (own domain) Dot Cafe
[ 199/1105] no-platform   -            La Moreliana
[ 200/1105] no-platform   -            Tea Pavilion
[ 201/1105] fetch-failed  -            Valentinas Taco Shop
[ 202/1105] no-platform   -            Blue Pepper Asian Cuisine
[ 203/1105] fetch-failed  -            Memo's Golden Bagel
[ 204/1105] needs-browser order.online BB's Deli
[ 205/1105] fetch-failed  -            The Reunion
[ 206/1105] needs-browser -            Seaview Restaurant
[ 207/1105] needs-browser order.online Le Macaron French Pastries
[ 208/1105] fetch-failed  -            Eat Your Heart Out II
[ 209/1105] needs-browser MealKeyWay   Iron Wok
[ 210/1105] needs-browser SpotOn       Kalei's Kitchenette
[ 211/1105] needs-browser toast        Lime in the Coconut
[ 212/1105] no-platform   -            Baja Rick's Cantina
[ 213/1105] no-platform   -            Joses Taco Shop
[ 214/1105] needs-browser slice        Rock On Pizza
[ 215/1105] no-platform   -            San Diego Blenders
[ 216/1105] no-platform   -            Nanay's Best BBQ
[ 217/1105] needs-browser Square Online storefront Sue's Korean Kitchen
[ 218/1105] no-platform   -            Purple Owl Cafe
[ 219/1105] fetch-failed  -            Al Teatro Panini Grill
[ 220/1105] no-platform   -            Little Ceasar's
[ 221/1105] no-platform   -            Black Radish
[ 222/1105] fetch-failed  -            Bistro Pazzo
[ 223/1105] fetch-failed  -            Idego Coffee Roasters
[ 224/1105] no-platform   -            Criscito Pizza
[ 225/1105] fetch-failed  -            Rosarito's Mexican Food #2
[ 226/1105] no-platform   -            Explorers Café
[ 227/1105] needs-browser Square Online storefront Tacoman
[ 228/1105] too-few       netwaiter    Nolberto's Taco Shop
[ 229/1105] no-platform   -            Sweet Revenge Bakery
[ 230/1105] fetch-failed  -            Bar Kamon
[ 231/1105] no-platform   -            Surfdog's Java Hot
[ 232/1105] no-platform   -            Red Ribbon Bakeshop
[ 233/1105] fetch-failed  -            Thai Fresh
[ 234/1105] no-platform   -            Hino
[ 235/1105] no-platform   -            The Luau
[ 236/1105] no-platform   -            Coral Tree Tea House
[ 237/1105] fetch-failed  -            Prince Hookah Cafe
[ 238/1105] no-platform   -            World Famous I Bar
[ 239/1105] fetch-failed  -            P B Pub
[ 240/1105] no-platform   -            Red Ribbon Bakeshop
[ 241/1105] fetch-failed  -            Victor's Kafe - Poway
[ 242/1105] no-platform   -            Mother's Kitchen
[ 243/1105] needs-browser Square Online storefront Fan-Fan
[ 244/1105] no-platform   -            Thai Style
[ 245/1105] no-platform   -            Brown Bag Deli
[ 246/1105] no-platform   -            The Halal Shack
[ 247/1105] no-platform   -            Aztec Food Hub
[ 248/1105] fetch-failed  -            Gotcha
[ 249/1105] needs-browser order.online Mr. Charlie's
[ 250/1105] no-platform   -            Corner Cafe | Chinese
[ 251/1105] no-platform   -            Crispy Chicken n' Tomato
[ 252/1105] needs-browser plain-html   Donut Stop
[ 253/1105] no-platform   -            Tony’s Newport Cafe
[ 254/1105] no-platform   -            Gong Cha
[ 255/1105] no-platform   -            Zhang Liang Malatang
[ 256/1105] no-platform   -            Taco Time Food Truck
[ 257/1105] no-platform   -            The Elegant Truffle
[ 258/1105] needs-browser SpotOn       D Wings & Ribs
[ 259/1105] no-platform   -            Kona Coffee
[ 260/1105] no-platform   -            Millport
[ 261/1105] needs-browser -            Panorama Bar & Grill
[ 262/1105] no-platform   -            Nothing Bundt Cakes
[ 263/1105] no-platform   -            La Perlita Mexican Food
[ 264/1105] no-platform   -            The Deli Stop
[ 265/1105] no-platform   -            Seahorse Coffee
[ 266/1105] fetch-failed  -            Stagecoach Inn
[ 267/1105] needs-browser toast        Matoi
[ 268/1105] wrong-branch  toast        The Crack Shack - Pacific Beach
[ 269/1105] needs-browser order.online Poki Poki - Encinitas
[ 270/1105] needs-browser Square Online storefront Cargo Cafe
[ 271/1105] no-platform   -            Parkys
[ 272/1105] fetch-failed  -            Topside Terrace Kitchen & Bar
[ 273/1105] needs-browser MealKeyWay   Zhengxin Chicken Steak
[ 274/1105] no-platform   -            Chin's Gourmet
[ 275/1105] no-platform   -            Shanghai Cuisine
[ 276/1105] needs-browser chownow      Gor Gai Thai Eatery
[ 277/1105] needs-browser Square Online (own domain) Elixir Espresso Bar
[ 278/1105] needs-browser Square Online storefront Sul & Beans
[ 279/1105] fetch-failed  -            Pho Olala
[ 280/1105] no-platform   -            The Peruvian Spot
[ 281/1105] no-platform   -            The Lean Machine Meal Prep
[ 282/1105] needs-browser Square Online storefront ZzanG Hotdog & Chicken
[ 283/1105] needs-browser -            Hancock Street Cafe
[ 284/1105] needs-browser toast        Bonehead Burger Co.
[ 285/1105] no-platform   -            China Express
[ 286/1105] needs-browser olo          Sweetfin
[ 287/1105] no-platform   -            Teaspoon
[ 288/1105] screened-out  clover       Hooked On Pokè
[ 289/1105] needs-browser order.online Daniel's Taco Shop
[ 290/1105] fetch-failed  -            Roots Bowls
[ 291/1105] no-platform   -            Pick Up Stix Fresh Asian Flavors
[ 292/1105] no-platform   -            Channel 2 Sports Bar
[ 293/1105] no-platform   -            Chen Golden Palace
[ 294/1105] needs-browser SpotOn       Hot or Not Thai
[ 295/1105] needs-browser MealKeyWay   Szechuan Chef Chinese Cuisine
[ 296/1105] needs-browser -            Bistro Kaz
[ 297/1105] needs-browser HungerRush   Flippin Pizza Encinitas
[ 298/1105] fetch-failed  -            Deano's Pub
[ 299/1105] needs-browser order.online DaYung's Tea
[ 300/1105] no-platform   -            La Central
[ 301/1105] fetch-failed  -            Le Rendez-Vous French Bakery
[ 302/1105] no-platform   -            Vitality Bowls
[ 303/1105] no-platform   -            Mike Hess Brewing Tasting Room
[ 304/1105] fetch-failed  -            Long Story Irish Pub
[ 305/1105] no-platform   -            It's A Piece A Cake
[ 306/1105] needs-browser toast        Upper East
[ 307/1105] no-platform   -            Musashiya
[ 308/1105] no-platform   -            San Diego Eagle
[ 309/1105] no-platform   -            City Dragon
[ 310/1105] no-platform   -            The Brass Rail
[ 311/1105] no-platform   -            Sidny's Bagels & Deli
[ 312/1105] fetch-failed  -            Tulum Seafood
[ 313/1105] too-few       netwaiter    Goyo's Bakery
[ 314/1105] no-platform   -            CAFE 160
[ 315/1105] no-platform   -            Okavango Outpost
[ 316/1105] fetch-failed  -            Rosaria's Pizza 4
[ 317/1105] no-platform   -            Kaki Sushi
[ 318/1105] no-platform   -            Bale French Sandwiches
[ 319/1105] needs-browser order.online Taste of Thai
[ 320/1105] no-platform   -            African Spices
[ 321/1105] fetch-failed  -            Spoon House
[ 322/1105] needs-browser order.online Elsa's Kitchen
[ 323/1105] no-platform   -            Hoffer's Cigar Bar
[ 324/1105] needs-browser Square Online storefront Mad Munch Grilled Cheezer Co.
[ 325/1105] needs-browser toast        Agave Taco Shop
[ 326/1105] fetch-failed  -            Kinchana
[ 327/1105] no-platform   -            Gloria's Taco Shop
[ 328/1105] needs-browser plain-html   JNC Pinoy Foodmart
[ 329/1105] screened-out  slice        Mike's Giant New York Pizza
[ 330/1105] no-platform   -            La Michoacana
[ 331/1105] fetch-failed  -            Mosa Tea
[ 332/1105] no-platform   -            Dine with Orcas
[ 333/1105] wrong-branch  toast        Achilles Coffee Roasters
[ 334/1105] no-platform   -            Dora
[ 335/1105] no-platform   -            Novecientos Grados by Tony Hawk
[ 336/1105] no-platform   -            Cool Down Coffee
[ 337/1105] no-platform   -            Nobu
[ 338/1105] no-platform   -            Bopomofo Cafe
[ 339/1105] no-platform   -            Teriyaki Madness
[ 340/1105] no-platform   -            Lucky Doughnut
[ 341/1105] screened-out  order.online Frida's Taqueria
[ 342/1105] needs-browser chownow      Leos Kitchen
[ 343/1105] needs-browser chownow      Juice Kaboose
[ 344/1105] no-platform   -            Los Kompadres Mexican Food
[ 345/1105] needs-browser toast        Junction Bar & Grill
[ 346/1105] no-platform   -            Smittys Downtown
[ 347/1105] needs-browser toast        Thai Ladle
[ 348/1105] wrong-branch  clover       Manzanita Roasting Co
[ 349/1105] no-platform   -            Tom's Chinese BBQ
[ 350/1105] no-platform   -            Pizzabilities - Alpine
[ 351/1105] no-platform   -            Urban Bubble
[ 352/1105] needs-browser order.online Donut Bros
[ 353/1105] no-platform   -            La Nacional
[ 354/1105] too-few       netwaiter    Roma's Pizza
[ 355/1105] needs-browser order.online Deli Belly
[ 356/1105] wrong-branch  clover       Hyderabad Cafe
[ 357/1105] needs-browser Square Online storefront Tasty Pizza Escondido LLC
[ 358/1105] no-platform   -            Tenkatori
[ 359/1105] needs-browser MealKeyWay   Ma's House
[ 360/1105] no-platform   -            Juice Stop Encinitas
[ 361/1105] no-platform   -            Angela's Eccentric Kitchen
[ 362/1105] no-platform   -            Kind Coffee
[ 363/1105] needs-browser SpotOn       La Banana Fruits - Fruteria
[ 364/1105] no-platform   -            Leucadia Pizza Point Loma
[ 365/1105] no-platform   -            Picasso's Naturals
[ 366/1105] too-few       netwaiter    Star Express
[ 367/1105] no-platform   -            Understory Bar
[ 368/1105] no-platform   -            Nova Easy Kombucha
[ 369/1105] fetch-failed  -            Deano's Pub East
[ 370/1105] needs-browser Square Online (own domain) Rad Habits Juice
[ 371/1105] needs-browser toast        Angry Petes Pizza Point Loma
[ 372/1105] needs-browser MealKeyWay   Spicy Noodle
[ 373/1105] no-platform   -            Ranch House Restaurant
[ 374/1105] no-platform   -            Pho G-Beef
[ 375/1105] fetch-failed  -            Bonchon Chicken
[ 376/1105] no-platform   -            Village Pub
[ 377/1105] no-platform   -            U Dessert Eats
[ 378/1105] no-platform   -            Tastea
[ 379/1105] no-platform   -            Del Sushi
[ 380/1105] needs-browser chownow      Juice Caboose
[ 381/1105] no-platform   -            Burrito King
[ 382/1105] needs-browser SpotOn       Mariscos y Miches El Patron
[ 383/1105] no-platform   -            Hometown Taste
[ 384/1105] no-platform   -            Granny's Apple Fries
[ 385/1105] no-platform   -            Kona Kakes Tropical Cake Bakery
[ 386/1105] no-platform   -            Rocco's Pizza Deli
[ 387/1105] screened-out  shopify      Seven Seas Roasting
[ 388/1105] fetch-failed  -            El Mercadito
[ 389/1105] needs-browser -            Bowl To Go
[ 390/1105] no-platform   -            Unique Sandwiches
[ 391/1105] needs-browser Square Online storefront Dog Leg Brewing
[ 392/1105] no-platform   -            Gihon Ethiopian Kitchen
[ 393/1105] needs-browser toast        Burekas Box
[ 394/1105] no-platform   -            A Louest
[ 395/1105] no-platform   -            Java Earth Coffee
[ 396/1105] fetch-failed  -            Gem Coffee
[ 397/1105] needs-browser Square Online storefront Goli
[ 398/1105] fetch-failed  -            Las Michoacanas
[ 399/1105] fetch-failed  -            Vica’s Cafe
[ 400/1105] fetch-failed  -            Star Dust Donut Shop
[ 401/1105] fetch-failed  -            Orient Valley Filipino Cuisine
[ 402/1105] fetch-failed  -            Cheers
[ 403/1105] fetch-failed  -            Kinme Omakase
[ 404/1105] fetch-failed  -            Sarku Japan
[ 405/1105] fetch-failed  -            The Craft Taco at The Nat
[ 406/1105] fetch-failed  -            Ten Seconds Yunnan Rice Noodle
[ 407/1105] fetch-failed  -            Erika's Mexican Food & Seafood
[ 408/1105] fetch-failed  -            Papa's Pizza
[ 409/1105] fetch-failed  -            R3fresh Juice Bar
[ 410/1105] fetch-failed  -            Cj Lounge
[ 411/1105] fetch-failed  -            Jungle Tea
[ 412/1105] fetch-failed  -            Castelli & Pizarro Family Vineyards & Winery
[ 413/1105] fetch-failed  -            Social hookah lounge
[ 414/1105] fetch-failed  -            Burros and Fries
[ 415/1105] fetch-failed  -            Hongyuan Kebab
[ 416/1105] fetch-failed  -            Park Commons
[ 417/1105] fetch-failed  -            SusieCakes - Carlsbad
[ 418/1105] fetch-failed  -            Bobalicious
[ 419/1105] fetch-failed  -            China Fun
[ 420/1105] fetch-failed  -            La michoacana Plus San Diego #2
[ 421/1105] fetch-failed  -            Tu Thanh
[ 422/1105] fetch-failed  -            Grab & Go - Mission Hills
[ 423/1105] fetch-failed  -            Rambler Coffee
[ 424/1105] fetch-failed  -            Kim's Bar-B-Que
[ 425/1105] fetch-failed  -            K & K Orient Valley Food Center
[ 426/1105] fetch-failed  -            Hammer's New York Pizza
[ 427/1105] fetch-failed  -            The Pad Thai Stand
[ 428/1105] fetch-failed  -            PB Oriental
[ 429/1105] fetch-failed  -            DRIFT La Jolla
[ 430/1105] fetch-failed  -            Landshark Bar & Grill
[ 431/1105] fetch-failed  -            PKI Sushi
[ 432/1105] fetch-failed  -            Leucadia Pizza
[ 433/1105] fetch-failed  -            Del Cerro Pizza
[ 434/1105] fetch-failed  -            Bar Ella
[ 435/1105] fetch-failed  -            Marketplace Grille
[ 436/1105] fetch-failed  -            Modern Times Coffee
[ 437/1105] fetch-failed  -            Prendi E Vai
[ 438/1105] fetch-failed  -            Go Greek Authentic Yogurteria
[ 439/1105] fetch-failed  -            Bubbles & Brews Cafe
[ 440/1105] fetch-failed  -            Tous les Jours
[ 441/1105] fetch-failed  -            Sieu Sieu BBQ
[ 442/1105] fetch-failed  -            Cherry Bomb
[ 443/1105] fetch-failed  -            El Viejon
[ 444/1105] fetch-failed  -            Casa Fiesta Juice Bar
[ 445/1105] fetch-failed  -            The Pearl Restaurant
[ 446/1105] fetch-failed  -            Mariscos La Morena
[ 447/1105] fetch-failed  -            Happytime Tea
[ 448/1105] fetch-failed  -            Flour Atelier
[ 449/1105] fetch-failed  -            Knights' Smokehouse BBQ
[ 450/1105] fetch-failed  -            Möge Tee
[ 451/1105] fetch-failed  -            Lapper Kitchen + Tap
[ 452/1105] fetch-failed  -            Imperial Palace
[ 453/1105] fetch-failed  -            Egg Holic
[ 454/1105] fetch-failed  -            Roppongi
[ 455/1105] fetch-failed  -            Kim's Deli
[ 456/1105] fetch-failed  -            Nothing Bundt Cakes
[ 457/1105] fetch-failed  -            Quick Wok
[ 458/1105] fetch-failed  -            Qin West
[ 459/1105] fetch-failed  -            Vinya Yoga and Wine Bar
[ 460/1105] fetch-failed  -            Vinh Long Food To Go
[ 461/1105] fetch-failed  -            Taco Loco
[ 462/1105] fetch-failed  -            Casa De Otay – The Casita
[ 463/1105] fetch-failed  -            T. P. Bánh Bao 3
[ 464/1105] fetch-failed  -            Hua Mei Cafe
[ 465/1105] fetch-failed  -            Ching's Famous Hopia
[ 466/1105] fetch-failed  -            Bang Bang
[ 467/1105] no-platform   -            Campus Cafe
[ 468/1105] fetch-failed  -            Tutti Frutti Frozen Yogurt
[ 469/1105] no-platform   -            Necter Juice Bar
[ 470/1105] no-platform   -            LJ Crafted Wines - Wines & Tastings
[ 471/1105] wrong-branch  toast        Tajima Ramen Crown Point
[ 472/1105] no-platform   -            Cafe Aero
[ 473/1105] wrong-branch  order.online The Pad Thai Stand
[ 474/1105] no-platform   -            Josie's Hideout Saloon
[ 475/1105] no-platform   -            Gather
[ 476/1105] no-platform   -            Valerio's 1979
[ 477/1105] no-platform   -            Presotea
[ 478/1105] fetch-failed  -            Oakberry Açaí bowls
[ 479/1105] no-platform   -            D'liteful Chocolat
[ 480/1105] fetch-failed  -            Bonita Donuts
[ 481/1105] no-platform   -            De Kotija Taco Shop LLC
[ 482/1105] needs-browser order.online Mochinut
[ 483/1105] no-platform   -            Creperie Antoinette
[ 484/1105] no-platform   -            Trevi Hills Winery
[ 485/1105] no-platform   -            Tasty Donuts
[ 486/1105] no-platform   -            Tree House
[ 487/1105] no-platform   -            Old Town Eatery
[ 488/1105] needs-browser order.online Poke One N Half
[ 489/1105] no-platform   -            Jamal's Chicken
[ 490/1105] needs-browser chownow      Off the Vine Gardens Deli And Catering
[ 491/1105] too-few       netwaiter    Guerrero Taco Shop
[ 492/1105] needs-browser Square Online (own domain) Cafe Pascale Grill & Deli
[ 493/1105] no-platform   -            Sydney's
[ 494/1105] no-platform   -            Cha Cha Tea Spot
[ 495/1105] no-platform   -            Tres Hermanos Locos Tacos
[ 496/1105] no-platform   -            Sunny Dumpling House
[ 497/1105] needs-browser Square Online storefront Bean Box
[ 498/1105] needs-browser -            Cluck N Sip
[ 499/1105] no-platform   -            DaYung's Tea
[ 500/1105] needs-browser -            Pure Squeeze
[ 501/1105] needs-browser toast        Nomada
[ 502/1105] too-few       netwaiter    Playa Azul Mariscos Restaurant
[ 503/1105] fetch-failed  -            Yas Lounge
[ 504/1105] no-platform   -            Divina Matcha
[ 505/1105] no-platform   -            Nothing Bundt Cakes
[ 506/1105] fetch-failed  -            Grubz
[ 507/1105] needs-browser toast        56 Thai Cafe
[ 508/1105] no-platform   -            Ohana Nutrition
[ 509/1105] no-platform   -            Jaguar Paw
[ 510/1105] fetch-failed  -            Warner Springs Golf Shop & Grill
[ 511/1105] no-platform   -            Qualcomm Cafe Q
[ 512/1105] no-platform   -            All That Shabu
[ 513/1105] no-platform   -            Linda's Yogurt & Deli
[ 514/1105] no-platform   -            Lambers Chinese Bakery
[ 515/1105] no-platform   -            Bivouac Adventure Lodge Coffee Shop
[ 516/1105] filed         order.online The Poke Co.
[ 517/1105] needs-browser Square Online storefront Montebello
[ 518/1105] no-platform   -            Asia Wok Teppanyaki & Chinese Food
[ 519/1105] no-platform   -            The Golf Bar
[ 520/1105] no-platform   -            Cali Banh Mi
[ 521/1105] too-few       netwaiter    Ba Le French Sandwich Shop
[ 522/1105] no-platform   -            The Grillery
[ 523/1105] fetch-failed  -            Tazza D'Oro
[ 524/1105] needs-browser Square Online storefront Cargo Cafe - Paseo Del Mar
[ 525/1105] no-platform   -            Pub 1795
[ 526/1105] no-platform   -            All Things Ube Desserts
[ 527/1105] needs-browser toast        Boba Tea Spot
[ 528/1105] wrong-branch  toast        Pita Pit
[ 529/1105] fetch-failed  -            Paradise Kabob
[ 530/1105] wrong-branch  popmenu      Alohana Açaí Bowls
[ 531/1105] needs-browser MealKeyWay   Suki Hana
[ 532/1105] no-platform   -            Mike Hess Brewing - Seaport Village Taphouse
[ 533/1105] fetch-failed  -            Route 6 Coffee & Smoothies
[ 534/1105] no-platform   -            The Loft at UC San Diego
[ 535/1105] no-platform   -            5 O'Clock Somewhere Rooftop Bar
[ 536/1105] needs-browser Paytronix    Ziggi's Coffee
[ 537/1105] needs-browser toast        Grab & Go
[ 538/1105] fetch-failed  -            Shabu Spot
[ 539/1105] needs-browser order.online La Pizzeria Arrivederci
[ 540/1105] no-platform   -            Sunright Tea Studio
[ 541/1105] too-few       netwaiter    J & J's Mexican Food
[ 542/1105] no-platform   -            Huy Ky Bakery
[ 543/1105] no-platform   -            Johnny Radz Pizza
[ 544/1105] no-platform   -            Dockside Casual Seafood Counter
[ 545/1105] no-platform   -            Zoo Brew
[ 546/1105] no-platform   -            F Street Cafe
[ 547/1105] too-few       netwaiter    Pizza Grande
[ 548/1105] needs-browser toast        Enoteca Buona Forchetta
[ 549/1105] needs-browser toast        Zest Wine Bistro
[ 550/1105] no-platform   -            The MRKT
[ 551/1105] needs-browser MealKeyWay   Yuki Yuki
[ 552/1105] too-few       netwaiter    Sandwich Place
[ 553/1105] no-platform   -            62 Area Chow Hall
[ 554/1105] fetch-failed  -            Suki Hana
[ 555/1105] no-platform   -            Craft Pizza
[ 556/1105] fetch-failed  -            La Jolla Boba
[ 557/1105] no-platform   -            Forum Deli
[ 558/1105] no-platform   -            Royal Pearl Tea
[ 559/1105] no-platform   -            Test Kitchen
[ 560/1105] no-platform   -            Plaza Deli
[ 561/1105] no-platform   -            Madina Market Halal Fast Food
[ 562/1105] no-platform   -            Tapas Bar
[ 563/1105] no-platform   -            Moniker General
[ 564/1105] no-platform   -            Manta Pizza
[ 565/1105] no-platform   -            Pure Green
[ 566/1105] no-platform   -            longball cocktail
[ 567/1105] no-platform   -            Michoacana Mia - SDSU
[ 568/1105] no-platform   -            Sip Fresh
[ 569/1105] no-platform   -            Blue Bowl Superfoods
[ 570/1105] needs-browser -            Market One
[ 571/1105] no-platform   -            La Paloma
[ 572/1105] needs-browser -            Fresca Deli .
[ 573/1105] no-platform   -            Showa Ramen
[ 574/1105] needs-browser toast        Coco Bomb
[ 575/1105] no-platform   -            Chapters Cafe
[ 576/1105] no-platform   -            The Lookout at Lake Poway
[ 577/1105] no-platform   -            Chester's
[ 578/1105] fetch-failed  -            Mister G Salsa
[ 579/1105] no-platform   -            Mombasa Cooker
[ 580/1105] no-platform   -            Surf City Squeeze
[ 581/1105] needs-browser order.online WUHU TEA & DELI
[ 582/1105] no-platform   -            Collette’s Collaborative Collective Cuisine
[ 583/1105] no-platform   -            FiveO3 Pupusas
[ 584/1105] no-platform   -            Prado Perk
[ 585/1105] fetch-failed  -            Unico Juice Shop
[ 586/1105] no-platform   -            Thérapie Bistro
[ 587/1105] no-platform   -            Topo's Tacos
[ 588/1105] no-platform   -            El Cilantro Mexican Grill
[ 589/1105] needs-browser Square Online storefront The Bean Box 701
[ 590/1105] no-platform   -            FLAVORS EXPRESS SDSU
[ 591/1105] no-platform   -            Chagee
[ 592/1105] needs-browser Square Online storefront Ramen Station
[ 593/1105] no-platform   -            Lò Bánh Cuốn Tân Định
[ 594/1105] needs-browser SpotOn       Oriste Fairway Cafe
[ 595/1105] no-platform   -            Finca Casa Blanca
[ 596/1105] fetch-failed  -            El huevo estrellado # 2
[ 597/1105] no-platform   -            Boba n More
[ 598/1105] needs-browser Square Online storefront Cargo Cafe - Wateridge
[ 599/1105] needs-browser Square Online storefront Cargo Cafe - Gateway
[ 600/1105] no-platform   -            Bert's Bistro
[ 601/1105] no-platform   -            El Camino
[ 602/1105] fetch-failed  -            Med Cafe
[ 603/1105] no-platform   -            Rift Sand Bar
[ 604/1105] no-platform   -            Bosley Cafe
[ 605/1105] needs-browser -            Swami's
[ 606/1105] no-platform   -            3 Day Suit Broker
[ 607/1105] fetch-failed  -            Healthy Grill Mediterranean
[ 608/1105] needs-browser chownow      Juice Caboose
[ 609/1105] no-platform   -            Winners Circle
[ 610/1105] no-platform   -            Basic
[ 611/1105] no-platform   -            The Caddyshack
[ 612/1105] no-platform   -            Filling Station Pub and Grill
[ 613/1105] needs-browser order.online Poki Poki
[ 614/1105] no-platform   -            Allen's New York Pizza
[ 615/1105] needs-browser Square Online storefront Copa Vida
[ 616/1105] no-platform   -            Coin Toss
[ 617/1105] no-platform   -            Fairbanks
[ 618/1105] no-platform   -            Thai Basil
[ 619/1105] needs-browser Square Online storefront Sushi Freak
[ 620/1105] no-platform   -            Hacienda De Vega
[ 621/1105] needs-browser Square Online (own domain) Crepes
[ 622/1105] no-platform   -            Taco King
[ 623/1105] needs-browser order.online Hummus Mediterranean Kitchen
[ 624/1105] no-platform   -            GIHON Ethiopian Kitchen
[ 625/1105] fetch-failed  -            BurgerIM
[ 626/1105] no-platform   -            Baja Fresh
[ 627/1105] no-platform   -            I Love Pho
[ 628/1105] no-platform   -            Birria El Rey
[ 629/1105] fetch-failed  -            Citrina Berry Fresh
[ 630/1105] no-platform   -            Silvia's Pupuseria
[ 631/1105] no-platform   -            Curbside Eatery & Drinkery
[ 632/1105] no-platform   -            Karihan Filipino Food
[ 633/1105] no-platform   -            Atelier Manna
[ 634/1105] no-platform   -            Trattoria da Sofia
[ 635/1105] needs-browser SpotOn       CITRINA BERRY FRESH
[ 636/1105] no-platform   -            Beer Company
[ 637/1105] no-platform   -            Rito’s Mexican Food
[ 638/1105] no-platform   -            Terrace Lounge
[ 639/1105] no-platform   -            Crave
[ 640/1105] no-platform   -            Stone Oven
[ 641/1105] no-platform   -            Backyard Altar BBQ
[ 642/1105] no-platform   -            Valerio's Finest Bake Shop
[ 643/1105] needs-browser -            Golden Spoon Carlsbad Plaza
[ 644/1105] needs-browser Square Online storefront Purl Tea San Marcos
[ 645/1105] no-platform   -            Pei Wei
[ 646/1105] no-platform   -            Rare Society
[ 647/1105] no-platform   -            Paris Baguette
[ 648/1105] no-platform   -            Fairbanks
[ 649/1105] no-platform   -            Bovino
[ 650/1105] needs-browser toast        Stella Jean's Ice Cream Kensington
[ 651/1105] no-platform   -            Paradisaea
[ 652/1105] needs-browser plain-html   Nick's on State
[ 653/1105] no-platform   -            Cococabana
[ 654/1105] needs-browser -            Ding Tea Oceanside
[ 655/1105] needs-browser -            Board & Brew - Escondido
[ 656/1105] no-platform   -            Green Vine Delicatessen
[ 657/1105] no-platform   -            Everest Himalayan Cuisine
[ 658/1105] no-platform   -            Tacos de Birria El Chinito Jr
[ 659/1105] no-platform   -            Oaks Bar Grill
[ 660/1105] no-platform   -            China Fun
[ 661/1105] no-platform   -            That Pizza Place - Carlsbad
[ 662/1105] needs-browser slice        Fiori’s Pizza
[ 663/1105] needs-browser Square Online (own domain) Darshan Bakery
[ 664/1105] no-platform   -            La Sabrosita
[ 665/1105] needs-browser -            Friends of Friends
[ 666/1105] too-few       netwaiter    Appetite
[ 667/1105] needs-browser order.online Sabor a Vida Cafe & Deli
[ 668/1105] no-platform   -            Monserate Winery
[ 669/1105] screened-out  shopify      Vigilante Coffee
[ 670/1105] no-platform   -            Golden Corral
[ 671/1105] no-platform   -            Taco Lounge Escaya
[ 672/1105] needs-browser -            Taco Machin
[ 673/1105] no-platform   -            Pho House
[ 674/1105] no-platform   -            Breakwater Brewing Co.
[ 675/1105] needs-browser spothopper   Agave Birrieria
[ 676/1105] needs-browser chownow      Donburi Rice Bowls
[ 677/1105] fetch-failed  -            Gooseberries kafe
[ 678/1105] no-platform   -            Camino Riviera
[ 679/1105] no-platform   -            bcb Cafe
[ 680/1105] wrong-branch  toast        Chin's Szechwan - Del Mar
[ 681/1105] no-platform   -            Mendoza’s Mexican Food
[ 682/1105] needs-browser SpotOn       Tasty Pho
[ 683/1105] needs-browser -            Trebol Mexican Restaurant
[ 684/1105] needs-browser toast        Tita's Taco Shop
[ 685/1105] no-platform   -            Draft Republic San Marcos
[ 686/1105] no-platform   -            Vinarius Wine Bar & Restaurant
[ 687/1105] no-platform   -            Pho Oceanside
[ 688/1105] needs-browser -            Village Roots Deli & Taproom
[ 689/1105] wrong-branch  chownow      Handel's Homemade Ice Cream
[ 690/1105] needs-browser order.online El Rinconcito Fruteria
[ 691/1105] too-few       netwaiter    Su Pan Bakery El Cajon
[ 692/1105] needs-browser -            1022 Cafe & Gelateria
[ 693/1105] needs-browser -            Tacaliente Mexican Grill
[ 694/1105] needs-browser -            Taqueria El Kabron Jr.
[ 695/1105] no-platform   -            Panda Imperial Restaurant
[ 696/1105] needs-browser SpotOn       Balsamico Italian Kitchen
[ 697/1105] no-platform   -            Barn Door Public House
[ 698/1105] no-platform   -            Gelato 101 Solana Beach
[ 699/1105] fetch-failed  -            Bubba’s Smokehouse BBQ
[ 700/1105] fetch-failed  -            Nory's Donut & Bakery
[ 701/1105] no-platform   -            Napatini Bistro and Wine Bar
[ 702/1105] fetch-failed  -            Truluck's
[ 703/1105] no-platform   -            Paris Baguette
[ 704/1105] no-platform   -            Backdraft Bar & Grill
[ 705/1105] fetch-failed  -            Cork N Brew
[ 706/1105] needs-browser HungerRush   Buonasera New York Pizzeria
[ 707/1105] no-platform   -            Ocean Thai Cuisine
[ 708/1105] no-platform   -            Ono Hawaiian BBQ
[ 709/1105] no-platform   -            MOOYAH Burgers, Fries & Shakes
[ 710/1105] needs-browser toast        Higher Grounds Coffee + Café
[ 711/1105] fetch-failed  -            Savory Thai Restaurant
[ 712/1105] no-platform   -            Ernes Mexican Food & Breakfast
[ 713/1105] no-platform   -            Finca
[ 714/1105] fetch-failed  -            Ju-ichi
[ 715/1105] no-platform   -            Rancho Grande El Toro Mexican Cuisine
[ 716/1105] no-platform   -            Tacotarian San Diego
[ 717/1105] needs-browser Square Online storefront House of Pho
[ 718/1105] no-platform   -            Caribbean Pleasure
[ 719/1105] no-platform   -            Madeleine
[ 720/1105] no-platform   -            ZZan Sushi & Soju
[ 721/1105] needs-browser toast        Cozy Corner
[ 722/1105] no-platform   -            Graziano's Pizza Oceanside
[ 723/1105] screened-out  shopify      Ascend Coffee Roasters
[ 724/1105] no-platform   -            China Fusion - Vista Way
[ 725/1105] needs-browser -            NuYo Frozen Yogurt Telegraph Canyon
[ 726/1105] filed         own-jsonld   Pizza On Tap (P.O.T)
[ 727/1105] no-platform   -            Bambinos Pizzeria & Deli #4
[ 728/1105] fetch-failed  -            Sunny Side Solana
[ 729/1105] no-platform   -            Blanco Cocina + Cantina
[ 730/1105] screened-out  shopify      James Coffee Co.
[ 731/1105] needs-browser SpotOn       Souplantation
[ 732/1105] needs-browser chownow      Parakeet Juicery - La Jolla
[ 733/1105] no-platform   -            Old World Meat Company
[ 734/1105] no-platform   -            El After Social Club
[ 735/1105] no-platform   -            Panpan wok
[ 736/1105] needs-browser -            HillCrust Pizza
[ 737/1105] fetch-failed  -            New York Buffalo Wings
[ 738/1105] needs-browser toast        Prey Brewing Company
[ 739/1105] needs-browser clover       Himalayan Bistro Oceanside
[ 740/1105] no-platform   -            Sonny’s Pizza
[ 741/1105] needs-browser slice        Allen's New York Pizza
[ 742/1105] wrong-branch  chownow      Handel’s Homemade Ice Cream
[ 743/1105] no-platform   -            EL ENCANTO SD
[ 744/1105] needs-browser clover       Ryan Bros Coffee City Heights
[ 745/1105] no-platform   -            Le Coq
[ 746/1105] needs-browser toast        Naked Pizza
[ 747/1105] no-platform   -            China bros
[ 748/1105] no-platform   -            Aromi Italian Cuisine
[ 749/1105] needs-browser -            Sukho Thai Extraordinaire
[ 750/1105] needs-browser toast        Angry Chickz - Oceanside
[ 751/1105] no-platform   -            Belinda's Familia Mexican Food Truck
[ 752/1105] no-platform   -            Jaws Topokki
[ 753/1105] wrong-branch  toast        ALOHA GRILL
[ 754/1105] no-platform   -            AleSmith Brewing Company
[ 755/1105] needs-browser MealKeyWay   Tengu Ramen
[ 756/1105] no-platform   -            The Crimson Cake
[ 757/1105] gated         chownow      Finney's Crafthouse
[ 758/1105] no-platform   -            Sam's Farm Fresh
[ 759/1105] wrong-branch  ubereats     SugarBears Sweet Provisions
[ 760/1105] no-platform   -            Emiliana's Mexican & Deli Food
[ 761/1105] no-platform   -            Comstock Bar & Grill
[ 762/1105] needs-browser -            Baked Thicc
[ 763/1105] screened-out  shopify      Ascend Coffee Roasters
[ 764/1105] needs-browser MealKeyWay   Hi!Dumplings
[ 765/1105] no-platform   -            Docent Brewing
[ 766/1105] no-platform   -            Kin Saep
[ 767/1105] needs-browser Square Online storefront PB Poke House Oceanside
[ 768/1105] too-few       netwaiter    Thai Pasta
[ 769/1105] needs-browser order.online El Ranchero
[ 770/1105] needs-browser spothopper   Players Sports Grill
[ 771/1105] no-platform   -            La Mesa Pizzaworks
[ 772/1105] no-platform   -            Great Wok of China
[ 773/1105] needs-browser toast        Smokin J's BBQ & Taphouse
[ 774/1105] no-platform   -            Charli's Landing
[ 775/1105] no-platform   -            Merenda
[ 776/1105] no-platform   -            Gintaro Sushi
[ 777/1105] no-platform   -            Urban Location Boba Tea House San Diego
[ 778/1105] screened-out  shopify      Trident Coffee Pacific Beach
[ 779/1105] no-platform   -            Sound by the Sea
[ 780/1105] no-platform   -            Eclipse Chocolat
[ 781/1105] needs-browser MealKeyWay   Ocean Buffet
[ 782/1105] no-platform   -            Good Source Coffee
[ 783/1105] no-platform   -            Thai Table Time
[ 784/1105] no-platform   -            Los Armando's Mexican Food
[ 785/1105] needs-browser toast        Leu Leu
[ 786/1105] needs-browser Square Online (own domain) Beach City Smoothies
[ 787/1105] no-platform   -            Green Cheek Beer Co.
[ 788/1105] needs-browser plain-html   Chef’s Wok & Dumplings
[ 789/1105] no-platform   -            Los Cucos Mexican Food
[ 790/1105] no-platform   -            Two Hands Corn Dog Mira Mesa
[ 791/1105] no-platform   -            Flame Broiler
[ 792/1105] no-platform   -            Paris Baguette
[ 793/1105] no-platform   -            Burtech Family Vineyard Tasting Room
[ 794/1105] no-platform   -            UT-HO Boba & Baguette
[ 795/1105] no-platform   -            Pietro's Cucina Italiana
[ 796/1105] no-platform   -            El Flako's Wrangler Barbecue
[ 797/1105] no-platform   -            The Alley Otay Mesa
[ 798/1105] no-platform   -            Buffalo Wild Wings GO
[ 799/1105] no-platform   -            CTZN
[ 800/1105] no-platform   -            Tacos el Niño Santana
[ 801/1105] no-platform   -            Saigon Star Restaurant
[ 802/1105] needs-browser order.online Burrito Leo's Mexican Food
[ 803/1105] no-platform   -            Diego's Taco Shop
[ 804/1105] needs-browser MealKeyWay   Pho Tan
[ 805/1105] no-platform   -            Good Omen Coffee Co
[ 806/1105] no-platform   -            IZOLA
[ 807/1105] no-platform   -            Fish Boon
[ 808/1105] too-few       netwaiter    Wings mix
[ 809/1105] no-platform   -            TAKARAMONO SUSHI
[ 810/1105] needs-browser chownow      Burger Bench Vista
[ 811/1105] no-platform   -            La Casa Verde
[ 812/1105] no-platform   -            Simply Fresh Thai
[ 813/1105] no-platform   -            Pei Wei
[ 814/1105] no-platform   -            Photo House
[ 815/1105] needs-browser order.online EsKiNiTa
[ 816/1105] no-platform   -            La Mesita Mexican Food
[ 817/1105] no-platform   -            Chocolate Bash
[ 818/1105] no-platform   -            Little Victory Wine Bar
[ 819/1105] screened-out  clover       Mission Baja Tacos
[ 820/1105] no-platform   -            Pho Nam Cali
[ 821/1105] no-platform   -            Banzai Bowls
[ 822/1105] no-platform   -            T&T Tacos & Tequila Grill & Cantina
[ 823/1105] no-platform   -            Alborz Restaurant
[ 824/1105] no-platform   -            Fleurette
[ 825/1105] needs-browser slice        West Coast Pizza Company
[ 826/1105] no-platform   -            Buca di Beppo Italian Restaurant
[ 827/1105] needs-browser order.online Scoops Ocean Beach
[ 828/1105] no-platform   -            The Honor Bar
[ 829/1105] fetch-failed  -            the Koffie Co
[ 830/1105] no-platform   -            Acai Republic - Oceanside
[ 831/1105] needs-browser olo          Panini Kabob Grill - Park 12
[ 832/1105] no-platform   -            tiger!tiger!
[ 833/1105] fetch-failed  -            Kona Craft Cafe
[ 834/1105] no-platform   -            Piedra Santa
[ 835/1105] no-platform   -            Pha Khao Lao Cuisine
[ 836/1105] no-platform   -            Banzai Bowls
[ 837/1105] no-platform   -            Rocko's Family Restaurant
[ 838/1105] fetch-failed  -            Top of the Bagel
[ 839/1105] needs-browser slice        Pop's Pizza
[ 840/1105] fetch-failed  -            Mandarin Wok Restaurant
[ 841/1105] no-platform   -            Kiiro Sushi Izakaya
[ 842/1105] no-platform   -            Thai Thai Melrose Restaurant
[ 843/1105] no-platform   -            Breakers
[ 844/1105] no-platform   -            MAKE Cafe
[ 845/1105] no-platform   -            Monserate Winery
[ 846/1105] no-platform   -            Troy's Greek Restaurant
[ 847/1105] needs-browser chownow      CinKuni (Italian & Japanese Cuisine)
[ 848/1105] no-platform   -            Olive Branch Eatery
[ 849/1105] needs-browser toast        QUICK BITES CAFE / Best Sandwiches
[ 850/1105] no-platform   -            Campland Cantina
[ 851/1105] no-platform   -            Rubio's Coastal Grill
[ 852/1105] no-platform   -            Mr. Buffalo Fries
[ 853/1105] no-platform   -            Cocina 35 brunch
[ 854/1105] no-platform   -            Rubio's Coastal Grill
[ 855/1105] no-platform   -            PanPan Wok
[ 856/1105] no-platform   -            Ocean Thai Cuisine
[ 857/1105] too-few       netwaiter    LA PLACE DELI
[ 858/1105] no-platform   -            Bueno Wine & Goods
[ 859/1105] wrong-branch  toast        The Great Greek Mediterranean Grill - Oceanside, CA
[ 860/1105] no-platform   -            Rubio's Coastal Grill
[ 861/1105] needs-browser Square Online storefront iWok Chinese Kitchen
[ 862/1105] no-platform   -            Las Ricas Tortas
[ 863/1105] needs-browser slice        Little Sisters Pizza
[ 864/1105] no-platform   -            Little Hidden Bakery
[ 865/1105] needs-browser Square Online (own domain) Slurp
[ 866/1105] no-platform   -            Jolie
[ 867/1105] wrong-branch  order.online Captain Sam's Fish & Chicken
[ 868/1105] needs-browser toast        Brites Soft Serve
[ 869/1105] no-platform   -            Una Mas on Adams
[ 870/1105] no-platform   -            Pizza Guys
[ 871/1105] no-platform   -            chance's coffee
[ 872/1105] no-platform   -            Fortuna Ristorante Italiano
[ 873/1105] no-platform   -            PanPan Wok
[ 874/1105] no-platform   -            Mi Tierra Super Taco
[ 875/1105] no-platform   -            Urban Teri Kitchen
[ 876/1105] needs-browser order.online Halal Burger Co.
[ 877/1105] needs-browser Square Online (own domain) Le Charcuterie Bar
[ 878/1105] needs-browser order.online Chin's Szechwan - Point Loma
[ 879/1105] no-platform   -            Juice Holler
[ 880/1105] no-platform   -            Dark Horse Coffee Roasters
[ 881/1105] needs-browser toast        Little Kiki Katsu & More
[ 882/1105] no-platform   -            Uncle Feras Middle Eastern Restaurant
[ 883/1105] needs-browser spothopper   Agave Birrieria
[ 884/1105] no-platform   -            North Park Creamery
[ 885/1105] no-platform   -            Leona's Cucina Italiana
[ 886/1105] needs-browser HungerRush   Pop Pops Paleta
[ 887/1105] needs-browser Square Online (own domain) Beach City Smoothies - Oceanside
[ 888/1105] no-platform   -            Between Us
[ 889/1105] no-platform   -            PanPan wok
[ 890/1105] needs-browser olo          Coffee Bean
[ 891/1105] no-platform   -            Oriental Cafe | Chinese
[ 892/1105] needs-browser Square Online storefront Mein St. Asian Kitchen
[ 893/1105] no-platform   -            Pokeport Oceanside
[ 894/1105] no-platform   -            Queenstown Del Mar
[ 895/1105] no-platform   -            La Costa Wine
[ 896/1105] no-platform   -            El Papas Fritas Taco Shop
[ 897/1105] no-platform   -            Ono Hawaiian BBQ
[ 898/1105] no-platform   -            Thai Thae Cuisine
[ 899/1105] no-platform   -            Noodle & Bun
[ 900/1105] no-platform   -            Poki Poki - Escondido
[ 901/1105] needs-browser Square Online (own domain) Chef Budda Blasian Soul Food LLC
[ 902/1105] no-platform   -            KABOB SHACK - EASTLAKE
[ 903/1105] no-platform   -            Chopsticks Inn Restaurant
[ 904/1105] no-platform   -            Christophe Rull Patisserie
[ 905/1105] no-platform   -            Egg Tuck
[ 906/1105] no-platform   -            Arteazen Handcrafted Tea
[ 907/1105] no-platform   -            For The Win - San Diego
[ 908/1105] screened-out  order.online La Fresita Y Mas
[ 909/1105] needs-browser MealKeyWay   Dumplings N More
[ 910/1105] fetch-failed  -            Antique Thai
[ 911/1105] no-platform   -            Love Letters Pizza
[ 912/1105] no-platform   -            Khyber Pass Zarparan Restaurant | Afghan
[ 913/1105] no-platform   -            Hilltop Cafe
[ 914/1105] needs-browser order.online Torta Time
[ 915/1105] no-platform   -            ZZan Sushi & Soju
[ 916/1105] no-platform   -            Board & Brew - Downtown San Diego
[ 917/1105] no-platform   -            TACO CENTRO
[ 918/1105] no-platform   -            ROBATA-X Sushi & Izakaya
[ 919/1105] no-platform   -            The Poke Tea House
[ 920/1105] needs-browser olo          Dimassi's Mediterranean Buffet
[ 921/1105] needs-browser toast        NOIR Sushi and Sake Fusion Lounge
[ 922/1105] no-platform   -            Huckleberry's Breakfast & Lunch
[ 923/1105] no-platform   -            Barrel Riot
[ 924/1105] no-platform   -            Dalu Hawaiian BBQ
[ 925/1105] no-platform   -            Sabroso taco savor a mi tierra
[ 926/1105] needs-browser -            Habibi Mediterranean Grill
[ 927/1105] no-platform   -            Scena Fusion Kitchen & Bar
[ 928/1105] no-platform   -            Mevan Coffee & Desserts & Brunch
[ 929/1105] no-platform   -            Bodega Market
[ 930/1105] no-platform   -            Zuma San Diego
[ 931/1105] no-platform   -            La Jollita
[ 932/1105] no-platform   -            24 Suns
[ 933/1105] no-platform   -            Peppoli's Pizza & Philly Steaks
[ 934/1105] no-platform   -            Jalisco Cantina
[ 935/1105] no-platform   -            Hazel & Jade Bakery
[ 936/1105] no-platform   -            Ichitaru Ramen Carlsbad
[ 937/1105] needs-browser Square Online (own domain) The Cakery Cafe
[ 938/1105] needs-browser -            Market St Pizzeria
[ 939/1105] no-platform   -            Lotho Deli
[ 940/1105] needs-browser SpotOn       Crest Taco
[ 941/1105] fetch-failed  -            Quarter Deck Inn Cocktails
[ 942/1105] needs-browser -            Pompei Pizza
[ 943/1105] needs-browser -            Hanna Garden
[ 944/1105] filed         wix          Sourpuss Donuts
[ 945/1105] needs-browser toast        Colosseo Cucina Italiana
[ 946/1105] needs-browser MealKeyWay   Pho Luu Escondido - Vietnamese Cuisine
[ 947/1105] no-platform   -            UT-HO Boba & Baguette
[ 948/1105] no-platform   -            Taconora Pacific Beach
[ 949/1105] needs-browser chownow      Parakeet Cafe - Nautilus
[ 950/1105] no-platform   -            Mexico City Cuisine-CoLab
[ 951/1105] needs-browser slice        Pastalini
[ 952/1105] no-platform   -            Thai Table Time
[ 953/1105] no-platform   -            Little While
[ 954/1105] no-platform   -            Side Street Bowls & Smoothies
[ 955/1105] no-platform   -            I Love Bagels
[ 956/1105] no-platform   -            Sono North Park
[ 957/1105] needs-browser -            SD giant pizza
[ 958/1105] no-platform   -            Borrego Rooftop
[ 959/1105] no-platform   -            The Morning Grove
[ 960/1105] no-platform   -            Blank Slate
[ 961/1105] no-platform   -            Mantra Raja
[ 962/1105] no-platform   -            Krak Boba
[ 963/1105] no-platform   -            Barrio Food Hub
[ 964/1105] no-platform   -            Monserate Winery
[ 965/1105] no-platform   -            Gaslamp Coffee Bar
[ 966/1105] fetch-failed  -            Daisy Deli
[ 967/1105] no-platform   -            El Flako's Wrangler Barbecue
[ 968/1105] needs-browser toast        Okama Ramen and Grill
[ 969/1105] needs-browser toast        One of Us
[ 970/1105] no-platform   -            Grandson Steaks
[ 971/1105] no-platform   -            Crave & Feast
[ 972/1105] no-platform   -            Los Mexas
[ 973/1105] needs-browser toast        Bubble & Butter
[ 974/1105] no-platform   -            Sola Cafe and Deli
[ 975/1105] no-platform   -            The Encore Sushi
[ 976/1105] needs-browser Square Online storefront Empanada Kitchen
[ 977/1105] no-platform   -            Cala La Jolla Café
[ 978/1105] no-platform   -            Badas burgers
[ 979/1105] no-platform   -            Native Foods
[ 980/1105] needs-browser MenuSifu     Joyee Noodle House(UTC)
[ 981/1105] no-platform   -            Doc Holliday's
[ 982/1105] wrong-branch  toast        Saigon Alley Kitchen & Bar
[ 983/1105] no-platform   -            Kasi
[ 984/1105] needs-browser order.online Fish Restaurant
[ 985/1105] needs-browser -            Mirch Masala 2 Go
[ 986/1105] no-platform   -            El Dorado
[ 987/1105] no-platform   -            Baba's Pizza
[ 988/1105] needs-browser -            Sammy's Woodfire Pizza and Grille
[ 989/1105] needs-browser toast        Gold Coffee Shop
[ 990/1105] needs-browser Square Online storefront Copa Vida
[ 991/1105] no-platform   -            Soda & Swine
[ 992/1105] needs-browser order.online Deli Belly
[ 993/1105] wrong-branch  toast        Blue Water Grill
[ 994/1105] fetch-failed  -            Rancho Cafe
[ 995/1105] no-platform   -            Cafe Fresh
[ 996/1105] screened-out  shopify      Lofty Coffee
[ 997/1105] needs-browser Square Online storefront Empanada Kitchen
[ 998/1105] no-platform   -            Pegah’s Kitchen
[ 999/1105] no-platform   -            Nékter Juice Bar
[1000/1105] no-platform   -            Cent'Anni Café
[1001/1105] no-platform   -            Our Green Affair
[1002/1105] needs-browser -            The Coffee Spot
[1003/1105] fetch-failed  -            Coco's Bakery
[1004/1105] no-platform   -            U31
[1005/1105] no-platform   -            Filibertos
[1006/1105] no-platform   -            Rush Bowls
[1007/1105] needs-browser -            The Hamlett
[1008/1105] no-platform   -            Brick & Bell Plus
[1009/1105] no-platform   -            Colimas Mexican Grull
[1010/1105] fetch-failed  -            Island Market
[1011/1105] no-platform   -            India Princess
[1012/1105] no-platform   -            Arctic Snacks
[1013/1105] no-platform   -            Village Inn
[1014/1105] no-platform   -            Kava Lounge
[1015/1105] no-platform   -            Jungle Cart
[1016/1105] no-platform   -            Veladora
[1017/1105] no-platform   -            Villa Fresh Italian Kitchen
[1018/1105] no-platform   -            Tradewinds
[1019/1105] no-platform   -            Jordan
[1020/1105] no-platform   -            Fairbanks
[1021/1105] no-platform   -            Deja Vu
[1022/1105] no-platform   -            Lion Camp Slush and Snacks
[1023/1105] no-platform   -            Our Green Affair
[1024/1105] no-platform   -            Shake Smart
[1025/1105] fetch-failed  -            Mis Dos Gallos Taqueria, Fruit & Deli
[1026/1105] needs-browser slice        Massachusetts Mike's Pizzeria
[1027/1105] no-platform   -            Candelas
[1028/1105] no-platform   -            Trisler's San Diego Wine Bar
[1029/1105] no-platform   -            Nicolosi's Pizza (Mira Lee Way)
[1030/1105] no-platform   -            Rice
[1031/1105] no-platform   -            Ituri Hut
[1032/1105] needs-browser Square Online storefront Prager Brothers Artisan Breads
[1033/1105] no-platform   -            CABETOS Pops
[1034/1105] no-platform   -            The Reading Club
[1035/1105] no-platform   -            Monster Snacks
[1036/1105] gated         chownow      Beeside Balcony La Jolla
[1037/1105] no-platform   -            Antique Row Cafe
[1038/1105] fetch-failed  -            Kellys Pub
[1039/1105] fetch-failed  -            Lefty's Cheesesteaks
[1040/1105] no-platform   -            Time Out Café
[1041/1105] no-platform   -            Oodles By The Nood Bar
[1042/1105] no-platform   -            Copper Kings San Marcos
[1043/1105] no-platform   -            Cocina Del Mar
[1044/1105] no-platform   -            Juice Alchemy
[1045/1105] no-platform   -            Relic Bakery & Kitchen
[1046/1105] no-platform   -            La Salsa
[1047/1105] no-platform   -            Sultan Baklava
[1048/1105] no-platform   -            CHINA CHEF 1
[1049/1105] no-platform   -            Safari Coffee Outpost
[1050/1105] wrong-branch  toast        Oceanside Fish Shop
[1051/1105] no-platform   -            Pizza Guys
[1052/1105] needs-browser -            Yogurt Lounge Serra Mesa
[1053/1105] no-platform   -            Canyon Inn
[1054/1105] filed         spothopper   Cabo Cantina
[1055/1105] needs-browser toast        Corbin's Q
[1056/1105] no-platform   -            Mo-Mo Paradise
[1057/1105] too-few       own-jsonld   The Oceanaire Seafood Room
[1058/1105] no-platform   -            Chef Fei
[1059/1105] fetch-failed  -            Tacos Locos Tasty Mexican Food
[1060/1105] fetch-failed  -            OB Kebab
[1061/1105] fetch-failed  -            OB Garden Café
[1062/1105] no-platform   -            George’s Bar
[1063/1105] needs-browser Square Online (own domain) BCB Coffee
[1064/1105] needs-browser Square Online storefront Lucha Libre Taco Shop
[1065/1105] no-platform   -            Grover's Grill
[1066/1105] no-platform   -            House of Black
[1067/1105] no-platform   -            Creme De La Crepe
[1068/1105] no-platform   -            Border X Brewing
[1069/1105] no-platform   -            Noodles
[1070/1105] fetch-failed  -            Las Pinches Tortas
[1071/1105] no-platform   -            Taco Villa
[1072/1105] needs-browser Square Online storefront Copa Vida
[1073/1105] no-platform   -            Carnitas’ Snack Shack
[1074/1105] no-platform   -            Aromas
[1075/1105] no-platform   -            Mission Brewing (fka Rough Draft)
[1076/1105] fetch-failed  -            Dryer's Ice Cream Parlor
[1077/1105] no-platform   -            University Towers Kitchen
[1078/1105] no-platform   -            TEC Cafe
[1079/1105] no-platform   -            Chicken & Crown
[1080/1105] no-platform   -            Sweet Labors
[1081/1105] fetch-failed  -            Trade Restaurant & Lounge
[1082/1105] no-platform   -            BCB Coffee Company
[1083/1105] needs-browser MealKeyWay   Yonny Mini Hotpot
[1084/1105] no-platform   -            Café de Anza
[1085/1105] no-platform   -            Mawazo Kitchen
[1086/1105] needs-browser Square Online storefront Cafecito 1806
[1087/1105] fetch-failed  -            The Waterfront
[1088/1105] no-platform   -            SanSai Japanese Grill
[1089/1105] no-platform   -            The Santaluz Club Dining Room and Events
[1090/1105] no-platform   -            Stony Mountain Bar & Grill
[1091/1105] no-platform   -            NM Cafe
[1092/1105] no-platform   -            Inland Tavern
[1093/1105] fetch-failed  -            In Between
[1094/1105] needs-browser -            Casa de Freds
[1095/1105] fetch-failed  -            Capriotti's Sandwich Shop
[1096/1105] needs-browser -            Verde Kitchen & Bar
[1097/1105] no-platform   -            HACIENDITA BAKERY
[1098/1105] no-platform   -            Mama Kat's Restaurant and Pie Shop
[1099/1105] fetch-failed  -            All Fried Up
[1100/1105] no-platform   -            Bean Sprouts
[1101/1105] fetch-failed  -            BunZ
[1102/1105] no-platform   -            The Grand Tradition
[1103/1105] no-platform   -            Oliva
[1104/1105] no-platform   -            Buka - Taste of Nigeria
[1105/1105] no-platform   -            Ground Up Cafe

platform                       attempted         filed       too-few         gated  wrong-branch needs-browser   no-platform  fetch-failed  screened-out
none                                 808             0             0             0             0            48           587           173             0
toast                                 48             0             0             0            10            38             0             0             0
order.online                          43             1             0             0             4            34             0             0             4
Square Online storefront              42             0             0             0             0            42             0             0             0
chownow                               23             0             0             2             6            15             0             0             0
Square Online (own domain)            22             0             0             0             0            22             0             0             0
netwaiter                             19             0            19             0             0             0             0             0             0
MealKeyWay                            16             0             0             0             0            16             0             0             0
SpotOn                                12             0             0             0             0            12             0             0             0
slice                                 11             0             0             0             0            10             0             0             1
shopify                               11             1             0             0             0             0             0             0            10
spothopper                            10             1             0             0             0             9             0             0             0
olo                                    9             0             0             0             0             9             0             0             0
plain-html                             8             0             0             0             0             8             0             0             0
clover                                 7             0             0             0             2             2             0             0             3
HungerRush                             4             0             0             0             0             4             0             0             0
own-jsonld                             3             2             1             0             0             0             0             0             0
ubereats                               2             0             0             0             2             0             0             0             0
menufy                                 2             0             0             0             0             0             0             0             2
GloriaFood widget                      1             0             0             0             0             1             0             0             0
popmenu                                1             0             0             0             1             0             0             0             0
Paytronix                              1             0             0             0             0             1             0             0             0
wix                                    1             1             0             0             0             0             0             0             0
MenuSifu                               1             0             0             0             0             1             0             0             0
TOTAL                               1105             6            20             2            25           272           587           173            20

6 menus, 289 dishes
wrote menus/wip/router-20260904-150301.json
wrote menus/wip/router-20260904-150301.notes.json
