queue 1112 with a website; routing 1112 at concurrency 4

[   1/1112] no-platform   -            FryYay
[   2/1112] needs-browser chownow      Burger Bench Escondido
[   3/1112] no-platform   -            Taquería Imperial
[   4/1112] needs-browser chownow      Brigantine Seafood
[   5/1112] screened-out  order.online Wood Ranch Mission Valley
[   6/1112] no-platform   -            Mimi's Cafe
[   7/1112] fetch-failed  -            Public Square Coffee House
[   8/1112] no-platform   -            Home Sweet Home Cafe
[   9/1112] wrong-branch  order.online El Pueblo Mexican Food - Carlsbad
[  10/1112] no-platform   -            VG Donut & Bakery
[  11/1112] no-platform   -            Farmer & The Seahorse
[  12/1112] needs-browser order.online Tom's Famous Family Restaurant 24
[  13/1112] no-platform   -            Los Reyes Mexican Restaurant & Cantina
[  14/1112] needs-browser Square Online storefront Wayfarer Bread & Pastry
[  15/1112] needs-browser order.online TOM's Famous Family Restaurant 22
[  16/1112] no-platform   -            Loreto's Taco Shop
[  17/1112] wrong-branch  chownow      Handel’s Homemade Ice Cream
[  18/1112] needs-browser plain-html   Por Favor El Cajon
[  19/1112] fetch-failed  -            Gus's Subs & Pizza Place
[  20/1112] no-platform   -            Taco Bar
[  21/1112] needs-browser chownow      Parakeet Cafe - Little Italy
[  22/1112] fetch-failed  -            Plazas Mexican Food
[  23/1112] needs-browser plain-html   Papas & Tacos Mexican Food
[  24/1112] needs-browser -            Coya Peruvian Secret
[  25/1112] needs-browser GloriaFood widget That Mexican Place
[  26/1112] no-platform   -            Todo Sushi
[  27/1112] no-platform   -            El Real Mexican Food
[  28/1112] screened-out  order.online Grandma Tofu & BBQ
[  29/1112] no-platform   -            Anita's Mexican Restaurant & Cantina
[  30/1112] needs-browser toast        Lanna Thai Cuisine
[  31/1112] fetch-failed  -            Red Fox Room and Steakhouse
[  32/1112] needs-browser slice        Pastalini
[  33/1112] needs-browser toast        MooTime Creamery
[  34/1112] no-platform   -            Otay Mandarin Chinese Restaurant
[  35/1112] no-platform   -            Hanu Korean BBQ
[  36/1112] needs-browser olo          Panini Kabob Grill - Mission Valley
[  37/1112] needs-browser Square Online storefront skybound coffee + dessert lounge
[  38/1112] no-platform   -            It's Raw Poke Shop
[  39/1112] needs-browser order.online Sancho's Tacos
[  40/1112] needs-browser toast        The Asian Bistro
[  41/1112] needs-browser Square Online (own domain) Up2You Cafe
[  42/1112] no-platform   -            Antonio's Mexican Food
[  43/1112] needs-browser toast        Stake Chophouse & Bar
[  44/1112] no-platform   -            Urban Crave
[  45/1112] needs-browser plain-html   Nick's Del Mar
[  46/1112] no-platform   -            Urban Crave
[  47/1112] fetch-failed  -            La Concha Bakery
[  48/1112] needs-browser olo          Better Buzz Coffee Pacific Beach Grand
[  49/1112] no-platform   -            Boudin SF
[  50/1112] no-platform   -            Lucy's Bakery
[  51/1112] no-platform   -            Edelweiss Bakery
[  52/1112] too-few       netwaiter    Connie's
[  53/1112] no-platform   -            Muay Thai Kitchen
[  54/1112] no-platform   -            Baci Restaurant | Italian
[  55/1112] needs-browser plain-html   Pancho's Mexican Restaurant
[  56/1112] needs-browser order.online Robertito's Mexican Food
[  57/1112] needs-browser Square Online (own domain) Camp Coffee Company
[  58/1112] needs-browser toast        Nado Republic
[  59/1112] needs-browser -            Beyer Deli
[  60/1112] no-platform   -            Umai Sushi
[  61/1112] needs-browser Square Online (own domain) Portal Coffee
[  62/1112] no-platform   -            Golden Donut
[  63/1112] wrong-branch  chownow      Handel’s Homemade Ice Cream
[  64/1112] no-platform   -            San Luis Mexican Food
[  65/1112] needs-browser Square Online storefront Prager Brothers Artisan Breads
[  66/1112] fetch-failed  -            Mi Ranchito Taco Shop
[  67/1112] needs-browser spothopper   Los Panchos Mexican Grill & Seafood
[  68/1112] wrong-branch  ubereats     Broad Street Dough Co
[  69/1112] needs-browser MealKeyWay   Dumplings N More
[  70/1112] needs-browser spothopper   Penelopes Mexican Food
[  71/1112] no-platform   -            Superbloom Coffee & Juice
[  72/1112] needs-browser Square Online storefront Maan's Mediterranean Grill
[  73/1112] needs-browser toast        Shaks Mediterranean Bistro
[  74/1112] needs-browser Square Online (own domain) Barrio Donas
[  75/1112] fetch-failed  -            Bonchon Chicken
[  76/1112] needs-browser toast        The Remy
[  77/1112] no-platform   -            The Cowshed
[  78/1112] needs-browser toast        Clayton's Bakery & Bistro
[  79/1112] needs-browser spothopper   Curry & More - Indian Bistro
[  80/1112] no-platform   -            Yingli Restaurant | Chula Vista
[  81/1112] needs-browser spothopper   3N1 Sports Bar & Grill
[  82/1112] no-platform   -            Red Lobster
[  83/1112] no-platform   -            Pacific Beach Ice Cream Co.
[  84/1112] needs-browser chownow      Arizona Chinese Restaurant
[  85/1112] needs-browser order.online Scoops La Jolla
[  86/1112] fetch-failed  -            Leucadia Donut Shoppe
[  87/1112] no-platform   -            Señor Taquero
[  88/1112] too-few       netwaiter    Aiberto's Taco Shop
[  89/1112] no-platform   -            Camel's Bar and Grill
[  90/1112] no-platform   -            SOMISOMI
[  91/1112] wrong-branch  chownow      Handel's Homemade Ice Cream
[  92/1112] needs-browser toast        Tabu Sushi Bar & Grill Santee
[  93/1112] wrong-branch  order.online Lourdes Mexican Food To Go
[  94/1112] screened-out  clover       Royal Sweets
[  95/1112] no-platform   -            Sushi Factory
[  96/1112] no-platform   -            Big Front Door
[  97/1112] no-platform   -            Hidden Fish
[  98/1112] needs-browser Square Online storefront Bay Park Coffee
[  99/1112] needs-browser Square Online storefront Portinos Restaurant
[ 100/1112] no-platform   -            Emma's Mexican Food
[ 101/1112] needs-browser -            Rosarito's Mexican Food #1
[ 102/1112] needs-browser spothopper   il Sogno Italiano
[ 103/1112] needs-browser Square Online storefront Sandwich Emporium
[ 104/1112] too-few       netwaiter    Mary Ettas Cafe
[ 105/1112] no-platform   -            El Charro Mexican Food
[ 106/1112] needs-browser order.online Gelato Paradiso
[ 107/1112] no-platform   -            Hanna's Gourmet
[ 108/1112] no-platform   -            Angelito's Fruteria Y Neveria
[ 109/1112] needs-browser -            Yogurt Heaven
[ 110/1112] needs-browser Square Online storefront Pink Rose Cafe
[ 111/1112] no-platform   -            Flora
[ 112/1112] no-platform   -            The Art of Espresso
[ 113/1112] needs-browser toast        Valentina
[ 114/1112] no-platform   -            Honey Baked Ham
[ 115/1112] needs-browser slice        Italia Pizza
[ 116/1112] no-platform   -            Lucy's Bakery
[ 117/1112] needs-browser plain-html   @Spacebar Cafe
[ 118/1112] no-platform   -            Cafe Bella Drive Thru
[ 119/1112] no-platform   -            Off The 8 Café
[ 120/1112] needs-browser olo          Luna Grill Millenia
[ 121/1112] needs-browser Square Online (own domain) Solana Sumptuous Cookies
[ 122/1112] needs-browser MealKeyWay   Surfing Crab Escondido
[ 123/1112] no-platform   -            Royal India Express
[ 124/1112] screened-out  menufy       Ginza Sushi
[ 125/1112] fetch-failed  -            We Olive & Wine Bar
[ 126/1112] needs-browser olo          Randy's Donuts
[ 127/1112] no-platform   -            Dragon Express
[ 128/1112] no-platform   -            Tropifruit Juice Bar
[ 129/1112] no-platform   -            Cow-A-Bunga Ice Cream & Coffee
[ 130/1112] needs-browser Square Online (own domain) Serrano's Mexican Food
[ 131/1112] fetch-failed  -            Thai Island@
[ 132/1112] no-platform   -            Ike's Love & Sandwiches
[ 133/1112] needs-browser spothopper   Santos Coffee
[ 134/1112] no-platform   -            Tak Grill Fresh Mediterranean Food
[ 135/1112] fetch-failed  -            Palomino's Mexican & Seafood
[ 136/1112] no-platform   -            BKK THAI KITCHEN
[ 137/1112] screened-out  shopify      La Colombe Coffee Roasters
[ 138/1112] no-platform   -            Shozen BBQ
[ 139/1112] no-platform   -            Athens Market Taverna
[ 140/1112] needs-browser toast        Rosemonts Cafe
[ 141/1112] no-platform   -            Mexico Lindo Restaurant
[ 142/1112] needs-browser order.online San Diego Sandwich Co
[ 143/1112] needs-browser Square Online (own domain) Matcha Cafe Maiko - Escondido
[ 144/1112] needs-browser -            Marieta's Mexican Food
[ 145/1112] needs-browser HungerRush   Flippin' Pizza La Costa
[ 146/1112] no-platform   -            PGA Tour Grill
[ 147/1112] no-platform   -            Eugenio Italian Ristorante & More
[ 148/1112] no-platform   -            Wahoo's Fish Taco
[ 149/1112] no-platform   -            Cake de Partie
[ 150/1112] no-platform   -            Uncle Biffs California Killer Cookies
[ 151/1112] screened-out  own-jsonld   Hanna Garden
[ 152/1112] no-platform   -            La Mixteca
[ 153/1112] no-platform   -            Donuts Plus
[ 154/1112] no-platform   -            Silverlake Ramen
[ 155/1112] needs-browser -            Bravo Cafe
[ 156/1112] wrong-branch  chownow      Handel's Homemade Ice Cream
[ 157/1112] no-platform   -            Pizza Mania
[ 158/1112] filed         shopify      Flor and Seed Coffee Roasters
[ 159/1112] needs-browser SpotOn       Porky's Lechon Barbecue
[ 160/1112] needs-browser Square Online storefront Crossroads Deli
[ 161/1112] needs-browser Square Online (own domain) Elixir Espresso & Wine Bar
[ 162/1112] too-few       netwaiter    Opa Greek Restaurant & Grill
[ 163/1112] no-platform   -            KD's Donuts
[ 164/1112] no-platform   -            Imperial Express
[ 165/1112] no-platform   -            Kokoro Restaurant
[ 166/1112] fetch-failed  -            Potato Corner
[ 167/1112] fetch-failed  -            Cielo Rooftop
[ 168/1112] no-platform   -            The Orient Thai
[ 169/1112] needs-browser toast        The Naked Cafe
[ 170/1112] no-platform   -            Kaffee Meister
[ 171/1112] needs-browser olo          Luna Grill Encinitas
[ 172/1112] no-platform   -            White Labs Brewing Co - San Diego
[ 173/1112] no-platform   -            Beach + Taco Shack
[ 174/1112] no-platform   -            The Leucadian
[ 175/1112] no-platform   -            ENO Market & Pizzeria
[ 176/1112] needs-browser Square Online storefront Thyme for Lunch Cafe & Grill
[ 177/1112] needs-browser -            Phở Hòa Restaurant | Vietnamese
[ 178/1112] no-platform   -            Nothing Bundt Cakes
[ 179/1112] no-platform   -            Glazed Coffee & Creamery
[ 180/1112] needs-browser -            SoCal Sushi
[ 181/1112] screened-out  menufy       IB Thai
[ 182/1112] no-platform   -            Valerio's 1979
[ 183/1112] no-platform   -            Bistro Pazzo
[ 184/1112] needs-browser Square Online storefront Mesa Agricola
[ 185/1112] no-platform   -            Que Tortas
[ 186/1112] no-platform   -            Ko-Li Bar
[ 187/1112] needs-browser Square Online (own domain) Industrial Grind Coffee
[ 188/1112] screened-out  shopify      James Coffee Co
[ 189/1112] no-platform   -            Rosarito's Mexican Food #7
[ 190/1112] no-platform   -            Kaito Sushi
[ 191/1112] screened-out  shopify      Seven Seas Roasting Company
[ 192/1112] needs-browser chownow      Pho Hiep & Grill
[ 193/1112] no-platform   -            Chopsticks Chinese Cuisine
[ 194/1112] fetch-failed  -            Donut Factory
[ 195/1112] no-platform   -            YuJing Chinese Restaurant
[ 196/1112] no-platform   -            The Grounds Bean Bar
[ 197/1112] needs-browser -            Banh Mi Blvd
[ 198/1112] needs-browser toast        Fat Joe’s O’side
[ 199/1112] needs-browser Square Online (own domain) Dot Cafe
[ 200/1112] no-platform   -            La Moreliana
[ 201/1112] fetch-failed  -            Valentinas Taco Shop
[ 202/1112] no-platform   -            Bar Kamon
[ 203/1112] fetch-failed  -            Memo's Golden Bagel
[ 204/1112] fetch-failed  -            The Reunion
[ 205/1112] needs-browser -            Seaview Restaurant
[ 206/1112] no-platform   -            Blue Pepper Asian Cuisine
[ 207/1112] needs-browser SpotOn       Kalei's Kitchenette
[ 208/1112] needs-browser order.online BB's Deli
[ 209/1112] fetch-failed  -            Eat Your Heart Out II
[ 210/1112] needs-browser order.online Le Macaron French Pastries
[ 211/1112] needs-browser toast        Lime in the Coconut
[ 212/1112] needs-browser MealKeyWay   Iron Wok
[ 213/1112] no-platform   -            Tea Pavilion
[ 214/1112] no-platform   -            Joses Taco Shop
[ 215/1112] needs-browser slice        Rock On Pizza
[ 216/1112] no-platform   -            San Diego Blenders
[ 217/1112] no-platform   -            Purple Owl Cafe
[ 218/1112] no-platform   -            Nanay's Best BBQ
[ 219/1112] fetch-failed  -            Al Teatro Panini Grill
[ 220/1112] needs-browser Square Online storefront Sue's Korean Kitchen
[ 221/1112] no-platform   -            Black Radish
[ 222/1112] fetch-failed  -            Idego Coffee Roasters
[ 223/1112] filed         toast        Baja Rick's Cantina
[ 224/1112] fetch-failed  -            Rosarito's Mexican Food #2
[ 225/1112] no-platform   -            Little Ceasar's
[ 226/1112] needs-browser Square Online storefront Tacoman
[ 227/1112] no-platform   -            Explorers Café
[ 228/1112] no-platform   -            Criscito Pizza
[ 229/1112] too-few       netwaiter    Nolberto's Taco Shop
[ 230/1112] no-platform   -            Sweet Revenge Bakery
[ 231/1112] no-platform   -            Surfdog's Java Hot
[ 232/1112] no-platform   -            The Luau
[ 233/1112] no-platform   -            Red Ribbon Bakeshop
[ 234/1112] no-platform   -            Hino
[ 235/1112] fetch-failed  -            Thai Fresh
[ 236/1112] no-platform   -            Coral Tree Tea House
[ 237/1112] needs-browser Square Online storefront Fan-Fan
[ 238/1112] fetch-failed  -            Prince Hookah Cafe
[ 239/1112] fetch-failed  -            P B Pub
[ 240/1112] no-platform   -            Red Ribbon Bakeshop
[ 241/1112] no-platform   -            World Famous I Bar
[ 242/1112] no-platform   -            Mother's Kitchen
[ 243/1112] no-platform   -            Thai Style
[ 244/1112] no-platform   -            Brown Bag Deli
[ 245/1112] needs-browser toast        Mr. Charlie's
[ 246/1112] no-platform   -            Aztec Food Hub
[ 247/1112] no-platform   -            The Halal Shack
[ 248/1112] no-platform   -            Corner Cafe | Chinese
[ 249/1112] no-platform   -            Crispy Chicken n' Tomato
[ 250/1112] needs-browser plain-html   Donut Stop
[ 251/1112] no-platform   -            Tony’s Newport Cafe
[ 252/1112] no-platform   -            Taco Time Food Truck
[ 253/1112] no-platform   -            Zhang Liang Malatang
[ 254/1112] fetch-failed  -            Victor's Kafe - Poway
[ 255/1112] no-platform   -            Kona Coffee
[ 256/1112] no-platform   -            The Elegant Truffle
[ 257/1112] needs-browser SpotOn       D Wings & Ribs
[ 258/1112] no-platform   -            Gong Cha
[ 259/1112] no-platform   -            Millport
[ 260/1112] no-platform   -            La Perlita Mexican Food
[ 261/1112] needs-browser -            Panorama Bar & Grill
[ 262/1112] no-platform   -            Nothing Bundt Cakes
[ 263/1112] no-platform   -            Seahorse Coffee
[ 264/1112] fetch-failed  -            Stagecoach Inn
[ 265/1112] no-platform   -            The Deli Stop
[ 266/1112] wrong-branch  toast        The Crack Shack - Pacific Beach
[ 267/1112] needs-browser Square Online storefront Cargo Cafe
[ 268/1112] needs-browser toast        Matoi
[ 269/1112] needs-browser order.online Poki Poki - Encinitas
[ 270/1112] no-platform   -            Chin's Gourmet
[ 271/1112] no-platform   -            Parkys
[ 272/1112] fetch-failed  -            Topside Terrace Kitchen & Bar
[ 273/1112] needs-browser MealKeyWay   Zhengxin Chicken Steak
[ 274/1112] needs-browser Square Online (own domain) Elixir Espresso Bar
[ 275/1112] no-platform   -            Shanghai Cuisine
[ 276/1112] needs-browser Square Online storefront Sul & Beans
[ 277/1112] needs-browser chownow      Gor Gai Thai Eatery
[ 278/1112] fetch-failed  -            Pho Olala
[ 279/1112] no-platform   -            China Express
[ 280/1112] needs-browser Square Online storefront ZzanG Hotdog & Chicken
[ 281/1112] no-platform   -            The Peruvian Spot
[ 282/1112] no-platform   -            The Lean Machine Meal Prep
[ 283/1112] no-platform   -            Hancock Street Cafe
[ 284/1112] needs-browser toast        Bonehead Burger Co.
[ 285/1112] needs-browser olo          Sweetfin
[ 286/1112] screened-out  clover       Hooked On Pokè
[ 287/1112] fetch-failed  -            Roots Bowls
[ 288/1112] needs-browser order.online Daniel's Taco Shop
[ 289/1112] no-platform   -            Teaspoon
[ 290/1112] no-platform   -            Pick Up Stix Fresh Asian Flavors
[ 291/1112] fetch-failed  -            Deano's Pub
[ 292/1112] no-platform   -            Channel 2 Sports Bar
[ 293/1112] no-platform   -            Chen Golden Palace
[ 294/1112] needs-browser SpotOn       Hot or Not Thai
[ 295/1112] needs-browser MealKeyWay   Szechuan Chef Chinese Cuisine
[ 296/1112] needs-browser -            Bistro Kaz
[ 297/1112] fetch-failed  -            Le Rendez-Vous French Bakery
[ 298/1112] needs-browser HungerRush   Flippin Pizza Encinitas
[ 299/1112] needs-browser order.online DaYung's Tea
[ 300/1112] no-platform   -            La Central
[ 301/1112] no-platform   -            Gotcha
[ 302/1112] fetch-failed  -            Long Story Irish Pub
[ 303/1112] no-platform   -            Mike Hess Brewing Tasting Room
[ 304/1112] no-platform   -            Vitality Bowls
[ 305/1112] no-platform   -            It's A Piece A Cake
[ 306/1112] no-platform   -            City Dragon
[ 307/1112] no-platform   -            Musashiya
[ 308/1112] no-platform   -            San Diego Eagle
[ 309/1112] no-platform   -            The Brass Rail
[ 310/1112] too-few       netwaiter    Goyo's Bakery
[ 311/1112] fetch-failed  -            Tulum Seafood
[ 312/1112] no-platform   -            Sidny's Bagels & Deli
[ 313/1112] no-platform   -            CAFE 160
[ 314/1112] needs-browser toast        Upper East
[ 315/1112] fetch-failed  -            Rosaria's Pizza 4
[ 316/1112] no-platform   -            Okavango Outpost
[ 317/1112] fetch-failed  -            Mosa Tea
[ 318/1112] no-platform   -            Bale French Sandwiches
[ 319/1112] no-platform   -            Kaki Sushi
[ 320/1112] fetch-failed  -            Spoon House
[ 321/1112] needs-browser order.online Taste of Thai
[ 322/1112] no-platform   -            African Spices
[ 323/1112] needs-browser order.online Elsa's Kitchen
[ 324/1112] no-platform   -            Hoffer's Cigar Bar
[ 325/1112] needs-browser Square Online storefront Mad Munch Grilled Cheezer Co.
[ 326/1112] no-platform   -            Gloria's Taco Shop
[ 327/1112] screened-out  slice        Mike's Giant New York Pizza
[ 328/1112] no-platform   -            La Michoacana
[ 329/1112] wrong-branch  toast        Achilles Coffee Roasters
[ 330/1112] screened-out  toast        Agave Taco Shop
[ 331/1112] fetch-failed  -            Kinchana
[ 332/1112] needs-browser plain-html   JNC Pinoy Foodmart
[ 333/1112] needs-browser toast        Dora
[ 334/1112] no-platform   -            Dine with Orcas
[ 335/1112] no-platform   -            Bopomofo Cafe
[ 336/1112] no-platform   -            Nobu
[ 337/1112] screened-out  order.online Frida's Taqueria
[ 338/1112] no-platform   -            Cool Down Coffee
[ 339/1112] no-platform   -            Lucky Doughnut
[ 340/1112] needs-browser -            Thai Ladle
[ 341/1112] needs-browser chownow      Juice Kaboose
[ 342/1112] no-platform   -            Teriyaki Madness
[ 343/1112] no-platform   -            Novecientos Grados by Tony Hawk
[ 344/1112] no-platform   -            Los Kompadres Mexican Food
[ 345/1112] needs-browser chownow      Leos Kitchen
[ 346/1112] no-platform   -            Smittys Downtown
[ 347/1112] wrong-branch  clover       Manzanita Roasting Co
[ 348/1112] needs-browser toast        Junction Bar & Grill
[ 349/1112] no-platform   -            Tom's Chinese BBQ
[ 350/1112] no-platform   -            La Nacional
[ 351/1112] no-platform   -            Pizzabilities - Alpine
[ 352/1112] needs-browser order.online Donut Bros
[ 353/1112] no-platform   -            Urban Bubble
[ 354/1112] needs-browser order.online Deli Belly
[ 355/1112] too-few       netwaiter    Roma's Pizza
[ 356/1112] needs-browser MealKeyWay   Ma's House
[ 357/1112] needs-browser Square Online storefront Tasty Pizza Escondido LLC
[ 358/1112] wrong-branch  clover       Hyderabad Cafe
[ 359/1112] no-platform   -            Juice Stop Encinitas
[ 360/1112] no-platform   -            Tenkatori
[ 361/1112] no-platform   -            Angela's Eccentric Kitchen
[ 362/1112] needs-browser SpotOn       La Banana Fruits - Fruteria
[ 363/1112] no-platform   -            Kind Coffee
[ 364/1112] no-platform   -            Leucadia Pizza Point Loma
[ 365/1112] too-few       netwaiter    Star Express
[ 366/1112] needs-browser toast        Angry Petes Pizza Point Loma
[ 367/1112] needs-browser toast        Understory Bar
[ 368/1112] no-platform   -            Picasso's Naturals
[ 369/1112] no-platform   -            Nova Easy Kombucha
[ 370/1112] fetch-failed  -            Deano's Pub East
[ 371/1112] needs-browser Square Online (own domain) Rad Habits Juice
[ 372/1112] fetch-failed  -            Bonchon Chicken
[ 373/1112] needs-browser MealKeyWay   Spicy Noodle
[ 374/1112] no-platform   -            Ranch House Restaurant
[ 375/1112] no-platform   -            Pho G-Beef
[ 376/1112] no-platform   -            Village Pub
[ 377/1112] no-platform   -            U Dessert Eats
[ 378/1112] no-platform   -            Tastea
[ 379/1112] no-platform   -            Del Sushi
[ 380/1112] needs-browser SpotOn       Mariscos y Miches El Patron
[ 381/1112] needs-browser chownow      Juice Caboose
[ 382/1112] no-platform   -            Burrito King
[ 383/1112] no-platform   -            Hometown Taste
[ 384/1112] no-platform   -            Granny's Apple Fries
[ 385/1112] no-platform   -            Rocco's Pizza Deli
[ 386/1112] no-platform   -            Kona Kakes Tropical Cake Bakery
[ 387/1112] screened-out  shopify      Seven Seas Roasting
[ 388/1112] no-platform   -            Unique Sandwiches
[ 389/1112] needs-browser -            Bowl To Go
[ 390/1112] fetch-failed  -            El Mercadito
[ 391/1112] needs-browser Square Online storefront Dog Leg Brewing
[ 392/1112] no-platform   -            Star Dust Donut Shop
[ 393/1112] needs-browser toast        Burekas Box
[ 394/1112] needs-browser toast        A Louest
[ 395/1112] no-platform   -            Gihon Ethiopian Kitchen
[ 396/1112] no-platform   -            Java Earth Coffee
[ 397/1112] needs-browser Square Online storefront Goli
[ 398/1112] fetch-failed  -            Vica’s Cafe
[ 399/1112] fetch-failed  -            Gem Coffee
[ 400/1112] fetch-failed  -            Orient Valley Filipino Cuisine
[ 401/1112] fetch-failed  -            Cheers
[ 402/1112] fetch-failed  -            The Pad Thai Stand
[ 403/1112] fetch-failed  -            Kinme Omakase
[ 404/1112] fetch-failed  -            The Craft Taco at The Nat
[ 405/1112] fetch-failed  -            Las Michoacanas
[ 406/1112] fetch-failed  -            Ten Seconds Yunnan Rice Noodle
[ 407/1112] fetch-failed  -            Sarku Japan
[ 408/1112] fetch-failed  -            Erika's Mexican Food & Seafood
[ 409/1112] fetch-failed  -            R3fresh Juice Bar
[ 410/1112] fetch-failed  -            Papa's Pizza
[ 411/1112] fetch-failed  -            Jungle Tea
[ 412/1112] fetch-failed  -            Castelli & Pizarro Family Vineyards & Winery
[ 413/1112] fetch-failed  -            Social hookah lounge
[ 414/1112] fetch-failed  -            Burros and Fries
[ 415/1112] fetch-failed  -            Park Commons
[ 416/1112] fetch-failed  -            Bobalicious
[ 417/1112] fetch-failed  -            Hongyuan Kebab
[ 418/1112] fetch-failed  -            SusieCakes - Carlsbad
[ 419/1112] fetch-failed  -            China Fun
[ 420/1112] fetch-failed  -            Tu Thanh
[ 421/1112] fetch-failed  -            La michoacana Plus San Diego #2
[ 422/1112] fetch-failed  -            Grab & Go - Mission Hills
[ 423/1112] fetch-failed  -            K & K Orient Valley Food Center
[ 424/1112] fetch-failed  -            Tajima Ramen Crown Point
[ 425/1112] fetch-failed  -            Rambler Coffee
[ 426/1112] fetch-failed  -            Kim's Bar-B-Que
[ 427/1112] fetch-failed  -            Hammer's New York Pizza
[ 428/1112] fetch-failed  -            PB Oriental
[ 429/1112] fetch-failed  -            DRIFT La Jolla
[ 430/1112] fetch-failed  -            PKI Sushi
[ 431/1112] fetch-failed  -            Landshark Bar & Grill
[ 432/1112] fetch-failed  -            Bar Ella
[ 433/1112] fetch-failed  -            Leucadia Pizza
[ 434/1112] fetch-failed  -            Modern Times Coffee
[ 435/1112] fetch-failed  -            Del Cerro Pizza
[ 436/1112] fetch-failed  -            Marketplace Grille
[ 437/1112] fetch-failed  -            Prendi E Vai
[ 438/1112] fetch-failed  -            Tous les Jours
[ 439/1112] fetch-failed  -            Go Greek Authentic Yogurteria
[ 440/1112] fetch-failed  -            Bubbles & Brews Cafe
[ 441/1112] fetch-failed  -            Sieu Sieu BBQ
[ 442/1112] fetch-failed  -            Cherry Bomb
[ 443/1112] fetch-failed  -            El Viejon
[ 444/1112] fetch-failed  -            Casa Fiesta Juice Bar
[ 445/1112] fetch-failed  -            Mariscos La Morena
[ 446/1112] fetch-failed  -            The Pearl Restaurant
[ 447/1112] fetch-failed  -            Happytime Tea
[ 448/1112] fetch-failed  -            Flour Atelier
[ 449/1112] fetch-failed  -            Möge Tee
[ 450/1112] fetch-failed  -            Knights' Smokehouse BBQ
[ 451/1112] fetch-failed  -            Lapper Kitchen + Tap
[ 452/1112] fetch-failed  -            Imperial Palace
[ 453/1112] fetch-failed  -            Roppongi
[ 454/1112] fetch-failed  -            Egg Holic
[ 455/1112] fetch-failed  -            Kim's Deli
[ 456/1112] fetch-failed  -            Bang Bang
[ 457/1112] fetch-failed  -            Nothing Bundt Cakes
[ 458/1112] fetch-failed  -            Qin West
[ 459/1112] fetch-failed  -            Vinh Long Food To Go
[ 460/1112] fetch-failed  -            Vinya Yoga and Wine Bar
[ 461/1112] fetch-failed  -            Casa De Otay – The Casita
[ 462/1112] fetch-failed  -            Taco Loco
[ 463/1112] fetch-failed  -            Yas Lounge
[ 464/1112] fetch-failed  -            T. P. Bánh Bao 3
[ 465/1112] fetch-failed  -            Campus Cafe
[ 466/1112] fetch-failed  -            Ching's Famous Hopia
[ 467/1112] fetch-failed  -            Hua Mei Cafe
[ 468/1112] fetch-failed  -            Cafe Aero
[ 469/1112] fetch-failed  -            Valerio's 1979
[ 470/1112] fetch-failed  -            Josie's Hideout Saloon
[ 471/1112] fetch-failed  -            Tutti Frutti Frozen Yogurt
[ 472/1112] no-platform   -            Quick Wok
[ 473/1112] no-platform   -            Gather
[ 474/1112] no-platform   -            Cj Lounge
[ 475/1112] no-platform   -            Presotea
[ 476/1112] fetch-failed  -            Oakberry Açaí bowls
[ 477/1112] no-platform   -            Necter Juice Bar
[ 478/1112] wrong-branch  order.online The Pad Thai Stand
[ 479/1112] no-platform   -            D'liteful Chocolat
[ 480/1112] no-platform   -            De Kotija Taco Shop LLC
[ 481/1112] no-platform   -            LJ Crafted Wines - Wines & Tastings
[ 482/1112] no-platform   -            Creperie Antoinette
[ 483/1112] fetch-failed  -            Bonita Donuts
[ 484/1112] needs-browser order.online Mochinut
[ 485/1112] no-platform   -            Trevi Hills Winery
[ 486/1112] no-platform   -            Tasty Donuts
[ 487/1112] no-platform   -            Old Town Eatery
[ 488/1112] needs-browser order.online Poke One N Half
[ 489/1112] wrong-branch  toast        Tree House
[ 490/1112] no-platform   -            Jamal's Chicken
[ 491/1112] needs-browser chownow      Off the Vine Gardens Deli And Catering
[ 492/1112] no-platform   -            Sydney's
[ 493/1112] needs-browser Square Online (own domain) Cafe Pascale Grill & Deli
[ 494/1112] no-platform   -            Cha Cha Tea Spot
[ 495/1112] no-platform   -            Lambers Chinese Bakery
[ 496/1112] fetch-failed  -            Tres Hermanos Locos Tacos
[ 497/1112] fetch-failed  -            Bean Box
[ 498/1112] no-platform   -            Sunny Dumpling House
[ 499/1112] fetch-failed  -            Cluck N Sip
[ 500/1112] fetch-failed  -            DaYung's Tea
[ 501/1112] needs-browser netwaiter    Guerrero Taco Shop
[ 502/1112] fetch-failed  -            Divina Matcha
[ 503/1112] fetch-failed  -            Pure Squeeze
[ 504/1112] fetch-failed  -            Nothing Bundt Cakes
[ 505/1112] fetch-failed  -            Grubz
[ 506/1112] no-platform   -            Nomada
[ 507/1112] fetch-failed  -            Playa Azul Mariscos Restaurant
[ 508/1112] fetch-failed  -            Qualcomm Cafe Q
[ 509/1112] fetch-failed  -            Ohana Nutrition
[ 510/1112] fetch-failed  -            Jaguar Paw
[ 511/1112] fetch-failed  -            Warner Springs Golf Shop & Grill
[ 512/1112] fetch-failed  -            Linda's Yogurt & Deli
[ 513/1112] fetch-failed  -            56 Thai Cafe
[ 514/1112] fetch-failed  -            Asia Wok Teppanyaki & Chinese Food
[ 515/1112] fetch-failed  -            All That Shabu
[ 516/1112] fetch-failed  -            Bivouac Adventure Lodge Coffee Shop
[ 517/1112] fetch-failed  -            The Poke Co.
[ 518/1112] fetch-failed  -            Boba Tea Spot
[ 519/1112] fetch-failed  -            Paradise Kabob
[ 520/1112] fetch-failed  -            Cali Banh Mi
[ 521/1112] fetch-failed  -            The Grillery
[ 522/1112] fetch-failed  -            Montebello
[ 523/1112] fetch-failed  -            Ba Le French Sandwich Shop
[ 524/1112] fetch-failed  -            The Golf Bar
[ 525/1112] fetch-failed  -            Tazza D'Oro
[ 526/1112] fetch-failed  -            Pub 1795
[ 527/1112] fetch-failed  -            Pita Pit
[ 528/1112] fetch-failed  -            Cargo Cafe - Paseo Del Mar
[ 529/1112] fetch-failed  -            All Things Ube Desserts
[ 530/1112] fetch-failed  -            Alohana Açaí Bowls
[ 531/1112] fetch-failed  -            5 O'Clock Somewhere Rooftop Bar
[ 532/1112] fetch-failed  -            Suki Hana
[ 533/1112] fetch-failed  -            Johnny Radz Pizza
[ 534/1112] fetch-failed  -            Mike Hess Brewing - Seaport Village Taphouse
[ 535/1112] fetch-failed  -            Route 6 Coffee & Smoothies
[ 536/1112] fetch-failed  -            Ziggi's Coffee
[ 537/1112] fetch-failed  -            The Loft at UC San Diego
[ 538/1112] fetch-failed  -            Grab & Go
[ 539/1112] fetch-failed  -            La Jolla Boba
[ 540/1112] fetch-failed  -            Shabu Spot
[ 541/1112] fetch-failed  -            Sunright Tea Studio
[ 542/1112] fetch-failed  -            La Pizzeria Arrivederci
[ 543/1112] fetch-failed  -            J & J's Mexican Food
[ 544/1112] fetch-failed  -            Huy Ky Bakery
[ 545/1112] fetch-failed  -            Enoteca Buona Forchetta
[ 546/1112] fetch-failed  -            F Street Cafe
[ 547/1112] fetch-failed  -            Zoo Brew
[ 548/1112] fetch-failed  -            Pizza Grande
[ 549/1112] fetch-failed  -            Dockside Casual Seafood Counter
[ 550/1112] fetch-failed  -            Zest Wine Bistro
[ 551/1112] fetch-failed  -            The MRKT
[ 552/1112] fetch-failed  -            Suki Hana
[ 553/1112] fetch-failed  -            Craft Pizza
[ 554/1112] fetch-failed  -            Healthy Grill Mediterranean
[ 555/1112] fetch-failed  -            Sandwich Place
[ 556/1112] fetch-failed  -            Yuki Yuki
[ 557/1112] fetch-failed  -            Forum Deli
[ 558/1112] fetch-failed  -            Royal Pearl Tea
[ 559/1112] fetch-failed  -            62 Area Chow Hall
[ 560/1112] fetch-failed  -            Tapas Bar
[ 561/1112] fetch-failed  -            Manta Pizza
[ 562/1112] fetch-failed  -            Test Kitchen
[ 563/1112] fetch-failed  -            Plaza Deli
[ 564/1112] fetch-failed  -            Moniker General
[ 565/1112] fetch-failed  -            Madina Market Halal Fast Food
[ 566/1112] fetch-failed  -            Michoacana Mia - SDSU
[ 567/1112] fetch-failed  -            Pure Green
[ 568/1112] fetch-failed  -            Market One
[ 569/1112] fetch-failed  -            Coco Bomb
[ 570/1112] fetch-failed  -            Blue Bowl Superfoods
[ 571/1112] fetch-failed  -            Chapters Cafe
[ 572/1112] fetch-failed  -            longball cocktail
[ 573/1112] fetch-failed  -            La Paloma
[ 574/1112] fetch-failed  -            Sip Fresh
[ 575/1112] fetch-failed  -            Fresca Deli .
[ 576/1112] fetch-failed  -            Showa Ramen
[ 577/1112] fetch-failed  -            Prado Perk
[ 578/1112] fetch-failed  -            WUHU TEA & DELI
[ 579/1112] fetch-failed  -            The Lookout at Lake Poway
[ 580/1112] fetch-failed  -            Chester's
[ 581/1112] fetch-failed  -            Mombasa Cooker
[ 582/1112] fetch-failed  -            Mister G Salsa
[ 583/1112] fetch-failed  -            Collette’s Collaborative Collective Cuisine
[ 584/1112] fetch-failed  -            Surf City Squeeze
[ 585/1112] fetch-failed  -            El Cilantro Mexican Grill
[ 586/1112] fetch-failed  -            Thérapie Bistro
[ 587/1112] fetch-failed  -            FiveO3 Pupusas
[ 588/1112] fetch-failed  -            Unico Juice Shop
[ 589/1112] fetch-failed  -            FLAVORS EXPRESS SDSU
[ 590/1112] fetch-failed  -            Topo's Tacos
[ 591/1112] fetch-failed  -            The Bean Box 701
[ 592/1112] fetch-failed  -            Chagee
[ 593/1112] fetch-failed  -            Oriste Fairway Cafe
[ 594/1112] fetch-failed  -            Lò Bánh Cuốn Tân Định
[ 595/1112] fetch-failed  -            Ramen Station
[ 596/1112] fetch-failed  -            Copa Vida
[ 597/1112] fetch-failed  -            Finca Casa Blanca
[ 598/1112] fetch-failed  -            Boba n More
[ 599/1112] fetch-failed  -            El huevo estrellado # 2
[ 600/1112] fetch-failed  -            Cargo Cafe - Wateridge
[ 601/1112] fetch-failed  -            Bert's Bistro
[ 602/1112] fetch-failed  -            El Camino
[ 603/1112] fetch-failed  -            Cargo Cafe - Gateway
[ 604/1112] fetch-failed  -            Bosley Cafe
[ 605/1112] fetch-failed  -            Med Cafe
[ 606/1112] fetch-failed  -            Swami's
[ 607/1112] fetch-failed  -            3 Day Suit Broker
[ 608/1112] fetch-failed  -            Mis Dos Gallos Taqueria, Fruit & Deli
[ 609/1112] fetch-failed  -            Winners Circle
[ 610/1112] fetch-failed  -            Juice Caboose
[ 611/1112] fetch-failed  -            Basic
[ 612/1112] fetch-failed  -            Coin Toss
[ 613/1112] fetch-failed  -            The Caddyshack
[ 614/1112] fetch-failed  -            Poki Poki
[ 615/1112] fetch-failed  -            Filling Station Pub and Grill
[ 616/1112] fetch-failed  -            Fairbanks
[ 617/1112] fetch-failed  -            Hacienda De Vega
[ 618/1112] fetch-failed  -            Allen's New York Pizza
[ 619/1112] fetch-failed  -            Taco King
[ 620/1112] fetch-failed  -            Sushi Freak
[ 621/1112] fetch-failed  -            Thai Basil
[ 622/1112] fetch-failed  -            Crepes
[ 623/1112] fetch-failed  -            GIHON Ethiopian Kitchen
[ 624/1112] fetch-failed  -            Hummus Mediterranean Kitchen
[ 625/1112] fetch-failed  -            I Love Pho
[ 626/1112] fetch-failed  -            Baja Fresh
[ 627/1112] fetch-failed  -            BurgerIM
[ 628/1112] fetch-failed  -            Valerio's Finest Bake Shop
[ 629/1112] fetch-failed  -            Birria El Rey
[ 630/1112] fetch-failed  -            Terrace Lounge
[ 631/1112] fetch-failed  -            Silvia's Pupuseria
[ 632/1112] fetch-failed  -            Citrina Berry Fresh
[ 633/1112] fetch-failed  -            Curbside Eatery & Drinkery
[ 634/1112] fetch-failed  -            Trattoria da Sofia
[ 635/1112] fetch-failed  -            Karihan Filipino Food
[ 636/1112] fetch-failed  -            Atelier Manna
[ 637/1112] fetch-failed  -            CITRINA BERRY FRESH
[ 638/1112] fetch-failed  -            Beer Company
[ 639/1112] fetch-failed  -            Rito’s Mexican Food
[ 640/1112] fetch-failed  -            Stella Jean's Ice Cream Kensington
[ 641/1112] fetch-failed  -            Crave
[ 642/1112] fetch-failed  -            Backyard Altar BBQ
[ 643/1112] fetch-failed  -            Stone Oven
[ 644/1112] fetch-failed  -            Pei Wei
[ 645/1112] fetch-failed  -            Golden Spoon Carlsbad Plaza
[ 646/1112] fetch-failed  -            Paris Baguette
[ 647/1112] fetch-failed  -            Purl Tea San Marcos
[ 648/1112] fetch-failed  -            Rare Society
[ 649/1112] fetch-failed  -            Nick's on State
[ 650/1112] fetch-failed  -            Oaks Bar Grill
[ 651/1112] fetch-failed  -            Fairbanks
[ 652/1112] fetch-failed  -            Bovino
[ 653/1112] fetch-failed  -            Paradisaea
[ 654/1112] fetch-failed  -            Cococabana
[ 655/1112] fetch-failed  -            Everest Himalayan Cuisine
[ 656/1112] fetch-failed  -            Ding Tea Oceanside
[ 657/1112] fetch-failed  -            Gooseberries kafe
[ 658/1112] fetch-failed  -            Board & Brew - Escondido
[ 659/1112] fetch-failed  -            Green Vine Delicatessen
[ 660/1112] fetch-failed  -            Tacos de Birria El Chinito Jr
[ 661/1112] fetch-failed  -            China Fun
[ 662/1112] fetch-failed  -            Taco Lounge Escaya
[ 663/1112] fetch-failed  -            Fiori’s Pizza
[ 664/1112] fetch-failed  -            That Pizza Place - Carlsbad
[ 665/1112] fetch-failed  -            La Sabrosita
[ 666/1112] fetch-failed  -            Darshan Bakery
[ 667/1112] fetch-failed  -            Sabor a Vida Cafe & Deli
[ 668/1112] fetch-failed  -            Friends of Friends
[ 669/1112] fetch-failed  -            Appetite
[ 670/1112] fetch-failed  -            Monserate Winery
[ 671/1112] fetch-failed  -            Golden Corral
[ 672/1112] fetch-failed  -            Vigilante Coffee
[ 673/1112] fetch-failed  -            Taco Machin
[ 674/1112] fetch-failed  -            Agave Birrieria
[ 675/1112] fetch-failed  -            Breakwater Brewing Co.
[ 676/1112] fetch-failed  -            Pho House
[ 677/1112] fetch-failed  -            Tita's Taco Shop
[ 678/1112] fetch-failed  -            Donburi Rice Bowls
[ 679/1112] fetch-failed  -            Chin's Szechwan - Del Mar
[ 680/1112] fetch-failed  -            bcb Cafe
[ 681/1112] fetch-failed  -            Camino Riviera
[ 682/1112] fetch-failed  -            Bubba’s Smokehouse BBQ
[ 683/1112] fetch-failed  -            Nory's Donut & Bakery
[ 684/1112] fetch-failed  -            Mendoza’s Mexican Food
[ 685/1112] fetch-failed  -            Tasty Pho
[ 686/1112] fetch-failed  -            Trebol Mexican Restaurant
[ 687/1112] fetch-failed  -            Draft Republic San Marcos
[ 688/1112] fetch-failed  -            Vinarius Wine Bar & Restaurant
[ 689/1112] fetch-failed  -            Pho Oceanside
[ 690/1112] fetch-failed  -            Village Roots Deli & Taproom
[ 691/1112] fetch-failed  -            El Rinconcito Fruteria
[ 692/1112] fetch-failed  -            Handel's Homemade Ice Cream
[ 693/1112] fetch-failed  -            Su Pan Bakery El Cajon
[ 694/1112] fetch-failed  -            1022 Cafe & Gelateria
[ 695/1112] fetch-failed  -            Tacaliente Mexican Grill
[ 696/1112] fetch-failed  -            Taqueria El Kabron Jr.
[ 697/1112] fetch-failed  -            Panda Imperial Restaurant
[ 698/1112] fetch-failed  -            Balsamico Italian Kitchen
[ 699/1112] fetch-failed  -            Barn Door Public House
[ 700/1112] fetch-failed  -            Higher Grounds Coffee + Café
[ 701/1112] fetch-failed  -            Gelato 101 Solana Beach
[ 702/1112] fetch-failed  -            Napatini Bistro and Wine Bar
[ 703/1112] fetch-failed  -            Paris Baguette
[ 704/1112] fetch-failed  -            Savory Thai Restaurant
[ 705/1112] fetch-failed  -            Truluck's
[ 706/1112] fetch-failed  -            Ju-ichi
[ 707/1112] fetch-failed  -            Backdraft Bar & Grill
[ 708/1112] fetch-failed  -            Cork N Brew
[ 709/1112] fetch-failed  -            Buonasera New York Pizzeria
[ 710/1112] fetch-failed  -            Ocean Thai Cuisine
[ 711/1112] fetch-failed  -            Ono Hawaiian BBQ
[ 712/1112] fetch-failed  -            MOOYAH Burgers, Fries & Shakes
[ 713/1112] fetch-failed  -            Madeleine
[ 714/1112] fetch-failed  -            Cozy Corner
[ 715/1112] fetch-failed  -            Ernes Mexican Food & Breakfast
[ 716/1112] fetch-failed  -            Finca
[ 717/1112] fetch-failed  -            Rancho Grande El Toro Mexican Cuisine
[ 718/1112] fetch-failed  -            HomeState
[ 719/1112] fetch-failed  -            Tacotarian San Diego
[ 720/1112] fetch-failed  -            Caribbean Pleasure
[ 721/1112] fetch-failed  -            House of Pho
[ 722/1112] fetch-failed  -            Prey Brewing Company
[ 723/1112] fetch-failed  -            ZZan Sushi & Soju
[ 724/1112] fetch-failed  -            Graziano's Pizza Oceanside
[ 725/1112] fetch-failed  -            Blanco Cocina + Cantina
[ 726/1112] fetch-failed  -            I QUE BBQ
[ 727/1112] fetch-failed  -            Ascend Coffee Roasters
[ 728/1112] fetch-failed  -            China Fusion - Vista Way
[ 729/1112] fetch-failed  -            Pizza On Tap (P.O.T)
[ 730/1112] fetch-failed  -            Sabores Colombianos
[ 731/1112] fetch-failed  -            NuYo Frozen Yogurt Telegraph Canyon
[ 732/1112] fetch-failed  -            Bambinos Pizzeria & Deli #4
[ 733/1112] fetch-failed  -            Souplantation
[ 734/1112] fetch-failed  -            Sunny Side Solana
[ 735/1112] fetch-failed  -            El After Social Club
[ 736/1112] fetch-failed  -            James Coffee Co.
[ 737/1112] fetch-failed  -            Parakeet Juicery - La Jolla
[ 738/1112] fetch-failed  -            Angry Chickz - Oceanside
[ 739/1112] fetch-failed  -            Old World Meat Company
[ 740/1112] fetch-failed  -            Himalayan Bistro Oceanside
[ 741/1112] fetch-failed  -            Panpan wok
[ 742/1112] fetch-failed  -            HillCrust Pizza
[ 743/1112] fetch-failed  -            The Handmade Chef Meal Prep Co.
[ 744/1112] fetch-failed  -            New York Buffalo Wings
[ 745/1112] fetch-failed  -            Awash Ethiopian Restaurant
[ 746/1112] fetch-failed  -            Sonny’s Pizza
[ 747/1112] fetch-failed  -            Allen's New York Pizza
[ 748/1112] fetch-failed  -            Handel’s Homemade Ice Cream
[ 749/1112] fetch-failed  -            Naked Pizza
[ 750/1112] fetch-failed  -            SugarBears Sweet Provisions
[ 751/1112] fetch-failed  -            EL ENCANTO SD
[ 752/1112] fetch-failed  -            Ryan Bros Coffee City Heights
[ 753/1112] fetch-failed  -            Le Coq
[ 754/1112] fetch-failed  -            ALOHA GRILL
[ 755/1112] fetch-failed  -            Carnitas Quiroga
[ 756/1112] fetch-failed  -            China bros
[ 757/1112] fetch-failed  -            Aromi Italian Cuisine
[ 758/1112] fetch-failed  -            Sukho Thai Extraordinaire
[ 759/1112] fetch-failed  -            Belinda's Familia Mexican Food Truck
[ 760/1112] fetch-failed  -            AleSmith Brewing Company
[ 761/1112] fetch-failed  -            Jaws Topokki
[ 762/1112] fetch-failed  -            Finney's Crafthouse
[ 763/1112] fetch-failed  -            Smokin J's BBQ & Taphouse
[ 764/1112] fetch-failed  -            Tengu Ramen
[ 765/1112] fetch-failed  -            The Crimson Cake
[ 766/1112] fetch-failed  -            Sam's Farm Fresh
[ 767/1112] fetch-failed  -            Comstock Bar & Grill
[ 768/1112] fetch-failed  -            Emiliana's Mexican & Deli Food
[ 769/1112] fetch-failed  -            Docent Brewing
[ 770/1112] fetch-failed  -            Baked Thicc
[ 771/1112] fetch-failed  -            Kin Saep
[ 772/1112] fetch-failed  -            Ascend Coffee Roasters
[ 773/1112] fetch-failed  -            Hi!Dumplings
[ 774/1112] fetch-failed  -            PB Poke House Oceanside
[ 775/1112] fetch-failed  -            Gintaro Sushi
[ 776/1112] fetch-failed  -            Thai Pasta
[ 777/1112] fetch-failed  -            El Ranchero
[ 778/1112] fetch-failed  -            Players Sports Grill
[ 779/1112] fetch-failed  -            Great Wok of China
[ 780/1112] fetch-failed  -            La Mesa Pizzaworks
[ 781/1112] fetch-failed  -            Charli's Landing
[ 782/1112] fetch-failed  -            Eclipse Chocolat
[ 783/1112] fetch-failed  -            Trident Coffee Pacific Beach
[ 784/1112] fetch-failed  -            Merenda
[ 785/1112] fetch-failed  -            Urban Location Boba Tea House San Diego
[ 786/1112] fetch-failed  -            Leu Leu
[ 787/1112] fetch-failed  -            Sound by the Sea
[ 788/1112] fetch-failed  -            Ocean Buffet
[ 789/1112] fetch-failed  -            Thai Table Time
[ 790/1112] fetch-failed  -            Good Source Coffee
[ 791/1112] fetch-failed  -            Chef’s Wok & Dumplings
[ 792/1112] fetch-failed  -            Los Armando's Mexican Food
[ 793/1112] fetch-failed  -            Beach City Smoothies
[ 794/1112] fetch-failed  -            Green Cheek Beer Co.
[ 795/1112] fetch-failed  -            Good Omen Coffee Co
[ 796/1112] fetch-failed  -            Flame Broiler
[ 797/1112] fetch-failed  -            Los Cucos Mexican Food
[ 798/1112] fetch-failed  -            Two Hands Corn Dog Mira Mesa
[ 799/1112] fetch-failed  -            CTZN
[ 800/1112] fetch-failed  -            UT-HO Boba & Baguette
[ 801/1112] fetch-failed  -            Paris Baguette
[ 802/1112] fetch-failed  -            Burtech Family Vineyard Tasting Room
[ 803/1112] fetch-failed  -            Pietro's Cucina Italiana
[ 804/1112] fetch-failed  -            The Alley Otay Mesa
[ 805/1112] fetch-failed  -            El Flako's Wrangler Barbecue
[ 806/1112] fetch-failed  -            Burrito Leo's Mexican Food
[ 807/1112] fetch-failed  -            Diego's Taco Shop
[ 808/1112] fetch-failed  -            Buffalo Wild Wings GO
[ 809/1112] fetch-failed  -            Saigon Star Restaurant
[ 810/1112] fetch-failed  -            Pho Tan
[ 811/1112] fetch-failed  -            Tacos el Niño Santana
[ 812/1112] fetch-failed  -            Wings mix
[ 813/1112] fetch-failed  -            IZOLA
[ 814/1112] fetch-failed  -            Fish Boon
[ 815/1112] fetch-failed  -            Pei Wei
[ 816/1112] fetch-failed  -            TAKARAMONO SUSHI
[ 817/1112] fetch-failed  -            Burger Bench Vista
[ 818/1112] fetch-failed  -            La Casa Verde
[ 819/1112] fetch-failed  -            EsKiNiTa
[ 820/1112] fetch-failed  -            Simply Fresh Thai
[ 821/1112] fetch-failed  -            Pho Nam Cali
[ 822/1112] fetch-failed  -            Chocolate Bash
[ 823/1112] fetch-failed  -            La Mesita Mexican Food
[ 824/1112] fetch-failed  -            Kona Craft Cafe
[ 825/1112] fetch-failed  -            Photo House
[ 826/1112] fetch-failed  -            Banzai Bowls
[ 827/1112] fetch-failed  -            Little Victory Wine Bar
[ 828/1112] fetch-failed  -            Mission Baja Tacos
[ 829/1112] fetch-failed  -            T&T Tacos & Tequila Grill & Cantina
[ 830/1112] fetch-failed  -            Alborz Restaurant
[ 831/1112] fetch-failed  -            Fleurette
[ 832/1112] fetch-failed  -            Scoops Ocean Beach
[ 833/1112] fetch-failed  -            West Coast Pizza Company
[ 834/1112] fetch-failed  -            Top of the Bagel
[ 835/1112] fetch-failed  -            Buca di Beppo Italian Restaurant
[ 836/1112] fetch-failed  -            Mandarin Wok Restaurant
[ 837/1112] fetch-failed  -            The Honor Bar
[ 838/1112] fetch-failed  -            the Koffie Co
[ 839/1112] fetch-failed  -            Acai Republic - Oceanside
[ 840/1112] fetch-failed  -            Panini Kabob Grill - Park 12
[ 841/1112] fetch-failed  -            tiger!tiger!
[ 842/1112] fetch-failed  -            Banzai Bowls
[ 843/1112] fetch-failed  -            Piedra Santa
[ 844/1112] fetch-failed  -            Pha Khao Lao Cuisine
[ 845/1112] fetch-failed  -            QUICK BITES CAFE / Best Sandwiches
[ 846/1112] fetch-failed  -            Rocko's Family Restaurant
[ 847/1112] fetch-failed  -            Pop's Pizza
[ 848/1112] fetch-failed  -            Kiiro Sushi Izakaya
[ 849/1112] fetch-failed  -            CinKuni (Italian & Japanese Cuisine)
[ 850/1112] fetch-failed  -            Mali's Deli
[ 851/1112] fetch-failed  -            Thai Thai Melrose Restaurant
[ 852/1112] fetch-failed  -            Breakers
[ 853/1112] fetch-failed  -            MAKE Cafe
[ 854/1112] fetch-failed  -            Monserate Winery
[ 855/1112] fetch-failed  -            Troy's Greek Restaurant
[ 856/1112] fetch-failed  -            Campland Cantina
[ 857/1112] fetch-failed  -            Olive Branch Eatery
[ 858/1112] fetch-failed  -            The Great Greek Mediterranean Grill - Oceanside, CA
[ 859/1112] fetch-failed  -            Rubio's Coastal Grill
[ 860/1112] fetch-failed  -            Cocina 35 brunch
[ 861/1112] fetch-failed  -            Rubio's Coastal Grill
[ 862/1112] fetch-failed  -            Mr. Buffalo Fries
[ 863/1112] fetch-failed  -            Rubio's Coastal Grill
[ 864/1112] fetch-failed  -            PanPan Wok
[ 865/1112] fetch-failed  -            LA PLACE DELI
[ 866/1112] fetch-failed  -            Ocean Thai Cuisine
[ 867/1112] fetch-failed  -            Bueno Wine & Goods
[ 868/1112] fetch-failed  -            Captain Sam's Fish & Chicken
[ 869/1112] fetch-failed  -            Little Sisters Pizza
[ 870/1112] fetch-failed  -            Las Ricas Tortas
[ 871/1112] fetch-failed  -            iWok Chinese Kitchen
[ 872/1112] fetch-failed  -            Jolie
[ 873/1112] fetch-failed  -            Little Hidden Bakery
[ 874/1112] fetch-failed  -            Slurp
[ 875/1112] fetch-failed  -            Pizza Guys
[ 876/1112] fetch-failed  -            Mi Tierra Super Taco
[ 877/1112] fetch-failed  -            Brites Soft Serve
[ 878/1112] fetch-failed  -            Una Mas on Adams
[ 879/1112] fetch-failed  -            Uncle Feras Middle Eastern Restaurant
[ 880/1112] fetch-failed  -            PanPan Wok
[ 881/1112] fetch-failed  -            chance's coffee
[ 882/1112] fetch-failed  -            Fortuna Ristorante Italiano
[ 883/1112] fetch-failed  -            Chin's Szechwan - Point Loma
[ 884/1112] fetch-failed  -            Urban Teri Kitchen
[ 885/1112] fetch-failed  -            Between Us
[ 886/1112] fetch-failed  -            Halal Burger Co.
[ 887/1112] fetch-failed  -            Le Charcuterie Bar
[ 888/1112] fetch-failed  -            Little Kiki Katsu & More
[ 889/1112] fetch-failed  -            Juice Holler
[ 890/1112] fetch-failed  -            Agave Birrieria
[ 891/1112] fetch-failed  -            Dark Horse Coffee Roasters
[ 892/1112] fetch-failed  -            Leona's Cucina Italiana
[ 893/1112] fetch-failed  -            North Park Creamery
[ 894/1112] fetch-failed  -            Pop Pops Paleta
[ 895/1112] fetch-failed  -            Coffee Bean
[ 896/1112] fetch-failed  -            Beach City Smoothies - Oceanside
[ 897/1112] fetch-failed  -            Mein St. Asian Kitchen
[ 898/1112] fetch-failed  -            PanPan wok
[ 899/1112] fetch-failed  -            Pokeport Oceanside
[ 900/1112] fetch-failed  -            Thai Thae Cuisine
[ 901/1112] fetch-failed  -            Oriental Cafe | Chinese
[ 902/1112] fetch-failed  -            La Costa Wine
[ 903/1112] fetch-failed  -            El Papas Fritas Taco Shop
[ 904/1112] fetch-failed  -            Queenstown Del Mar
[ 905/1112] fetch-failed  -            Ono Hawaiian BBQ
[ 906/1112] fetch-failed  -            Noodle & Bun
[ 907/1112] fetch-failed  -            Poki Poki - Escondido
[ 908/1112] fetch-failed  -            La Fresita Y Mas
[ 909/1112] fetch-failed  -            Christophe Rull Patisserie
[ 910/1112] fetch-failed  -            Chef Budda Blasian Soul Food LLC
[ 911/1112] fetch-failed  -            For The Win - San Diego
[ 912/1112] fetch-failed  -            KABOB SHACK - EASTLAKE
[ 913/1112] fetch-failed  -            Chopsticks Inn Restaurant
[ 914/1112] fetch-failed  -            Egg Tuck
[ 915/1112] fetch-failed  -            Arteazen Handcrafted Tea
[ 916/1112] fetch-failed  -            Love Letters Pizza
[ 917/1112] fetch-failed  -            Dumplings N More
[ 918/1112] fetch-failed  -            Zuma San Diego
[ 919/1112] fetch-failed  -            Torta Time
[ 920/1112] fetch-failed  -            TACO CENTRO
[ 921/1112] fetch-failed  -            Khyber Pass Zarparan Restaurant | Afghan
[ 922/1112] fetch-failed  -            Antique Thai
[ 923/1112] fetch-failed  -            Hilltop Cafe
[ 924/1112] fetch-failed  -            Board & Brew - Downtown San Diego
[ 925/1112] fetch-failed  -            ZZan Sushi & Soju
[ 926/1112] fetch-failed  -            NOIR Sushi and Sake Fusion Lounge
[ 927/1112] fetch-failed  -            The Poke Tea House
[ 928/1112] fetch-failed  -            ROBATA-X Sushi & Izakaya
[ 929/1112] fetch-failed  -            Huckleberry's Breakfast & Lunch
[ 930/1112] fetch-failed  -            Dimassi's Mediterranean Buffet
[ 931/1112] fetch-failed  -            Barrel Riot
[ 932/1112] fetch-failed  -            Peppoli's Pizza & Philly Steaks
[ 933/1112] fetch-failed  -            Habibi Mediterranean Grill
[ 934/1112] fetch-failed  -            Dalu Hawaiian BBQ
[ 935/1112] fetch-failed  -            Sabroso taco savor a mi tierra
[ 936/1112] fetch-failed  -            La Jollita
[ 937/1112] fetch-failed  -            Scena Fusion Kitchen & Bar
[ 938/1112] fetch-failed  -            Mevan Coffee & Desserts & Brunch
[ 939/1112] fetch-failed  -            Bodega Market
[ 940/1112] fetch-failed  -            Daisy Deli
[ 941/1112] fetch-failed  -            24 Suns
[ 942/1112] fetch-failed  -            Jalisco Cantina
[ 943/1112] fetch-failed  -            Hazel & Jade Bakery
[ 944/1112] fetch-failed  -            Ichitaru Ramen Carlsbad
[ 945/1112] fetch-failed  -            Lotho Deli
[ 946/1112] fetch-failed  -            The Cakery Cafe
[ 947/1112] fetch-failed  -            Market St Pizzeria
[ 948/1112] fetch-failed  -            Quarter Deck Inn Cocktails
[ 949/1112] fetch-failed  -            Pompei Pizza
[ 950/1112] filed         wix          Sourpuss Donuts
[ 951/1112] needs-browser SpotOn       Crest Taco
[ 952/1112] needs-browser MealKeyWay   Pho Luu Escondido - Vietnamese Cuisine
[ 953/1112] no-platform   -            Colosseo Cucina Italiana
[ 954/1112] needs-browser chownow      Parakeet Cafe - Nautilus
[ 955/1112] no-platform   -            Taconora Pacific Beach
[ 956/1112] no-platform   -            Hanna Garden
[ 957/1112] no-platform   -            Mexico City Cuisine-CoLab
[ 958/1112] needs-browser slice        Pastalini
[ 959/1112] no-platform   -            Thai Table Time
[ 960/1112] no-platform   -            Little While
[ 961/1112] no-platform   -            I Love Bagels
[ 962/1112] no-platform   -            UT-HO Boba & Baguette
[ 963/1112] no-platform   -            Side Street Bowls & Smoothies
[ 964/1112] no-platform   -            Sono North Park
[ 965/1112] no-platform   -            Borrego Rooftop
[ 966/1112] no-platform   -            The Morning Grove
[ 967/1112] no-platform   -            Mantra Raja
[ 968/1112] no-platform   -            SD giant pizza
[ 969/1112] no-platform   -            Krak Boba
[ 970/1112] no-platform   -            Blank Slate
[ 971/1112] no-platform   -            Barrio Food Hub
[ 972/1112] no-platform   -            Gaslamp Coffee Bar
[ 973/1112] no-platform   -            Monserate Winery
[ 974/1112] no-platform   -            El Flako's Wrangler Barbecue
[ 975/1112] no-platform   -            Grandson Steaks
[ 976/1112] no-platform   -            Okama Ramen and Grill
[ 977/1112] no-platform   -            One of Us
[ 978/1112] no-platform   -            Crave & Feast
[ 979/1112] no-platform   -            Los Mexas
[ 980/1112] no-platform   -            Sola Cafe and Deli
[ 981/1112] no-platform   -            Cala La Jolla Café
[ 982/1112] no-platform   -            The Encore Sushi
[ 983/1112] no-platform   -            Gold Coffee Shop
[ 984/1112] no-platform   -            Native Foods
[ 985/1112] needs-browser Square Online storefront Empanada Kitchen
[ 986/1112] no-platform   -            Bubble & Butter
[ 987/1112] no-platform   -            Badas burgers
[ 988/1112] no-platform   -            Doc Holliday's
[ 989/1112] needs-browser MenuSifu     Joyee Noodle House(UTC)
[ 990/1112] no-platform   -            Saigon Alley Kitchen & Bar
[ 991/1112] no-platform   -            Baba's Pizza
[ 992/1112] needs-browser -            Mirch Masala 2 Go
[ 993/1112] no-platform   -            El Dorado
[ 994/1112] needs-browser -            Sammy's Woodfire Pizza and Grille
[ 995/1112] screened-out  order.online Fish Restaurant
[ 996/1112] no-platform   -            Kasi
[ 997/1112] needs-browser Square Online storefront Copa Vida
[ 998/1112] needs-browser -            Blue Water Grill
[ 999/1112] no-platform   -            Soda & Swine
[1000/1112] needs-browser order.online Deli Belly
[1001/1112] fetch-failed  -            Rancho Cafe
[1002/1112] no-platform   -            Pegah’s Kitchen
[1003/1112] no-platform   -            Cafe Fresh
[1004/1112] screened-out  shopify      Lofty Coffee
[1005/1112] needs-browser Square Online storefront Empanada Kitchen
[1006/1112] no-platform   -            Nékter Juice Bar
[1007/1112] no-platform   -            Cent'Anni Café
[1008/1112] no-platform   -            Our Green Affair
[1009/1112] needs-browser -            The Coffee Spot
[1010/1112] fetch-failed  -            Coco's Bakery
[1011/1112] no-platform   -            U31
[1012/1112] no-platform   -            Filibertos
[1013/1112] needs-browser -            The Hamlett
[1014/1112] no-platform   -            Rush Bowls
[1015/1112] no-platform   -            Brick & Bell Plus
[1016/1112] no-platform   -            Colimas Mexican Grull
[1017/1112] no-platform   -            Arctic Snacks
[1018/1112] no-platform   -            India Princess
[1019/1112] fetch-failed  -            Island Market
[1020/1112] no-platform   -            Village Inn
[1021/1112] no-platform   -            Kava Lounge
[1022/1112] no-platform   -            Jungle Cart
[1023/1112] no-platform   -            Veladora
[1024/1112] no-platform   -            Villa Fresh Italian Kitchen
[1025/1112] no-platform   -            Tradewinds
[1026/1112] no-platform   -            Jordan
[1027/1112] no-platform   -            Deja Vu
[1028/1112] no-platform   -            Fairbanks
[1029/1112] no-platform   -            Lion Camp Slush and Snacks
[1030/1112] no-platform   -            Our Green Affair
[1031/1112] no-platform   -            Shake Smart
[1032/1112] needs-browser slice        Massachusetts Mike's Pizzeria
[1033/1112] no-platform   -            Rift Sand Bar
[1034/1112] no-platform   -            Candelas
[1035/1112] no-platform   -            Rice
[1036/1112] no-platform   -            Nicolosi's Pizza (Mira Lee Way)
[1037/1112] no-platform   -            Ituri Hut
[1038/1112] needs-browser Square Online storefront Prager Brothers Artisan Breads
[1039/1112] no-platform   -            The Reading Club
[1040/1112] no-platform   -            CABETOS Pops
[1041/1112] fetch-failed  -            Kellys Pub
[1042/1112] no-platform   -            Monster Snacks
[1043/1112] no-platform   -            Antique Row Cafe
[1044/1112] wrong-branch  toast        Beeside Balcony La Jolla
[1045/1112] fetch-failed  -            Lefty's Cheesesteaks
[1046/1112] no-platform   -            Copper Kings San Marcos
[1047/1112] no-platform   -            Time Out Café
[1048/1112] no-platform   -            Oodles By The Nood Bar
[1049/1112] no-platform   -            Cocina Del Mar
[1050/1112] no-platform   -            Trisler's San Diego Wine Bar
[1051/1112] no-platform   -            Juice Alchemy
[1052/1112] no-platform   -            La Salsa
[1053/1112] no-platform   -            Relic Bakery & Kitchen
[1054/1112] no-platform   -            CHINA CHEF 1
[1055/1112] needs-browser toast        Sultan Baklava
[1056/1112] no-platform   -            Safari Coffee Outpost
[1057/1112] wrong-branch  toast        Oceanside Fish Shop
[1058/1112] no-platform   -            Pizza Guys
[1059/1112] needs-browser -            Yogurt Lounge Serra Mesa
[1060/1112] no-platform   -            Canyon Inn
[1061/1112] filed         spothopper   Cabo Cantina
[1062/1112] no-platform   -            Mo-Mo Paradise
[1063/1112] needs-browser toast        Corbin's Q
[1064/1112] too-few       own-jsonld   The Oceanaire Seafood Room
[1065/1112] fetch-failed  -            Tacos Locos Tasty Mexican Food
[1066/1112] wrong-branch  toast        Lucha Libre Taco Shop
[1067/1112] fetch-failed  -            OB Kebab
[1068/1112] fetch-failed  -            OB Garden Café
[1069/1112] wrong-branch  toast        Chef Fei
[1070/1112] no-platform   -            George’s Bar
[1071/1112] needs-browser Square Online (own domain) BCB Coffee
[1072/1112] no-platform   -            Grover's Grill
[1073/1112] no-platform   -            House of Black
[1074/1112] no-platform   -            Creme De La Crepe
[1075/1112] no-platform   -            Border X Brewing
[1076/1112] no-platform   -            Noodles
[1077/1112] fetch-failed  -            Las Pinches Tortas
[1078/1112] no-platform   -            Taco Villa
[1079/1112] needs-browser Square Online storefront Copa Vida
[1080/1112] no-platform   -            Mission Brewing (fka Rough Draft)
[1081/1112] no-platform   -            Aromas
[1082/1112] no-platform   -            Chicken & Crown
[1083/1112] fetch-failed  -            Dryer's Ice Cream Parlor
[1084/1112] no-platform   -            University Towers Kitchen
[1085/1112] no-platform   -            TEC Cafe
[1086/1112] no-platform   -            Ground Up Cafe
[1087/1112] needs-browser toast        BCB Coffee Company
[1088/1112] no-platform   -            Sweet Labors
[1089/1112] fetch-failed  -            Trade Restaurant & Lounge
[1090/1112] fetch-failed  -            All Fried Up
[1091/1112] no-platform   -            Café de Anza
[1092/1112] no-platform   -            Mawazo Kitchen
[1093/1112] fetch-failed  -            The Waterfront
[1094/1112] needs-browser MealKeyWay   Yonny Mini Hotpot
[1095/1112] needs-browser Square Online storefront Cafecito 1806
[1096/1112] no-platform   -            SanSai Japanese Grill
[1097/1112] no-platform   -            NM Cafe
[1098/1112] no-platform   -            The Santaluz Club Dining Room and Events
[1099/1112] no-platform   -            Stony Mountain Bar & Grill
[1100/1112] no-platform   -            Inland Tavern
[1101/1112] fetch-failed  -            In Between
[1102/1112] fetch-failed  -            Capriotti's Sandwich Shop
[1103/1112] needs-browser -            Casa de Freds
[1104/1112] needs-browser -            Verde Kitchen & Bar
[1105/1112] no-platform   -            HACIENDITA BAKERY
[1106/1112] no-platform   -            The Grand Tradition
[1107/1112] wrong-branch  toast        Carnitas’ Snack Shack
[1108/1112] fetch-failed  -            BunZ
[1109/1112] no-platform   -            Oliva
[1110/1112] no-platform   -            Mama Kat's Restaurant and Pie Shop
[1111/1112] no-platform   -            Bean Sprouts
[1112/1112] no-platform   -            Buka - Taste of Nigeria

platform                       attempted         filed       too-few         gated  wrong-branch needs-browser   no-platform  fetch-failed  screened-out
none                                 922             0             0             0             0            22           317           583             0
toast                                 37             1             0             0             8            27             0             0             1
Square Online storefront              27             0             0             0             0            27             0             0             0
order.online                          26             0             0             0             3            19             0             0             4
chownow                               15             0             0             0             4            11             0             0             0
Square Online (own domain)            14             0             0             0             0            14             0             0             0
netwaiter                              9             0             8             0             0             1             0             0             0
MealKeyWay                             9             0             0             0             0             9             0             0             0
plain-html                             7             0             0             0             0             7             0             0             0
spothopper                             7             1             0             0             0             6             0             0             0
SpotOn                                 7             0             0             0             0             7             0             0             0
slice                                  6             0             0             0             0             5             0             0             1
olo                                    6             0             0             0             0             6             0             0             0
shopify                                6             1             0             0             0             0             0             0             5
clover                                 4             0             0             0             2             0             0             0             2
menufy                                 2             0             0             0             0             0             0             0             2
HungerRush                             2             0             0             0             0             2             0             0             0
own-jsonld                             2             0             1             0             0             0             0             0             1
GloriaFood widget                      1             0             0             0             0             1             0             0             0
ubereats                               1             0             0             0             1             0             0             0             0
wix                                    1             1             0             0             0             0             0             0             0
MenuSifu                               1             0             0             0             0             1             0             0             0
TOTAL                               1112             4             9             0            18           165           317           583            16

4 menus, 23 dishes
wrote menus/wip/router-20260904-140845.json
wrote menus/wip/router-20260904-140845.notes.json
