queue 1023 with a website; routing 1023 at concurrency 4

[   1/1023] no-platform   -            Taquería Imperial
[   2/1023] needs-browser chownow      Burger Bench Escondido
[   3/1023] no-platform   -            Mimi's Cafe
[   4/1023] screened-out  order.online Wood Ranch Mission Valley
[   5/1023] wrong-branch  order.online El Pueblo Mexican Food - Carlsbad
[   6/1023] fetch-failed  -            Public Square Coffee House
[   7/1023] no-platform   -            VG Donut & Bakery
[   8/1023] needs-browser order.online Tom's Famous Family Restaurant 24
[   9/1023] needs-browser Square Online storefront Wayfarer Bread & Pastry
[  10/1023] no-platform   -            Farmer & The Seahorse
[  11/1023] needs-browser toast        MooTime Creamery
[  12/1023] needs-browser chownow      Brigantine Seafood
[  13/1023] gated         chownow      Handel’s Homemade Ice Cream
[  14/1023] needs-browser order.online TOM's Famous Family Restaurant 22
[  15/1023] no-platform   -            Loreto's Taco Shop
[  16/1023] needs-browser plain-html   Por Favor El Cajon
[  17/1023] no-platform   -            Taco Bar
[  18/1023] fetch-failed  -            Home Sweet Home Cafe
[  19/1023] needs-browser chownow      Parakeet Cafe - Little Italy
[  20/1023] fetch-failed  -            Plazas Mexican Food
[  21/1023] needs-browser plain-html   Papas & Tacos Mexican Food
[  22/1023] needs-browser -            Coya Peruvian Secret
[  23/1023] needs-browser GloriaFood widget That Mexican Place
[  24/1023] no-platform   -            Todo Sushi
[  25/1023] no-platform   -            El Real Mexican Food
[  26/1023] screened-out  order.online Grandma Tofu & BBQ
[  27/1023] no-platform   -            Anita's Mexican Restaurant & Cantina
[  28/1023] no-platform   -            Hanu Korean BBQ
[  29/1023] needs-browser toast        Lanna Thai Cuisine
[  30/1023] needs-browser slice        Pastalini
[  31/1023] fetch-failed  -            Red Fox Room and Steakhouse
[  32/1023] no-platform   -            Otay Mandarin Chinese Restaurant
[  33/1023] fetch-failed  -            Los Reyes Mexican Restaurant & Cantina
[  34/1023] needs-browser olo          Panini Kabob Grill - Mission Valley
[  35/1023] needs-browser Square Online storefront skybound coffee + dessert lounge
[  36/1023] no-platform   -            It's Raw Poke Shop
[  37/1023] needs-browser order.online Sancho's Tacos
[  38/1023] no-platform   -            Antonio's Mexican Food
[  39/1023] needs-browser Square Online (own domain) Up2You Cafe
[  40/1023] needs-browser toast        The Asian Bistro
[  41/1023] needs-browser toast        Stake Chophouse & Bar
[  42/1023] no-platform   -            Boudin SF
[  43/1023] no-platform   -            Urban Crave
[  44/1023] needs-browser plain-html   Nick's Del Mar
[  45/1023] fetch-failed  -            La Concha Bakery
[  46/1023] no-platform   -            Urban Crave
[  47/1023] needs-browser olo          Better Buzz Coffee Pacific Beach Grand
[  48/1023] needs-browser plain-html   Pancho's Mexican Restaurant
[  49/1023] no-platform   -            Lucy's Bakery
[  50/1023] too-few       netwaiter    Connie's
[  51/1023] no-platform   -            Muay Thai Kitchen
[  52/1023] no-platform   -            Baci Restaurant | Italian
[  53/1023] needs-browser order.online Robertito's Mexican Food
[  54/1023] needs-browser toast        Nado Republic
[  55/1023] needs-browser Square Online (own domain) Camp Coffee Company
[  56/1023] needs-browser -            Beyer Deli
[  57/1023] needs-browser Square Online (own domain) Portal Coffee
[  58/1023] no-platform   -            Umai Sushi
[  59/1023] no-platform   -            Golden Donut
[  60/1023] needs-browser spothopper   Los Panchos Mexican Grill & Seafood
[  61/1023] gated         chownow      Handel’s Homemade Ice Cream
[  62/1023] fetch-failed  -            Mi Ranchito Taco Shop
[  63/1023] needs-browser Square Online storefront Prager Brothers Artisan Breads
[  64/1023] needs-browser MealKeyWay   Dumplings N More
[  65/1023] no-platform   -            Superbloom Coffee & Juice
[  66/1023] needs-browser Square Online storefront Maan's Mediterranean Grill
[  67/1023] needs-browser toast        Shaks Mediterranean Bistro
[  68/1023] needs-browser spothopper   Penelopes Mexican Food
[  69/1023] needs-browser Square Online (own domain) Barrio Donas
[  70/1023] fetch-failed  -            Bonchon Chicken
[  71/1023] no-platform   -            The Cowshed
[  72/1023] needs-browser toast        The Remy
[  73/1023] needs-browser spothopper   Curry & More - Indian Bistro
[  74/1023] no-platform   -            Yingli Restaurant | Chula Vista
[  75/1023] no-platform   -            Red Lobster
[  76/1023] needs-browser spothopper   3N1 Sports Bar & Grill
[  77/1023] needs-browser order.online Scoops La Jolla
[  78/1023] no-platform   -            Señor Taquero
[  79/1023] screened-out  clover       Royal Sweets
[  80/1023] too-few       netwaiter    Aiberto's Taco Shop
[  81/1023] fetch-failed  -            Leucadia Donut Shoppe
[  82/1023] fetch-failed  -            Edelweiss Bakery
[  83/1023] fetch-failed  -            Pacific Beach Ice Cream Co.
[  84/1023] no-platform   -            SOMISOMI
[  85/1023] needs-browser toast        Tabu Sushi Bar & Grill Santee
[  86/1023] gated         chownow      Handel's Homemade Ice Cream
[  87/1023] fetch-failed  -            Arizona Chinese Restaurant
[  88/1023] wrong-branch  order.online Lourdes Mexican Food To Go
[  89/1023] no-platform   -            Sushi Factory
[  90/1023] no-platform   -            Hidden Fish
[  91/1023] no-platform   -            Big Front Door
[  92/1023] needs-browser Square Online storefront Bay Park Coffee
[  93/1023] needs-browser Square Online storefront Portinos Restaurant
[  94/1023] no-platform   -            Emma's Mexican Food
[  95/1023] no-platform   -            El Charro Mexican Food
[  96/1023] no-platform   -            Rosarito's Mexican Food #1
[  97/1023] too-few       netwaiter    Mary Ettas Cafe
[  98/1023] needs-browser Square Online storefront Sandwich Emporium
[  99/1023] no-platform   -            Hanna's Gourmet
[ 100/1023] needs-browser spothopper   il Sogno Italiano
[ 101/1023] needs-browser order.online Gelato Paradiso
[ 102/1023] no-platform   -            Angelito's Fruteria Y Neveria
[ 103/1023] no-platform   -            Flora
[ 104/1023] needs-browser toast        Valentina
[ 105/1023] needs-browser -            Yogurt Heaven
[ 106/1023] needs-browser Square Online storefront Pink Rose Cafe
[ 107/1023] needs-browser slice        Italia Pizza
[ 108/1023] no-platform   -            Honey Baked Ham
[ 109/1023] no-platform   -            Lucy's Bakery
[ 110/1023] needs-browser olo          Randy's Donuts
[ 111/1023] no-platform   -            Cafe Bella Drive Thru
[ 112/1023] fetch-failed  -            Camel's Bar and Grill
[ 113/1023] no-platform   -            Off The 8 Café
[ 114/1023] no-platform   -            Royal India Express
[ 115/1023] needs-browser olo          Luna Grill Millenia
[ 116/1023] no-platform   -            Wahoo's Fish Taco
[ 117/1023] needs-browser Square Online (own domain) Solana Sumptuous Cookies
[ 118/1023] needs-browser MealKeyWay   Surfing Crab Escondido
[ 119/1023] screened-out  menufy       Ginza Sushi
[ 120/1023] fetch-failed  -            We Olive & Wine Bar
[ 121/1023] no-platform   -            Dragon Express
[ 122/1023] no-platform   -            Tropifruit Juice Bar
[ 123/1023] no-platform   -            Cow-A-Bunga Ice Cream & Coffee
[ 124/1023] needs-browser Square Online (own domain) Serrano's Mexican Food
[ 125/1023] no-platform   -            Ike's Love & Sandwiches
[ 126/1023] needs-browser spothopper   Santos Coffee
[ 127/1023] fetch-failed  -            Thai Island@
[ 128/1023] needs-browser toast        Rosemonts Cafe
[ 129/1023] no-platform   -            BKK THAI KITCHEN
[ 130/1023] fetch-failed  -            Palomino's Mexican & Seafood
[ 131/1023] fetch-failed  -            The Art of Espresso
[ 132/1023] screened-out  shopify      La Colombe Coffee Roasters
[ 133/1023] no-platform   -            Shozen BBQ
[ 134/1023] no-platform   -            Athens Market Taverna
[ 135/1023] needs-browser order.online San Diego Sandwich Co
[ 136/1023] no-platform   -            Mexico Lindo Restaurant
[ 137/1023] needs-browser Square Online (own domain) Matcha Cafe Maiko - Escondido
[ 138/1023] no-platform   -            PGA Tour Grill
[ 139/1023] needs-browser -            Marieta's Mexican Food
[ 140/1023] no-platform   -            Eugenio Italian Ristorante & More
[ 141/1023] needs-browser HungerRush   Flippin' Pizza La Costa
[ 142/1023] fetch-failed  -            @Spacebar Cafe
[ 143/1023] no-platform   -            Cake de Partie
[ 144/1023] screened-out  own-jsonld   Hanna Garden
[ 145/1023] no-platform   -            Uncle Biffs California Killer Cookies
[ 146/1023] no-platform   -            Donuts Plus
[ 147/1023] no-platform   -            La Mixteca
[ 148/1023] no-platform   -            Valerio's 1979
[ 149/1023] no-platform   -            Silverlake Ramen
[ 150/1023] gated         chownow      Handel's Homemade Ice Cream
[ 151/1023] needs-browser -            Bravo Cafe
[ 152/1023] no-platform   -            Pizza Mania
[ 153/1023] needs-browser Square Online storefront Crossroads Deli
[ 154/1023] needs-browser SpotOn       Porky's Lechon Barbecue
[ 155/1023] filed         shopify      Flor and Seed Coffee Roasters
[ 156/1023] needs-browser Square Online (own domain) Elixir Espresso & Wine Bar
[ 157/1023] no-platform   -            Kokoro Restaurant
[ 158/1023] too-few       netwaiter    Opa Greek Restaurant & Grill
[ 159/1023] no-platform   -            KD's Donuts
[ 160/1023] no-platform   -            Imperial Express
[ 161/1023] fetch-failed  -            Potato Corner
[ 162/1023] fetch-failed  -            Cielo Rooftop
[ 163/1023] no-platform   -            The Orient Thai
[ 164/1023] fetch-failed  -            Tak Grill Fresh Mediterranean Food
[ 165/1023] no-platform   -            Kaffee Meister
[ 166/1023] needs-browser olo          Luna Grill Encinitas
[ 167/1023] no-platform   -            The Leucadian
[ 168/1023] no-platform   -            White Labs Brewing Co - San Diego
[ 169/1023] no-platform   -            Beach + Taco Shack
[ 170/1023] no-platform   -            ENO Market & Pizzeria
[ 171/1023] needs-browser toast        The Naked Cafe
[ 172/1023] needs-browser Square Online storefront Thyme for Lunch Cafe & Grill
[ 173/1023] no-platform   -            Nothing Bundt Cakes
[ 174/1023] no-platform   -            SoCal Sushi
[ 175/1023] screened-out  menufy       IB Thai
[ 176/1023] no-platform   -            Glazed Coffee & Creamery
[ 177/1023] no-platform   -            Ko-Li Bar
[ 178/1023] no-platform   -            Phở Hòa Restaurant | Vietnamese
[ 179/1023] needs-browser Square Online (own domain) Industrial Grind Coffee
[ 180/1023] no-platform   -            Que Tortas
[ 181/1023] screened-out  shopify      James Coffee Co
[ 182/1023] needs-browser chownow      Pho Hiep & Grill
[ 183/1023] no-platform   -            The Grounds Bean Bar
[ 184/1023] no-platform   -            Kaito Sushi
[ 185/1023] needs-browser -            Fat Joe’s O’side
[ 186/1023] screened-out  shopify      Seven Seas Roasting Company
[ 187/1023] no-platform   -            YuJing Chinese Restaurant
[ 188/1023] fetch-failed  -            Donut Factory
[ 189/1023] no-platform   -            Chopsticks Chinese Cuisine
[ 190/1023] needs-browser Square Online storefront Mesa Agricola
[ 191/1023] needs-browser -            Banh Mi Blvd
[ 192/1023] no-platform   -            La Moreliana
[ 193/1023] needs-browser Square Online (own domain) Dot Cafe
[ 194/1023] no-platform   -            Tea Pavilion
[ 195/1023] fetch-failed  -            Valentinas Taco Shop
[ 196/1023] no-platform   -            Blue Pepper Asian Cuisine
[ 197/1023] fetch-failed  -            Memo's Golden Bagel
[ 198/1023] needs-browser -            Seaview Restaurant
[ 199/1023] fetch-failed  -            The Reunion
[ 200/1023] needs-browser order.online BB's Deli
[ 201/1023] needs-browser order.online Le Macaron French Pastries
[ 202/1023] needs-browser SpotOn       Kalei's Kitchenette
[ 203/1023] fetch-failed  -            Eat Your Heart Out II
[ 204/1023] needs-browser toast        Lime in the Coconut
[ 205/1023] needs-browser MealKeyWay   Iron Wok
[ 206/1023] no-platform   -            San Diego Blenders
[ 207/1023] no-platform   -            Joses Taco Shop
[ 208/1023] filed         toast        Baja Rick's Cantina
[ 209/1023] needs-browser slice        Rock On Pizza
[ 210/1023] needs-browser Square Online storefront Sue's Korean Kitchen
[ 211/1023] fetch-failed  -            Bistro Pazzo
[ 212/1023] no-platform   -            Purple Owl Cafe
[ 213/1023] fetch-failed  -            Al Teatro Panini Grill
[ 214/1023] no-platform   -            Nanay's Best BBQ
[ 215/1023] no-platform   -            Black Radish
[ 216/1023] fetch-failed  -            Idego Coffee Roasters
[ 217/1023] no-platform   -            Little Ceasar's
[ 218/1023] fetch-failed  -            Rosarito's Mexican Food #2
[ 219/1023] no-platform   -            Explorers Café
[ 220/1023] no-platform   -            Criscito Pizza
[ 221/1023] needs-browser Square Online storefront Tacoman
[ 222/1023] too-few       netwaiter    Nolberto's Taco Shop
[ 223/1023] fetch-failed  -            Bar Kamon
[ 224/1023] no-platform   -            Sweet Revenge Bakery
[ 225/1023] no-platform   -            Surfdog's Java Hot
[ 226/1023] fetch-failed  -            Thai Fresh
[ 227/1023] no-platform   -            The Luau
[ 228/1023] no-platform   -            Red Ribbon Bakeshop
[ 229/1023] no-platform   -            Hino
[ 230/1023] no-platform   -            Coral Tree Tea House
[ 231/1023] no-platform   -            World Famous I Bar
[ 232/1023] fetch-failed  -            Prince Hookah Cafe
[ 233/1023] fetch-failed  -            P B Pub
[ 234/1023] no-platform   -            Red Ribbon Bakeshop
[ 235/1023] no-platform   -            Mother's Kitchen
[ 236/1023] needs-browser Square Online storefront Fan-Fan
[ 237/1023] no-platform   -            Thai Style
[ 238/1023] needs-browser toast        Mr. Charlie's
[ 239/1023] no-platform   -            Aztec Food Hub
[ 240/1023] no-platform   -            Brown Bag Deli
[ 241/1023] no-platform   -            The Halal Shack
[ 242/1023] no-platform   -            Crispy Chicken n' Tomato
[ 243/1023] no-platform   -            Corner Cafe | Chinese
[ 244/1023] fetch-failed  -            Victor's Kafe - Poway
[ 245/1023] needs-browser plain-html   Donut Stop
[ 246/1023] no-platform   -            Tony’s Newport Cafe
[ 247/1023] no-platform   -            Taco Time Food Truck
[ 248/1023] fetch-failed  -            Gotcha
[ 249/1023] no-platform   -            Zhang Liang Malatang
[ 250/1023] needs-browser SpotOn       D Wings & Ribs
[ 251/1023] no-platform   -            Kona Coffee
[ 252/1023] no-platform   -            The Elegant Truffle
[ 253/1023] no-platform   -            Gong Cha
[ 254/1023] no-platform   -            Millport
[ 255/1023] no-platform   -            La Perlita Mexican Food
[ 256/1023] no-platform   -            Nothing Bundt Cakes
[ 257/1023] needs-browser -            Panorama Bar & Grill
[ 258/1023] no-platform   -            Seahorse Coffee
[ 259/1023] no-platform   -            The Deli Stop
[ 260/1023] needs-browser toast        Matoi
[ 261/1023] fetch-failed  -            Stagecoach Inn
[ 262/1023] needs-browser Square Online storefront Cargo Cafe
[ 263/1023] needs-browser order.online Poki Poki - Encinitas
[ 264/1023] no-platform   -            Parkys
[ 265/1023] needs-browser MealKeyWay   Zhengxin Chicken Steak
[ 266/1023] fetch-failed  -            Topside Terrace Kitchen & Bar
[ 267/1023] no-platform   -            Chin's Gourmet
[ 268/1023] wrong-branch  toast        The Crack Shack - Pacific Beach
[ 269/1023] no-platform   -            Shanghai Cuisine
[ 270/1023] needs-browser chownow      Gor Gai Thai Eatery
[ 271/1023] needs-browser Square Online (own domain) Elixir Espresso Bar
[ 272/1023] needs-browser Square Online storefront Sul & Beans
[ 273/1023] fetch-failed  -            Pho Olala
[ 274/1023] needs-browser Square Online storefront ZzanG Hotdog & Chicken
[ 275/1023] no-platform   -            The Peruvian Spot
[ 276/1023] no-platform   -            The Lean Machine Meal Prep
[ 277/1023] no-platform   -            China Express
[ 278/1023] no-platform   -            Hancock Street Cafe
[ 279/1023] needs-browser toast        Bonehead Burger Co.
[ 280/1023] needs-browser olo          Sweetfin
[ 281/1023] screened-out  clover       Hooked On Pokè
[ 282/1023] no-platform   -            Teaspoon
[ 283/1023] needs-browser order.online Daniel's Taco Shop
[ 284/1023] no-platform   -            Channel 2 Sports Bar
[ 285/1023] no-platform   -            Pick Up Stix Fresh Asian Flavors
[ 286/1023] fetch-failed  -            Roots Bowls
[ 287/1023] fetch-failed  -            Deano's Pub
[ 288/1023] needs-browser SpotOn       Hot or Not Thai
[ 289/1023] needs-browser MealKeyWay   Szechuan Chef Chinese Cuisine
[ 290/1023] needs-browser -            Bistro Kaz
[ 291/1023] no-platform   -            Chen Golden Palace
[ 292/1023] needs-browser HungerRush   Flippin Pizza Encinitas
[ 293/1023] needs-browser order.online DaYung's Tea
[ 294/1023] no-platform   -            La Central
[ 295/1023] fetch-failed  -            Le Rendez-Vous French Bakery
[ 296/1023] fetch-failed  -            Long Story Irish Pub
[ 297/1023] fetch-failed  -            Rosaria's Pizza 4
[ 298/1023] no-platform   -            Vitality Bowls
[ 299/1023] no-platform   -            Mike Hess Brewing Tasting Room
[ 300/1023] needs-browser toast        Upper East
[ 301/1023] no-platform   -            It's A Piece A Cake
[ 302/1023] no-platform   -            Musashiya
[ 303/1023] fetch-failed  -            Tulum Seafood
[ 304/1023] no-platform   -            San Diego Eagle
[ 305/1023] no-platform   -            City Dragon
[ 306/1023] no-platform   -            The Brass Rail
[ 307/1023] no-platform   -            Okavango Outpost
[ 308/1023] no-platform   -            Sidny's Bagels & Deli
[ 309/1023] no-platform   -            Kaki Sushi
[ 310/1023] no-platform   -            CAFE 160
[ 311/1023] too-few       netwaiter    Goyo's Bakery
[ 312/1023] no-platform   -            Bale French Sandwiches
[ 313/1023] needs-browser order.online Taste of Thai
[ 314/1023] no-platform   -            African Spices
[ 315/1023] needs-browser order.online Elsa's Kitchen
[ 316/1023] fetch-failed  -            Spoon House
[ 317/1023] no-platform   -            Hoffer's Cigar Bar
[ 318/1023] screened-out  slice        Mike's Giant New York Pizza
[ 319/1023] no-platform   -            Gloria's Taco Shop
[ 320/1023] needs-browser Square Online storefront Mad Munch Grilled Cheezer Co.
[ 321/1023] fetch-failed  -            Kinchana
[ 322/1023] no-platform   -            La Michoacana
[ 323/1023] fetch-failed  -            Mosa Tea
[ 324/1023] needs-browser plain-html   JNC Pinoy Foodmart
[ 325/1023] wrong-branch  toast        Achilles Coffee Roasters
[ 326/1023] screened-out  toast        Agave Taco Shop
[ 327/1023] needs-browser toast        Dora
[ 328/1023] no-platform   -            Novecientos Grados by Tony Hawk
[ 329/1023] screened-out  order.online Frida's Taqueria
[ 330/1023] no-platform   -            Nobu
[ 331/1023] no-platform   -            Teriyaki Madness
[ 332/1023] no-platform   -            Bopomofo Cafe
[ 333/1023] needs-browser chownow      Leos Kitchen
[ 334/1023] no-platform   -            Cool Down Coffee
[ 335/1023] needs-browser chownow      Juice Kaboose
[ 336/1023] no-platform   -            Smittys Downtown
[ 337/1023] wrong-branch  clover       Manzanita Roasting Co
[ 338/1023] needs-browser toast        Junction Bar & Grill
[ 339/1023] no-platform   -            Tom's Chinese BBQ
[ 340/1023] no-platform   -            La Nacional
[ 341/1023] needs-browser order.online Donut Bros
[ 342/1023] needs-browser toast        Thai Ladle
[ 343/1023] no-platform   -            Pizzabilities - Alpine
[ 344/1023] no-platform   -            Urban Bubble
[ 345/1023] needs-browser order.online Deli Belly
[ 346/1023] needs-browser Square Online storefront Tasty Pizza Escondido LLC
[ 347/1023] needs-browser MealKeyWay   Ma's House
[ 348/1023] wrong-branch  clover       Hyderabad Cafe
[ 349/1023] too-few       netwaiter    Roma's Pizza
[ 350/1023] no-platform   -            Juice Stop Encinitas
[ 351/1023] no-platform   -            Angela's Eccentric Kitchen
[ 352/1023] needs-browser SpotOn       La Banana Fruits - Fruteria
[ 353/1023] no-platform   -            Kind Coffee
[ 354/1023] too-few       netwaiter    Star Express
[ 355/1023] no-platform   -            Picasso's Naturals
[ 356/1023] needs-browser toast        Angry Petes Pizza Point Loma
[ 357/1023] needs-browser toast        Understory Bar
[ 358/1023] needs-browser Square Online (own domain) Rad Habits Juice
[ 359/1023] no-platform   -            Nova Easy Kombucha
[ 360/1023] fetch-failed  -            Deano's Pub East
[ 361/1023] fetch-failed  -            Bonchon Chicken
[ 362/1023] needs-browser MealKeyWay   Spicy Noodle
[ 363/1023] no-platform   -            Village Pub
[ 364/1023] no-platform   -            Tastea
[ 365/1023] needs-browser SpotOn       Mariscos y Miches El Patron
[ 366/1023] needs-browser chownow      Juice Caboose
[ 367/1023] no-platform   -            Del Sushi
[ 368/1023] no-platform   -            Hometown Taste
[ 369/1023] no-platform   -            Burrito King
[ 370/1023] no-platform   -            Granny's Apple Fries
[ 371/1023] screened-out  shopify      Seven Seas Roasting
[ 372/1023] needs-browser -            Bowl To Go
[ 373/1023] needs-browser Square Online storefront Dog Leg Brewing
[ 374/1023] fetch-failed  -            El Mercadito
[ 375/1023] no-platform   -            Unique Sandwiches
[ 376/1023] wrong-branch  toast        Burekas Box
[ 377/1023] no-platform   -            Star Dust Donut Shop
[ 378/1023] no-platform   -            Java Earth Coffee
[ 379/1023] no-platform   -            Gihon Ethiopian Kitchen
[ 380/1023] needs-browser toast        A Louest
[ 381/1023] fetch-failed  -            Gem Coffee
[ 382/1023] needs-browser Square Online storefront Goli
[ 383/1023] no-platform   -            Cj Lounge
[ 384/1023] no-platform   -            Las Michoacanas
[ 385/1023] needs-browser -            Tutti Frutti Frozen Yogurt
[ 386/1023] needs-browser toast        Kinme Omakase
[ 387/1023] wrong-branch  order.online The Pad Thai Stand
[ 388/1023] no-platform   -            Erika's Mexican Food & Seafood
[ 389/1023] fetch-failed  -            Vica’s Cafe
[ 390/1023] needs-browser Square Online (own domain) The Craft Taco at The Nat
[ 391/1023] needs-browser MealKeyWay   Ten Seconds Yunnan Rice Noodle
[ 392/1023] no-platform   -            R3fresh Juice Bar
[ 393/1023] no-platform   -            Social hookah lounge
[ 394/1023] no-platform   -            Sarku Japan
[ 395/1023] fetch-failed  -            Jungle Tea
[ 396/1023] needs-browser Square Online (own domain) Castelli & Pizarro Family Vineyards & Winery
[ 397/1023] fetch-failed  -            Bang Bang
[ 398/1023] fetch-failed  -            Orient Valley Filipino Cuisine
[ 399/1023] needs-browser slice        Papa's Pizza
[ 400/1023] no-platform   -            Hongyuan Kebab
[ 401/1023] no-platform   -            Park Commons
[ 402/1023] fetch-failed  -            Bobalicious
[ 403/1023] wrong-branch  clover       Burros and Fries
[ 404/1023] no-platform   -            China Fun
[ 405/1023] no-platform   -            SusieCakes - Carlsbad
[ 406/1023] wrong-branch  order.online La michoacana Plus San Diego #2
[ 407/1023] too-few       netwaiter    Kim's Bar-B-Que
[ 408/1023] too-few       netwaiter    K & K Orient Valley Food Center
[ 409/1023] no-platform   -            PB Oriental
[ 410/1023] no-platform   -            PKI Sushi
[ 411/1023] needs-browser slice        Del Cerro Pizza
[ 412/1023] needs-browser toast        Grab & Go - Mission Hills
[ 413/1023] needs-browser -            Modern Times Coffee
[ 414/1023] no-platform   -            Leucadia Pizza
[ 415/1023] needs-browser toast        Go Greek Authentic Yogurteria
[ 416/1023] needs-browser order.online Tous les Jours
[ 417/1023] needs-browser -            Sieu Sieu BBQ
[ 418/1023] no-platform   -            Bubbles & Brews Cafe
[ 419/1023] no-platform   -            Cherry Bomb
[ 420/1023] fetch-failed  -            Mariscos La Morena
[ 421/1023] wrong-branch  toast        El Viejon
[ 422/1023] no-platform   -            The Pearl Restaurant
[ 423/1023] needs-browser Square Online storefront Flour Atelier
[ 424/1023] no-platform   -            Landshark Bar & Grill
[ 425/1023] fetch-failed  -            Cheers
[ 426/1023] no-platform   -            Imperial Palace
[ 427/1023] no-platform   -            Kim's Deli
[ 428/1023] no-platform   -            Lapper Kitchen + Tap
[ 429/1023] needs-browser plain-html   Roppongi
[ 430/1023] no-platform   -            Vinya Yoga and Wine Bar
[ 431/1023] needs-browser order.online Qin West
[ 432/1023] no-platform   -            Nothing Bundt Cakes
[ 433/1023] needs-browser toast        Taco Loco
[ 434/1023] screened-out  shopify      Casa De Otay – The Casita
[ 435/1023] too-few       own-jsonld   Vinh Long Food To Go
[ 436/1023] no-platform   -            Campus Cafe
[ 437/1023] no-platform   -            Ching's Famous Hopia
[ 438/1023] no-platform   -            LJ Crafted Wines - Wines & Tastings
[ 439/1023] no-platform   -            Cafe Aero
[ 440/1023] no-platform   -            Necter Juice Bar
[ 441/1023] fetch-failed  -            Happytime Tea
[ 442/1023] no-platform   -            Gather
[ 443/1023] wrong-branch  order.online The Pad Thai Stand
[ 444/1023] no-platform   -            Josie's Hideout Saloon
[ 445/1023] no-platform   -            Presotea
[ 446/1023] no-platform   -            De Kotija Taco Shop LLC
[ 447/1023] no-platform   -            D'liteful Chocolat
[ 448/1023] fetch-failed  -            Oakberry Açaí bowls
[ 449/1023] fetch-failed  -            Bonita Donuts
[ 450/1023] needs-browser order.online Mochinut
[ 451/1023] no-platform   -            Creperie Antoinette
[ 452/1023] no-platform   -            Trevi Hills Winery
[ 453/1023] no-platform   -            Tasty Donuts
[ 454/1023] wrong-branch  toast        Tree House
[ 455/1023] needs-browser order.online Poke One N Half
[ 456/1023] no-platform   -            Old Town Eatery
[ 457/1023] needs-browser -            Lambers Chinese Bakery
[ 458/1023] no-platform   -            Jamal's Chicken
[ 459/1023] too-few       netwaiter    Guerrero Taco Shop
[ 460/1023] no-platform   -            Tres Hermanos Locos Tacos
[ 461/1023] no-platform   -            Cha Cha Tea Spot
[ 462/1023] no-platform   -            Sunny Dumpling House
[ 463/1023] needs-browser chownow      Off the Vine Gardens Deli And Catering
[ 464/1023] no-platform   -            Sydney's
[ 465/1023] needs-browser Square Online (own domain) Cafe Pascale Grill & Deli
[ 466/1023] needs-browser Square Online storefront Bean Box
[ 467/1023] no-platform   -            Valerio's 1979
[ 468/1023] no-platform   -            DaYung's Tea
[ 469/1023] needs-browser -            Divina Matcha
[ 470/1023] needs-browser -            Cluck N Sip
[ 471/1023] needs-browser -            Pure Squeeze
[ 472/1023] needs-browser toast        Nomada
[ 473/1023] too-few       netwaiter    Playa Azul Mariscos Restaurant
[ 474/1023] no-platform   -            Qualcomm Cafe Q
[ 475/1023] fetch-failed  -            Yas Lounge
[ 476/1023] no-platform   -            Nothing Bundt Cakes
[ 477/1023] no-platform   -            Ohana Nutrition
[ 478/1023] no-platform   -            Jaguar Paw
[ 479/1023] no-platform   -            Asia Wok Teppanyaki & Chinese Food
[ 480/1023] no-platform   -            Linda's Yogurt & Deli
[ 481/1023] no-platform   -            Bivouac Adventure Lodge Coffee Shop
[ 482/1023] no-platform   -            All That Shabu
[ 483/1023] needs-browser toast        56 Thai Cafe
[ 484/1023] fetch-failed  -            Grubz
[ 485/1023] needs-browser Square Online storefront Montebello
[ 486/1023] no-platform   -            Cali Banh Mi
[ 487/1023] no-platform   -            The Golf Bar
[ 488/1023] no-platform   -            The Grillery
[ 489/1023] too-few       netwaiter    Ba Le French Sandwich Shop
[ 490/1023] fetch-failed  -            Warner Springs Golf Shop & Grill
[ 491/1023] fetch-failed  -            Tazza D'Oro
[ 492/1023] needs-browser Square Online storefront Cargo Cafe - Paseo Del Mar
[ 493/1023] no-platform   -            All Things Ube Desserts
[ 494/1023] no-platform   -            Pub 1795
[ 495/1023] wrong-branch  toast        Boba Tea Spot
[ 496/1023] fetch-failed  -            Route 6 Coffee & Smoothies
[ 497/1023] needs-browser MealKeyWay   Suki Hana
[ 498/1023] no-platform   -            5 O'Clock Somewhere Rooftop Bar
[ 499/1023] no-platform   -            The Loft at UC San Diego
[ 500/1023] needs-browser toast        Pita Pit
[ 501/1023] no-platform   -            Mike Hess Brewing - Seaport Village Taphouse
[ 502/1023] needs-browser toast        Grab & Go
[ 503/1023] fetch-failed  -            Shabu Spot
[ 504/1023] needs-browser Paytronix    Ziggi's Coffee
[ 505/1023] needs-browser order.online La Pizzeria Arrivederci
[ 506/1023] no-platform   -            Sunright Tea Studio
[ 507/1023] too-few       netwaiter    J & J's Mexican Food
[ 508/1023] no-platform   -            Huy Ky Bakery
[ 509/1023] wrong-branch  toast        Johnny Radz Pizza
[ 510/1023] wrong-branch  popmenu      Alohana Açaí Bowls
[ 511/1023] no-platform   -            Zoo Brew
[ 512/1023] wrong-branch  toast        Enoteca Buona Forchetta
[ 513/1023] too-few       netwaiter    Pizza Grande
[ 514/1023] no-platform   -            Dockside Casual Seafood Counter
[ 515/1023] needs-browser toast        Zest Wine Bistro
[ 516/1023] no-platform   -            The MRKT
[ 517/1023] no-platform   -            Craft Pizza
[ 518/1023] no-platform   -            F Street Cafe
[ 519/1023] fetch-failed  -            Suki Hana
[ 520/1023] too-few       netwaiter    Sandwich Place
[ 521/1023] no-platform   -            62 Area Chow Hall
[ 522/1023] needs-browser MealKeyWay   Yuki Yuki
[ 523/1023] no-platform   -            Forum Deli
[ 524/1023] no-platform   -            Test Kitchen
[ 525/1023] wrong-branch  toast        Tapas Bar
[ 526/1023] no-platform   -            Michoacana Mia - SDSU
[ 527/1023] no-platform   -            Moniker General
[ 528/1023] no-platform   -            Plaza Deli
[ 529/1023] no-platform   -            Manta Pizza
[ 530/1023] no-platform   -            Madina Market Halal Fast Food
[ 531/1023] no-platform   -            Pure Green
[ 532/1023] needs-browser -            Market One
[ 533/1023] no-platform   -            Sip Fresh
[ 534/1023] no-platform   -            Blue Bowl Superfoods
[ 535/1023] no-platform   -            longball cocktail
[ 536/1023] fetch-failed  -            Royal Pearl Tea
[ 537/1023] no-platform   -            La Paloma
[ 538/1023] needs-browser -            Fresca Deli .
[ 539/1023] no-platform   -            Showa Ramen
[ 540/1023] needs-browser order.online WUHU TEA & DELI
[ 541/1023] no-platform   -            The Lookout at Lake Poway
[ 542/1023] no-platform   -            Chester's
[ 543/1023] fetch-failed  -            Mister G Salsa
[ 544/1023] wrong-branch  toast        Coco Bomb
[ 545/1023] no-platform   -            Surf City Squeeze
[ 546/1023] no-platform   -            Mombasa Cooker
[ 547/1023] no-platform   -            Thérapie Bistro
[ 548/1023] no-platform   -            Collette’s Collaborative Collective Cuisine
[ 549/1023] no-platform   -            Prado Perk
[ 550/1023] fetch-failed  -            Unico Juice Shop
[ 551/1023] no-platform   -            FiveO3 Pupusas
[ 552/1023] needs-browser Square Online storefront The Bean Box 701
[ 553/1023] no-platform   -            FLAVORS EXPRESS SDSU
[ 554/1023] no-platform   -            El Cilantro Mexican Grill
[ 555/1023] no-platform   -            Chagee
[ 556/1023] no-platform   -            Topo's Tacos
[ 557/1023] needs-browser Square Online storefront Ramen Station
[ 558/1023] fetch-failed  -            Healthy Grill Mediterranean
[ 559/1023] no-platform   -            Finca Casa Blanca
[ 560/1023] needs-browser SpotOn       Oriste Fairway Cafe
[ 561/1023] fetch-failed  -            El huevo estrellado # 2
[ 562/1023] no-platform   -            Boba n More
[ 563/1023] no-platform   -            Lò Bánh Cuốn Tân Định
[ 564/1023] needs-browser Square Online storefront Cargo Cafe - Wateridge
[ 565/1023] needs-browser Square Online storefront Cargo Cafe - Gateway
[ 566/1023] no-platform   -            Bert's Bistro
[ 567/1023] fetch-failed  -            Med Cafe
[ 568/1023] no-platform   -            El Camino
[ 569/1023] no-platform   -            Bosley Cafe
[ 570/1023] needs-browser -            Swami's
[ 571/1023] no-platform   -            3 Day Suit Broker
[ 572/1023] needs-browser chownow      Juice Caboose
[ 573/1023] no-platform   -            Basic
[ 574/1023] no-platform   -            Winners Circle
[ 575/1023] no-platform   -            Coin Toss
[ 576/1023] no-platform   -            The Caddyshack
[ 577/1023] no-platform   -            Filling Station Pub and Grill
[ 578/1023] needs-browser Square Online storefront Copa Vida
[ 579/1023] no-platform   -            Allen's New York Pizza
[ 580/1023] needs-browser order.online Poki Poki
[ 581/1023] needs-browser Square Online storefront Sushi Freak
[ 582/1023] no-platform   -            Fairbanks
[ 583/1023] no-platform   -            Thai Basil
[ 584/1023] no-platform   -            Hacienda De Vega
[ 585/1023] needs-browser Square Online (own domain) Crepes
[ 586/1023] needs-browser order.online Hummus Mediterranean Kitchen
[ 587/1023] no-platform   -            Baja Fresh
[ 588/1023] no-platform   -            Cent'Anni Café
[ 589/1023] no-platform   -            GIHON Ethiopian Kitchen
[ 590/1023] no-platform   -            Birria El Rey
[ 591/1023] no-platform   -            Curbside Eatery & Drinkery
[ 592/1023] no-platform   -            I Love Pho
[ 593/1023] no-platform   -            Karihan Filipino Food
[ 594/1023] no-platform   -            Terrace Lounge
[ 595/1023] no-platform   -            Beer Company
[ 596/1023] needs-browser SpotOn       CITRINA BERRY FRESH
[ 597/1023] no-platform   -            Stone Oven
[ 598/1023] no-platform   -            Crave
[ 599/1023] no-platform   -            Valerio's Finest Bake Shop
[ 600/1023] needs-browser -            Golden Spoon Carlsbad Plaza
[ 601/1023] no-platform   -            Pei Wei
[ 602/1023] needs-browser Square Online storefront Purl Tea San Marcos
[ 603/1023] no-platform   -            Paris Baguette
[ 604/1023] no-platform   -            Rare Society
[ 605/1023] needs-browser toast        Trattoria da Sofia
[ 606/1023] no-platform   -            Fairbanks
[ 607/1023] needs-browser plain-html   Nick's on State
[ 608/1023] no-platform   -            Bovino
[ 609/1023] no-platform   -            Oaks Bar Grill
[ 610/1023] needs-browser toast        Paradisaea
[ 611/1023] no-platform   -            Tacos de Birria El Chinito Jr
[ 612/1023] no-platform   -            Green Vine Delicatessen
[ 613/1023] no-platform   -            China Fun
[ 614/1023] needs-browser toast        Stella Jean's Ice Cream Kensington
[ 615/1023] needs-browser slice        Fiori’s Pizza
[ 616/1023] no-platform   -            La Sabrosita
[ 617/1023] screened-out  shopify      Vigilante Coffee
[ 618/1023] needs-browser order.online Sabor a Vida Cafe & Deli
[ 619/1023] no-platform   -            Breakwater Brewing Co.
[ 620/1023] fetch-failed  -            Gooseberries kafe
[ 621/1023] fetch-failed  -            Pho House
[ 622/1023] needs-browser chownow      Donburi Rice Bowls
[ 623/1023] screened-out  toast        Agave Birrieria
[ 624/1023] needs-browser toast        bcb Cafe
[ 625/1023] no-platform   -            Camino Riviera
[ 626/1023] wrong-branch  toast        Chin's Szechwan - Del Mar
[ 627/1023] needs-browser toast        Tita's Taco Shop
[ 628/1023] no-platform   -            Mendoza’s Mexican Food
[ 629/1023] needs-browser SpotOn       Tasty Pho
[ 630/1023] no-platform   -            Draft Republic San Marcos
[ 631/1023] no-platform   -            Vinarius Wine Bar & Restaurant
[ 632/1023] no-platform   -            Pho Oceanside
[ 633/1023] wrong-branch  toast        Taco Lounge Escaya
[ 634/1023] fetch-failed  -            Nory's Donut & Bakery
[ 635/1023] fetch-failed  -            Bubba’s Smokehouse BBQ
[ 636/1023] gated         chownow      Handel's Homemade Ice Cream
[ 637/1023] too-few       netwaiter    Su Pan Bakery El Cajon
[ 638/1023] needs-browser order.online El Rinconcito Fruteria
[ 639/1023] no-platform   -            Panda Imperial Restaurant
[ 640/1023] gated         toast        Barn Door Public House
[ 641/1023] needs-browser toast        Tacaliente Mexican Grill
[ 642/1023] needs-browser toast        1022 Cafe & Gelateria
[ 643/1023] no-platform   -            Gelato 101 Solana Beach
[ 644/1023] no-platform   -            Paris Baguette
[ 645/1023] fetch-failed  -            Truluck's
[ 646/1023] filed         toast        Napatini Bistro and Wine Bar
[ 647/1023] no-platform   -            Backdraft Bar & Grill
[ 648/1023] fetch-failed  -            Cork N Brew
[ 649/1023] needs-browser -            Higher Grounds Coffee + Café
[ 650/1023] no-platform   -            Ocean Thai Cuisine
[ 651/1023] needs-browser HungerRush   Buonasera New York Pizzeria
[ 652/1023] no-platform   -            MOOYAH Burgers, Fries & Shakes
[ 653/1023] no-platform   -            Ono Hawaiian BBQ
[ 654/1023] fetch-failed  -            Savory Thai Restaurant
[ 655/1023] wrong-branch  toast        Cozy Corner
[ 656/1023] no-platform   -            Finca
[ 657/1023] no-platform   -            Ernes Mexican Food & Breakfast
[ 658/1023] no-platform   -            Rancho Grande El Toro Mexican Cuisine
[ 659/1023] no-platform   -            Tacotarian San Diego
[ 660/1023] needs-browser Square Online storefront House of Pho
[ 661/1023] fetch-failed  -            Ju-ichi
[ 662/1023] no-platform   -            Caribbean Pleasure
[ 663/1023] no-platform   -            Graziano's Pizza Oceanside
[ 664/1023] no-platform   -            ZZan Sushi & Soju
[ 665/1023] screened-out  shopify      Ascend Coffee Roasters
[ 666/1023] wrong-branch  toast        Madeleine
[ 667/1023] needs-browser -            NuYo Frozen Yogurt Telegraph Canyon
[ 668/1023] no-platform   -            China Fusion - Vista Way
[ 669/1023] no-platform   -            Blanco Cocina + Cantina
[ 670/1023] fetch-failed  -            Sunny Side Solana
[ 671/1023] needs-browser SpotOn       Souplantation
[ 672/1023] no-platform   -            Bambinos Pizzeria & Deli #4
[ 673/1023] screened-out  shopify      James Coffee Co.
[ 674/1023] no-platform   -            El After Social Club
[ 675/1023] no-platform   -            Old World Meat Company
[ 676/1023] needs-browser chownow      Parakeet Juicery - La Jolla
[ 677/1023] needs-browser clover       Himalayan Bistro Oceanside
[ 678/1023] no-platform   -            Panpan wok
[ 679/1023] fetch-failed  -            New York Buffalo Wings
[ 680/1023] no-platform   -            Sonny’s Pizza
[ 681/1023] needs-browser slice        Allen's New York Pizza
[ 682/1023] gated         chownow      Handel’s Homemade Ice Cream
[ 683/1023] needs-browser slice        HillCrust Pizza
[ 684/1023] needs-browser toast        Prey Brewing Company
[ 685/1023] no-platform   -            EL ENCANTO SD
[ 686/1023] needs-browser clover       Ryan Bros Coffee City Heights
[ 687/1023] no-platform   -            Le Coq
[ 688/1023] needs-browser toast        Naked Pizza
[ 689/1023] no-platform   -            China bros
[ 690/1023] needs-browser -            Sukho Thai Extraordinaire
[ 691/1023] no-platform   -            Belinda's Familia Mexican Food Truck
[ 692/1023] wrong-branch  toast        ALOHA GRILL
[ 693/1023] no-platform   -            AleSmith Brewing Company
[ 694/1023] no-platform   -            Jaws Topokki
[ 695/1023] gated         chownow      Finney's Crafthouse
[ 696/1023] needs-browser toast        Angry Chickz - Oceanside
[ 697/1023] no-platform   -            The Crimson Cake
[ 698/1023] no-platform   -            Sam's Farm Fresh
[ 699/1023] needs-browser MealKeyWay   Tengu Ramen
[ 700/1023] wrong-branch  ubereats     SugarBears Sweet Provisions
[ 701/1023] no-platform   -            Emiliana's Mexican & Deli Food
[ 702/1023] no-platform   -            Comstock Bar & Grill
[ 703/1023] screened-out  shopify      Ascend Coffee Roasters
[ 704/1023] no-platform   -            Kin Saep
[ 705/1023] needs-browser MealKeyWay   Hi!Dumplings
[ 706/1023] needs-browser Square Online storefront PB Poke House Oceanside
[ 707/1023] needs-browser toast        Docent Brewing
[ 708/1023] needs-browser order.online El Ranchero
[ 709/1023] too-few       netwaiter    Thai Pasta
[ 710/1023] needs-browser spothopper   Players Sports Grill
[ 711/1023] no-platform   -            La Mesa Pizzaworks
[ 712/1023] no-platform   -            Great Wok of China
[ 713/1023] no-platform   -            Charli's Landing
[ 714/1023] no-platform   -            Gintaro Sushi
[ 715/1023] no-platform   -            Merenda
[ 716/1023] screened-out  shopify      Trident Coffee Pacific Beach
[ 717/1023] no-platform   -            Urban Location Boba Tea House San Diego
[ 718/1023] no-platform   -            Eclipse Chocolat
[ 719/1023] no-platform   -            Sound by the Sea
[ 720/1023] needs-browser toast        Smokin J's BBQ & Taphouse
[ 721/1023] no-platform   -            Thai Table Time
[ 722/1023] no-platform   -            Good Source Coffee
[ 723/1023] needs-browser toast        Leu Leu
[ 724/1023] needs-browser MealKeyWay   Ocean Buffet
[ 725/1023] no-platform   -            Los Armando's Mexican Food
[ 726/1023] needs-browser Square Online (own domain) Beach City Smoothies
[ 727/1023] needs-browser plain-html   Chef’s Wok & Dumplings
[ 728/1023] no-platform   -            Green Cheek Beer Co.
[ 729/1023] no-platform   -            Two Hands Corn Dog Mira Mesa
[ 730/1023] no-platform   -            Los Cucos Mexican Food
[ 731/1023] no-platform   -            Good Omen Coffee Co
[ 732/1023] no-platform   -            UT-HO Boba & Baguette
[ 733/1023] no-platform   -            Flame Broiler
[ 734/1023] no-platform   -            Burtech Family Vineyard Tasting Room
[ 735/1023] no-platform   -            Pietro's Cucina Italiana
[ 736/1023] no-platform   -            Paris Baguette
[ 737/1023] no-platform   -            El Flako's Wrangler Barbecue
[ 738/1023] no-platform   -            The Alley Otay Mesa
[ 739/1023] no-platform   -            Buffalo Wild Wings GO
[ 740/1023] no-platform   -            Tacos el Niño Santana
[ 741/1023] no-platform   -            Saigon Star Restaurant
[ 742/1023] needs-browser MealKeyWay   Pho Tan
[ 743/1023] no-platform   -            Diego's Taco Shop
[ 744/1023] needs-browser order.online Burrito Leo's Mexican Food
[ 745/1023] no-platform   -            IZOLA
[ 746/1023] no-platform   -            Pei Wei
[ 747/1023] too-few       netwaiter    Wings mix
[ 748/1023] needs-browser toast        CTZN
[ 749/1023] no-platform   -            TAKARAMONO SUSHI
[ 750/1023] no-platform   -            La Casa Verde
[ 751/1023] needs-browser chownow      Burger Bench Vista
[ 752/1023] no-platform   -            Simply Fresh Thai
[ 753/1023] no-platform   -            Photo House
[ 754/1023] no-platform   -            La Mesita Mexican Food
[ 755/1023] no-platform   -            Pho Nam Cali
[ 756/1023] no-platform   -            Chocolate Bash
[ 757/1023] needs-browser order.online EsKiNiTa
[ 758/1023] no-platform   -            Little Victory Wine Bar
[ 759/1023] no-platform   -            Banzai Bowls
[ 760/1023] screened-out  clover       Mission Baja Tacos
[ 761/1023] no-platform   -            T&T Tacos & Tequila Grill & Cantina
[ 762/1023] no-platform   -            Alborz Restaurant
[ 763/1023] needs-browser toast        Fleurette
[ 764/1023] needs-browser order.online Scoops Ocean Beach
[ 765/1023] needs-browser slice        West Coast Pizza Company
[ 766/1023] no-platform   -            Buca di Beppo Italian Restaurant
[ 767/1023] no-platform   -            The Honor Bar
[ 768/1023] fetch-failed  -            the Koffie Co
[ 769/1023] no-platform   -            Acai Republic - Oceanside
[ 770/1023] needs-browser olo          Panini Kabob Grill - Park 12
[ 771/1023] no-platform   -            tiger!tiger!
[ 772/1023] fetch-failed  -            Kona Craft Cafe
[ 773/1023] no-platform   -            Piedra Santa
[ 774/1023] no-platform   -            Banzai Bowls
[ 775/1023] no-platform   -            Pha Khao Lao Cuisine
[ 776/1023] no-platform   -            Rocko's Family Restaurant
[ 777/1023] needs-browser slice        Pop's Pizza
[ 778/1023] fetch-failed  -            Top of the Bagel
[ 779/1023] fetch-failed  -            Mandarin Wok Restaurant
[ 780/1023] no-platform   -            Kiiro Sushi Izakaya
[ 781/1023] no-platform   -            Thai Thai Melrose Restaurant
[ 782/1023] no-platform   -            MAKE Cafe
[ 783/1023] needs-browser toast        Breakers
[ 784/1023] no-platform   -            Troy's Greek Restaurant
[ 785/1023] no-platform   -            Monserate Winery
[ 786/1023] needs-browser chownow      CinKuni (Italian & Japanese Cuisine)
[ 787/1023] no-platform   -            Olive Branch Eatery
[ 788/1023] no-platform   -            Campland Cantina
[ 789/1023] needs-browser toast        QUICK BITES CAFE / Best Sandwiches
[ 790/1023] no-platform   -            Rubio's Coastal Grill
[ 791/1023] no-platform   -            Rubio's Coastal Grill
[ 792/1023] wrong-branch  toast        The Great Greek Mediterranean Grill - Oceanside, CA
[ 793/1023] no-platform   -            Mr. Buffalo Fries
[ 794/1023] no-platform   -            PanPan Wok
[ 795/1023] no-platform   -            Cocina 35 brunch
[ 796/1023] no-platform   -            Ocean Thai Cuisine
[ 797/1023] no-platform   -            Rubio's Coastal Grill
[ 798/1023] no-platform   -            Bueno Wine & Goods
[ 799/1023] too-few       netwaiter    LA PLACE DELI
[ 800/1023] needs-browser Square Online storefront iWok Chinese Kitchen
[ 801/1023] no-platform   -            Las Ricas Tortas
[ 802/1023] needs-browser slice        Little Sisters Pizza
[ 803/1023] no-platform   -            Little Hidden Bakery
[ 804/1023] needs-browser Square Online (own domain) Slurp
[ 805/1023] no-platform   -            Mi Tierra Super Taco
[ 806/1023] needs-browser toast        Jolie
[ 807/1023] no-platform   -            Una Mas on Adams
[ 808/1023] needs-browser toast        Brites Soft Serve
[ 809/1023] no-platform   -            Pizza Guys
[ 810/1023] no-platform   -            Fortuna Ristorante Italiano
[ 811/1023] no-platform   -            chance's coffee
[ 812/1023] no-platform   -            PanPan Wok
[ 813/1023] no-platform   -            Urban Teri Kitchen
[ 814/1023] needs-browser order.online Halal Burger Co.
[ 815/1023] needs-browser Square Online (own domain) Le Charcuterie Bar
[ 816/1023] no-platform   -            Juice Holler
[ 817/1023] no-platform   -            Dark Horse Coffee Roasters
[ 818/1023] no-platform   -            Uncle Feras Middle Eastern Restaurant
[ 819/1023] wrong-branch  toast        Chin's Szechwan - Point Loma
[ 820/1023] no-platform   -            North Park Creamery
[ 821/1023] screened-out  toast        Agave Birrieria
[ 822/1023] no-platform   -            Leona's Cucina Italiana
[ 823/1023] needs-browser olo          Coffee Bean
[ 824/1023] needs-browser Square Online (own domain) Beach City Smoothies - Oceanside
[ 825/1023] no-platform   -            PanPan wok
[ 826/1023] needs-browser HungerRush   Pop Pops Paleta
[ 827/1023] needs-browser Square Online storefront Mein St. Asian Kitchen
[ 828/1023] no-platform   -            Pokeport Oceanside
[ 829/1023] no-platform   -            Oriental Cafe | Chinese
[ 830/1023] no-platform   -            La Costa Wine
[ 831/1023] no-platform   -            Queenstown Del Mar
[ 832/1023] no-platform   -            El Papas Fritas Taco Shop
[ 833/1023] no-platform   -            Ono Hawaiian BBQ
[ 834/1023] no-platform   -            Noodle & Bun
[ 835/1023] no-platform   -            Thai Thae Cuisine
[ 836/1023] no-platform   -            Poki Poki - Escondido
[ 837/1023] needs-browser Square Online (own domain) Chef Budda Blasian Soul Food LLC
[ 838/1023] needs-browser toast        Between Us
[ 839/1023] no-platform   -            KABOB SHACK - EASTLAKE
[ 840/1023] no-platform   -            Chopsticks Inn Restaurant
[ 841/1023] screened-out  order.online La Fresita Y Mas
[ 842/1023] no-platform   -            Egg Tuck
[ 843/1023] no-platform   -            For The Win - San Diego
[ 844/1023] needs-browser MealKeyWay   Dumplings N More
[ 845/1023] no-platform   -            Christophe Rull Patisserie
[ 846/1023] no-platform   -            Arteazen Handcrafted Tea
[ 847/1023] fetch-failed  -            Antique Thai
[ 848/1023] no-platform   -            Love Letters Pizza
[ 849/1023] needs-browser order.online Torta Time
[ 850/1023] no-platform   -            Hilltop Cafe
[ 851/1023] no-platform   -            Khyber Pass Zarparan Restaurant | Afghan
[ 852/1023] no-platform   -            ZZan Sushi & Soju
[ 853/1023] no-platform   -            Board & Brew - Downtown San Diego
[ 854/1023] no-platform   -            The Poke Tea House
[ 855/1023] no-platform   -            ROBATA-X Sushi & Izakaya
[ 856/1023] no-platform   -            Huckleberry's Breakfast & Lunch
[ 857/1023] needs-browser toast        NOIR Sushi and Sake Fusion Lounge
[ 858/1023] no-platform   -            Barrel Riot
[ 859/1023] needs-browser olo          Dimassi's Mediterranean Buffet
[ 860/1023] no-platform   -            Dalu Hawaiian BBQ
[ 861/1023] no-platform   -            Sabroso taco savor a mi tierra
[ 862/1023] needs-browser -            Habibi Mediterranean Grill
[ 863/1023] no-platform   -            Zuma San Diego
[ 864/1023] wrong-branch  toast        TACO CENTRO
[ 865/1023] no-platform   -            Mevan Coffee & Desserts & Brunch
[ 866/1023] needs-browser toast        La Jollita
[ 867/1023] no-platform   -            Scena Fusion Kitchen & Bar
[ 868/1023] no-platform   -            Bodega Market
[ 869/1023] no-platform   -            24 Suns
[ 870/1023] no-platform   -            Jalisco Cantina
[ 871/1023] no-platform   -            Peppoli's Pizza & Philly Steaks
[ 872/1023] no-platform   -            Hazel & Jade Bakery
[ 873/1023] needs-browser Square Online (own domain) The Cakery Cafe
[ 874/1023] no-platform   -            Ichitaru Ramen Carlsbad
[ 875/1023] no-platform   -            Lotho Deli
[ 876/1023] needs-browser SpotOn       Crest Taco
[ 877/1023] needs-browser toast        Colosseo Cucina Italiana
[ 878/1023] fetch-failed  -            Quarter Deck Inn Cocktails
[ 879/1023] filed         wix          Sourpuss Donuts
[ 880/1023] needs-browser toast        Pompei Pizza
[ 881/1023] screened-out  own-jsonld   Hanna Garden
[ 882/1023] needs-browser MealKeyWay   Pho Luu Escondido - Vietnamese Cuisine
[ 883/1023] needs-browser toast        Market St Pizzeria
[ 884/1023] needs-browser chownow      Parakeet Cafe - Nautilus
[ 885/1023] no-platform   -            Taconora Pacific Beach
[ 886/1023] no-platform   -            Mexico City Cuisine-CoLab
[ 887/1023] fetch-failed  -            Daisy Deli
[ 888/1023] needs-browser slice        Pastalini
[ 889/1023] no-platform   -            UT-HO Boba & Baguette
[ 890/1023] no-platform   -            Thai Table Time
[ 891/1023] no-platform   -            Little While
[ 892/1023] no-platform   -            I Love Bagels
[ 893/1023] no-platform   -            Side Street Bowls & Smoothies
[ 894/1023] no-platform   -            Sono North Park
[ 895/1023] no-platform   -            The Morning Grove
[ 896/1023] no-platform   -            Borrego Rooftop
[ 897/1023] no-platform   -            Krak Boba
[ 898/1023] no-platform   -            Mantra Raja
[ 899/1023] no-platform   -            Monserate Winery
[ 900/1023] wrong-branch  toast        Blank Slate
[ 901/1023] no-platform   -            Barrio Food Hub
[ 902/1023] no-platform   -            Gaslamp Coffee Bar
[ 903/1023] no-platform   -            El Flako's Wrangler Barbecue
[ 904/1023] needs-browser toast        One of Us
[ 905/1023] needs-browser toast        Grandson Steaks
[ 906/1023] no-platform   -            Crave & Feast
[ 907/1023] needs-browser toast        Okama Ramen and Grill
[ 908/1023] no-platform   -            The Encore Sushi
[ 909/1023] needs-browser Square Online storefront Empanada Kitchen
[ 910/1023] no-platform   -            Badas burgers
[ 911/1023] no-platform   -            Native Foods
[ 912/1023] needs-browser MenuSifu     Joyee Noodle House(UTC)
[ 913/1023] no-platform   -            Doc Holliday's
[ 914/1023] wrong-branch  toast        Saigon Alley Kitchen & Bar
[ 915/1023] no-platform   -            Kasi
[ 916/1023] needs-browser Square Online storefront Copa Vida
[ 917/1023] wrong-branch  toast        Cala La Jolla Café
[ 918/1023] screened-out  order.online Fish Restaurant
[ 919/1023] needs-browser -            Sammy's Woodfire Pizza and Grille
[ 920/1023] no-platform   -            El Dorado
[ 921/1023] no-platform   -            Baba's Pizza
[ 922/1023] no-platform   -            Cafe Fresh
[ 923/1023] no-platform   -            Soda & Swine
[ 924/1023] needs-browser order.online Deli Belly
[ 925/1023] wrong-branch  toast        Gold Coffee Shop
[ 926/1023] fetch-failed  -            Rancho Cafe
[ 927/1023] wrong-branch  toast        Blue Water Grill
[ 928/1023] screened-out  shopify      Lofty Coffee
[ 929/1023] needs-browser Square Online storefront Empanada Kitchen
[ 930/1023] no-platform   -            Pegah’s Kitchen
[ 931/1023] fetch-failed  -            Island Market
[ 932/1023] no-platform   -            Our Green Affair
[ 933/1023] no-platform   -            Trisler's San Diego Wine Bar
[ 934/1023] fetch-failed  -            Coco's Bakery
[ 935/1023] no-platform   -            Nékter Juice Bar
[ 936/1023] no-platform   -            U31
[ 937/1023] no-platform   -            Filibertos
[ 938/1023] needs-browser -            The Hamlett
[ 939/1023] no-platform   -            Rush Bowls
[ 940/1023] wrong-branch  toast        The Coffee Spot
[ 941/1023] no-platform   -            Brick & Bell Plus
[ 942/1023] no-platform   -            India Princess
[ 943/1023] no-platform   -            Village Inn
[ 944/1023] no-platform   -            Kava Lounge
[ 945/1023] no-platform   -            Jungle Cart
[ 946/1023] no-platform   -            Veladora
[ 947/1023] no-platform   -            Villa Fresh Italian Kitchen
[ 948/1023] no-platform   -            Jordan
[ 949/1023] no-platform   -            Fairbanks
[ 950/1023] no-platform   -            Shake Smart
[ 951/1023] needs-browser slice        Massachusetts Mike's Pizzeria
[ 952/1023] fetch-failed  -            Mis Dos Gallos Taqueria, Fruit & Deli
[ 953/1023] no-platform   -            Nicolosi's Pizza (Mira Lee Way)
[ 954/1023] needs-browser Square Online storefront Prager Brothers Artisan Breads
[ 955/1023] no-platform   -            The Reading Club
[ 956/1023] no-platform   -            CABETOS Pops
[ 957/1023] fetch-failed  -            Kellys Pub
[ 958/1023] no-platform   -            Monster Snacks
[ 959/1023] wrong-branch  toast        Beeside Balcony La Jolla
[ 960/1023] no-platform   -            Time Out Café
[ 961/1023] fetch-failed  -            Lefty's Cheesesteaks
[ 962/1023] no-platform   -            Juice Alchemy
[ 963/1023] no-platform   -            La Salsa
[ 964/1023] no-platform   -            Relic Bakery & Kitchen
[ 965/1023] needs-browser toast        Sultan Baklava
[ 966/1023] no-platform   -            CHINA CHEF 1
[ 967/1023] wrong-branch  toast        Oceanside Fish Shop
[ 968/1023] no-platform   -            Safari Coffee Outpost
[ 969/1023] no-platform   -            Deja Vu
[ 970/1023] needs-browser -            Yogurt Lounge Serra Mesa
[ 971/1023] no-platform   -            Pizza Guys
[ 972/1023] no-platform   -            Canyon Inn
[ 973/1023] filed         spothopper   Cabo Cantina
[ 974/1023] no-platform   -            Mo-Mo Paradise
[ 975/1023] too-few       own-jsonld   The Oceanaire Seafood Room
[ 976/1023] fetch-failed  -            Tacos Locos Tasty Mexican Food
[ 977/1023] wrong-branch  toast        Chef Fei
[ 978/1023] fetch-failed  -            OB Kebab
[ 979/1023] fetch-failed  -            OB Garden Café
[ 980/1023] no-platform   -            George’s Bar
[ 981/1023] wrong-branch  toast        Lucha Libre Taco Shop
[ 982/1023] needs-browser Square Online (own domain) BCB Coffee
[ 983/1023] no-platform   -            Grover's Grill
[ 984/1023] no-platform   -            Creme De La Crepe
[ 985/1023] no-platform   -            House of Black
[ 986/1023] no-platform   -            Border X Brewing
[ 987/1023] no-platform   -            Noodles
[ 988/1023] fetch-failed  -            Las Pinches Tortas
[ 989/1023] no-platform   -            Taco Villa
[ 990/1023] wrong-branch  toast        Carnitas’ Snack Shack
[ 991/1023] no-platform   -            Mission Brewing (fka Rough Draft)
[ 992/1023] no-platform   -            Aromas
[ 993/1023] no-platform   -            Chicken & Crown
[ 994/1023] fetch-failed  -            Dryer's Ice Cream Parlor
[ 995/1023] no-platform   -            University Towers Kitchen
[ 996/1023] no-platform   -            Ground Up Cafe
[ 997/1023] no-platform   -            TEC Cafe
[ 998/1023] no-platform   -            Sweet Labors
[ 999/1023] fetch-failed  -            Trade Restaurant & Lounge
[1000/1023] needs-browser Square Online storefront Copa Vida
[1001/1023] needs-browser MealKeyWay   Yonny Mini Hotpot
[1002/1023] no-platform   -            Café de Anza
[1003/1023] no-platform   -            Mawazo Kitchen
[1004/1023] needs-browser toast        BCB Coffee Company
[1005/1023] needs-browser Square Online storefront Cafecito 1806
[1006/1023] fetch-failed  -            The Waterfront
[1007/1023] no-platform   -            SanSai Japanese Grill
[1008/1023] no-platform   -            NM Cafe
[1009/1023] no-platform   -            Stony Mountain Bar & Grill
[1010/1023] no-platform   -            Inland Tavern
[1011/1023] no-platform   -            The Santaluz Club Dining Room and Events
[1012/1023] fetch-failed  -            In Between
[1013/1023] fetch-failed  -            Capriotti's Sandwich Shop
[1014/1023] needs-browser -            Casa de Freds
[1015/1023] needs-browser -            Verde Kitchen & Bar
[1016/1023] no-platform   -            HACIENDITA BAKERY
[1017/1023] no-platform   -            Mama Kat's Restaurant and Pie Shop
[1018/1023] no-platform   -            The Grand Tradition
[1019/1023] no-platform   -            Oliva
[1020/1023] fetch-failed  -            BunZ
[1021/1023] no-platform   -            Bean Sprouts
[1022/1023] fetch-failed  -            All Fried Up
[1023/1023] no-platform   -            Buka - Taste of Nigeria

platform                       attempted         filed       too-few         gated  wrong-branch needs-browser   no-platform  fetch-failed  screened-out
none                                 673             0             0             0             0            31           533           109             0
toast                                 96             2             0             1            29            61             0             0             3
order.online                          43             0             0             0             5            33             0             0             5
Square Online storefront              42             0             0             0             0            42             0             0             0
Square Online (own domain)            23             0             0             0             0            23             0             0             0
chownow                               22             0             0             7             0            15             0             0             0
netwaiter                             20             0            20             0             0             0             0             0             0
MealKeyWay                            17             0             0             0             0            17             0             0             0
slice                                 14             0             0             0             0            13             0             0             1
shopify                               12             1             0             0             0             0             0             0            11
SpotOn                                11             0             0             0             0            11             0             0             0
plain-html                             9             0             0             0             0             9             0             0             0
olo                                    9             0             0             0             0             9             0             0             0
spothopper                             8             1             0             0             0             7             0             0             0
clover                                 8             0             0             0             3             2             0             0             3
HungerRush                             4             0             0             0             0             4             0             0             0
own-jsonld                             4             0             2             0             0             0             0             0             2
menufy                                 2             0             0             0             0             0             0             0             2
GloriaFood widget                      1             0             0             0             0             1             0             0             0
Paytronix                              1             0             0             0             0             1             0             0             0
popmenu                                1             0             0             0             1             0             0             0             0
ubereats                               1             0             0             0             1             0             0             0             0
wix                                    1             1             0             0             0             0             0             0             0
MenuSifu                               1             0             0             0             0             1             0             0             0
TOTAL                               1023             5            22             8            39           280           533           109            27

5 menus, 28 dishes
wrote menus/wip/router-20260904-205908.json
wrote menus/wip/router-20260904-205908.notes.json
