no DATABASE_URL - brand-twin check falls back to the hand-written allowlist
clean:      52 entries (52 with menus, 0 confirmed not-found), 2822 dishes
quarantine: 20 entries, 285 dishes withheld

  The Baked Bear (25 dishes) - every section is a carousel (Featured Items) - that is the marketplace front page, not a menu; the catalog was never opened (order.online)
  Renegade Country Western (6 dishes) - only 6 dishes - likely a partial capture
  Renegade Country Western (6 dishes) - only 6 dishes - likely a partial capture
  Fuego Mediterranean Grill (40 dishes) - brand-twin domain (www.fuegomediterraneangrill.online)
  BCB Coffee (5 dishes) - only 5 dishes - likely a partial capture
  Up2You Cafe (6 dishes) - only 6 dishes - likely a partial capture
  Camp Coffee Company (5 dishes) - only 5 dishes - likely a partial capture
  Lourdes Mexican Food To Go (23 dishes) - every section is a carousel (Featured Items) - that is the marketplace front page, not a menu; the catalog was never opened (order.online)
  Sandwich Emporium (5 dishes) - only 5 dishes - likely a partial capture
  Garden Coffee (6 dishes) - only 6 dishes - likely a partial capture
  Sue's Korean Kitchen (5 dishes) - only 5 dishes - likely a partial capture
  Mr. Charlie's (20 dishes) - every section is a carousel (Featured Items) - that is the marketplace front page, not a menu; the catalog was never opened (order.online)
  Party Burgers by Booze Brothers Brewing Co (13 dishes) - every section is a carousel (Featured Items) - that is the marketplace front page, not a menu; the catalog was never opened (order.online)
  Mama Made Thai (5 dishes) - only 5 dishes - likely a partial capture
  Castelli & Pizarro Family Vineyards & Winery (7 dishes) - every section is a carousel (Most Popular, Featured Items) - that is the marketplace front page, not a menu; the catalog was never opened (www.cpfwinery.com)
  Pho Ever Carlsbad (6 dishes) - only 6 dishes - likely a partial capture
  Inka'fe SD Coffee Shop (5 dishes) - every section is a carousel (Most popular) - that is the marketplace front page, not a menu; the catalog was never opened (www.inkafesd.com)
  Maria's Coffee Shop (66 dishes) - brand-twin domain (www.mariascoffeeshop.online)
  Kazanori Pokemoon Express (6 dishes) - every section is a carousel (Featured Items) - that is the marketplace front page, not a menu; the catalog was never opened (order.online)
  The Poke Co. - Linda Vista (25 dishes) - every section is a carousel (Featured Items) - that is the marketplace front page, not a menu; the catalog was never opened (order.online)
