492 needs-browser/gated rows in menus/wip/router-20260906-190138.notes.json; opening 492, chains first

[  1/492] needs-browser  order.online               curl=unknown The Meltdown
[  2/492] needs-browser  order.online               curl=unknown The Meltdown
[  3/492] needs-browser  order.online               curl=unknown The Meltdown
[  4/492] needs-browser  order.online               curl=unknown The Meltdown
[  5/492] needs-browser  order.online               curl=unknown The Meltdown
[  6/492] needs-browser  order.online               curl=unknown The Meltdown
[  7/492] needs-browser  order.online               curl=unknown The Meltdown
[  8/492] needs-browser  order.online               curl=unknown The Meltdown
[  9/492] needs-browser  order.online               curl=unknown The Meltdown
[ 10/492] needs-browser  order.online               curl=unknown The Meltdown
[ 11/492] needs-browser  order.online               curl=unknown The Meltdown
[ 12/492] needs-browser  order.online               curl=unknown The Meltdown
[ 13/492] needs-browser  order.online               curl=unknown The Meltdown
[ 14/492] needs-browser  order.online               curl=unknown The Meltdown
[ 15/492] needs-browser  order.online               curl=unknown The Meltdown
[ 16/492] needs-browser  order.online               curl=unknown The Meltdown
[ 17/492] needs-browser  order.online               curl=unknown The Meltdown
[ 18/492] needs-browser  order.online               curl=unknown The Meltdown
[ 19/492] needs-browser  MealKeyWay                 curl=unknown Ten Gu Ramen
[ 20/492] needs-browser  MealKeyWay                 curl=unknown Tengu Ramen
[ 21/492] needs-browser  Square Online storefront   curl=unknown Copa Vida
[ 22/492] needs-browser  Square Online storefront   curl=unknown Copa Vida
[ 23/492] needs-browser  Square Online storefront   curl=unknown Copa Vida
[ 24/492] needs-browser  order.online               curl=unknown The Burger Den
[ 25/492] needs-browser  order.online               curl=unknown The Burger Den
[ 26/492] needs-browser  order.online               curl=unknown The Burger Den
[ 27/492] needs-browser  order.online               curl=unknown The Burger Den
[ 28/492] needs-browser  Square Online storefront   curl=unknown Copa Vida
[ 29/492] needs-browser  order.online               curl=unknown Pavilions Bakery
[ 30/492] needs-browser  order.online               curl=unknown Sancho's Tacos
[ 31/492] needs-browser  order.online               curl=unknown Häagen-Dazs
[ 32/492] needs-browser  order.online               curl=unknown Deli Belly
[ 33/492] needs-browser  Square Online (own domain) curl=unknown Slurp
[ 34/492] needs-browser  order.online               curl=unknown Häagen-Dazs
[ 35/492] needs-browser  Square Online (own domain) curl=unknown Slurp
[ 36/492] needs-browser  order.online               curl=unknown Häagen-Dazs
[ 37/492] needs-browser  Square Online (own domain) curl=unknown Slurp
[ 38/492] needs-browser  order.online               curl=unknown Deli Belly
[ 39/492] needs-browser  chownow                    curl=unknown Wanderlust Creamery
[ 40/492] needs-browser  order.online               curl=unknown Primos Mexican Food & Cantina
[ 41/492] needs-browser  Square Online storefront   curl=unknown Empanada Kitchen
[ 42/492] screened-out   slice                      curl=unknown Pastalini
[ 43/492] screened-out   slice                      curl=unknown Pastalini
[ 44/492] needs-browser  -                          curl=unknown 1022 Cafe & Gelateria
[ 45/492] needs-browser  spothopper                 curl=unknown Village Pizza
[ 46/492] needs-browser  SpotOn                     curl=unknown Souplantation
[ 47/492] needs-browser  Square Online storefront   curl=unknown Prager Brothers Artisan Breads
[ 48/492] screened-out   MealKeyWay                 curl=unknown Dumplings N More
[ 49/492] filed          olo                        curl=false   Randy's Donuts
[ 50/492] needs-browser  HungerRush                 curl=unknown Pop Pops Paleta
[ 51/492] needs-browser  order.online               curl=unknown Primos Mexican Food & Cantina
[ 52/492] needs-browser  order.online               curl=unknown Fatboy's Deli & Spirits
[ 53/492] needs-browser  chownow                    curl=unknown Pho Hiep & Grill
[ 54/492] needs-browser  order.online               curl=unknown Le Macaron French Pastries
[ 55/492] needs-browser  -                          curl=unknown Sammy's Restaurant & Bar
[ 56/492] needs-browser  plain-html                 curl=unknown Donut Stop
[ 57/492] needs-browser  Square Online storefront   curl=unknown Prager Brothers Artisan Breads
[ 58/492] needs-browser  MealKeyWay                 curl=unknown Dumplings N More
[ 59/492] needs-browser  toast                      curl=unknown Docent Brewing
[ 60/492] needs-browser  order.online               curl=unknown DaYung's Tea
[ 61/492] needs-browser  order.online               curl=unknown Poki Poki
[ 62/492] needs-browser  order.online               curl=unknown Taste of Thai
[ 63/492] needs-browser  chownow                    curl=unknown Juice Caboose
[ 64/492] needs-browser  chownow                    curl=unknown Juice Caboose
[ 65/492] filed          GloriaFood widget          curl=true    Fuego Mediterranean Grill
[ 66/492] needs-browser  Square Online storefront   curl=unknown Empanada Kitchen
[ 67/492] needs-browser  -                          curl=unknown Modern Times Coffee
[ 68/492] needs-browser  Square Online storefront   curl=unknown Societe Brewing Company
[ 69/492] gated          olo                        curl=unknown Randy’s Donuts
[ 70/492] needs-browser  -                          curl=unknown Cluck N Sip
[ 71/492] needs-browser  order.online               curl=unknown Fatboy's Deli & Spirits
[ 72/492] needs-browser  toast                      curl=unknown Duck Foot Brewing
[ 73/492] screened-out   Square Online storefront   curl=unknown Its Cafe Thai
[ 74/492] needs-browser  -                          curl=unknown Sammy's Restaurant & Bar
[ 75/492] needs-browser  HungerRush                 curl=unknown Pop Pops Paleta
[ 76/492] needs-browser  order.online               curl=unknown Poki One N Half San Marcos
[ 77/492] needs-browser  order.online               curl=unknown Poki One N Half San Marcos
[ 78/492] screened-out   Square Online storefront   curl=unknown Dulce Tentación
[ 79/492] needs-browser  order.online               curl=unknown Poki Poki
[ 80/492] needs-browser  -                          curl=unknown The Landing
[ 81/492] needs-browser  -                          curl=unknown Verde Kitchen & Bar
[ 82/492] needs-browser  -                          curl=unknown Casa de Freds
[ 83/492] needs-browser  chownow                    curl=unknown Burger Bench Escondido
[ 84/492] needs-browser  toast                      curl=unknown Liberty Public Market
[ 85/492] needs-browser  toast                      curl=unknown Draft South Mission
[ 86/492] needs-browser  order.online               curl=unknown Rodizio Grill Brazilian Steakhouse San Diego
[ 87/492] needs-browser  chownow                    curl=unknown Brigantine Seafood
[ 88/492] needs-browser  toast                      curl=unknown Barrio Star
[ 89/492] needs-browser  order.online               curl=unknown Tom's Famous Family Restaurant 24
[ 90/492] needs-browser  olo                        curl=unknown Dog Haus Biergarten
[ 91/492] needs-browser  toast                      curl=unknown FIT Social
[ 92/492] needs-browser  Square Online storefront   curl=unknown Wayfarer Bread & Pastry
[ 93/492] gated          olo                        curl=unknown Better Buzz Coffee San Marcos
[ 94/492] needs-browser  toast                      curl=unknown MooTime Creamery
[ 95/492] needs-browser  order.online               curl=unknown TOM's Famous Family Restaurant 22
[ 96/492] needs-browser  -                          curl=unknown Noble Experiment
[ 97/492] needs-browser  plain-html                 curl=unknown Por Favor El Cajon
[ 98/492] gated          slice                      curl=unknown Massachusetts Mike's Pizzeria
[ 99/492] needs-browser  toast                      curl=unknown Tom's Watch Bar - Petco Park
[100/492] needs-browser  plain-html                 curl=unknown Papas & Tacos Mexican Food
[101/492] needs-browser  chownow                    curl=unknown Parakeet Cafe - Little Italy
[102/492] needs-browser  plain-html                 curl=unknown Nick's on State
[103/492] needs-browser  toast                      curl=unknown Lanna Thai Cuisine
[104/492] needs-browser  order.online               curl=unknown Jimbo's - Escondido
[105/492] needs-browser  GloriaFood widget          curl=unknown That Mexican Place
[106/492] needs-browser  toast                      curl=unknown Coya Peruvian Secret
[107/492] gated          olo                        curl=unknown Better Buzz Coffee Escondido
[108/492] needs-browser  olo                        curl=unknown DQ GRILL & CHILL, OCEANSIDE
[109/492] needs-browser  order.online               curl=unknown Vaqueros Carne Asada
[110/492] needs-browser  order.online               curl=unknown Jimbo’s - Carmel Valley
[111/492] needs-browser  toast                      curl=unknown The Asian Bistro
[112/492] gated          Square Online storefront   curl=unknown skybound coffee + dessert lounge
[113/492] needs-browser  olo                        curl=unknown Panini Kabob Grill - Mission Valley
[114/492] filed          Square Online (own domain) curl=false   Up2You Cafe
[115/492] needs-browser  plain-html                 curl=unknown Nick's Del Mar
[116/492] gated          olo                        curl=unknown Better Buzz Coffee Coronado
[117/492] needs-browser  Square Online storefront   curl=unknown Sunny Side Kitchen
[118/492] gated          olo                        curl=unknown Better Buzz Coffee Pacific Beach Grand
[119/492] needs-browser  plain-html                 curl=unknown Pancho's Mexican Restaurant
[120/492] needs-browser  toast                      curl=unknown Galpão Gaucho Brazilian Steakhouse
[121/492] needs-browser  SpotOn                     curl=unknown allmine pizza and pasta
