queue 1159 with a website; routing 1159 at concurrency 4

[   1/1159] no-platform   -            FryYay
[   2/1159] needs-browser chownow      Burger Bench Escondido
[   3/1159] no-platform   -            Mimi's Cafe
[   4/1159] no-platform   -            Taquería Imperial
[   5/1159] screened-out  order.online Wood Ranch Mission Valley
[   6/1159] needs-browser chownow      Brigantine Seafood
[   7/1159] fetch-failed  -            Public Square Coffee House
[   8/1159] wrong-branch  order.online El Pueblo Mexican Food - Carlsbad
[   9/1159] no-platform   -            VG Donut & Bakery
[  10/1159] needs-browser Square Online storefront Wayfarer Bread & Pastry
[  11/1159] needs-browser order.online Tom's Famous Family Restaurant 24
[  12/1159] no-platform   -            Farmer & The Seahorse
[  13/1159] needs-browser order.online TOM's Famous Family Restaurant 22
[  14/1159] wrong-branch  chownow      Handel’s Homemade Ice Cream
[  15/1159] needs-browser plain-html   Por Favor El Cajon
[  16/1159] no-platform   -            Loreto's Taco Shop
[  17/1159] needs-browser toast        MooTime Creamery
[  18/1159] no-platform   -            Taco Bar
[  19/1159] fetch-failed  -            Gus's Subs & Pizza Place
[  20/1159] needs-browser plain-html   Papas & Tacos Mexican Food
[  21/1159] needs-browser chownow      Parakeet Cafe - Little Italy
[  22/1159] fetch-failed  -            Plazas Mexican Food
[  23/1159] fetch-failed  -            Home Sweet Home Cafe
[  24/1159] needs-browser toast        Coya Peruvian Secret
[  25/1159] needs-browser GloriaFood widget That Mexican Place
[  26/1159] no-platform   -            Todo Sushi
[  27/1159] no-platform   -            El Real Mexican Food
[  28/1159] needs-browser toast        Lanna Thai Cuisine
[  29/1159] no-platform   -            Anita's Mexican Restaurant & Cantina
[  30/1159] no-platform   -            Red Fox Room and Steakhouse
[  31/1159] screened-out  order.online Grandma Tofu & BBQ
[  32/1159] needs-browser slice        Pastalini
[  33/1159] no-platform   -            Otay Mandarin Chinese Restaurant
[  34/1159] no-platform   -            Hanu Korean BBQ
[  35/1159] needs-browser olo          Panini Kabob Grill - Mission Valley
[  36/1159] fetch-failed  -            Los Reyes Mexican Restaurant & Cantina
[  37/1159] needs-browser Square Online storefront skybound coffee + dessert lounge
[  38/1159] needs-browser order.online Sancho's Tacos
[  39/1159] no-platform   -            It's Raw Poke Shop
[  40/1159] needs-browser Square Online (own domain) Up2You Cafe
[  41/1159] no-platform   -            Antonio's Mexican Food
[  42/1159] needs-browser toast        Stake Chophouse & Bar
[  43/1159] needs-browser toast        The Asian Bistro
[  44/1159] no-platform   -            Boudin SF
[  45/1159] needs-browser plain-html   Nick's Del Mar
[  46/1159] no-platform   -            Urban Crave
[  47/1159] fetch-failed  -            La Concha Bakery
[  48/1159] needs-browser olo          Better Buzz Coffee Pacific Beach Grand
[  49/1159] no-platform   -            Urban Crave
[  50/1159] no-platform   -            Lucy's Bakery
[  51/1159] too-few       netwaiter    Connie's
[  52/1159] needs-browser plain-html   Pancho's Mexican Restaurant
[  53/1159] no-platform   -            Muay Thai Kitchen
[  54/1159] no-platform   -            Baci Restaurant | Italian
[  55/1159] needs-browser toast        Nado Republic
[  56/1159] needs-browser order.online Robertito's Mexican Food
[  57/1159] needs-browser Square Online (own domain) Camp Coffee Company
[  58/1159] no-platform   -            Umai Sushi
[  59/1159] needs-browser -            Beyer Deli
[  60/1159] needs-browser Square Online (own domain) Portal Coffee
[  61/1159] no-platform   -            Golden Donut
[  62/1159] wrong-branch  chownow      Handel’s Homemade Ice Cream
[  63/1159] no-platform   -            San Luis Mexican Food
[  64/1159] needs-browser toast        Shaks Mediterranean Bistro
[  65/1159] wrong-branch  ubereats     Broad Street Dough Co
[  66/1159] fetch-failed  -            Mi Ranchito Taco Shop
[  67/1159] needs-browser spothopper   Los Panchos Mexican Grill & Seafood
[  68/1159] needs-browser Square Online storefront Prager Brothers Artisan Breads
[  69/1159] needs-browser MealKeyWay   Dumplings N More
[  70/1159] no-platform   -            Superbloom Coffee & Juice
[  71/1159] needs-browser Square Online storefront Maan's Mediterranean Grill
[  72/1159] needs-browser spothopper   Penelopes Mexican Food
[  73/1159] needs-browser Square Online (own domain) Barrio Donas
[  74/1159] no-platform   -            The Cowshed
[  75/1159] needs-browser toast        The Remy
[  76/1159] fetch-failed  -            Bonchon Chicken
[  77/1159] needs-browser toast        Clayton's Bakery & Bistro
[  78/1159] no-platform   -            Yingli Restaurant | Chula Vista
[  79/1159] needs-browser spothopper   Curry & More - Indian Bistro
[  80/1159] needs-browser spothopper   3N1 Sports Bar & Grill
[  81/1159] no-platform   -            Red Lobster
[  82/1159] needs-browser order.online Scoops La Jolla
[  83/1159] no-platform   -            Señor Taquero
[  84/1159] screened-out  clover       Royal Sweets
[  85/1159] too-few       netwaiter    Aiberto's Taco Shop
[  86/1159] fetch-failed  -            Leucadia Donut Shoppe
[  87/1159] fetch-failed  -            Edelweiss Bakery
[  88/1159] needs-browser toast        Tabu Sushi Bar & Grill Santee
[  89/1159] no-platform   -            SOMISOMI
[  90/1159] wrong-branch  chownow      Handel's Homemade Ice Cream
[  91/1159] fetch-failed  -            Pacific Beach Ice Cream Co.
[  92/1159] fetch-failed  -            Arizona Chinese Restaurant
[  93/1159] wrong-branch  order.online Lourdes Mexican Food To Go
[  94/1159] no-platform   -            Sushi Factory
[  95/1159] no-platform   -            Big Front Door
[  96/1159] needs-browser Square Online storefront Bay Park Coffee
[  97/1159] no-platform   -            Hidden Fish
[  98/1159] needs-browser Square Online storefront Portinos Restaurant
[  99/1159] no-platform   -            Emma's Mexican Food
[ 100/1159] no-platform   -            Rosarito's Mexican Food #1
[ 101/1159] needs-browser Square Online storefront Sandwich Emporium
[ 102/1159] too-few       netwaiter    Mary Ettas Cafe
[ 103/1159] needs-browser spothopper   il Sogno Italiano
[ 104/1159] needs-browser order.online Gelato Paradiso
[ 105/1159] no-platform   -            Hanna's Gourmet
[ 106/1159] no-platform   -            Angelito's Fruteria Y Neveria
[ 107/1159] needs-browser Square Online storefront Pink Rose Cafe
[ 108/1159] needs-browser toast        Valentina
[ 109/1159] no-platform   -            Flora
[ 110/1159] needs-browser -            Yogurt Heaven
[ 111/1159] needs-browser slice        Italia Pizza
[ 112/1159] fetch-failed  -            El Charro Mexican Food
[ 113/1159] no-platform   -            Honey Baked Ham
[ 114/1159] no-platform   -            Lucy's Bakery
[ 115/1159] needs-browser olo          Randy's Donuts
[ 116/1159] no-platform   -            Cafe Bella Drive Thru
[ 117/1159] fetch-failed  -            Camel's Bar and Grill
[ 118/1159] no-platform   -            Off The 8 Café
[ 119/1159] no-platform   -            Royal India Express
[ 120/1159] needs-browser olo          Luna Grill Millenia
[ 121/1159] needs-browser Square Online (own domain) Solana Sumptuous Cookies
[ 122/1159] needs-browser MealKeyWay   Surfing Crab Escondido
[ 123/1159] screened-out  menufy       Ginza Sushi
[ 124/1159] no-platform   -            Dragon Express
[ 125/1159] fetch-failed  -            We Olive & Wine Bar
[ 126/1159] no-platform   -            Wahoo's Fish Taco
[ 127/1159] no-platform   -            Tropifruit Juice Bar
[ 128/1159] no-platform   -            Cow-A-Bunga Ice Cream & Coffee
[ 129/1159] needs-browser Square Online (own domain) Serrano's Mexican Food
[ 130/1159] no-platform   -            Ike's Love & Sandwiches
[ 131/1159] needs-browser spothopper   Santos Coffee
[ 132/1159] fetch-failed  -            Thai Island@
[ 133/1159] needs-browser toast        Rosemonts Cafe
[ 134/1159] no-platform   -            BKK THAI KITCHEN
[ 135/1159] fetch-failed  -            Palomino's Mexican & Seafood
[ 136/1159] fetch-failed  -            The Art of Espresso
[ 137/1159] screened-out  shopify      La Colombe Coffee Roasters
[ 138/1159] no-platform   -            Shozen BBQ
[ 139/1159] no-platform   -            Athens Market Taverna
[ 140/1159] needs-browser order.online San Diego Sandwich Co
[ 141/1159] no-platform   -            Mexico Lindo Restaurant
[ 142/1159] needs-browser Square Online (own domain) Matcha Cafe Maiko - Escondido
[ 143/1159] no-platform   -            PGA Tour Grill
[ 144/1159] needs-browser -            Marieta's Mexican Food
[ 145/1159] needs-browser HungerRush   Flippin' Pizza La Costa
[ 146/1159] no-platform   -            Eugenio Italian Ristorante & More
[ 147/1159] no-platform   -            Cake de Partie
[ 148/1159] fetch-failed  -            @Spacebar Cafe
[ 149/1159] screened-out  own-jsonld   Hanna Garden
[ 150/1159] no-platform   -            Uncle Biffs California Killer Cookies
[ 151/1159] no-platform   -            Kokoro Restaurant
[ 152/1159] fetch-failed  -            Tak Grill Fresh Mediterranean Food
[ 153/1159] no-platform   -            Donuts Plus
[ 154/1159] no-platform   -            La Mixteca
[ 155/1159] needs-browser -            Bravo Cafe
[ 156/1159] wrong-branch  chownow      Handel's Homemade Ice Cream
[ 157/1159] no-platform   -            Silverlake Ramen
[ 158/1159] no-platform   -            Pizza Mania
[ 159/1159] needs-browser Square Online storefront Crossroads Deli
[ 160/1159] needs-browser SpotOn       Porky's Lechon Barbecue
[ 161/1159] filed         shopify      Flor and Seed Coffee Roasters
[ 162/1159] needs-browser Square Online (own domain) Elixir Espresso & Wine Bar
[ 163/1159] too-few       netwaiter    Opa Greek Restaurant & Grill
[ 164/1159] no-platform   -            KD's Donuts
[ 165/1159] no-platform   -            Imperial Express
[ 166/1159] fetch-failed  -            Potato Corner
[ 167/1159] fetch-failed  -            Cielo Rooftop
[ 168/1159] no-platform   -            The Orient Thai
[ 169/1159] no-platform   -            White Labs Brewing Co - San Diego
[ 170/1159] no-platform   -            Glazed Coffee & Creamery
[ 171/1159] no-platform   -            Kaffee Meister
[ 172/1159] needs-browser olo          Luna Grill Encinitas
[ 173/1159] needs-browser toast        The Naked Cafe
[ 174/1159] no-platform   -            Valerio's 1979
[ 175/1159] no-platform   -            The Leucadian
[ 176/1159] needs-browser Square Online storefront Thyme for Lunch Cafe & Grill
[ 177/1159] fetch-failed  -            Olive Baking Company
[ 178/1159] no-platform   -            ENO Market & Pizzeria
[ 179/1159] no-platform   -            Beach + Taco Shack
[ 180/1159] fetch-failed  -            SoCal Sushi
[ 181/1159] fetch-failed  -            Phở Hòa Restaurant | Vietnamese
[ 182/1159] fetch-failed  -            Ko-Li Bar
[ 183/1159] fetch-failed  -            Mesa Agricola
[ 184/1159] fetch-failed  -            Bistro Pazzo
[ 185/1159] fetch-failed  -            The Grounds Bean Bar
[ 186/1159] fetch-failed  -            Que Tortas
[ 187/1159] fetch-failed  -            Rosarito's Mexican Food #7
[ 188/1159] fetch-failed  -            Industrial Grind Coffee
[ 189/1159] fetch-failed  -            James Coffee Co
[ 190/1159] fetch-failed  -            Pho Hiep & Grill
[ 191/1159] fetch-failed  -            Kaito Sushi
[ 192/1159] fetch-failed  -            Seven Seas Roasting Company
[ 193/1159] fetch-failed  -            Fat Joe’s O’side
[ 194/1159] fetch-failed  -            Tea Pavilion
[ 195/1159] fetch-failed  -            Donut Factory
[ 196/1159] fetch-failed  -            Chopsticks Chinese Cuisine
[ 197/1159] fetch-failed  -            YuJing Chinese Restaurant
[ 198/1159] fetch-failed  -            IB Thai
[ 199/1159] fetch-failed  -            La Moreliana
[ 200/1159] fetch-failed  -            Dot Cafe
[ 201/1159] fetch-failed  -            Bar Kamon
[ 202/1159] fetch-failed  -            Valentinas Taco Shop
[ 203/1159] fetch-failed  -            Blue Pepper Asian Cuisine
[ 204/1159] fetch-failed  -            Memo's Golden Bagel
[ 205/1159] fetch-failed  -            Seaview Restaurant
[ 206/1159] fetch-failed  -            The Reunion
[ 207/1159] fetch-failed  -            Le Macaron French Pastries
[ 208/1159] fetch-failed  -            Lime in the Coconut
[ 209/1159] fetch-failed  -            Iron Wok
[ 210/1159] fetch-failed  -            Eat Your Heart Out II
[ 211/1159] fetch-failed  -            Kalei's Kitchenette
[ 212/1159] fetch-failed  -            Park Blvd Express | Chinese
[ 213/1159] fetch-failed  -            Baja Rick's Cantina
[ 214/1159] fetch-failed  -            San Diego Blenders
[ 215/1159] fetch-failed  -            Joses Taco Shop
[ 216/1159] fetch-failed  -            Victor's Kafe - Poway
[ 217/1159] fetch-failed  -            Rock On Pizza
[ 218/1159] fetch-failed  -            Sue's Korean Kitchen
[ 219/1159] fetch-failed  -            Nanay's Best BBQ
[ 220/1159] fetch-failed  -            BB's Deli
[ 221/1159] fetch-failed  -            Al Teatro Panini Grill
[ 222/1159] fetch-failed  -            Banh Mi Blvd
[ 223/1159] fetch-failed  -            Side Bar
[ 224/1159] fetch-failed  -            Little Ceasar's
[ 225/1159] fetch-failed  -            Black Radish
[ 226/1159] fetch-failed  -            Idego Coffee Roasters
[ 227/1159] fetch-failed  -            Explorers Café
[ 228/1159] fetch-failed  -            Tacoman
[ 229/1159] fetch-failed  -            Rosarito's Mexican Food #2
[ 230/1159] fetch-failed  -            Criscito Pizza
[ 231/1159] fetch-failed  -            Nolberto's Taco Shop
[ 232/1159] fetch-failed  -            Thai Fresh
[ 233/1159] fetch-failed  -            Sweet Revenge Bakery
[ 234/1159] fetch-failed  -            Fan-Fan
[ 235/1159] fetch-failed  -            Surfdog's Java Hot
[ 236/1159] fetch-failed  -            Hino
[ 237/1159] fetch-failed  -            The Luau
[ 238/1159] fetch-failed  -            Gotcha
[ 239/1159] fetch-failed  -            Red Ribbon Bakeshop
[ 240/1159] fetch-failed  -            P B Pub
[ 241/1159] fetch-failed  -            Coral Tree Tea House
[ 242/1159] fetch-failed  -            Prince Hookah Cafe
[ 243/1159] fetch-failed  -            Red Ribbon Bakeshop
[ 244/1159] fetch-failed  -            World Famous I Bar
[ 245/1159] fetch-failed  -            Thai Style
[ 246/1159] fetch-failed  -            Mother's Kitchen
[ 247/1159] fetch-failed  -            Aztec Food Hub
[ 248/1159] fetch-failed  -            Mr. Charlie's
[ 249/1159] fetch-failed  -            Brown Bag Deli
[ 250/1159] fetch-failed  -            The Halal Shack
[ 251/1159] fetch-failed  -            Crispy Chicken n' Tomato
[ 252/1159] fetch-failed  -            Tony’s Newport Cafe
[ 253/1159] fetch-failed  -            Corner Cafe | Chinese
[ 254/1159] fetch-failed  -            Zhang Liang Malatang
[ 255/1159] fetch-failed  -            Donut Stop
[ 256/1159] fetch-failed  -            Gong Cha
[ 257/1159] fetch-failed  -            Purple Owl Cafe
[ 258/1159] fetch-failed  -            Taco Time Food Truck
[ 259/1159] fetch-failed  -            Stagecoach Inn
[ 260/1159] fetch-failed  -            Kona Coffee
[ 261/1159] fetch-failed  -            The Elegant Truffle
[ 262/1159] fetch-failed  -            D Wings & Ribs
[ 263/1159] fetch-failed  -            La Perlita Mexican Food
[ 264/1159] fetch-failed  -            Millport
[ 265/1159] fetch-failed  -            Panorama Bar & Grill
[ 266/1159] fetch-failed  -            The Crack Shack - Pacific Beach
[ 267/1159] fetch-failed  -            The Deli Stop
[ 268/1159] fetch-failed  -            Seahorse Coffee
[ 269/1159] fetch-failed  -            Bonehead Burger Co.
[ 270/1159] fetch-failed  -            Matoi
[ 271/1159] fetch-failed  -            Cargo Cafe
[ 272/1159] fetch-failed  -            Poki Poki - Encinitas
[ 273/1159] fetch-failed  -            D'Sotos Mexican Food
[ 274/1159] fetch-failed  -            Parkys
[ 275/1159] fetch-failed  -            Chin's Gourmet
[ 276/1159] fetch-failed  -            Sura BBQ & SHABU
[ 277/1159] fetch-failed  -            Zhengxin Chicken Steak
[ 278/1159] fetch-failed  -            Shanghai Cuisine
[ 279/1159] fetch-failed  -            Topside Terrace Kitchen & Bar
[ 280/1159] fetch-failed  -            Elixir Espresso Bar
[ 281/1159] fetch-failed  -            Sul & Beans
[ 282/1159] fetch-failed  -            Gor Gai Thai Eatery
[ 283/1159] fetch-failed  -            Pho Olala
[ 284/1159] fetch-failed  -            China Express
[ 285/1159] fetch-failed  -            The Well Cafe
[ 286/1159] fetch-failed  -            ZzanG Hotdog & Chicken
[ 287/1159] fetch-failed  -            The Surf Club Oceanside
[ 288/1159] fetch-failed  -            Hancock Street Cafe
[ 289/1159] fetch-failed  -            The Peruvian Spot
[ 290/1159] fetch-failed  -            Hooked On Pokè
[ 291/1159] fetch-failed  -            Sweetfin
[ 292/1159] fetch-failed  -            The Lean Machine Meal Prep
[ 293/1159] fetch-failed  -            Roots Bowls
[ 294/1159] fetch-failed  -            Deano's Pub
[ 295/1159] fetch-failed  -            Daniel's Taco Shop
[ 296/1159] fetch-failed  -            Teaspoon
[ 297/1159] fetch-failed  -            Le Rendez-Vous French Bakery
[ 298/1159] fetch-failed  -            Chen Golden Palace
[ 299/1159] fetch-failed  -            Channel 2 Sports Bar
[ 300/1159] fetch-failed  -            Pick Up Stix Fresh Asian Flavors
[ 301/1159] fetch-failed  -            Hot or Not Thai
[ 302/1159] fetch-failed  -            Rosaria's Pizza 4
[ 303/1159] fetch-failed  -            Szechuan Chef Chinese Cuisine
[ 304/1159] fetch-failed  -            Bistro Kaz
[ 305/1159] fetch-failed  -            DaYung's Tea
[ 306/1159] fetch-failed  -            Tulum Seafood
[ 307/1159] fetch-failed  -            Flippin Pizza Encinitas
[ 308/1159] fetch-failed  -            Vitality Bowls
[ 309/1159] fetch-failed  -            La Central
[ 310/1159] fetch-failed  -            Long Story Irish Pub
[ 311/1159] fetch-failed  -            Upper East
[ 312/1159] fetch-failed  -            Mike Hess Brewing Tasting Room
[ 313/1159] fetch-failed  -            It's A Piece A Cake
[ 314/1159] fetch-failed  -            City Dragon
[ 315/1159] fetch-failed  -            Musashiya
[ 316/1159] fetch-failed  -            The Brass Rail
[ 317/1159] fetch-failed  -            San Diego Eagle
[ 318/1159] fetch-failed  -            Kinchana
[ 319/1159] fetch-failed  -            Goyo's Bakery
[ 320/1159] fetch-failed  -            Sidny's Bagels & Deli
[ 321/1159] fetch-failed  -            Okavango Outpost
[ 322/1159] no-platform   -            Nothing Bundt Cakes
[ 323/1159] fetch-failed  -            Bale French Sandwiches
[ 324/1159] fetch-failed  -            Mosa Tea
[ 325/1159] fetch-failed  -            Taste of Thai
[ 326/1159] fetch-failed  -            Agave Taco Shop
[ 327/1159] fetch-failed  -            African Spices
[ 328/1159] fetch-failed  -            Spoon House
[ 329/1159] fetch-failed  -            Elsa's Kitchen
[ 330/1159] fetch-failed  -            Hoffer's Cigar Bar
[ 331/1159] fetch-failed  -            Gloria's Taco Shop
[ 332/1159] fetch-failed  -            Mad Munch Grilled Cheezer Co.
[ 333/1159] fetch-failed  -            Mike's Giant New York Pizza
[ 334/1159] fetch-failed  -            La Michoacana
[ 335/1159] fetch-failed  -            JNC Pinoy Foodmart
[ 336/1159] fetch-failed  -            Achilles Coffee Roasters
[ 337/1159] fetch-failed  -            Dine with Orcas
[ 338/1159] fetch-failed  -            Novecientos Grados by Tony Hawk
[ 339/1159] fetch-failed  -            Dora
[ 340/1159] fetch-failed  -            Cool Down Coffee
[ 341/1159] fetch-failed  -            Frida's Taqueria
[ 342/1159] fetch-failed  -            Goli
[ 343/1159] fetch-failed  -            Thai Ladle
[ 344/1159] fetch-failed  -            Teriyaki Madness
[ 345/1159] fetch-failed  -            Bopomofo Cafe
[ 346/1159] fetch-failed  -            Lucky Doughnut
[ 347/1159] fetch-failed  -            Nothing Bundt Cakes
[ 348/1159] fetch-failed  -            Juice Kaboose
[ 349/1159] fetch-failed  -            Los Kompadres Mexican Food
[ 350/1159] fetch-failed  -            Junction Bar & Grill
[ 351/1159] fetch-failed  -            Leos Kitchen
[ 352/1159] fetch-failed  -            Smittys Downtown
[ 353/1159] fetch-failed  -            Manzanita Roasting Co
[ 354/1159] fetch-failed  -            Donut Bros
[ 355/1159] fetch-failed  -            Tom's Chinese BBQ
[ 356/1159] fetch-failed  -            Deli Belly
[ 357/1159] fetch-failed  -            Urban Bubble
[ 358/1159] fetch-failed  -            Pizzabilities - Alpine
[ 359/1159] fetch-failed  -            La Nacional
[ 360/1159] fetch-failed  -            Tenkatori
[ 361/1159] fetch-failed  -            Tasty Pizza Escondido LLC
[ 362/1159] fetch-failed  -            Ma's House
[ 363/1159] fetch-failed  -            Hyderabad Cafe
[ 364/1159] fetch-failed  -            Roma's Pizza
[ 365/1159] fetch-failed  -            Deano's Pub East
[ 366/1159] fetch-failed  -            Angela's Eccentric Kitchen
[ 367/1159] fetch-failed  -            Juice Stop Encinitas
[ 368/1159] fetch-failed  -            Kind Coffee
[ 369/1159] fetch-failed  -            Angry Petes Pizza Point Loma
[ 370/1159] fetch-failed  -            La Banana Fruits - Fruteria
[ 371/1159] fetch-failed  -            Leucadia Pizza Point Loma
[ 372/1159] fetch-failed  -            Star Express
[ 373/1159] fetch-failed  -            Understory Bar
[ 374/1159] fetch-failed  -            Picasso's Naturals
[ 375/1159] fetch-failed  -            Nova Easy Kombucha
[ 376/1159] fetch-failed  -            CAFE 160
[ 377/1159] fetch-failed  -            Rad Habits Juice
[ 378/1159] fetch-failed  -            Pho G-Beef
[ 379/1159] fetch-failed  -            Spicy Noodle
[ 380/1159] fetch-failed  -            Bonchon Chicken
[ 381/1159] fetch-failed  -            Ranch House Restaurant
[ 382/1159] fetch-failed  -            Kona Kakes Tropical Cake Bakery
[ 383/1159] fetch-failed  -            Del Sushi
[ 384/1159] fetch-failed  -            Village Pub
[ 385/1159] fetch-failed  -            Roberto's Taco Shop RB
[ 386/1159] fetch-failed  -            Tastea
[ 387/1159] fetch-failed  -            U Dessert Eats
[ 388/1159] fetch-failed  -            Juice Caboose
[ 389/1159] fetch-failed  -            Mariscos y Miches El Patron
[ 390/1159] fetch-failed  -            Hometown Taste
[ 391/1159] fetch-failed  -            Burrito King
[ 392/1159] fetch-failed  -            Granny's Apple Fries
[ 393/1159] fetch-failed  -            Burekas Box
[ 394/1159] fetch-failed  -            Vica’s Cafe
[ 395/1159] fetch-failed  -            Seven Seas Roasting
[ 396/1159] fetch-failed  -            Rocco's Pizza Deli
[ 397/1159] fetch-failed  -            Bowl To Go
[ 398/1159] fetch-failed  -            Unique Sandwiches
[ 399/1159] fetch-failed  -            Dog Leg Brewing
[ 400/1159] fetch-failed  -            El Mercadito
[ 401/1159] fetch-failed  -            A Louest
[ 402/1159] fetch-failed  -            Java Earth Coffee
[ 403/1159] fetch-failed  -            Cheers
[ 404/1159] fetch-failed  -            Gem Coffee
[ 405/1159] fetch-failed  -            Star Dust Donut Shop
[ 406/1159] fetch-failed  -            Gihon Ethiopian Kitchen
[ 407/1159] fetch-failed  -            Orient Valley Filipino Cuisine
[ 408/1159] fetch-failed  -            Kaki Sushi
[ 409/1159] fetch-failed  -            Cj Lounge
[ 410/1159] fetch-failed  -            Las Michoacanas
[ 411/1159] fetch-failed  -            Tutti Frutti Frozen Yogurt
[ 412/1159] fetch-failed  -            Kinme Omakase
[ 413/1159] fetch-failed  -            The Pad Thai Stand
[ 414/1159] fetch-failed  -            The Craft Taco at The Nat
[ 415/1159] fetch-failed  -            Ten Seconds Yunnan Rice Noodle
[ 416/1159] fetch-failed  -            Erika's Mexican Food & Seafood
[ 417/1159] fetch-failed  -            Sarku Japan
[ 418/1159] fetch-failed  -            Jungle Tea
[ 419/1159] fetch-failed  -            Castelli & Pizarro Family Vineyards & Winery
[ 420/1159] fetch-failed  -            R3fresh Juice Bar
[ 421/1159] fetch-failed  -            Social hookah lounge
[ 422/1159] fetch-failed  -            Bang Bang
[ 423/1159] fetch-failed  -            Burros and Fries
[ 424/1159] fetch-failed  -            Park Commons
[ 425/1159] fetch-failed  -            Papa's Pizza
[ 426/1159] fetch-failed  -            SusieCakes - Carlsbad
[ 427/1159] fetch-failed  -            Hongyuan Kebab
[ 428/1159] fetch-failed  -            La michoacana Plus San Diego #2
[ 429/1159] fetch-failed  -            Bobalicious
[ 430/1159] fetch-failed  -            China Fun
[ 431/1159] fetch-failed  -            Tu Thanh
[ 432/1159] fetch-failed  -            Grab & Go - Mission Hills
[ 433/1159] fetch-failed  -            Rambler Coffee
[ 434/1159] fetch-failed  -            K & K Orient Valley Food Center
[ 435/1159] fetch-failed  -            Kim's Bar-B-Que
[ 436/1159] fetch-failed  -            Tajima Ramen Crown Point
[ 437/1159] fetch-failed  -            Hammer's New York Pizza
[ 438/1159] fetch-failed  -            DRIFT La Jolla
[ 439/1159] fetch-failed  -            PB Oriental
[ 440/1159] fetch-failed  -            PKI Sushi
[ 441/1159] fetch-failed  -            Landshark Bar & Grill
[ 442/1159] fetch-failed  -            Del Cerro Pizza
[ 443/1159] fetch-failed  -            Marketplace Grille
[ 444/1159] fetch-failed  -            Modern Times Coffee
[ 445/1159] fetch-failed  -            Bar Ella
[ 446/1159] fetch-failed  -            Leucadia Pizza
[ 447/1159] fetch-failed  -            Prendi E Vai
[ 448/1159] fetch-failed  -            La Familia Callejas mexican food
[ 449/1159] fetch-failed  -            Bubbles & Brews Cafe
[ 450/1159] fetch-failed  -            Go Greek Authentic Yogurteria
[ 451/1159] fetch-failed  -            Tous les Jours
[ 452/1159] fetch-failed  -            Sieu Sieu BBQ
[ 453/1159] fetch-failed  -            El Viejon
[ 454/1159] fetch-failed  -            Cherry Bomb
[ 455/1159] fetch-failed  -            Casa Fiesta Juice Bar
[ 456/1159] fetch-failed  -            Mariscos La Morena
[ 457/1159] fetch-failed  -            The Pearl Restaurant
[ 458/1159] fetch-failed  -            Happytime Tea
[ 459/1159] fetch-failed  -            Flour Atelier
[ 460/1159] fetch-failed  -            Möge Tee
[ 461/1159] fetch-failed  -            Knights' Smokehouse BBQ
[ 462/1159] fetch-failed  -            Lapper Kitchen + Tap
[ 463/1159] fetch-failed  -            Imperial Palace
[ 464/1159] fetch-failed  -            Egg Holic
[ 465/1159] fetch-failed  -            Roppongi
[ 466/1159] fetch-failed  -            Quick Wok
[ 467/1159] fetch-failed  -            Kim's Deli
[ 468/1159] fetch-failed  -            Alpine Pho & Grill
[ 469/1159] fetch-failed  -            Qin West
[ 470/1159] fetch-failed  -            Vinh Long Food To Go
[ 471/1159] fetch-failed  -            Vinya Yoga and Wine Bar
[ 472/1159] fetch-failed  -            Casa De Otay – The Casita
[ 473/1159] fetch-failed  -            Taco Loco
[ 474/1159] fetch-failed  -            T. P. Bánh Bao 3
[ 475/1159] fetch-failed  -            Hua Mei Cafe
[ 476/1159] fetch-failed  -            Yas Lounge
[ 477/1159] fetch-failed  -            Ching's Famous Hopia
[ 478/1159] fetch-failed  -            LJ Crafted Wines - Wines & Tastings
[ 479/1159] fetch-failed  -            Campus Cafe
[ 480/1159] fetch-failed  -            Necter Juice Bar
[ 481/1159] fetch-failed  -            Josie's Hideout Saloon
[ 482/1159] fetch-failed  -            Cafe Aero
[ 483/1159] fetch-failed  -            Gather
[ 484/1159] fetch-failed  -            Presotea
[ 485/1159] fetch-failed  -            The Pad Thai Stand
[ 486/1159] fetch-failed  -            Oakberry Açaí bowls
[ 487/1159] fetch-failed  -            De Kotija Taco Shop LLC
[ 488/1159] fetch-failed  -            D'liteful Chocolat
[ 489/1159] fetch-failed  -            Creperie Antoinette
[ 490/1159] fetch-failed  -            Mochinut
[ 491/1159] fetch-failed  -            Bonita Donuts
[ 492/1159] fetch-failed  -            Nothing Bundt Cakes
[ 493/1159] fetch-failed  -            Tree House
[ 494/1159] fetch-failed  -            Trevi Hills Winery
[ 495/1159] fetch-failed  -            Lambers Chinese Bakery
[ 496/1159] fetch-failed  -            Old Town Eatery
[ 497/1159] fetch-failed  -            Poke One N Half
[ 498/1159] fetch-failed  -            Nomada
[ 499/1159] fetch-failed  -            Jamal's Chicken
[ 500/1159] fetch-failed  -            Guerrero Taco Shop
[ 501/1159] fetch-failed  -            Cha Cha Tea Spot
[ 502/1159] fetch-failed  -            Off the Vine Gardens Deli And Catering
[ 503/1159] fetch-failed  -            Tres Hermanos Locos Tacos
[ 504/1159] fetch-failed  -            Sydney's
[ 505/1159] fetch-failed  -            Cafe Pascale Grill & Deli
[ 506/1159] fetch-failed  -            Sunny Dumpling House
[ 507/1159] fetch-failed  -            Bean Box
[ 508/1159] fetch-failed  -            Cluck N Sip
[ 509/1159] fetch-failed  -            DaYung's Tea
[ 510/1159] fetch-failed  -            Pure Squeeze
[ 511/1159] fetch-failed  -            Tasty Donuts
[ 512/1159] fetch-failed  -            Divina Matcha
[ 513/1159] fetch-failed  -            Grubz
[ 514/1159] fetch-failed  -            Nobu
[ 515/1159] fetch-failed  -            Ohana Nutrition
[ 516/1159] fetch-failed  -            Jaguar Paw
[ 517/1159] fetch-failed  -            Qualcomm Cafe Q
[ 518/1159] fetch-failed  -            56 Thai Cafe
[ 519/1159] fetch-failed  -            Warner Springs Golf Shop & Grill
[ 520/1159] fetch-failed  -            Asia Wok Teppanyaki & Chinese Food
[ 521/1159] fetch-failed  -            Linda's Yogurt & Deli
[ 522/1159] fetch-failed  -            Bivouac Adventure Lodge Coffee Shop
[ 523/1159] fetch-failed  -            All That Shabu
[ 524/1159] fetch-failed  -            The Poke Co.
[ 525/1159] fetch-failed  -            Boba Tea Spot
[ 526/1159] fetch-failed  -            Paradise Kabob
[ 527/1159] fetch-failed  -            Nothing Bundt Cakes
[ 528/1159] fetch-failed  -            Montebello
[ 529/1159] fetch-failed  -            The Golf Bar
[ 530/1159] fetch-failed  -            The Grillery
[ 531/1159] fetch-failed  -            Ba Le French Sandwich Shop
[ 532/1159] fetch-failed  -            Pita Pit
[ 533/1159] fetch-failed  -            Cargo Cafe - Paseo Del Mar
[ 534/1159] fetch-failed  -            Tazza D'Oro
[ 535/1159] fetch-failed  -            All Things Ube Desserts
[ 536/1159] fetch-failed  -            Pub 1795
[ 537/1159] fetch-failed  -            Playa Azul Mariscos Restaurant
[ 538/1159] fetch-failed  -            Alohana Açaí Bowls
[ 539/1159] fetch-failed  -            5 O'Clock Somewhere Rooftop Bar
[ 540/1159] fetch-failed  -            Suki Hana
[ 541/1159] fetch-failed  -            Route 6 Coffee & Smoothies
[ 542/1159] fetch-failed  -            Johnny Radz Pizza
[ 543/1159] fetch-failed  -            The Loft at UC San Diego
[ 544/1159] fetch-failed  -            Mike Hess Brewing - Seaport Village Taphouse
[ 545/1159] fetch-failed  -            Ziggi's Coffee
[ 546/1159] fetch-failed  -            Grab & Go
[ 547/1159] fetch-failed  -            La Jolla Boba
[ 548/1159] fetch-failed  -            Shabu Spot
[ 549/1159] fetch-failed  -            La Pizzeria Arrivederci
[ 550/1159] fetch-failed  -            Sunright Tea Studio
[ 551/1159] fetch-failed  -            J & J's Mexican Food
[ 552/1159] fetch-failed  -            Enoteca Buona Forchetta
[ 553/1159] fetch-failed  -            F Street Cafe
[ 554/1159] fetch-failed  -            Dockside Casual Seafood Counter
[ 555/1159] fetch-failed  -            Pizza Grande
[ 556/1159] fetch-failed  -            Zoo Brew
[ 557/1159] fetch-failed  -            The MRKT
[ 558/1159] fetch-failed  -            Zest Wine Bistro
[ 559/1159] fetch-failed  -            Healthy Grill Mediterranean
[ 560/1159] fetch-failed  -            Craft Pizza
[ 561/1159] fetch-failed  -            Sandwich Place
[ 562/1159] fetch-failed  -            Suki Hana
[ 563/1159] fetch-failed  -            Nutri Juice
[ 564/1159] fetch-failed  -            Yuki Yuki
[ 565/1159] fetch-failed  -            62 Area Chow Hall
[ 566/1159] fetch-failed  -            Choice Juicery
[ 567/1159] fetch-failed  -            Royal Pearl Tea
[ 568/1159] fetch-failed  -            Forum Deli
[ 569/1159] fetch-failed  -            Tapas Bar
[ 570/1159] fetch-failed  -            Treetops Cafe
[ 571/1159] fetch-failed  -            Nicholson Commons
[ 572/1159] fetch-failed  -            Test Kitchen
[ 573/1159] fetch-failed  -            Moniker General
[ 574/1159] fetch-failed  -            Manta Pizza
[ 575/1159] fetch-failed  -            Michoacana Mia - SDSU
[ 576/1159] fetch-failed  -            Plaza Deli
[ 577/1159] fetch-failed  -            Madina Market Halal Fast Food
[ 578/1159] fetch-failed  -            Pure Green
[ 579/1159] fetch-failed  -            Sip Fresh
[ 580/1159] fetch-failed  -            Coco Bomb
[ 581/1159] fetch-failed  -            longball cocktail
[ 582/1159] fetch-failed  -            Blue Bowl Superfoods
[ 583/1159] fetch-failed  -            Chapters Cafe
[ 584/1159] fetch-failed  -            Market One
[ 585/1159] fetch-failed  -            La Paloma
[ 586/1159] fetch-failed  -            Fresca Deli .
[ 587/1159] fetch-failed  -            Showa Ramen
[ 588/1159] fetch-failed  -            Green Leaf Cafe & Catering
[ 589/1159] fetch-failed  -            Valerio's 1979
[ 590/1159] fetch-failed  -            Huy Ky Bakery
[ 591/1159] fetch-failed  -            The Lookout at Lake Poway
[ 592/1159] fetch-failed  -            Cali Banh Mi
[ 593/1159] fetch-failed  -            WUHU TEA & DELI
[ 594/1159] fetch-failed  -            Prado Perk
[ 595/1159] fetch-failed  -            Collette’s Collaborative Collective Cuisine
[ 596/1159] fetch-failed  -            Surf City Squeeze
[ 597/1159] fetch-failed  -            FiveO3 Pupusas
[ 598/1159] fetch-failed  -            Warung RieRie
[ 599/1159] fetch-failed  -            Thérapie Bistro
[ 600/1159] fetch-failed  -            Chester's
[ 601/1159] fetch-failed  -            Mister G Salsa
[ 602/1159] fetch-failed  -            Poway Social House
[ 603/1159] fetch-failed  -            Unico Juice Shop
[ 604/1159] fetch-failed  -            The Bean Box 701
[ 605/1159] fetch-failed  -            FLAVORS EXPRESS SDSU
[ 606/1159] fetch-failed  -            Chagee
[ 607/1159] fetch-failed  -            Oriste Fairway Cafe
[ 608/1159] fetch-failed  -            El Cilantro Mexican Grill
[ 609/1159] fetch-failed  -            Ramen Station
[ 610/1159] fetch-failed  -            Copa Vida
[ 611/1159] fetch-failed  -            Fallen Empire
[ 612/1159] fetch-failed  -            Finca Casa Blanca
[ 613/1159] fetch-failed  -            Mombasa Cooker
[ 614/1159] fetch-failed  -            Lò Bánh Cuốn Tân Định
[ 615/1159] fetch-failed  -            El huevo estrellado # 2
[ 616/1159] fetch-failed  -            Cargo Cafe - Gateway
[ 617/1159] fetch-failed  -            Come On In Cafe
[ 618/1159] fetch-failed  -            Pavilion Dining
[ 619/1159] fetch-failed  -            Bert's Bistro
[ 620/1159] fetch-failed  -            Cargo Cafe - Wateridge
[ 621/1159] fetch-failed  -            Bosley Cafe
[ 622/1159] fetch-failed  -            Med Cafe
[ 623/1159] fetch-failed  -            Underwater Cantina
[ 624/1159] fetch-failed  -            Swami's
[ 625/1159] fetch-failed  -            3 Day Suit Broker
[ 626/1159] fetch-failed  -            Winners Circle
[ 627/1159] fetch-failed  -            Juice Caboose
[ 628/1159] fetch-failed  -            Basic
[ 629/1159] fetch-failed  -            Coin Toss
[ 630/1159] fetch-failed  -            The Caddyshack
[ 631/1159] fetch-failed  -            Poki Poki
[ 632/1159] fetch-failed  -            Filling Station Pub and Grill
[ 633/1159] fetch-failed  -            Fairbanks
[ 634/1159] fetch-failed  -            Allen's New York Pizza
[ 635/1159] fetch-failed  -            Hacienda De Vega
[ 636/1159] fetch-failed  -            Taco King
[ 637/1159] fetch-failed  -            Sushi Freak
[ 638/1159] fetch-failed  -            Thai Basil
[ 639/1159] fetch-failed  -            Crepes
[ 640/1159] fetch-failed  -            GIHON Ethiopian Kitchen
[ 641/1159] fetch-failed  -            Hummus Mediterranean Kitchen
[ 642/1159] fetch-failed  -            I Love Pho
[ 643/1159] fetch-failed  -            Baja Fresh
[ 644/1159] fetch-failed  -            BurgerIM
[ 645/1159] fetch-failed  -            Valerio's Finest Bake Shop
[ 646/1159] fetch-failed  -            Birria El Rey
[ 647/1159] fetch-failed  -            Terrace Lounge
[ 648/1159] fetch-failed  -            Silvia's Pupuseria
[ 649/1159] fetch-failed  -            Citrina Berry Fresh
[ 650/1159] fetch-failed  -            Curbside Eatery & Drinkery
[ 651/1159] fetch-failed  -            Trattoria da Sofia
[ 652/1159] fetch-failed  -            Karihan Filipino Food
[ 653/1159] fetch-failed  -            Atelier Manna
[ 654/1159] fetch-failed  -            CITRINA BERRY FRESH
[ 655/1159] fetch-failed  -            Beer Company
[ 656/1159] fetch-failed  -            Rito’s Mexican Food
[ 657/1159] fetch-failed  -            Stella Jean's Ice Cream Kensington
[ 658/1159] fetch-failed  -            Stone Oven
[ 659/1159] fetch-failed  -            Crave
[ 660/1159] fetch-failed  -            Backyard Altar BBQ
[ 661/1159] fetch-failed  -            Pei Wei
[ 662/1159] fetch-failed  -            Golden Spoon Carlsbad Plaza
[ 663/1159] fetch-failed  -            Paris Baguette
[ 664/1159] fetch-failed  -            Purl Tea San Marcos
[ 665/1159] fetch-failed  -            Rare Society
[ 666/1159] fetch-failed  -            Boba n More
[ 667/1159] fetch-failed  -            Oaks Bar Grill
[ 668/1159] fetch-failed  -            Fairbanks
[ 669/1159] fetch-failed  -            Bovino
[ 670/1159] fetch-failed  -            Paradisaea
[ 671/1159] fetch-failed  -            Cococabana
[ 672/1159] fetch-failed  -            Everest Himalayan Cuisine
[ 673/1159] fetch-failed  -            Ding Tea Oceanside
[ 674/1159] fetch-failed  -            Gooseberries kafe
[ 675/1159] fetch-failed  -            Board & Brew - Escondido
[ 676/1159] fetch-failed  -            Green Vine Delicatessen
[ 677/1159] fetch-failed  -            Tacos de Birria El Chinito Jr
[ 678/1159] fetch-failed  -            China Fun
[ 679/1159] fetch-failed  -            Taco Lounge Escaya
[ 680/1159] fetch-failed  -            Fiori’s Pizza
[ 681/1159] fetch-failed  -            That Pizza Place - Carlsbad
[ 682/1159] fetch-failed  -            La Sabrosita
[ 683/1159] fetch-failed  -            Darshan Bakery
[ 684/1159] fetch-failed  -            Sabor a Vida Cafe & Deli
[ 685/1159] fetch-failed  -            Friends of Friends
[ 686/1159] fetch-failed  -            Appetite
[ 687/1159] fetch-failed  -            Monserate Winery
[ 688/1159] fetch-failed  -            Golden Corral
[ 689/1159] fetch-failed  -            Vigilante Coffee
[ 690/1159] fetch-failed  -            Agave Birrieria
[ 691/1159] fetch-failed  -            Taco Machin
[ 692/1159] fetch-failed  -            Breakwater Brewing Co.
[ 693/1159] fetch-failed  -            Pho House
[ 694/1159] fetch-failed  -            Tita's Taco Shop
[ 695/1159] fetch-failed  -            Donburi Rice Bowls
[ 696/1159] fetch-failed  -            Chin's Szechwan - Del Mar
[ 697/1159] fetch-failed  -            bcb Cafe
[ 698/1159] fetch-failed  -            Camino Riviera
[ 699/1159] fetch-failed  -            Bubba’s Smokehouse BBQ
[ 700/1159] fetch-failed  -            Nory's Donut & Bakery
[ 701/1159] fetch-failed  -            Mendoza’s Mexican Food
[ 702/1159] fetch-failed  -            Tasty Pho
[ 703/1159] fetch-failed  -            Trebol Mexican Restaurant
[ 704/1159] fetch-failed  -            Draft Republic San Marcos
[ 705/1159] fetch-failed  -            Vinarius Wine Bar & Restaurant
[ 706/1159] fetch-failed  -            Pho Oceanside
[ 707/1159] fetch-failed  -            Village Roots Deli & Taproom
[ 708/1159] fetch-failed  -            El Rinconcito Fruteria
[ 709/1159] fetch-failed  -            Handel's Homemade Ice Cream
[ 710/1159] fetch-failed  -            Su Pan Bakery El Cajon
[ 711/1159] fetch-failed  -            1022 Cafe & Gelateria
[ 712/1159] fetch-failed  -            Tacaliente Mexican Grill
[ 713/1159] fetch-failed  -            Taqueria El Kabron Jr.
[ 714/1159] fetch-failed  -            Panda Imperial Restaurant
[ 715/1159] fetch-failed  -            Balsamico Italian Kitchen
[ 716/1159] fetch-failed  -            Barn Door Public House
[ 717/1159] fetch-failed  -            Higher Grounds Coffee + Café
[ 718/1159] fetch-failed  -            Gelato 101 Solana Beach
[ 719/1159] fetch-failed  -            Napatini Bistro and Wine Bar
[ 720/1159] fetch-failed  -            Paris Baguette
[ 721/1159] fetch-failed  -            Savory Thai Restaurant
[ 722/1159] fetch-failed  -            Truluck's
[ 723/1159] fetch-failed  -            Ju-ichi
[ 724/1159] fetch-failed  -            Backdraft Bar & Grill
[ 725/1159] fetch-failed  -            Cork N Brew
[ 726/1159] fetch-failed  -            Buonasera New York Pizzeria
[ 727/1159] fetch-failed  -            Ocean Thai Cuisine
[ 728/1159] fetch-failed  -            Ono Hawaiian BBQ
[ 729/1159] fetch-failed  -            MOOYAH Burgers, Fries & Shakes
[ 730/1159] fetch-failed  -            Madeleine
[ 731/1159] fetch-failed  -            Cozy Corner
[ 732/1159] fetch-failed  -            Ernes Mexican Food & Breakfast
[ 733/1159] fetch-failed  -            Finca
[ 734/1159] fetch-failed  -            Rancho Grande El Toro Mexican Cuisine
[ 735/1159] fetch-failed  -            HomeState
[ 736/1159] fetch-failed  -            Tacotarian San Diego
[ 737/1159] fetch-failed  -            Caribbean Pleasure
[ 738/1159] fetch-failed  -            House of Pho
[ 739/1159] fetch-failed  -            Prey Brewing Company
[ 740/1159] fetch-failed  -            ZZan Sushi & Soju
[ 741/1159] fetch-failed  -            Graziano's Pizza Oceanside
[ 742/1159] fetch-failed  -            Blanco Cocina + Cantina
[ 743/1159] fetch-failed  -            I QUE BBQ
[ 744/1159] fetch-failed  -            Ascend Coffee Roasters
[ 745/1159] fetch-failed  -            China Fusion - Vista Way
[ 746/1159] fetch-failed  -            Pizza On Tap (P.O.T)
[ 747/1159] fetch-failed  -            Sabores Colombianos
[ 748/1159] fetch-failed  -            NuYo Frozen Yogurt Telegraph Canyon
[ 749/1159] fetch-failed  -            Bambinos Pizzeria & Deli #4
[ 750/1159] fetch-failed  -            Souplantation
[ 751/1159] fetch-failed  -            Sunny Side Solana
[ 752/1159] fetch-failed  -            El After Social Club
[ 753/1159] fetch-failed  -            James Coffee Co.
[ 754/1159] fetch-failed  -            Parakeet Juicery - La Jolla
[ 755/1159] fetch-failed  -            Angry Chickz - Oceanside
[ 756/1159] fetch-failed  -            Old World Meat Company
[ 757/1159] fetch-failed  -            Himalayan Bistro Oceanside
[ 758/1159] fetch-failed  -            Panpan wok
[ 759/1159] fetch-failed  -            HillCrust Pizza
[ 760/1159] fetch-failed  -            The Handmade Chef Meal Prep Co.
[ 761/1159] fetch-failed  -            New York Buffalo Wings
[ 762/1159] fetch-failed  -            Awash Ethiopian Restaurant
[ 763/1159] fetch-failed  -            Sonny’s Pizza
[ 764/1159] fetch-failed  -            Allen's New York Pizza
[ 765/1159] fetch-failed  -            El Camino
[ 766/1159] wrong-branch  chownow      Handel’s Homemade Ice Cream
[ 767/1159] no-platform   -            Topo's Tacos
[ 768/1159] no-platform   -            EL ENCANTO SD
[ 769/1159] needs-browser clover       Ryan Bros Coffee City Heights
[ 770/1159] needs-browser plain-html   Nick's on State
[ 771/1159] no-platform   -            Le Coq
[ 772/1159] needs-browser -            Carnitas Quiroga
[ 773/1159] no-platform   -            China bros
[ 774/1159] needs-browser toast        Naked Pizza
[ 775/1159] needs-browser -            Sukho Thai Extraordinaire
[ 776/1159] gated         toast        Aromi Italian Cuisine
[ 777/1159] no-platform   -            Belinda's Familia Mexican Food Truck
[ 778/1159] no-platform   -            Jaws Topokki
[ 779/1159] no-platform   -            AleSmith Brewing Company
[ 780/1159] gated         chownow      Finney's Crafthouse
[ 781/1159] needs-browser MealKeyWay   Tengu Ramen
[ 782/1159] no-platform   -            The Crimson Cake
[ 783/1159] no-platform   -            Sam's Farm Fresh
[ 784/1159] wrong-branch  toast        ALOHA GRILL
[ 785/1159] no-platform   -            Comstock Bar & Grill
[ 786/1159] no-platform   -            Emiliana's Mexican & Deli Food
[ 787/1159] needs-browser -            Baked Thicc
[ 788/1159] no-platform   -            Docent Brewing
[ 789/1159] needs-browser ubereats     SugarBears Sweet Provisions
[ 790/1159] fetch-failed  -            Ascend Coffee Roasters
[ 791/1159] fetch-failed  -            Hi!Dumplings
[ 792/1159] fetch-failed  -            PB Poke House Oceanside
[ 793/1159] fetch-failed  -            Gintaro Sushi
[ 794/1159] fetch-failed  -            Thai Pasta
[ 795/1159] fetch-failed  -            El Ranchero
[ 796/1159] fetch-failed  -            Players Sports Grill
[ 797/1159] fetch-failed  -            Sorianos Pizzeria
[ 798/1159] fetch-failed  -            Great Wok of China
[ 799/1159] fetch-failed  -            La Mesa Pizzaworks
[ 800/1159] fetch-failed  -            Charli's Landing
[ 801/1159] fetch-failed  -            Eclipse Chocolat
[ 802/1159] fetch-failed  -            Merenda
[ 803/1159] fetch-failed  -            Trident Coffee Pacific Beach
[ 804/1159] fetch-failed  -            Urban Location Boba Tea House San Diego
[ 805/1159] fetch-failed  -            Leu Leu
[ 806/1159] fetch-failed  -            Sound by the Sea
[ 807/1159] fetch-failed  -            Ocean Buffet
[ 808/1159] fetch-failed  -            Thai Table Time
[ 809/1159] fetch-failed  -            Good Source Coffee
[ 810/1159] fetch-failed  -            Chef’s Wok & Dumplings
[ 811/1159] fetch-failed  -            Los Armando's Mexican Food
[ 812/1159] fetch-failed  -            Beach City Smoothies
[ 813/1159] fetch-failed  -            Green Cheek Beer Co.
[ 814/1159] fetch-failed  -            Good Omen Coffee Co
[ 815/1159] fetch-failed  -            Flame Broiler
[ 816/1159] fetch-failed  -            Los Cucos Mexican Food
[ 817/1159] fetch-failed  -            Two Hands Corn Dog Mira Mesa
[ 818/1159] fetch-failed  -            CTZN
[ 819/1159] fetch-failed  -            UT-HO Boba & Baguette
[ 820/1159] fetch-failed  -            Paris Baguette
[ 821/1159] fetch-failed  -            Burtech Family Vineyard Tasting Room
[ 822/1159] fetch-failed  -            Pietro's Cucina Italiana
[ 823/1159] fetch-failed  -            The Alley Otay Mesa
[ 824/1159] fetch-failed  -            El Flako's Wrangler Barbecue
[ 825/1159] fetch-failed  -            Baikohken Ramen
[ 826/1159] fetch-failed  -            Buffalo Wild Wings GO
[ 827/1159] fetch-failed  -            Diego's Taco Shop
[ 828/1159] fetch-failed  -            Tacos el Niño Santana
[ 829/1159] fetch-failed  -            Saigon Star Restaurant
[ 830/1159] fetch-failed  -            Pho Tan
[ 831/1159] fetch-failed  -            Wings mix
[ 832/1159] fetch-failed  -            IZOLA
[ 833/1159] fetch-failed  -            Fish Boon
[ 834/1159] fetch-failed  -            Pei Wei
[ 835/1159] fetch-failed  -            TAKARAMONO SUSHI
[ 836/1159] fetch-failed  -            Burger Bench Vista
[ 837/1159] fetch-failed  -            Pho Nam Cali
[ 838/1159] fetch-failed  -            La Casa Verde
[ 839/1159] fetch-failed  -            Burrito Leo's Mexican Food
[ 840/1159] no-platform   -            Kin Saep
[ 841/1159] fetch-failed  -            Chocolate Bash
[ 842/1159] fetch-failed  -            Photo House
[ 843/1159] fetch-failed  -            La Mesita Mexican Food
[ 844/1159] fetch-failed  -            Kona Craft Cafe
[ 845/1159] fetch-failed  -            Simply Fresh Thai
[ 846/1159] fetch-failed  -            Banzai Bowls
[ 847/1159] fetch-failed  -            Little Victory Wine Bar
[ 848/1159] fetch-failed  -            Mission Baja Tacos
[ 849/1159] fetch-failed  -            T&T Tacos & Tequila Grill & Cantina
[ 850/1159] fetch-failed  -            Alborz Restaurant
[ 851/1159] fetch-failed  -            Fleurette
[ 852/1159] fetch-failed  -            Scoops Ocean Beach
[ 853/1159] fetch-failed  -            West Coast Pizza Company
[ 854/1159] fetch-failed  -            Top of the Bagel
[ 855/1159] fetch-failed  -            Buca di Beppo Italian Restaurant
[ 856/1159] fetch-failed  -            Mandarin Wok Restaurant
[ 857/1159] fetch-failed  -            The Honor Bar
[ 858/1159] fetch-failed  -            the Koffie Co
[ 859/1159] fetch-failed  -            Acai Republic - Oceanside
[ 860/1159] fetch-failed  -            Panini Kabob Grill - Park 12
[ 861/1159] fetch-failed  -            EsKiNiTa
[ 862/1159] fetch-failed  -            tiger!tiger!
[ 863/1159] fetch-failed  -            Banzai Bowls
[ 864/1159] fetch-failed  -            Piedra Santa
[ 865/1159] fetch-failed  -            Pha Khao Lao Cuisine
[ 866/1159] fetch-failed  -            QUICK BITES CAFE / Best Sandwiches
[ 867/1159] fetch-failed  -            Rocko's Family Restaurant
[ 868/1159] fetch-failed  -            Pop's Pizza
[ 869/1159] fetch-failed  -            Kiiro Sushi Izakaya
[ 870/1159] fetch-failed  -            CinKuni (Italian & Japanese Cuisine)
[ 871/1159] fetch-failed  -            Mali's Deli
[ 872/1159] fetch-failed  -            Thai Thai Melrose Restaurant
[ 873/1159] fetch-failed  -            Breakers
[ 874/1159] fetch-failed  -            MAKE Cafe
[ 875/1159] fetch-failed  -            Monserate Winery
[ 876/1159] fetch-failed  -            Troy's Greek Restaurant
[ 877/1159] fetch-failed  -            Campland Cantina
[ 878/1159] fetch-failed  -            Olive Branch Eatery
[ 879/1159] fetch-failed  -            The Great Greek Mediterranean Grill - Oceanside, CA
[ 880/1159] fetch-failed  -            Rubio's Coastal Grill
[ 881/1159] fetch-failed  -            Cocina 35 brunch
[ 882/1159] fetch-failed  -            Rubio's Coastal Grill
[ 883/1159] fetch-failed  -            Mr. Buffalo Fries
[ 884/1159] fetch-failed  -            Rubio's Coastal Grill
[ 885/1159] fetch-failed  -            PanPan Wok
[ 886/1159] fetch-failed  -            LA PLACE DELI
[ 887/1159] fetch-failed  -            Ocean Thai Cuisine
[ 888/1159] fetch-failed  -            Bueno Wine & Goods
[ 889/1159] fetch-failed  -            Captain Sam's Fish & Chicken
[ 890/1159] fetch-failed  -            Little Sisters Pizza
[ 891/1159] fetch-failed  -            Las Ricas Tortas
[ 892/1159] fetch-failed  -            iWok Chinese Kitchen
[ 893/1159] fetch-failed  -            Jolie
[ 894/1159] fetch-failed  -            Little Hidden Bakery
[ 895/1159] fetch-failed  -            Slurp
[ 896/1159] fetch-failed  -            Pizza Guys
[ 897/1159] fetch-failed  -            Mi Tierra Super Taco
[ 898/1159] fetch-failed  -            Brites Soft Serve
[ 899/1159] fetch-failed  -            Una Mas on Adams
[ 900/1159] fetch-failed  -            Uncle Feras Middle Eastern Restaurant
[ 901/1159] fetch-failed  -            PanPan Wok
[ 902/1159] fetch-failed  -            chance's coffee
[ 903/1159] fetch-failed  -            Fortuna Ristorante Italiano
[ 904/1159] fetch-failed  -            Chin's Szechwan - Point Loma
[ 905/1159] fetch-failed  -            Between Us
[ 906/1159] fetch-failed  -            Halal Burger Co.
[ 907/1159] fetch-failed  -            Le Charcuterie Bar
[ 908/1159] fetch-failed  -            Little Kiki Katsu & More
[ 909/1159] fetch-failed  -            Juice Holler
[ 910/1159] fetch-failed  -            Dark Horse Coffee Roasters
[ 911/1159] fetch-failed  -            Agave Birrieria
[ 912/1159] fetch-failed  -            Leona's Cucina Italiana
[ 913/1159] fetch-failed  -            North Park Creamery
[ 914/1159] fetch-failed  -            Pop Pops Paleta
[ 915/1159] fetch-failed  -            Coffee Bean
[ 916/1159] fetch-failed  -            Beach City Smoothies - Oceanside
[ 917/1159] fetch-failed  -            Mein St. Asian Kitchen
[ 918/1159] fetch-failed  -            PanPan wok
[ 919/1159] fetch-failed  -            Pokeport Oceanside
[ 920/1159] fetch-failed  -            Thai Thae Cuisine
[ 921/1159] fetch-failed  -            Oriental Cafe | Chinese
[ 922/1159] fetch-failed  -            Falafel California
[ 923/1159] fetch-failed  -            El Papas Fritas Taco Shop
[ 924/1159] fetch-failed  -            La Costa Wine
[ 925/1159] fetch-failed  -            Ono Hawaiian BBQ
[ 926/1159] fetch-failed  -            Queenstown Del Mar
[ 927/1159] fetch-failed  -            Noodle & Bun
[ 928/1159] fetch-failed  -            Poki Poki - Escondido
[ 929/1159] fetch-failed  -            Christophe Rull Patisserie
[ 930/1159] fetch-failed  -            Chef Budda Blasian Soul Food LLC
[ 931/1159] fetch-failed  -            For The Win - San Diego
[ 932/1159] fetch-failed  -            KABOB SHACK - EASTLAKE
[ 933/1159] fetch-failed  -            Chopsticks Inn Restaurant
[ 934/1159] fetch-failed  -            Egg Tuck
[ 935/1159] fetch-failed  -            Arteazen Handcrafted Tea
[ 936/1159] fetch-failed  -            Love Letters Pizza
[ 937/1159] fetch-failed  -            Dumplings N More
[ 938/1159] fetch-failed  -            Zuma San Diego
[ 939/1159] fetch-failed  -            Torta Time
[ 940/1159] fetch-failed  -            Antique Thai
[ 941/1159] fetch-failed  -            TACO CENTRO
[ 942/1159] fetch-failed  -            Khyber Pass Zarparan Restaurant | Afghan
[ 943/1159] fetch-failed  -            Hilltop Cafe
[ 944/1159] fetch-failed  -            Board & Brew - Downtown San Diego
[ 945/1159] fetch-failed  -            ZZan Sushi & Soju
[ 946/1159] fetch-failed  -            NOIR Sushi and Sake Fusion Lounge
[ 947/1159] fetch-failed  -            The Poke Tea House
[ 948/1159] fetch-failed  -            ROBATA-X Sushi & Izakaya
[ 949/1159] fetch-failed  -            Huckleberry's Breakfast & Lunch
[ 950/1159] fetch-failed  -            Dimassi's Mediterranean Buffet
[ 951/1159] fetch-failed  -            Barrel Riot
[ 952/1159] fetch-failed  -            Peppoli's Pizza & Philly Steaks
[ 953/1159] fetch-failed  -            Dalu Hawaiian BBQ
[ 954/1159] fetch-failed  -            Sabroso taco savor a mi tierra
[ 955/1159] no-platform   -            Smokin J's BBQ & Taphouse
[ 956/1159] fetch-failed  -            La Jollita
[ 957/1159] fetch-failed  -            Urban Teri Kitchen
[ 958/1159] fetch-failed  -            Mevan Coffee & Desserts & Brunch
[ 959/1159] fetch-failed  -            Bodega Market
[ 960/1159] fetch-failed  -            Daisy Deli
[ 961/1159] fetch-failed  -            24 Suns
[ 962/1159] fetch-failed  -            Jalisco Cantina
[ 963/1159] fetch-failed  -            Hazel & Jade Bakery
[ 964/1159] fetch-failed  -            Ichitaru Ramen Carlsbad
[ 965/1159] fetch-failed  -            Lotho Deli
[ 966/1159] fetch-failed  -            The Cakery Cafe
[ 967/1159] fetch-failed  -            Market St Pizzeria
[ 968/1159] fetch-failed  -            Crest Taco
[ 969/1159] fetch-failed  -            Pompei Pizza
[ 970/1159] fetch-failed  -            Colosseo Cucina Italiana
[ 971/1159] fetch-failed  -            Quarter Deck Inn Cocktails
[ 972/1159] fetch-failed  -            Sourpuss Donuts
[ 973/1159] fetch-failed  -            Hanna Garden
[ 974/1159] fetch-failed  -            Pho Luu Escondido - Vietnamese Cuisine
[ 975/1159] fetch-failed  -            Parakeet Cafe - Nautilus
[ 976/1159] fetch-failed  -            UT-HO Boba & Baguette
[ 977/1159] fetch-failed  -            Mexico City Cuisine-CoLab
[ 978/1159] fetch-failed  -            Taconora Pacific Beach
[ 979/1159] fetch-failed  -            Pastalini
[ 980/1159] fetch-failed  -            Thai Table Time
[ 981/1159] fetch-failed  -            Little While
[ 982/1159] fetch-failed  -            Borrego Rooftop
[ 983/1159] fetch-failed  -            Side Street Bowls & Smoothies
[ 984/1159] fetch-failed  -            I Love Bagels
[ 985/1159] fetch-failed  -            Okama Ramen and Grill
[ 986/1159] fetch-failed  -            Sono North Park
[ 987/1159] fetch-failed  -            SD giant pizza
[ 988/1159] fetch-failed  -            Mantra Raja
[ 989/1159] fetch-failed  -            The Morning Grove
[ 990/1159] fetch-failed  -            Blank Slate
[ 991/1159] fetch-failed  -            Krak Boba
[ 992/1159] fetch-failed  -            Barrio Food Hub
[ 993/1159] fetch-failed  -            Bubble & Butter
[ 994/1159] fetch-failed  -            Monserate Winery
[ 995/1159] fetch-failed  -            Gaslamp Coffee Bar
[ 996/1159] fetch-failed  -            Cala La Jolla Café
[ 997/1159] fetch-failed  -            El Flako's Wrangler Barbecue
[ 998/1159] fetch-failed  -            Grandson Steaks
[ 999/1159] fetch-failed  -            One of Us
[1000/1159] fetch-failed  -            Gold Coffee Shop
[1001/1159] fetch-failed  -            Crave & Feast
[1002/1159] fetch-failed  -            Los Mexas
[1003/1159] fetch-failed  -            Sola Cafe and Deli
[1004/1159] fetch-failed  -            Empanada Kitchen
[1005/1159] fetch-failed  -            The Encore Sushi
[1006/1159] fetch-failed  -            Native Foods
[1007/1159] fetch-failed  -            Badas burgers
[1008/1159] fetch-failed  -            Saigon Alley Kitchen & Bar
[1009/1159] fetch-failed  -            Joyee Noodle House(UTC)
[1010/1159] fetch-failed  -            Blackmarket Bakery
[1011/1159] fetch-failed  -            Doc Holliday's
[1012/1159] fetch-failed  -            Old Gallery Coffee House
[1013/1159] fetch-failed  -            Al's Cafe in the village
[1014/1159] fetch-failed  -            Yesenia's Mexican Food & Ice Cream
[1015/1159] fetch-failed  -            Cocina Tex Mex Restaurant
[1016/1159] fetch-failed  -            Copa Vida
[1017/1159] fetch-failed  -            Taqueria By El Prieto
[1018/1159] fetch-failed  -            Kasi
[1019/1159] fetch-failed  -            Fish Restaurant
[1020/1159] fetch-failed  -            Baba's Pizza
[1021/1159] fetch-failed  -            Mirch Masala 2 Go
[1022/1159] fetch-failed  -            El Dorado
[1023/1159] fetch-failed  -            Sammy's Woodfire Pizza and Grille
[1024/1159] fetch-failed  -            Cafe Virtuoso
[1025/1159] fetch-failed  -            Cafe Fresh
[1026/1159] fetch-failed  -            Nami
[1027/1159] fetch-failed  -            Soda & Swine
[1028/1159] fetch-failed  -            Island Market
[1029/1159] fetch-failed  -            Blue Water Grill
[1030/1159] fetch-failed  -            Deli Belly
[1031/1159] fetch-failed  -            Pegah’s Kitchen
[1032/1159] fetch-failed  -            Rancho Cafe
[1033/1159] fetch-failed  -            Ming Ky
[1034/1159] fetch-failed  -            Empanada Kitchen
[1035/1159] fetch-failed  -            Hanaoka
[1036/1159] fetch-failed  -            Lofty Coffee
[1037/1159] fetch-failed  -            Greenbrier Inn
[1038/1159] fetch-failed  -            Trisler's San Diego Wine Bar
[1039/1159] fetch-failed  -            Cent'Anni Café
[1040/1159] fetch-failed  -            Lagoon Terrace
[1041/1159] fetch-failed  -            Nékter Juice Bar
[1042/1159] fetch-failed  -            Our Green Affair
[1043/1159] fetch-failed  -            Taste of Hong Kong
[1044/1159] fetch-failed  -            Rush Bowls
[1045/1159] fetch-failed  -            SPACE
[1046/1159] fetch-failed  -            La Fresita Y Mas
[1047/1159] fetch-failed  -            Escondido Joe's
[1048/1159] fetch-failed  -            Coco's Bakery
[1049/1159] fetch-failed  -            The Coffee Spot
[1050/1159] fetch-failed  -            Pizzicato
[1051/1159] fetch-failed  -            2GOOD2B Bakery & Cafe
[1052/1159] fetch-failed  -            Slater's 50/50
[1053/1159] fetch-failed  -            Chippy's Diner
[1054/1159] fetch-failed  -            Mikko Sushi
[1055/1159] fetch-failed  -            Tango Restaurant & Lounge
[1056/1159] fetch-failed  -            U31
[1057/1159] fetch-failed  -            Toast Gastrobrunch
[1058/1159] fetch-failed  -            Filibertos
[1059/1159] fetch-failed  -            Ground Up Cafe
[1060/1159] fetch-failed  -            The Hamlett
[1061/1159] fetch-failed  -            India Princess
[1062/1159] fetch-failed  -            Habibi Mediterranean Grill
[1063/1159] no-platform   -            Cafe Bella
[1064/1159] no-platform   -            Arctic Snacks
[1065/1159] no-platform   -            Colimas Mexican Grull
[1066/1159] no-platform   -            Village Inn
[1067/1159] no-platform   -            Scena Fusion Kitchen & Bar
[1068/1159] no-platform   -            Brick & Bell Plus
[1069/1159] no-platform   -            Jungle Cart
[1070/1159] no-platform   -            Kava Lounge
[1071/1159] no-platform   -            Villa Fresh Italian Kitchen
[1072/1159] no-platform   -            Tradewinds
[1073/1159] no-platform   -            Veladora
[1074/1159] no-platform   -            Jordan
[1075/1159] no-platform   -            Fairbanks
[1076/1159] no-platform   -            Lion Camp Slush and Snacks
[1077/1159] no-platform   -            Our Green Affair
[1078/1159] no-platform   -            Shake Smart
[1079/1159] fetch-failed  -            Mis Dos Gallos Taqueria, Fruit & Deli
[1080/1159] no-platform   -            Rift Sand Bar
[1081/1159] no-platform   -            Candelas
[1082/1159] needs-browser slice        Massachusetts Mike's Pizzeria
[1083/1159] no-platform   -            Nicolosi's Pizza (Mira Lee Way)
[1084/1159] no-platform   -            Rice
[1085/1159] no-platform   -            Ituri Hut
[1086/1159] needs-browser Square Online storefront Prager Brothers Artisan Breads
[1087/1159] no-platform   -            CABETOS Pops
[1088/1159] no-platform   -            The Reading Club
[1089/1159] no-platform   -            Monster Snacks
[1090/1159] wrong-branch  toast        Beeside Balcony La Jolla
[1091/1159] no-platform   -            Antique Row Cafe
[1092/1159] fetch-failed  -            Lefty's Cheesesteaks
[1093/1159] no-platform   -            Copper Kings San Marcos
[1094/1159] no-platform   -            Time Out Café
[1095/1159] no-platform   -            Oodles By The Nood Bar
[1096/1159] no-platform   -            Cocina Del Mar
[1097/1159] no-platform   -            Juice Alchemy
[1098/1159] fetch-failed  -            Kellys Pub
[1099/1159] no-platform   -            Deja Vu
[1100/1159] no-platform   -            La Salsa
[1101/1159] no-platform   -            Relic Bakery & Kitchen
[1102/1159] no-platform   -            CHINA CHEF 1
[1103/1159] no-platform   -            Safari Coffee Outpost
[1104/1159] wrong-branch  toast        Oceanside Fish Shop
[1105/1159] needs-browser toast        Sultan Baklava
[1106/1159] needs-browser -            Yogurt Lounge Serra Mesa
[1107/1159] no-platform   -            Canyon Inn
[1108/1159] filed         spothopper   Cabo Cantina
[1109/1159] no-platform   -            Mo-Mo Paradise
[1110/1159] needs-browser toast        Corbin's Q
[1111/1159] no-platform   -            Pizza Guys
[1112/1159] too-few       own-jsonld   The Oceanaire Seafood Room
[1113/1159] wrong-branch  toast        Lucha Libre Taco Shop
[1114/1159] fetch-failed  -            OB Kebab
[1115/1159] fetch-failed  -            OB Garden Café
[1116/1159] fetch-failed  -            Tacos Locos Tasty Mexican Food
[1117/1159] needs-browser toast        Chef Fei
[1118/1159] needs-browser Square Online (own domain) BCB Coffee
[1119/1159] no-platform   -            George’s Bar
[1120/1159] no-platform   -            House of Black
[1121/1159] no-platform   -            Grover's Grill
[1122/1159] no-platform   -            Noodles
[1123/1159] no-platform   -            Creme De La Crepe
[1124/1159] fetch-failed  -            Las Pinches Tortas
[1125/1159] no-platform   -            Border X Brewing
[1126/1159] no-platform   -            Taco Villa
[1127/1159] needs-browser Square Online storefront Copa Vida
[1128/1159] no-platform   -            Aromas
[1129/1159] no-platform   -            Mission Brewing (fka Rough Draft)
[1130/1159] fetch-failed  -            Dryer's Ice Cream Parlor
[1131/1159] no-platform   -            University Towers Kitchen
[1132/1159] no-platform   -            TEC Cafe
[1133/1159] no-platform   -            Chicken & Crown
[1134/1159] no-platform   -            Sweet Labors
[1135/1159] fetch-failed  -            Trade Restaurant & Lounge
[1136/1159] needs-browser toast        BCB Coffee Company
[1137/1159] needs-browser MealKeyWay   Yonny Mini Hotpot
[1138/1159] no-platform   -            Café de Anza
[1139/1159] no-platform   -            Mawazo Kitchen
[1140/1159] needs-browser Square Online storefront Cafecito 1806
[1141/1159] fetch-failed  -            The Waterfront
[1142/1159] no-platform   -            SanSai Japanese Grill
[1143/1159] no-platform   -            Stony Mountain Bar & Grill
[1144/1159] no-platform   -            The Santaluz Club Dining Room and Events
[1145/1159] no-platform   -            Inland Tavern
[1146/1159] no-platform   -            NM Cafe
[1147/1159] fetch-failed  -            In Between
[1148/1159] needs-browser -            Casa de Freds
[1149/1159] fetch-failed  -            Capriotti's Sandwich Shop
[1150/1159] no-platform   -            HACIENDITA BAKERY
[1151/1159] needs-browser -            Verde Kitchen & Bar
[1152/1159] wrong-branch  toast        Carnitas’ Snack Shack
[1153/1159] no-platform   -            Mama Kat's Restaurant and Pie Shop
[1154/1159] fetch-failed  -            All Fried Up
[1155/1159] no-platform   -            Oliva
[1156/1159] fetch-failed  -            BunZ
[1157/1159] no-platform   -            The Grand Tradition
[1158/1159] no-platform   -            Bean Sprouts
[1159/1159] no-platform   -            Buka - Taste of Nigeria

platform                       attempted         filed       too-few         gated  wrong-branch needs-browser   no-platform  fetch-failed  screened-out
none                                1053             0             0             0             0            10           150           893             0
toast                                 24             0             0             1             5            18             0             0             0
Square Online storefront              13             0             0             0             0            13             0             0             0
order.online                          11             0             0             0             2             7             0             0             2
chownow                                9             0             0             1             5             3             0             0             0
Square Online (own domain)             9             0             0             0             0             9             0             0             0
spothopper                             7             1             0             0             0             6             0             0             0
plain-html                             5             0             0             0             0             5             0             0             0
olo                                    5             0             0             0             0             5             0             0             0
netwaiter                              4             0             4             0             0             0             0             0             0
MealKeyWay                             4             0             0             0             0             4             0             0             0
slice                                  3             0             0             0             0             3             0             0             0
ubereats                               2             0             0             0             1             1             0             0             0
clover                                 2             0             0             0             0             1             0             0             1
shopify                                2             1             0             0             0             0             0             0             1
own-jsonld                             2             0             1             0             0             0             0             0             1
GloriaFood widget                      1             0             0             0             0             1             0             0             0
menufy                                 1             0             0             0             0             0             0             0             1
HungerRush                             1             0             0             0             0             1             0             0             0
SpotOn                                 1             0             0             0             0             1             0             0             0
TOTAL                               1159             2             5             2            13            88           150           893             6

2 menus, 11 dishes
wrote menus/wip/router-20260904-125501.json
wrote menus/wip/router-20260904-125501.notes.json
