queue 1257 with a website; routing 1257 at concurrency 4

[   1/1257] no-platform   -            FryYay
[   2/1257] needs-browser chownow      Burger Bench Escondido
[   3/1257] no-platform   -            Taquería Imperial
[   4/1257] screened-out  order.online Wood Ranch Mission Valley
[   5/1257] no-platform   -            Mimi's Cafe
[   6/1257] needs-browser chownow      Brigantine Seafood
[   7/1257] fetch-failed  -            Public Square Coffee House
[   8/1257] no-platform   -            VG Donut & Bakery
[   9/1257] no-platform   -            The Butcher Shop
[  10/1257] needs-browser order.online El Pueblo Mexican Food - Carlsbad
[  11/1257] no-platform   -            The Pita Guys
[  12/1257] needs-browser order.online Tom's Famous Family Restaurant 24
[  13/1257] no-platform   -            Babycakes San Diego
[  14/1257] no-platform   -            Farmer & The Seahorse
[  15/1257] needs-browser Square Online storefront Wayfarer Bread & Pastry
[  16/1257] filed         spothopper   Golden Egg Omelet House
[  17/1257] needs-browser order.online TOM's Famous Family Restaurant 22
[  18/1257] no-platform   -            MooTime Creamery
[  19/1257] needs-browser plain-html   Por Favor El Cajon
[  20/1257] no-platform   -            Loreto's Taco Shop
[  21/1257] wrong-branch  chownow      Handel’s Homemade Ice Cream
[  22/1257] no-platform   -            Taco Bar
[  23/1257] fetch-failed  -            Gus's Subs & Pizza Place
[  24/1257] fetch-failed  -            Home Sweet Home Cafe
[  25/1257] needs-browser plain-html   Papas & Tacos Mexican Food
[  26/1257] fetch-failed  -            Plazas Mexican Food
[  27/1257] needs-browser chownow      Parakeet Cafe - Little Italy
[  28/1257] needs-browser -            Coya Peruvian Secret
[  29/1257] needs-browser GloriaFood widget That Mexican Place
[  30/1257] no-platform   -            Todo Sushi
[  31/1257] no-platform   -            Red Fox Room and Steakhouse
[  32/1257] no-platform   -            El Real Mexican Food
[  33/1257] screened-out  order.online Grandma Tofu & BBQ
[  34/1257] no-platform   -            Anita's Mexican Restaurant & Cantina
[  35/1257] no-platform   -            Onny's Thai Restaurant
[  36/1257] no-platform   -            Lanna Thai Cuisine
[  37/1257] needs-browser slice        Pastalini
[  38/1257] no-platform   -            Otay Mandarin Chinese Restaurant
[  39/1257] no-platform   -            Hanu Korean BBQ
[  40/1257] needs-browser -            Korean Kitchen Tofu & Galbi
[  41/1257] needs-browser olo          Panini Kabob Grill - Mission Valley
[  42/1257] no-platform   -            The Asian Bistro
[  43/1257] needs-browser Square Online storefront skybound coffee + dessert lounge
[  44/1257] no-platform   -            It's Raw Poke Shop
[  45/1257] needs-browser order.online Sancho's Tacos
[  46/1257] no-platform   -            Stake Chophouse & Bar
[  47/1257] needs-browser Square Online (own domain) Up2You Cafe
[  48/1257] no-platform   -            Antonio's Mexican Food
[  49/1257] fetch-failed  -            Los Reyes Mexican Restaurant & Cantina
[  50/1257] no-platform   -            Boudin SF
[  51/1257] needs-browser plain-html   Nick's Del Mar
[  52/1257] no-platform   -            Urban Crave
[  53/1257] fetch-failed  -            La Concha Bakery
[  54/1257] needs-browser olo          Better Buzz Coffee Pacific Beach Grand
[  55/1257] no-platform   -            Urban Crave
[  56/1257] no-platform   -            Lucy's Bakery
[  57/1257] too-few       netwaiter    Connie's
[  58/1257] needs-browser order.online Robertito's Mexican Food
[  59/1257] no-platform   -            Muay Thai Kitchen
[  60/1257] no-platform   -            Baci Restaurant | Italian
[  61/1257] no-platform   -            Nado Republic
[  62/1257] no-platform   -            Umai Sushi
[  63/1257] needs-browser Square Online (own domain) Camp Coffee Company
[  64/1257] needs-browser -            Beyer Deli
[  65/1257] needs-browser toast        Shaks Mediterranean Bistro
[  66/1257] wrong-branch  ubereats     Broad Street Dough Co
[  67/1257] needs-browser Square Online (own domain) Portal Coffee
[  68/1257] no-platform   -            Golden Donut
[  69/1257] filed         popmenu      Honey's Bistro & Bakery
[  70/1257] wrong-branch  chownow      Handel’s Homemade Ice Cream
[  71/1257] no-platform   -            San Luis Mexican Food
[  72/1257] needs-browser spothopper   Los Panchos Mexican Grill & Seafood
[  73/1257] fetch-failed  -            Mi Ranchito Taco Shop
[  74/1257] needs-browser Square Online storefront Prager Brothers Artisan Breads
[  75/1257] needs-browser MealKeyWay   Dumplings N More
[  76/1257] no-platform   -            Superbloom Coffee & Juice
[  77/1257] needs-browser Square Online storefront Maan's Mediterranean Grill
[  78/1257] needs-browser spothopper   Penelopes Mexican Food
[  79/1257] no-platform   -            The Remy
[  80/1257] needs-browser Square Online (own domain) Barrio Donas
[  81/1257] no-platform   -            The Cowshed
[  82/1257] fetch-failed  -            Edelweiss Bakery
[  83/1257] fetch-failed  -            Bonchon Chicken
[  84/1257] needs-browser toast        Clayton's Bakery & Bistro
[  85/1257] no-platform   -            Yingli Restaurant | Chula Vista
[  86/1257] needs-browser spothopper   Curry & More - Indian Bistro
[  87/1257] no-platform   -            Red Lobster
[  88/1257] needs-browser spothopper   3N1 Sports Bar & Grill
[  89/1257] needs-browser order.online Scoops La Jolla
[  90/1257] filed         order.online Tamarind Thai Restaurant
[  91/1257] no-platform   -            Señor Taquero
[  92/1257] needs-browser plain-html   Pancho's Mexican Restaurant
[  93/1257] too-few       netwaiter    Aiberto's Taco Shop
[  94/1257] fetch-failed  -            Leucadia Donut Shoppe
[  95/1257] needs-browser -            Tabu Sushi Bar & Grill Santee
[  96/1257] screened-out  clover       Royal Sweets
[  97/1257] no-platform   -            SOMISOMI
[  98/1257] wrong-branch  chownow      Handel's Homemade Ice Cream
[  99/1257] needs-browser order.online Lourdes Mexican Food To Go
[ 100/1257] no-platform   -            Sushi Factory
[ 101/1257] fetch-failed  -            Pacific Beach Ice Cream Co.
[ 102/1257] no-platform   -            Hidden Fish
[ 103/1257] needs-browser Square Online storefront Bay Park Coffee
[ 104/1257] no-platform   -            Big Front Door
[ 105/1257] needs-browser Square Online storefront Portinos Restaurant
[ 106/1257] fetch-failed  -            Arizona Chinese Restaurant
[ 107/1257] no-platform   -            Emma's Mexican Food
[ 108/1257] no-platform   -            Rosarito's Mexican Food #1
[ 109/1257] too-few       netwaiter    Mary Ettas Cafe
[ 110/1257] needs-browser spothopper   il Sogno Italiano
[ 111/1257] needs-browser Square Online storefront Sandwich Emporium
[ 112/1257] needs-browser order.online Gelato Paradiso
[ 113/1257] no-platform   -            Angelito's Fruteria Y Neveria
[ 114/1257] no-platform   -            Hanna's Gourmet
[ 115/1257] needs-browser Square Online storefront Pink Rose Cafe
[ 116/1257] needs-browser toast        Valentina
[ 117/1257] no-platform   -            Flora
[ 118/1257] needs-browser -            Yogurt Heaven
[ 119/1257] needs-browser slice        Italia Pizza
[ 120/1257] fetch-failed  -            El Charro Mexican Food
[ 121/1257] no-platform   -            Honey Baked Ham
[ 122/1257] no-platform   -            Lucy's Bakery
[ 123/1257] fetch-failed  -            Camel's Bar and Grill
[ 124/1257] needs-browser olo          Randy's Donuts
[ 125/1257] no-platform   -            Cafe Bella Drive Thru
[ 126/1257] no-platform   -            Off The 8 Café
[ 127/1257] no-platform   -            Royal India Express
[ 128/1257] needs-browser olo          Luna Grill Millenia
[ 129/1257] needs-browser Square Online (own domain) Solana Sumptuous Cookies
[ 130/1257] screened-out  menufy       Ginza Sushi
[ 131/1257] needs-browser MealKeyWay   Surfing Crab Escondido
[ 132/1257] fetch-failed  -            We Olive & Wine Bar
[ 133/1257] no-platform   -            Dragon Express
[ 134/1257] no-platform   -            Tropifruit Juice Bar
[ 135/1257] no-platform   -            Cow-A-Bunga Ice Cream & Coffee
[ 136/1257] no-platform   -            Wahoo's Fish Taco
[ 137/1257] needs-browser Square Online (own domain) Serrano's Mexican Food
[ 138/1257] no-platform   -            Ike's Love & Sandwiches
[ 139/1257] fetch-failed  -            Thai Island@
[ 140/1257] needs-browser spothopper   Santos Coffee
[ 141/1257] no-platform   -            Rosemonts Cafe
[ 142/1257] no-platform   -            BKK THAI KITCHEN
[ 143/1257] fetch-failed  -            Palomino's Mexican & Seafood
[ 144/1257] fetch-failed  -            The Art of Espresso
[ 145/1257] screened-out  shopify      La Colombe Coffee Roasters
[ 146/1257] no-platform   -            PGA Tour Grill
[ 147/1257] no-platform   -            Shozen BBQ
[ 148/1257] fetch-failed  -            California's Taco Shop
[ 149/1257] no-platform   -            Athens Market Taverna
[ 150/1257] no-platform   -            Mexico Lindo Restaurant
[ 151/1257] needs-browser Square Online (own domain) Matcha Cafe Maiko - Escondido
[ 152/1257] needs-browser order.online San Diego Sandwich Co
[ 153/1257] needs-browser -            Marieta's Mexican Food
[ 154/1257] no-platform   -            Eugenio Italian Ristorante & More
[ 155/1257] needs-browser HungerRush   Flippin' Pizza La Costa
[ 156/1257] no-platform   -            Madeleine Café & Bakery
[ 157/1257] fetch-failed  -            @Spacebar Cafe
[ 158/1257] no-platform   -            Cake de Partie
[ 159/1257] needs-browser -            Hanna Garden
[ 160/1257] no-platform   -            Uncle Biffs California Killer Cookies
[ 161/1257] no-platform   -            La Mixteca
[ 162/1257] wrong-branch  chownow      Handel's Homemade Ice Cream
[ 163/1257] no-platform   -            Donuts Plus
[ 164/1257] no-platform   -            Silverlake Ramen
[ 165/1257] no-platform   -            Ortiz Bakery & Restaurant
[ 166/1257] no-platform   -            Bravo Cafe
[ 167/1257] fetch-failed  -            Marlen's Taco Shop
[ 168/1257] no-platform   -            Pizza Mania
[ 169/1257] no-platform   -            Valerio's 1979
[ 170/1257] needs-browser SpotOn       Porky's Lechon Barbecue
[ 171/1257] filed         shopify      Flor and Seed Coffee Roasters
[ 172/1257] needs-browser Square Online storefront Crossroads Deli
[ 173/1257] needs-browser Square Online (own domain) Elixir Espresso & Wine Bar
[ 174/1257] no-platform   -            KD's Donuts
[ 175/1257] too-few       netwaiter    Opa Greek Restaurant & Grill
[ 176/1257] no-platform   -            Kokoro Restaurant
[ 177/1257] no-platform   -            Imperial Express
[ 178/1257] no-platform   -            Tropical Juices & Deli
[ 179/1257] fetch-failed  -            Potato Corner
[ 180/1257] fetch-failed  -            Tak Grill Fresh Mediterranean Food
[ 181/1257] no-platform   -            The Orient Thai
[ 182/1257] fetch-failed  -            Cielo Rooftop
[ 183/1257] no-platform   -            White Labs Brewing Co - San Diego
[ 184/1257] wrong-branch  popmenu      The Naked Cafe
[ 185/1257] no-platform   -            Kaffee Meister
[ 186/1257] needs-browser olo          Luna Grill Encinitas
[ 187/1257] no-platform   -            The Leucadian
[ 188/1257] no-platform   -            Pegah's Kitchen
[ 189/1257] no-platform   -            Glazed Coffee & Creamery
[ 190/1257] too-few       netwaiter    Pancho's Mexican Grill
[ 191/1257] no-platform   -            Beach + Taco Shack
[ 192/1257] needs-browser Square Online storefront Thyme for Lunch Cafe & Grill
[ 193/1257] needs-browser -            SoCal Sushi
[ 194/1257] needs-browser -            Phở Hòa Restaurant | Vietnamese
[ 195/1257] no-platform   -            ENO Market & Pizzeria
[ 196/1257] no-platform   -            Nothing Bundt Cakes
[ 197/1257] screened-out  menufy       IB Thai
[ 198/1257] no-platform   -            Ko-Li Bar
[ 199/1257] no-platform   -            The Grounds Bean Bar
[ 200/1257] no-platform   -            Rosarito's Mexican Food #7
[ 201/1257] no-platform   -            Que Tortas
[ 202/1257] needs-browser Square Online (own domain) Industrial Grind Coffee
[ 203/1257] screened-out  shopify      James Coffee Co
[ 204/1257] needs-browser chownow      Pho Hiep & Grill
[ 205/1257] needs-browser Square Online storefront Mesa Agricola
[ 206/1257] no-platform   -            Kaito Sushi
[ 207/1257] screened-out  shopify      Seven Seas Roasting Company
[ 208/1257] no-platform   -            YuJing Chinese Restaurant
[ 209/1257] fetch-failed  -            Olive Baking Company
[ 210/1257] fetch-failed  -            Donut Factory
[ 211/1257] no-platform   -            Fat Joe’s O’side
[ 212/1257] no-platform   -            La Moreliana
[ 213/1257] too-few       netwaiter    Vamos a Texcoco
[ 214/1257] needs-browser -            Banh Mi Blvd
[ 215/1257] no-platform   -            Tea Pavilion
[ 216/1257] needs-browser Square Online (own domain) Dot Cafe
[ 217/1257] needs-browser order.online BB's Deli
[ 218/1257] fetch-failed  -            Valentinas Taco Shop
[ 219/1257] no-platform   -            Blue Pepper Asian Cuisine
[ 220/1257] fetch-failed  -            Memo's Golden Bagel
[ 221/1257] fetch-failed  -            The Reunion
[ 222/1257] needs-browser -            Seaview Restaurant
[ 223/1257] needs-browser order.online Le Macaron French Pastries
[ 224/1257] no-platform   -            Rosa's Kitchen
[ 225/1257] needs-browser SpotOn       Kalei's Kitchenette
[ 226/1257] needs-browser MealKeyWay   Iron Wok
[ 227/1257] fetch-failed  -            Eat Your Heart Out II
[ 228/1257] no-platform   -            Lime in the Coconut
[ 229/1257] fetch-failed  -            Bistro Pazzo
[ 230/1257] fetch-failed  -            Chopsticks Chinese Cuisine
[ 231/1257] no-platform   -            Park Blvd Express | Chinese
[ 232/1257] no-platform   -            San Diego Blenders
[ 233/1257] no-platform   -            Baja Rick's Cantina
[ 234/1257] no-platform   -            JL China House
[ 235/1257] no-platform   -            Joses Taco Shop
[ 236/1257] filed         order.online Aaharn Thai @ University City
[ 237/1257] needs-browser slice        Rock On Pizza
[ 238/1257] no-platform   -            Nanay's Best BBQ
[ 239/1257] needs-browser Square Online storefront Sue's Korean Kitchen
[ 240/1257] filed         toast        Cross Street Chicken and Beer
[ 241/1257] fetch-failed  -            Al Teatro Panini Grill
[ 242/1257] no-platform   -            Purple Owl Cafe
[ 243/1257] no-platform   -            Side Bar
[ 244/1257] no-platform   -            Black Radish
[ 245/1257] fetch-failed  -            Idego Coffee Roasters
[ 246/1257] no-platform   -            Little Ceasar's
[ 247/1257] fetch-failed  -            Rosarito's Mexican Food #2
[ 248/1257] no-platform   -            Criscito Pizza
[ 249/1257] no-platform   -            Explorers Café
[ 250/1257] needs-browser Square Online storefront Tacoman
[ 251/1257] too-few       netwaiter    Nolberto's Taco Shop
[ 252/1257] no-platform   -            Sweet Revenge Bakery
[ 253/1257] fetch-failed  -            Bar Kamon
[ 254/1257] no-platform   -            Surfdog's Java Hot
[ 255/1257] no-platform   -            Hino
[ 256/1257] needs-browser Square Online storefront Fan-Fan
[ 257/1257] no-platform   -            The Luau
[ 258/1257] fetch-failed  -            Thai Fresh
[ 259/1257] no-platform   -            Coral Tree Tea House
[ 260/1257] fetch-failed  -            P B Pub
[ 261/1257] no-platform   -            Red Ribbon Bakeshop
[ 262/1257] fetch-failed  -            Prince Hookah Cafe
[ 263/1257] no-platform   -            Red Ribbon Bakeshop
[ 264/1257] no-platform   -            World Famous I Bar
[ 265/1257] no-platform   -            Mother's Kitchen
[ 266/1257] no-platform   -            Thai Style
[ 267/1257] no-platform   -            Brown Bag Deli
[ 268/1257] fetch-failed  -            Gotcha
[ 269/1257] no-platform   -            Aztec Food Hub
[ 270/1257] no-platform   -            The Halal Shack
[ 271/1257] no-platform   -            Crispy Chicken n' Tomato
[ 272/1257] fetch-failed  -            Victor's Kafe - Poway
[ 273/1257] no-platform   -            Corner Cafe | Chinese
[ 274/1257] needs-browser plain-html   Donut Stop
[ 275/1257] no-platform   -            Tony’s Newport Cafe
[ 276/1257] no-platform   -            Gong Cha
[ 277/1257] no-platform   -            Zhang Liang Malatang
[ 278/1257] no-platform   -            Taco Time Food Truck
[ 279/1257] no-platform   -            Kona Coffee
[ 280/1257] needs-browser SpotOn       D Wings & Ribs
[ 281/1257] no-platform   -            The Elegant Truffle
[ 282/1257] needs-browser -            Panorama Bar & Grill
[ 283/1257] no-platform   -            Millport
[ 284/1257] no-platform   -            Thai Thai West Mission
[ 285/1257] no-platform   -            Nothing Bundt Cakes
[ 286/1257] no-platform   -            La Perlita Mexican Food
[ 287/1257] no-platform   -            Seahorse Coffee
[ 288/1257] no-platform   -            The Deli Stop
[ 289/1257] needs-browser -            Matoi
[ 290/1257] fetch-failed  -            Stagecoach Inn
[ 291/1257] needs-browser order.online Poki Poki - Encinitas
[ 292/1257] no-platform   -            The Crack Shack - Pacific Beach
[ 293/1257] needs-browser Square Online storefront Cargo Cafe
[ 294/1257] no-platform   -            D'Sotos Mexican Food
[ 295/1257] no-platform   -            Parkys
[ 296/1257] needs-browser MealKeyWay   Zhengxin Chicken Steak
[ 297/1257] no-platform   -            Chin's Gourmet
[ 298/1257] needs-browser Square Online (own domain) Elixir Espresso Bar
[ 299/1257] fetch-failed  -            Topside Terrace Kitchen & Bar
[ 300/1257] no-platform   -            Shanghai Cuisine
[ 301/1257] needs-browser toast        Bonehead Burger Co.
[ 302/1257] needs-browser chownow      Gor Gai Thai Eatery
[ 303/1257] no-platform   -            Sura BBQ & SHABU
[ 304/1257] needs-browser Square Online storefront Sul & Beans
[ 305/1257] no-platform   -            The Well Cafe
[ 306/1257] fetch-failed  -            Pho Olala
[ 307/1257] needs-browser Square Online storefront ZzanG Hotdog & Chicken
[ 308/1257] no-platform   -            China Express
[ 309/1257] no-platform   -            The Surf Club Oceanside
[ 310/1257] needs-browser -            Hancock Street Cafe
[ 311/1257] no-platform   -            The Peruvian Spot
[ 312/1257] needs-browser olo          Sweetfin
[ 313/1257] no-platform   -            The Lean Machine Meal Prep
[ 314/1257] screened-out  clover       Hooked On Pokè
[ 315/1257] no-platform   -            Teaspoon
[ 316/1257] needs-browser order.online Daniel's Taco Shop
[ 317/1257] fetch-failed  -            Roots Bowls
[ 318/1257] fetch-failed  -            Deano's Pub
[ 319/1257] no-platform   -            Pick Up Stix Fresh Asian Flavors
[ 320/1257] no-platform   -            Channel 2 Sports Bar
[ 321/1257] no-platform   -            Chen Golden Palace
[ 322/1257] needs-browser SpotOn       Hot or Not Thai
[ 323/1257] no-platform   -            Ding Tea Escondido
[ 324/1257] fetch-failed  -            Le Rendez-Vous French Bakery
[ 325/1257] no-platform   -            Bistro Kaz
[ 326/1257] needs-browser MealKeyWay   Szechuan Chef Chinese Cuisine
[ 327/1257] needs-browser HungerRush   Flippin Pizza Encinitas
[ 328/1257] needs-browser order.online DaYung's Tea
[ 329/1257] no-platform   -            La Central
[ 330/1257] needs-browser order.online Mr. Charlie's
[ 331/1257] needs-browser Square Online storefront Invita Cafe
[ 332/1257] no-platform   -            Vitality Bowls
[ 333/1257] fetch-failed  -            Long Story Irish Pub
[ 334/1257] no-platform   -            Mike Hess Brewing Tasting Room
[ 335/1257] needs-browser toast        Upper East
[ 336/1257] no-platform   -            It's A Piece A Cake
[ 337/1257] no-platform   -            San Diego Eagle
[ 338/1257] no-platform   -            Musashiya
[ 339/1257] no-platform   -            City Dragon
[ 340/1257] no-platform   -            The Brass Rail
[ 341/1257] fetch-failed  -            Tulum Seafood
[ 342/1257] no-platform   -            Pupusas Express y Mexican Food
[ 343/1257] no-platform   -            Sidny's Bagels & Deli
[ 344/1257] no-platform   -            Okavango Outpost
[ 345/1257] too-few       netwaiter    Goyo's Bakery
[ 346/1257] no-platform   -            CAFE 160
[ 347/1257] no-platform   -            Bale French Sandwiches
[ 348/1257] fetch-failed  -            Rosaria's Pizza 4
[ 349/1257] needs-browser order.online Taste of Thai
[ 350/1257] no-platform   -            African Spices
[ 351/1257] fetch-failed  -            Spoon House
[ 352/1257] fetch-failed  -            Kinchana
[ 353/1257] fetch-failed  -            Kaki Sushi
[ 354/1257] needs-browser order.online Elsa's Kitchen
[ 355/1257] no-platform   -            Hoffer's Cigar Bar
[ 356/1257] fetch-failed  -            Mosa Tea
[ 357/1257] no-platform   -            Agave Taco Shop
[ 358/1257] no-platform   -            Gloria's Taco Shop
[ 359/1257] needs-browser Square Online storefront Mad Munch Grilled Cheezer Co.
[ 360/1257] screened-out  shopify      Achilles Coffee Roasters
[ 361/1257] no-platform   -            La Michoacana
[ 362/1257] screened-out  slice        Mike's Giant New York Pizza
[ 363/1257] needs-browser plain-html   JNC Pinoy Foodmart
[ 364/1257] no-platform   -            Dine with Orcas
[ 365/1257] no-platform   -            Dora
[ 366/1257] no-platform   -            Lucky Doughnut
[ 367/1257] screened-out  order.online Frida's Taqueria
[ 368/1257] no-platform   -            Bopomofo Cafe
[ 369/1257] no-platform   -            Nobu
[ 370/1257] no-platform   -            Novecientos Grados by Tony Hawk
[ 371/1257] no-platform   -            Cool Down Coffee
[ 372/1257] no-platform   -            Teriyaki Madness
[ 373/1257] fetch-failed  -            Goli
[ 374/1257] fetch-failed  -            Los Kompadres Mexican Food
[ 375/1257] fetch-failed  -            Juice Kaboose
[ 376/1257] fetch-failed  -            Smittys Downtown
[ 377/1257] fetch-failed  -            Pho & Wings
[ 378/1257] fetch-failed  -            Sammich House Deli & Juice Bar
[ 379/1257] fetch-failed  -            Bay City Brewing Co Tasting Room
[ 380/1257] fetch-failed  -            Manzanita Roasting Co
[ 381/1257] fetch-failed  -            Donut Bros
[ 382/1257] fetch-failed  -            Yummy Yummy Juice Bar
[ 383/1257] fetch-failed  -            Tom's Chinese BBQ
[ 384/1257] fetch-failed  -            Urban Bubble
[ 385/1257] fetch-failed  -            Pizzabilities - Alpine
[ 386/1257] fetch-failed  -            La Nacional
[ 387/1257] fetch-failed  -            Deli Belly
[ 388/1257] fetch-failed  -            Tenkatori
[ 389/1257] fetch-failed  -            Kanpai BBQ & Shabu
[ 390/1257] fetch-failed  -            Hyderabad Cafe
[ 391/1257] fetch-failed  -            Roma's Pizza
[ 392/1257] fetch-failed  -            Ma's House
[ 393/1257] fetch-failed  -            Tasty Pizza Escondido LLC
[ 394/1257] fetch-failed  -            Deano's Pub East
[ 395/1257] no-platform   -            Juice Stop Encinitas
[ 396/1257] needs-browser chownow      Leos Kitchen
[ 397/1257] no-platform   -            Angela's Eccentric Kitchen
[ 398/1257] no-platform   -            Leucadia Pizza Point Loma
[ 399/1257] needs-browser SpotOn       La Banana Fruits - Fruteria
[ 400/1257] needs-browser toast        Thai Ladle
[ 401/1257] no-platform   -            Kind Coffee
[ 402/1257] too-few       netwaiter    Star Express
[ 403/1257] no-platform   -            Picasso's Naturals
[ 404/1257] no-platform   -            Nova Easy Kombucha
[ 405/1257] needs-browser -            Pina Smoothies
[ 406/1257] needs-browser Square Online (own domain) Rad Habits Juice
[ 407/1257] no-platform   -            Understory Bar
[ 408/1257] needs-browser MealKeyWay   Spicy Noodle
[ 409/1257] no-platform   -            Pho G-Beef
[ 410/1257] fetch-failed  -            Bonchon Chicken
[ 411/1257] no-platform   -            Ranch House Restaurant
[ 412/1257] needs-browser toast        Angry Petes Pizza Point Loma
[ 413/1257] needs-browser -            Roberto's Taco Shop RB
[ 414/1257] no-platform   -            Village Pub
[ 415/1257] no-platform   -            Del Sushi
[ 416/1257] no-platform   -            U Dessert Eats
[ 417/1257] no-platform   -            Junction Bar & Grill
[ 418/1257] no-platform   -            Tastea
[ 419/1257] needs-browser chownow      Juice Caboose
[ 420/1257] needs-browser SpotOn       Mariscos y Miches El Patron
[ 421/1257] no-platform   -            Hometown Taste
[ 422/1257] no-platform   -            Burrito King
[ 423/1257] no-platform   -            Cali Mex Cocina
[ 424/1257] no-platform   -            Kona Kakes Tropical Cake Bakery
[ 425/1257] no-platform   -            Rocco's Pizza Deli
[ 426/1257] no-platform   -            Granny's Apple Fries
[ 427/1257] filed         order.online Snack Shack
[ 428/1257] no-platform   -            Unique Sandwiches
[ 429/1257] screened-out  shopify      Seven Seas Roasting
[ 430/1257] fetch-failed  -            El Mercadito
[ 431/1257] no-platform   -            Bowl To Go
[ 432/1257] needs-browser Square Online storefront Dog Leg Brewing
[ 433/1257] wrong-branch  toast        Cafe 86
[ 434/1257] no-platform   -            A Louest
[ 435/1257] no-platform   -            Gihon Ethiopian Kitchen
[ 436/1257] needs-browser toast        Burekas Box
[ 437/1257] no-platform   -            Java Earth Coffee
[ 438/1257] no-platform   -            Star Dust Donut Shop
[ 439/1257] no-platform   -            Cj Lounge
[ 440/1257] no-platform   -            Las Michoacanas
[ 441/1257] no-platform   -            Kotobuki
[ 442/1257] fetch-failed  -            Gem Coffee
[ 443/1257] needs-browser -            Tutti Frutti Frozen Yogurt
[ 444/1257] wrong-branch  toast        Chaiwale & Co. Tea Room & Cafe
[ 445/1257] no-platform   -            Wah Shing | Chinese Food
[ 446/1257] wrong-branch  order.online The Pad Thai Stand
[ 447/1257] fetch-failed  -            Vica’s Cafe
[ 448/1257] no-platform   -            Bazille at Nordstrom
[ 449/1257] no-platform   -            Erika's Mexican Food & Seafood
[ 450/1257] needs-browser MealKeyWay   Ten Seconds Yunnan Rice Noodle
[ 451/1257] no-platform   -            Kinme Omakase
[ 452/1257] fetch-failed  -            Orient Valley Filipino Cuisine
[ 453/1257] fetch-failed  -            Cheers
[ 454/1257] needs-browser Square Online (own domain) The Craft Taco at The Nat
[ 455/1257] needs-browser Square Online (own domain) Castelli & Pizarro Family Vineyards & Winery
[ 456/1257] no-platform   -            R3fresh Juice Bar
[ 457/1257] fetch-failed  -            Bang Bang
[ 458/1257] no-platform   -            Sarku Japan
[ 459/1257] fetch-failed  -            Jungle Tea
[ 460/1257] no-platform   -            Social hookah lounge
[ 461/1257] no-platform   -            The Chicken Snack Shack
[ 462/1257] too-few       netwaiter    Surf N Sub Deli
[ 463/1257] no-platform   -            Hongyuan Kebab
[ 464/1257] no-platform   -            Park Commons
[ 465/1257] needs-browser slice        Papa's Pizza
[ 466/1257] fetch-failed  -            Bobalicious
[ 467/1257] wrong-branch  clover       Burros and Fries
[ 468/1257] no-platform   -            China Fun
[ 469/1257] no-platform   -            Hibisco Tacos and More
[ 470/1257] no-platform   -            SusieCakes - Carlsbad
[ 471/1257] no-platform   -            Tu Thanh
[ 472/1257] too-few       netwaiter    K & K Orient Valley Food Center
[ 473/1257] wrong-branch  order.online La michoacana Plus San Diego #2
[ 474/1257] too-few       netwaiter    Kim's Bar-B-Que
[ 475/1257] needs-browser -            Rambler Coffee
[ 476/1257] no-platform   -            PB Oriental
[ 477/1257] no-platform   -            DRIFT La Jolla
[ 478/1257] no-platform   -            PKI Sushi
[ 479/1257] needs-browser toast        Grab & Go - Mission Hills
[ 480/1257] wrong-branch  toast        Tajima Ramen Crown Point
[ 481/1257] no-platform   -            Leucadia Pizza
[ 482/1257] no-platform   -            Marketplace Grille
[ 483/1257] needs-browser -            Modern Times Coffee
[ 484/1257] no-platform   -            Landshark Bar & Grill
[ 485/1257] needs-browser slice        Del Cerro Pizza
[ 486/1257] needs-browser -            La Familia Callejas mexican food
[ 487/1257] no-platform   -            Prendi E Vai
[ 488/1257] no-platform   -            Bubbles & Brews Cafe
[ 489/1257] needs-browser order.online Tous les Jours
[ 490/1257] no-platform   -            Cherry Bomb
[ 491/1257] too-few       shopify      Go Greek Authentic Yogurteria
[ 492/1257] needs-browser spothopper   El Viejon
[ 493/1257] no-platform   -            Sieu Sieu BBQ
[ 494/1257] fetch-failed  -            Mariscos La Morena
[ 495/1257] no-platform   -            The Pearl Restaurant
[ 496/1257] no-platform   -            Casa Fiesta Juice Bar
[ 497/1257] needs-browser Square Online storefront Flour Atelier
[ 498/1257] no-platform   -            Bar Ella
[ 499/1257] no-platform   -            Möge Tee
[ 500/1257] no-platform   -            Knights' Smokehouse BBQ
[ 501/1257] no-platform   -            Imperial Palace
[ 502/1257] no-platform   -            Lapper Kitchen + Tap
[ 503/1257] no-platform   -            Egg Holic
[ 504/1257] needs-browser plain-html   Roppongi
[ 505/1257] no-platform   -            Kim's Deli
[ 506/1257] no-platform   -            Quick Wok
[ 507/1257] no-platform   -            Nothing Bundt Cakes
[ 508/1257] too-few       own-jsonld   Vinh Long Food To Go
[ 509/1257] needs-browser -            Alpine Pho & Grill
[ 510/1257] no-platform   -            Vinya Yoga and Wine Bar
[ 511/1257] needs-browser order.online Qin West
[ 512/1257] screened-out  shopify      Casa De Otay – The Casita
[ 513/1257] too-few       spothopper   Taco Loco
[ 514/1257] no-platform   -            Hua Mei Cafe
[ 515/1257] no-platform   -            Ching's Famous Hopia
[ 516/1257] no-platform   -            Campus Cafe
[ 517/1257] fetch-failed  -            Happytime Tea
[ 518/1257] no-platform   -            T. P. Bánh Bao 3
[ 519/1257] no-platform   -            LJ Crafted Wines - Wines & Tastings
[ 520/1257] fetch-failed  -            Hammer's New York Pizza
[ 521/1257] no-platform   -            Necter Juice Bar
[ 522/1257] no-platform   -            Josie's Hideout Saloon
[ 523/1257] no-platform   -            Cafe Aero
[ 524/1257] no-platform   -            Presotea
[ 525/1257] wrong-branch  order.online The Pad Thai Stand
[ 526/1257] no-platform   -            Gather
[ 527/1257] fetch-failed  -            Oakberry Açaí bowls
[ 528/1257] no-platform   -            D'liteful Chocolat
[ 529/1257] no-platform   -            De Kotija Taco Shop LLC
[ 530/1257] needs-browser order.online Mochinut
[ 531/1257] fetch-failed  -            Bonita Donuts
[ 532/1257] no-platform   -            Creperie Antoinette
[ 533/1257] no-platform   -            Trevi Hills Winery
[ 534/1257] no-platform   -            Tasty Donuts
[ 535/1257] no-platform   -            Valerio's 1979
[ 536/1257] needs-browser SpotOn       Fruteria La Capirucha
[ 537/1257] no-platform   -            Tree House
[ 538/1257] no-platform   -            Old Town Eatery
[ 539/1257] needs-browser order.online Poke One N Half
[ 540/1257] no-platform   -            Ridgewalk Social
[ 541/1257] no-platform   -            Jamal's Chicken
[ 542/1257] needs-browser Square Online (own domain) Cafe Pascale Grill & Deli
[ 543/1257] no-platform   -            Sunny Dumpling House
[ 544/1257] no-platform   -            Tres Hermanos Locos Tacos
[ 545/1257] no-platform   -            Cha Cha Tea Spot
[ 546/1257] no-platform   -            Sydney's
[ 547/1257] needs-browser toast        Nomada
[ 548/1257] too-few       netwaiter    Guerrero Taco Shop
[ 549/1257] needs-browser Square Online storefront Bean Box
[ 550/1257] needs-browser chownow      Off the Vine Gardens Deli And Catering
[ 551/1257] no-platform   -            Pancho's Mexican Grill
[ 552/1257] no-platform   -            Asmara Cafe/restaurant
[ 553/1257] no-platform   -            Bamboo Pho and Sushi
[ 554/1257] filed         spothopper   Michele Coulon Dessertier
[ 555/1257] needs-browser -            Divina Matcha
[ 556/1257] needs-browser -            Cluck N Sip
[ 557/1257] needs-browser -            Pure Squeeze
[ 558/1257] no-platform   -            DaYung's Tea
[ 559/1257] too-few       netwaiter    Playa Azul Mariscos Restaurant
[ 560/1257] no-platform   -            Nothing Bundt Cakes
[ 561/1257] fetch-failed  -            Yas Lounge
[ 562/1257] no-platform   -            Centerpark Cafe
[ 563/1257] no-platform   -            Jaguar Paw
[ 564/1257] no-platform   -            Ohana Nutrition
[ 565/1257] no-platform   -            56 Thai Cafe
[ 566/1257] no-platform   -            Qualcomm Cafe Q
[ 567/1257] fetch-failed  -            Grubz
[ 568/1257] no-platform   -            Asia Wok Teppanyaki & Chinese Food
[ 569/1257] no-platform   -            Bivouac Adventure Lodge Coffee Shop
[ 570/1257] no-platform   -            Linda's Yogurt & Deli
[ 571/1257] no-platform   -            All That Shabu
[ 572/1257] no-platform   -            Lambers Chinese Bakery
[ 573/1257] needs-browser order.online The Poke Co.
[ 574/1257] no-platform   -            Don Roman Taco Shop
[ 575/1257] needs-browser plain-html   Local Krave PB/Bay Ho
[ 576/1257] fetch-failed  -            Warner Springs Golf Shop & Grill
[ 577/1257] fetch-failed  -            Cafe X: By Any Beans Necessary
[ 578/1257] fetch-failed  -            La Moreña Mariscos
[ 579/1257] no-platform   -            Cali Banh Mi
[ 580/1257] needs-browser Square Online storefront Montebello
[ 581/1257] no-platform   -            Raspados Shave Ice
[ 582/1257] no-platform   -            Monkey Bar
[ 583/1257] no-platform   -            The Grillery
[ 584/1257] no-platform   -            The Golf Bar
[ 585/1257] fetch-failed  -            Refresh Coffee
[ 586/1257] too-few       netwaiter    Ba Le French Sandwich Shop
[ 587/1257] needs-browser Square Online storefront Cargo Cafe - Paseo Del Mar
[ 588/1257] fetch-failed  -            Tazza D'Oro
[ 589/1257] no-platform   -            All Things Ube Desserts
[ 590/1257] no-platform   -            The Collective
[ 591/1257] no-platform   -            Pub 1795
[ 592/1257] no-platform   -            Lemongrass
[ 593/1257] no-platform   -            Boba Tea Spot
[ 594/1257] no-platform   -            Choice Juicery
[ 595/1257] no-platform   -            Tandoori Guys
[ 596/1257] needs-browser toast        Pita Pit
[ 597/1257] fetch-failed  -            Paradise Kabob
[ 598/1257] needs-browser MealKeyWay   Suki Hana
[ 599/1257] wrong-branch  chownow      Cream
[ 600/1257] no-platform   -            5 O'Clock Somewhere Rooftop Bar
[ 601/1257] fetch-failed  -            Route 6 Coffee & Smoothies
[ 602/1257] wrong-branch  popmenu      Alohana Açaí Bowls
[ 603/1257] no-platform   -            Mike Hess Brewing - Seaport Village Taphouse
[ 604/1257] no-platform   -            The Loft at UC San Diego
[ 605/1257] wrong-branch  popmenu      Grab & Go
[ 606/1257] no-platform   -            Thorntree Terrace
[ 607/1257] needs-browser Paytronix    Ziggi's Coffee
[ 608/1257] needs-browser slice        Seniore's Pizza
[ 609/1257] fetch-failed  -            Shabu Spot
[ 610/1257] needs-browser order.online La Pizzeria Arrivederci
[ 611/1257] no-platform   -            Lady Carolyn’s Pub
[ 612/1257] no-platform   -            Johnny Radz Pizza
[ 613/1257] too-few       netwaiter    J & J's Mexican Food
[ 614/1257] no-platform   -            Sunright Tea Studio
[ 615/1257] no-platform   -            F Street Cafe
[ 616/1257] fetch-failed  -            La Jolla Boba
[ 617/1257] no-platform   -            Zoo Brew
[ 618/1257] no-platform   -            Enoteca Buona Forchetta
[ 619/1257] no-platform   -            Huy Ky Bakery
[ 620/1257] too-few       netwaiter    Pizza Grande
[ 621/1257] no-platform   -            Zest Wine Bistro
[ 622/1257] no-platform   -            Dockside Casual Seafood Counter
[ 623/1257] too-few       netwaiter    Sandwich Place
[ 624/1257] no-platform   -            The MRKT
[ 625/1257] no-platform   -            62 Area Chow Hall
[ 626/1257] needs-browser MealKeyWay   Yuki Yuki
[ 627/1257] no-platform   -            Craft Pizza
[ 628/1257] fetch-failed  -            Suki Hana
[ 629/1257] no-platform   -            Choice Juicery
[ 630/1257] no-platform   -            Royal Pearl Tea
[ 631/1257] no-platform   -            Forum Deli
[ 632/1257] no-platform   -            Nutri Juice
[ 633/1257] needs-browser -            Tapas Bar
[ 634/1257] no-platform   -            Treetops Cafe
[ 635/1257] no-platform   -            Test Kitchen
[ 636/1257] no-platform   -            Plaza Deli
[ 637/1257] no-platform   -            Nicholson Commons
[ 638/1257] fetch-failed  -            Civic Center Cafe
[ 639/1257] no-platform   -            Moniker General
[ 640/1257] no-platform   -            Madina Market Halal Fast Food
[ 641/1257] no-platform   -            Pure Green
[ 642/1257] no-platform   -            Manta Pizza
[ 643/1257] needs-browser order.online Mission + Garnet Food Hall
[ 644/1257] no-platform   -            Michoacana Mia - SDSU
[ 645/1257] needs-browser -            Market One
[ 646/1257] no-platform   -            Sip Fresh
[ 647/1257] no-platform   -            Blue Bowl Superfoods
[ 648/1257] no-platform   -            longball cocktail
[ 649/1257] needs-browser -            Chapters Cafe
[ 650/1257] no-platform   -            La Paloma
[ 651/1257] needs-browser -            Fresca Deli .
[ 652/1257] no-platform   -            Green Leaf Cafe & Catering
[ 653/1257] needs-browser GloriaFood widget Matisse Bistro
[ 654/1257] no-platform   -            Showa Ramen
[ 655/1257] needs-browser order.online WUHU TEA & DELI
[ 656/1257] no-platform   -            Coco Bomb
[ 657/1257] no-platform   -            The Lookout at Lake Poway
[ 658/1257] no-platform   -            Chester's
[ 659/1257] no-platform   -            Mombasa Cooker
[ 660/1257] fetch-failed  -            Mister G Salsa
[ 661/1257] no-platform   -            Surf City Squeeze
[ 662/1257] no-platform   -            Warung RieRie
[ 663/1257] no-platform   -            Collette’s Collaborative Collective Cuisine
[ 664/1257] no-platform   -            El Cilantro Mexican Grill
[ 665/1257] no-platform   -            Poway Social House
[ 666/1257] no-platform   -            Prado Perk
[ 667/1257] fetch-failed  -            Unico Juice Shop
[ 668/1257] no-platform   -            Thérapie Bistro
[ 669/1257] needs-browser Square Online storefront The Bean Box 701
[ 670/1257] no-platform   -            FiveO3 Pupusas
[ 671/1257] no-platform   -            Topo's Tacos
[ 672/1257] no-platform   -            FLAVORS EXPRESS SDSU
[ 673/1257] no-platform   -            Chagee
[ 674/1257] no-platform   -            Lò Bánh Cuốn Tân Định
[ 675/1257] needs-browser SpotOn       Oriste Fairway Cafe
[ 676/1257] needs-browser Square Online storefront Ramen Station
[ 677/1257] no-platform   -            Fallen Empire
[ 678/1257] fetch-failed  -            Healthy Grill Mediterranean
[ 679/1257] fetch-failed  -            El huevo estrellado # 2
[ 680/1257] no-platform   -            Finca Casa Blanca
[ 681/1257] no-platform   -            Boba n More
[ 682/1257] needs-browser Square Online storefront Cargo Cafe - Wateridge
[ 683/1257] needs-browser Square Online storefront Cargo Cafe - Gateway
[ 684/1257] no-platform   -            Pavilion Dining
[ 685/1257] no-platform   -            Come On In Cafe
[ 686/1257] no-platform   -            Bert's Bistro
[ 687/1257] no-platform   -            Bosley Cafe
[ 688/1257] fetch-failed  -            Med Cafe
[ 689/1257] fetch-failed  -            The Waterfront
[ 690/1257] no-platform   -            El Camino
[ 691/1257] needs-browser -            Swami's
[ 692/1257] no-platform   -            3 Day Suit Broker
[ 693/1257] needs-browser chownow      Juice Caboose
[ 694/1257] no-platform   -            Winners Circle
[ 695/1257] needs-browser Square Online storefront Copa Vida
[ 696/1257] no-platform   -            Coin Toss
[ 697/1257] no-platform   -            Basic
[ 698/1257] no-platform   -            Filling Station Pub and Grill
[ 699/1257] no-platform   -            The Caddyshack
[ 700/1257] no-platform   -            Allen's New York Pizza
[ 701/1257] needs-browser order.online Poki Poki
[ 702/1257] no-platform   -            Fairbanks
[ 703/1257] needs-browser Square Online storefront Sushi Freak
[ 704/1257] no-platform   -            Hacienda De Vega
[ 705/1257] no-platform   -            Thai Basil
[ 706/1257] needs-browser Square Online (own domain) Crepes
[ 707/1257] no-platform   -            GIHON Ethiopian Kitchen
[ 708/1257] needs-browser -            Larry's Beach Club
[ 709/1257] needs-browser order.online Junya's Crispy Karaage
[ 710/1257] needs-browser order.online Hummus Mediterranean Kitchen
[ 711/1257] no-platform   -            Baja Fresh
[ 712/1257] fetch-failed  -            BurgerIM
[ 713/1257] no-platform   -            Taco King
[ 714/1257] no-platform   -            Birria El Rey
[ 715/1257] no-platform   -            Silvia's Pupuseria
[ 716/1257] fetch-failed  -            Citrina Berry Fresh
[ 717/1257] no-platform   -            Curbside Eatery & Drinkery
[ 718/1257] no-platform   -            I Love Pho
[ 719/1257] no-platform   -            Trattoria da Sofia
[ 720/1257] no-platform   -            Terrace Lounge
[ 721/1257] no-platform   -            Karihan Filipino Food
[ 722/1257] no-platform   -            Atelier Manna
[ 723/1257] needs-browser -            Akhis Authentic Shawarma & Kebab
[ 724/1257] needs-browser SpotOn       CITRINA BERRY FRESH
[ 725/1257] no-platform   -            Beer Company
[ 726/1257] needs-browser -            Lola Happy Bistro
[ 727/1257] needs-browser -            Stella Jean's Ice Cream Kensington
[ 728/1257] no-platform   -            Rito’s Mexican Food
[ 729/1257] no-platform   -            Crave
[ 730/1257] filed         popmenu      Perfectsubs
[ 731/1257] no-platform   -            Valerio's Finest Bake Shop
[ 732/1257] no-platform   -            Stone Oven
[ 733/1257] needs-browser -            Golden Spoon Carlsbad Plaza
[ 734/1257] needs-browser -            Cuscatlan Salvadorean Food
[ 735/1257] no-platform   -            Backyard Altar BBQ
[ 736/1257] needs-browser Square Online storefront Purl Tea San Marcos
[ 737/1257] no-platform   -            Rare Society
[ 738/1257] no-platform   -            Paris Baguette
[ 739/1257] no-platform   -            Fairbanks
[ 740/1257] no-platform   -            Pei Wei
[ 741/1257] no-platform   -            Bovino
[ 742/1257] needs-browser plain-html   Nick's on State
[ 743/1257] filed         spothopper   Four Tunas Fish & Bar
[ 744/1257] no-platform   -            Everest Himalayan Cuisine
[ 745/1257] needs-browser -            Ding Tea Oceanside
[ 746/1257] no-platform   -            Cococabana
[ 747/1257] no-platform   -            Paradisaea
[ 748/1257] needs-browser -            Board & Brew - Escondido
[ 749/1257] no-platform   -            Oaks Bar Grill
[ 750/1257] no-platform   -            Tacos de Birria El Chinito Jr
[ 751/1257] no-platform   -            Green Vine Delicatessen
[ 752/1257] no-platform   -            China Fun
[ 753/1257] no-platform   -            That Pizza Place - Carlsbad
[ 754/1257] needs-browser slice        Fiori’s Pizza
[ 755/1257] needs-browser Square Online (own domain) Darshan Bakery
[ 756/1257] no-platform   -            La Sabrosita
[ 757/1257] needs-browser -            Friends of Friends
[ 758/1257] too-few       netwaiter    Appetite
[ 759/1257] needs-browser order.online Sabor a Vida Cafe & Deli
[ 760/1257] no-platform   -            Taco Lounge Escaya
[ 761/1257] no-platform   -            Monserate Winery
[ 762/1257] screened-out  shopify      Vigilante Coffee
[ 763/1257] needs-browser -            Taco Machin
[ 764/1257] no-platform   -            Breakwater Brewing Co.
[ 765/1257] needs-browser spothopper   Agave Birrieria
[ 766/1257] needs-browser -            Tita's Taco Shop
[ 767/1257] no-platform   -            Golden Corral
[ 768/1257] no-platform   -            Pho House
[ 769/1257] needs-browser chownow      Donburi Rice Bowls
[ 770/1257] no-platform   -            Camino Riviera
[ 771/1257] needs-browser order.online Chin's Szechwan - Del Mar
[ 772/1257] no-platform   -            bcb Cafe
[ 773/1257] fetch-failed  -            Gooseberries kafe
[ 774/1257] no-platform   -            Mendoza’s Mexican Food
[ 775/1257] needs-browser -            Trebol Mexican Restaurant
[ 776/1257] needs-browser SpotOn       Tasty Pho
[ 777/1257] no-platform   -            Draft Republic San Marcos
[ 778/1257] no-platform   -            Vinarius Wine Bar & Restaurant
[ 779/1257] needs-browser -            Village Roots Deli & Taproom
[ 780/1257] no-platform   -            Pho Oceanside
[ 781/1257] wrong-branch  chownow      Handel's Homemade Ice Cream
[ 782/1257] needs-browser order.online El Rinconcito Fruteria
[ 783/1257] wrong-branch  order.online Bubba’s Smokehouse BBQ
[ 784/1257] too-few       netwaiter    Su Pan Bakery El Cajon
[ 785/1257] needs-browser -            1022 Cafe & Gelateria
[ 786/1257] needs-browser -            Tacaliente Mexican Grill
[ 787/1257] needs-browser -            Taqueria El Kabron Jr.
[ 788/1257] no-platform   -            Panda Imperial Restaurant
[ 789/1257] no-platform   -            Barn Door Public House
[ 790/1257] needs-browser SpotOn       Balsamico Italian Kitchen
[ 791/1257] no-platform   -            Gelato 101 Solana Beach
[ 792/1257] no-platform   -            Napatini Bistro and Wine Bar
[ 793/1257] no-platform   -            Paris Baguette
[ 794/1257] fetch-failed  -            Truluck's
[ 795/1257] fetch-failed  -            Nory's Donut & Bakery
[ 796/1257] no-platform   -            Backdraft Bar & Grill
[ 797/1257] fetch-failed  -            Cork N Brew
[ 798/1257] needs-browser HungerRush   Buonasera New York Pizzeria
[ 799/1257] no-platform   -            Ocean Thai Cuisine
[ 800/1257] no-platform   -            Ono Hawaiian BBQ
[ 801/1257] no-platform   -            MOOYAH Burgers, Fries & Shakes
[ 802/1257] needs-browser toast        Higher Grounds Coffee + Café
[ 803/1257] fetch-failed  -            Savory Thai Restaurant
[ 804/1257] no-platform   -            Ernes Mexican Food & Breakfast
[ 805/1257] no-platform   -            Finca
[ 806/1257] no-platform   -            Rancho Grande El Toro Mexican Cuisine
[ 807/1257] fetch-failed  -            Ju-ichi
[ 808/1257] needs-browser chownow      Cozy Corner
[ 809/1257] no-platform   -            Tacotarian San Diego
[ 810/1257] needs-browser plain-html   HomeState
[ 811/1257] needs-browser Square Online storefront House of Pho
[ 812/1257] no-platform   -            ZZan Sushi & Soju
[ 813/1257] no-platform   -            Caribbean Pleasure
[ 814/1257] no-platform   -            Graziano's Pizza Oceanside
[ 815/1257] needs-browser -            I QUE BBQ
[ 816/1257] no-platform   -            Madeleine
[ 817/1257] screened-out  shopify      Ascend Coffee Roasters
[ 818/1257] needs-browser -            Pizza On Tap (P.O.T)
[ 819/1257] no-platform   -            China Fusion - Vista Way
[ 820/1257] needs-browser -            Sabores Colombianos
[ 821/1257] needs-browser -            NuYo Frozen Yogurt Telegraph Canyon
[ 822/1257] no-platform   -            Blanco Cocina + Cantina
[ 823/1257] fetch-failed  -            Sunny Side Solana
[ 824/1257] needs-browser SpotOn       Souplantation
[ 825/1257] no-platform   -            Bambinos Pizzeria & Deli #4
[ 826/1257] screened-out  shopify      James Coffee Co.
[ 827/1257] no-platform   -            El After Social Club
[ 828/1257] needs-browser chownow      Parakeet Juicery - La Jolla
[ 829/1257] no-platform   -            Old World Meat Company
[ 830/1257] no-platform   -            Panpan wok
[ 831/1257] needs-browser -            HillCrust Pizza
[ 832/1257] needs-browser -            The Handmade Chef Meal Prep Co.
[ 833/1257] fetch-failed  -            New York Buffalo Wings
[ 834/1257] needs-browser -            Awash Ethiopian Restaurant
[ 835/1257] no-platform   -            Sonny’s Pizza
[ 836/1257] needs-browser clover       Himalayan Bistro Oceanside
[ 837/1257] needs-browser slice        Allen's New York Pizza
[ 838/1257] needs-browser -            Naked Pizza
[ 839/1257] wrong-branch  chownow      Handel’s Homemade Ice Cream
[ 840/1257] no-platform   -            Prey Brewing Company
[ 841/1257] no-platform   -            EL ENCANTO SD
[ 842/1257] needs-browser clover       Ryan Bros Coffee City Heights
[ 843/1257] no-platform   -            Le Coq
[ 844/1257] no-platform   -            Falafel Heights
[ 845/1257] needs-browser -            Carnitas Quiroga
[ 846/1257] no-platform   -            China bros
[ 847/1257] no-platform   -            Aromi Italian Cuisine
[ 848/1257] needs-browser -            Sukho Thai Extraordinaire
[ 849/1257] no-platform   -            Belinda's Familia Mexican Food Truck
[ 850/1257] no-platform   -            AleSmith Brewing Company
[ 851/1257] no-platform   -            Jaws Topokki
[ 852/1257] needs-browser -            Silverlake Ramen Fashion Valley
[ 853/1257] no-platform   -            ALOHA GRILL
[ 854/1257] gated         chownow      Finney's Crafthouse
[ 855/1257] needs-browser MealKeyWay   Tengu Ramen
[ 856/1257] no-platform   -            The Crimson Cake
[ 857/1257] needs-browser toast        Angry Chickz - Oceanside
[ 858/1257] no-platform   -            Sam's Farm Fresh
[ 859/1257] no-platform   -            Comstock Bar & Grill
[ 860/1257] wrong-branch  ubereats     SugarBears Sweet Provisions
[ 861/1257] needs-browser -            Baked Thicc
[ 862/1257] no-platform   -            Emiliana's Mexican & Deli Food
[ 863/1257] no-platform   -            Docent Brewing
[ 864/1257] screened-out  shopify      Ascend Coffee Roasters
[ 865/1257] no-platform   -            Kin Saep
[ 866/1257] needs-browser MealKeyWay   Hi!Dumplings
[ 867/1257] needs-browser -            Oh My Pho!
[ 868/1257] needs-browser Square Online storefront PB Poke House Oceanside
[ 869/1257] too-few       netwaiter    Thai Pasta
[ 870/1257] needs-browser spothopper   Players Sports Grill
[ 871/1257] needs-browser -            Sorianos Pizzeria
[ 872/1257] needs-browser order.online El Ranchero
[ 873/1257] no-platform   -            La Mesa Pizzaworks
[ 874/1257] needs-browser toast        Smokin J's BBQ & Taphouse
[ 875/1257] no-platform   -            Great Wok of China
[ 876/1257] no-platform   -            Charli's Landing
[ 877/1257] no-platform   -            Merenda
[ 878/1257] no-platform   -            Gintaro Sushi
[ 879/1257] screened-out  shopify      Trident Coffee Pacific Beach
[ 880/1257] no-platform   -            Urban Location Boba Tea House San Diego
[ 881/1257] no-platform   -            Eclipse Chocolat
[ 882/1257] no-platform   -            Leu Leu
[ 883/1257] no-platform   -            Sound by the Sea
[ 884/1257] needs-browser -            Baikohken Ramen
[ 885/1257] no-platform   -            Good Source Coffee
[ 886/1257] no-platform   -            Thai Table Time
[ 887/1257] no-platform   -            Los Armando's Mexican Food
[ 888/1257] needs-browser MealKeyWay   Ocean Buffet
[ 889/1257] needs-browser Square Online (own domain) Beach City Smoothies
[ 890/1257] needs-browser plain-html   Chef’s Wok & Dumplings
[ 891/1257] no-platform   -            Green Cheek Beer Co.
[ 892/1257] no-platform   -            Two Hands Corn Dog Mira Mesa
[ 893/1257] no-platform   -            Los Cucos Mexican Food
[ 894/1257] no-platform   -            Good Omen Coffee Co
[ 895/1257] no-platform   -            Flame Broiler
[ 896/1257] no-platform   -            UT-HO Boba & Baguette
[ 897/1257] no-platform   -            Pietro's Cucina Italiana
[ 898/1257] no-platform   -            Burtech Family Vineyard Tasting Room
[ 899/1257] needs-browser -            Morena Provisions
[ 900/1257] no-platform   -            Paris Baguette
[ 901/1257] no-platform   -            El Flako's Wrangler Barbecue
[ 902/1257] no-platform   -            The Alley Otay Mesa
[ 903/1257] no-platform   -            Buffalo Wild Wings GO
[ 904/1257] no-platform   -            Tacos el Niño Santana
[ 905/1257] needs-browser order.online Burrito Leo's Mexican Food
[ 906/1257] needs-browser MealKeyWay   Pho Tan
[ 907/1257] no-platform   -            Saigon Star Restaurant
[ 908/1257] no-platform   -            Diego's Taco Shop
[ 909/1257] no-platform   -            IZOLA
[ 910/1257] too-few       netwaiter    Wings mix
[ 911/1257] no-platform   -            Fish Boon
[ 912/1257] no-platform   -            TAKARAMONO SUSHI
[ 913/1257] no-platform   -            CTZN
[ 914/1257] no-platform   -            La Casa Verde
[ 915/1257] needs-browser chownow      Burger Bench Vista
[ 916/1257] no-platform   -            Simply Fresh Thai
[ 917/1257] needs-browser slice        The Sizzling Pizza
[ 918/1257] no-platform   -            Pei Wei
[ 919/1257] needs-browser order.online EsKiNiTa
[ 920/1257] no-platform   -            Photo House
[ 921/1257] no-platform   -            Pho Nam Cali
[ 922/1257] no-platform   -            The Grove at Governor Pointe
[ 923/1257] no-platform   -            La Mesita Mexican Food
[ 924/1257] no-platform   -            Chocolate Bash
[ 925/1257] no-platform   -            Little Victory Wine Bar
[ 926/1257] screened-out  clover       Mission Baja Tacos
[ 927/1257] no-platform   -            T&T Tacos & Tequila Grill & Cantina
[ 928/1257] no-platform   -            Banzai Bowls
[ 929/1257] no-platform   -            Fleurette
[ 930/1257] no-platform   -            Alborz Restaurant
[ 931/1257] needs-browser order.online Scoops Ocean Beach
[ 932/1257] needs-browser slice        West Coast Pizza Company
[ 933/1257] no-platform   -            Buca di Beppo Italian Restaurant
[ 934/1257] no-platform   -            LA MALQUERIDA BY DOLCHE
[ 935/1257] no-platform   -            The Honor Bar
[ 936/1257] fetch-failed  -            the Koffie Co
[ 937/1257] no-platform   -            Acai Republic - Oceanside
[ 938/1257] fetch-failed  -            Kona Craft Cafe
[ 939/1257] needs-browser olo          Panini Kabob Grill - Park 12
[ 940/1257] needs-browser -            BRGR SHACK
[ 941/1257] no-platform   -            tiger!tiger!
[ 942/1257] no-platform   -            Piedra Santa
[ 943/1257] no-platform   -            Pha Khao Lao Cuisine
[ 944/1257] no-platform   -            Banzai Bowls
[ 945/1257] no-platform   -            Rocko's Family Restaurant
[ 946/1257] fetch-failed  -            Top of the Bagel
[ 947/1257] fetch-failed  -            Mandarin Wok Restaurant
[ 948/1257] no-platform   -            Kiiro Sushi Izakaya
[ 949/1257] needs-browser -            Eat Crispy Burger Oceanside
[ 950/1257] needs-browser -            Mali's Deli
[ 951/1257] no-platform   -            Thai Thai Melrose Restaurant
[ 952/1257] no-platform   -            Breakers
[ 953/1257] no-platform   -            MAKE Cafe
[ 954/1257] needs-browser slice        Pop's Pizza
[ 955/1257] no-platform   -            Monserate Winery
[ 956/1257] needs-browser order.online QUICK BITES CAFE / Best Sandwiches
[ 957/1257] no-platform   -            Troy's Greek Restaurant
[ 958/1257] needs-browser chownow      CinKuni (Italian & Japanese Cuisine)
[ 959/1257] no-platform   -            Olive Branch Eatery
[ 960/1257] no-platform   -            Campland Cantina
[ 961/1257] no-platform   -            Rubio's Coastal Grill
[ 962/1257] no-platform   -            Mr. Buffalo Fries
[ 963/1257] no-platform   -            Rubio's Coastal Grill
[ 964/1257] no-platform   -            PanPan Wok
[ 965/1257] no-platform   -            Cocina 35 brunch
[ 966/1257] no-platform   -            Rubio's Coastal Grill
[ 967/1257] too-few       netwaiter    LA PLACE DELI
[ 968/1257] no-platform   -            Ocean Thai Cuisine
[ 969/1257] no-platform   -            Bueno Wine & Goods
[ 970/1257] no-platform   -            Las Ricas Tortas
[ 971/1257] needs-browser slice        Little Sisters Pizza
[ 972/1257] needs-browser Square Online storefront iWok Chinese Kitchen
[ 973/1257] needs-browser -            Better Blendz
[ 974/1257] no-platform   -            Little Hidden Bakery
[ 975/1257] no-platform   -            Jolie
[ 976/1257] needs-browser Square Online (own domain) Slurp
[ 977/1257] needs-browser order.online Captain Sam's Fish & Chicken
[ 978/1257] needs-browser -            Charoen Krung Thai Cuisine
[ 979/1257] needs-browser slice        Luigi's New York Giant Pizza
[ 980/1257] no-platform   -            Mi Tierra Super Taco
[ 981/1257] no-platform   -            Pizza Guys
[ 982/1257] no-platform   -            Una Mas on Adams
[ 983/1257] needs-browser spothopper   Brites Soft Serve
[ 984/1257] no-platform   -            chance's coffee
[ 985/1257] no-platform   -            Fortuna Ristorante Italiano
[ 986/1257] no-platform   -            PanPan Wok
[ 987/1257] no-platform   -            Urban Teri Kitchen
[ 988/1257] wrong-branch  popmenu      The Great Greek Mediterranean Grill - Oceanside, CA
[ 989/1257] needs-browser order.online Chin's Szechwan - Point Loma
[ 990/1257] needs-browser Square Online (own domain) Le Charcuterie Bar
[ 991/1257] needs-browser order.online Halal Burger Co.
[ 992/1257] no-platform   -            Uncle Feras Middle Eastern Restaurant
[ 993/1257] no-platform   -            Little Kiki Katsu & More
[ 994/1257] no-platform   -            Dark Horse Coffee Roasters
[ 995/1257] no-platform   -            Juice Holler
[ 996/1257] needs-browser -            Café Alessie
[ 997/1257] needs-browser spothopper   Agave Birrieria
[ 998/1257] needs-browser -            The Jetty
[ 999/1257] no-platform   -            North Park Creamery
[1000/1257] needs-browser HungerRush   Pop Pops Paleta
[1001/1257] no-platform   -            Leona's Cucina Italiana
[1002/1257] no-platform   -            The Kitchen at Torrey Heights
[1003/1257] needs-browser olo          Coffee Bean
[1004/1257] no-platform   -            PanPan wok
[1005/1257] needs-browser Square Online (own domain) Beach City Smoothies - Oceanside
[1006/1257] needs-browser Square Online storefront Mein St. Asian Kitchen
[1007/1257] no-platform   -            Oriental Cafe | Chinese
[1008/1257] no-platform   -            Pokeport Oceanside
[1009/1257] needs-browser -            Falafel California
[1010/1257] no-platform   -            La Costa Wine
[1011/1257] no-platform   -            El Papas Fritas Taco Shop
[1012/1257] no-platform   -            Between Us
[1013/1257] no-platform   -            Queenstown Del Mar
[1014/1257] no-platform   -            Thai Thae Cuisine
[1015/1257] no-platform   -            Ono Hawaiian BBQ
[1016/1257] no-platform   -            Noodle & Bun
[1017/1257] no-platform   -            Poki Poki - Escondido
[1018/1257] needs-browser Square Online (own domain) Chef Budda Blasian Soul Food LLC
[1019/1257] no-platform   -            KABOB SHACK - EASTLAKE
[1020/1257] no-platform   -            Chopsticks Inn Restaurant
[1021/1257] no-platform   -            Christophe Rull Patisserie
[1022/1257] no-platform   -            Egg Tuck
[1023/1257] screened-out  order.online La Fresita Y Mas
[1024/1257] no-platform   -            For The Win - San Diego
[1025/1257] no-platform   -            Arteazen Handcrafted Tea
[1026/1257] no-platform   -            Love Letters Pizza
[1027/1257] needs-browser MealKeyWay   Dumplings N More
[1028/1257] fetch-failed  -            Antique Thai
[1029/1257] no-platform   -            Khyber Pass Zarparan Restaurant | Afghan
[1030/1257] needs-browser order.online Torta Time
[1031/1257] no-platform   -            Hilltop Cafe
[1032/1257] no-platform   -            ZZan Sushi & Soju
[1033/1257] no-platform   -            Board & Brew - Downtown San Diego
[1034/1257] no-platform   -            TACO CENTRO
[1035/1257] no-platform   -            The Poke Tea House
[1036/1257] no-platform   -            ROBATA-X Sushi & Izakaya
[1037/1257] needs-browser olo          Dimassi's Mediterranean Buffet
[1038/1257] no-platform   -            NOIR Sushi and Sake Fusion Lounge
[1039/1257] no-platform   -            Barrel Riot
[1040/1257] no-platform   -            Huckleberry's Breakfast & Lunch
[1041/1257] no-platform   -            Dalu Hawaiian BBQ
[1042/1257] needs-browser -            Habibi Mediterranean Grill
[1043/1257] no-platform   -            Sabroso taco savor a mi tierra
[1044/1257] no-platform   -            Scena Fusion Kitchen & Bar
[1045/1257] no-platform   -            Mevan Coffee & Desserts & Brunch
[1046/1257] no-platform   -            Zuma San Diego
[1047/1257] no-platform   -            Bodega Market
[1048/1257] no-platform   -            La Jollita
[1049/1257] no-platform   -            24 Suns
[1050/1257] no-platform   -            Jalisco Cantina
[1051/1257] no-platform   -            Peppoli's Pizza & Philly Steaks
[1052/1257] no-platform   -            Hazel & Jade Bakery
[1053/1257] needs-browser Square Online (own domain) The Cakery Cafe
[1054/1257] needs-browser -            Market St Pizzeria
[1055/1257] no-platform   -            Ichitaru Ramen Carlsbad
[1056/1257] no-platform   -            Lotho Deli
[1057/1257] needs-browser SpotOn       Crest Taco
[1058/1257] needs-browser SpotOn       Diego’s Street Tacos
[1059/1257] fetch-failed  -            Quarter Deck Inn Cocktails
[1060/1257] no-platform   -            Colosseo Cucina Italiana
[1061/1257] needs-browser -            Hanna Garden
[1062/1257] filed         wix          Sourpuss Donuts
[1063/1257] needs-browser MealKeyWay   Pho Luu Escondido - Vietnamese Cuisine
[1064/1257] no-platform   -            UT-HO Boba & Baguette
[1065/1257] needs-browser chownow      Parakeet Cafe - Nautilus
[1066/1257] no-platform   -            Taconora Pacific Beach
[1067/1257] no-platform   -            Mexico City Cuisine-CoLab
[1068/1257] no-platform   -            Pompei Pizza
[1069/1257] needs-browser slice        Pastalini
[1070/1257] no-platform   -            Thai Table Time
[1071/1257] no-platform   -            Little While
[1072/1257] no-platform   -            Side Street Bowls & Smoothies
[1073/1257] no-platform   -            I Love Bagels
[1074/1257] no-platform   -            Sono North Park
[1075/1257] needs-browser -            SD giant pizza
[1076/1257] no-platform   -            Borrego Rooftop
[1077/1257] no-platform   -            The Morning Grove
[1078/1257] no-platform   -            Mantra Raja
[1079/1257] no-platform   -            Blank Slate
[1080/1257] no-platform   -            Krak Boba
[1081/1257] no-platform   -            Barrio Food Hub
[1082/1257] no-platform   -            Monserate Winery
[1083/1257] fetch-failed  -            Daisy Deli
[1084/1257] needs-browser -            Green Fork
[1085/1257] no-platform   -            Double Standard
[1086/1257] no-platform   -            Gaslamp Coffee Bar
[1087/1257] needs-browser -            Cala La Jolla Café
[1088/1257] no-platform   -            El Flako's Wrangler Barbecue
[1089/1257] needs-browser slice        Saffron Pizza Kitchen
[1090/1257] no-platform   -            One of Us
[1091/1257] needs-browser -            Brown Cup Cafe & Lounge
[1092/1257] no-platform   -            Grandson Steaks
[1093/1257] no-platform   -            Okama Ramen and Grill
[1094/1257] no-platform   -            Crave & Feast
[1095/1257] no-platform   -            Los Mexas
[1096/1257] no-platform   -            Bubble & Butter
[1097/1257] no-platform   -            Sola Cafe and Deli
[1098/1257] needs-browser -            The Spot taco shop
[1099/1257] no-platform   -            The Encore Sushi
[1100/1257] needs-browser Square Online storefront Empanada Kitchen
[1101/1257] no-platform   -            Badas burgers
[1102/1257] no-platform   -            Native Foods
[1103/1257] needs-browser MenuSifu     Joyee Noodle House(UTC)
[1104/1257] no-platform   -            Saigon Alley Kitchen & Bar
[1105/1257] no-platform   -            Doc Holliday's
[1106/1257] no-platform   -            Al's Cafe in the village
[1107/1257] no-platform   -            Yesenia's Mexican Food & Ice Cream
[1108/1257] needs-browser -            FurnSaj Bakery & Restaurant
[1109/1257] no-platform   -            Old Gallery Coffee House
[1110/1257] no-platform   -            Cocina Tex Mex Restaurant
[1111/1257] no-platform   -            Taqueria By El Prieto
[1112/1257] no-platform   -            Blackmarket Bakery
[1113/1257] no-platform   -            Gold Coffee Shop
[1114/1257] no-platform   -            Baba's Pizza
[1115/1257] needs-browser -            ChickenHeadz
[1116/1257] needs-browser -            Mirch Masala 2 Go
[1117/1257] no-platform   -            Kasi
[1118/1257] no-platform   -            El Dorado
[1119/1257] needs-browser -            Sammy's Woodfire Pizza and Grille
[1120/1257] needs-browser Square Online storefront Copa Vida
[1121/1257] needs-browser plain-html   The Greenspot Salad Company
[1122/1257] no-platform   -            Cafe Fresh
[1123/1257] no-platform   -            Nami
[1124/1257] no-platform   -            Soda & Swine
[1125/1257] fetch-failed  -            Cafe Virtuoso
[1126/1257] fetch-failed  -            Island Market
[1127/1257] fetch-failed  -            Blue Water Grill
[1128/1257] fetch-failed  -            Pegah’s Kitchen
[1129/1257] fetch-failed  -            Rancho Cafe
[1130/1257] fetch-failed  -            Ming Ky
[1131/1257] fetch-failed  -            Empanada Kitchen
[1132/1257] fetch-failed  -            Hanaoka
[1133/1257] fetch-failed  -            Lofty Coffee
[1134/1257] fetch-failed  -            Greenbrier Inn
[1135/1257] fetch-failed  -            Underwater Cantina
[1136/1257] fetch-failed  -            Cent'Anni Café
[1137/1257] fetch-failed  -            Deli Belly
[1138/1257] fetch-failed  -            Nékter Juice Bar
[1139/1257] fetch-failed  -            Our Green Affair
[1140/1257] fetch-failed  -            Taste of Hong Kong
[1141/1257] fetch-failed  -            Rush Bowls
[1142/1257] fetch-failed  -            SPACE
[1143/1257] fetch-failed  -            Escondido Joe's
[1144/1257] fetch-failed  -            Coco's Bakery
[1145/1257] fetch-failed  -            The Coffee Spot
[1146/1257] fetch-failed  -            Pizzicato
[1147/1257] fetch-failed  -            2GOOD2B Bakery & Cafe
[1148/1257] fetch-failed  -            Lagoon Terrace
[1149/1257] fetch-failed  -            Chippy's Diner
[1150/1257] fetch-failed  -            Tango Restaurant & Lounge
[1151/1257] fetch-failed  -            Mikko Sushi
[1152/1257] fetch-failed  -            U31
[1153/1257] fetch-failed  -            Toast Gastrobrunch
[1154/1257] fetch-failed  -            Filibertos
[1155/1257] fetch-failed  -            Cafe Bella
[1156/1257] fetch-failed  -            Ground Up Cafe
[1157/1257] fetch-failed  -            The Hamlett
[1158/1257] fetch-failed  -            India Princess
[1159/1257] fetch-failed  -            Brick & Bell Plus
[1160/1257] fetch-failed  -            Colimas Mexican Grull
[1161/1257] fetch-failed  -            Arctic Snacks
[1162/1257] fetch-failed  -            Village Inn
[1163/1257] fetch-failed  -            Kava Lounge
[1164/1257] fetch-failed  -            Deja Vu
[1165/1257] fetch-failed  -            Kellys Pub
[1166/1257] fetch-failed  -            Jungle Cart
[1167/1257] fetch-failed  -            Veladora
[1168/1257] fetch-failed  -            Villa Fresh Italian Kitchen
[1169/1257] fetch-failed  -            Tradewinds
[1170/1257] fetch-failed  -            Jordan
[1171/1257] fetch-failed  -            Fairbanks
[1172/1257] fetch-failed  -            Our Green Affair
[1173/1257] fetch-failed  -            Slater's 50/50
[1174/1257] fetch-failed  -            Shake Smart
[1175/1257] fetch-failed  -            Massachusetts Mike's Pizzeria
[1176/1257] fetch-failed  -            Mis Dos Gallos Taqueria, Fruit & Deli
[1177/1257] fetch-failed  -            Rift Sand Bar
[1178/1257] fetch-failed  -            Candelas
[1179/1257] fetch-failed  -            Rice
[1180/1257] fetch-failed  -            Nicolosi's Pizza (Mira Lee Way)
[1181/1257] fetch-failed  -            Ituri Hut
[1182/1257] fetch-failed  -            Prager Brothers Artisan Breads
[1183/1257] fetch-failed  -            The Reading Club
[1184/1257] fetch-failed  -            CABETOS Pops
[1185/1257] fetch-failed  -            Monster Snacks
[1186/1257] fetch-failed  -            Beeside Balcony La Jolla
[1187/1257] fetch-failed  -            Antique Row Cafe
[1188/1257] fetch-failed  -            Time Out Café
[1189/1257] fetch-failed  -            Lefty's Cheesesteaks
[1190/1257] fetch-failed  -            Copper Kings San Marcos
[1191/1257] fetch-failed  -            Oodles By The Nood Bar
[1192/1257] fetch-failed  -            Sultan Baklava
[1193/1257] fetch-failed  -            Cocina Del Mar
[1194/1257] fetch-failed  -            Juice Alchemy
[1195/1257] fetch-failed  -            La Salsa
[1196/1257] fetch-failed  -            Relic Bakery & Kitchen
[1197/1257] fetch-failed  -            Oceanside Fish Shop
[1198/1257] fetch-failed  -            CHINA CHEF 1
[1199/1257] fetch-failed  -            Tacos Locos Tasty Mexican Food
[1200/1257] fetch-failed  -            Lion Camp Slush and Snacks
[1201/1257] fetch-failed  -            Safari Coffee Outpost
[1202/1257] fetch-failed  -            Corbin's Q
[1203/1257] filed         order.online Slater's 50/50
[1204/1257] needs-browser -            Taco Club
[1205/1257] needs-browser -            Yogurt Lounge Serra Mesa
[1206/1257] no-platform   -            Canyon Inn
[1207/1257] no-platform   -            Pizza Guys
[1208/1257] filed         spothopper   Cabo Cantina
[1209/1257] needs-browser -            Chef Fei
[1210/1257] needs-browser order.online Fish Restaurant
[1211/1257] no-platform   -            Mo-Mo Paradise
[1212/1257] fetch-failed  -            OB Kebab
[1213/1257] fetch-failed  -            OB Garden Café
[1214/1257] no-platform   -            George’s Bar
[1215/1257] needs-browser Square Online (own domain) BCB Coffee
[1216/1257] too-few       own-jsonld   The Oceanaire Seafood Room
[1217/1257] no-platform   -            Grover's Grill
[1218/1257] no-platform   -            House of Black
[1219/1257] no-platform   -            Creme De La Crepe
[1220/1257] no-platform   -            Border X Brewing
[1221/1257] needs-browser Square Online storefront Lucha Libre Taco Shop
[1222/1257] fetch-failed  -            Las Pinches Tortas
[1223/1257] no-platform   -            Noodles
[1224/1257] no-platform   -            Taco Villa
[1225/1257] needs-browser Square Online storefront Copa Vida
[1226/1257] no-platform   -            Aromas
[1227/1257] no-platform   -            Mission Brewing (fka Rough Draft)
[1228/1257] fetch-failed  -            Dryer's Ice Cream Parlor
[1229/1257] no-platform   -            Chicken & Crown
[1230/1257] no-platform   -            University Towers Kitchen
[1231/1257] no-platform   -            TEC Cafe
[1232/1257] no-platform   -            Sweet Labors
[1233/1257] fetch-failed  -            Trade Restaurant & Lounge
[1234/1257] no-platform   -            BCB Coffee Company
[1235/1257] needs-browser MealKeyWay   Yonny Mini Hotpot
[1236/1257] no-platform   -            Café de Anza
[1237/1257] no-platform   -            Mawazo Kitchen
[1238/1257] needs-browser Square Online storefront Cafecito 1806
[1239/1257] no-platform   -            Carnitas’ Snack Shack
[1240/1257] no-platform   -            SanSai Japanese Grill
[1241/1257] no-platform   -            Trisler's San Diego Wine Bar
[1242/1257] no-platform   -            The Santaluz Club Dining Room and Events
[1243/1257] no-platform   -            Stony Mountain Bar & Grill
[1244/1257] no-platform   -            NM Cafe
[1245/1257] no-platform   -            Inland Tavern
[1246/1257] fetch-failed  -            In Between
[1247/1257] needs-browser -            Casa de Freds
[1248/1257] fetch-failed  -            Capriotti's Sandwich Shop
[1249/1257] needs-browser -            Verde Kitchen & Bar
[1250/1257] no-platform   -            Mama Kat's Restaurant and Pie Shop
[1251/1257] no-platform   -            Bean Sprouts
[1252/1257] no-platform   -            The Grand Tradition
[1253/1257] no-platform   -            Oliva
[1254/1257] fetch-failed  -            BunZ
[1255/1257] fetch-failed  -            All Fried Up
[1256/1257] no-platform   -            Buka - Taste of Nigeria
[1257/1257] no-platform   -            HACIENDITA BAKERY

platform                       attempted         filed       too-few         gated  wrong-branch needs-browser   no-platform  fetch-failed  screened-out
none                                 953             0             0             0             0            86           654           213             0
order.online                          53             4             0             0             4            41             0             0             4
Square Online storefront              40             0             0             0             0            40             0             0             0
Square Online (own domain)            24             0             0             0             0            24             0             0             0
chownow                               23             0             0             1             7            15             0             0             0
netwaiter                             23             0            23             0             0             0             0             0             0
toast                                 18             1             0             0             3            14             0             0             0
spothopper                            16             4             1             0             0            11             0             0             0
slice                                 16             0             0             0             0            15             0             0             1
MealKeyWay                            16             0             0             0             0            16             0             0             0
SpotOn                                14             0             0             0             0            14             0             0             0
shopify                               13             1             1             0             0             0             0             0            11
plain-html                            12             0             0             0             0            12             0             0             0
olo                                    9             0             0             0             0             9             0             0             0
popmenu                                6             2             0             0             4             0             0             0             0
clover                                 6             0             0             0             1             2             0             0             3
HungerRush                             4             0             0             0             0             4             0             0             0
GloriaFood widget                      2             0             0             0             0             2             0             0             0
ubereats                               2             0             0             0             2             0             0             0             0
menufy                                 2             0             0             0             0             0             0             0             2
own-jsonld                             2             0             2             0             0             0             0             0             0
Paytronix                              1             0             0             0             0             1             0             0             0
wix                                    1             1             0             0             0             0             0             0             0
MenuSifu                               1             0             0             0             0             1             0             0             0
TOTAL                               1257            13            27             1            21           307           654           213            21

13 menus, 1074 dishes
wrote menus/wip/router-20260904-114006.json
wrote menus/wip/router-20260904-114006.notes.json
