  California Pizza Kitchen — 42 dishes
  TACO CENTRO — 185 dishes
  KnB Bistro — 75 dishes
  Oi Asian Fusion — 31 dishes
  The Boiling Crab — 24 dishes
  Rustic Root — 50 dishes
  Lucca Italian Sandwich Shop — 79 dishes
  Oakberry Acai — 58 dishes
  Caffe Di Talya Veloce — 22 dishes
  Caffe Di Talya Veloce — 22 dishes
  RAKITORI Japanese Pub&Grill — 133 dishes
  Bellamy's Restaurant — 32 dishes
  Pizzeria El Jefe Mexican Pizza Revolution! — 12 dishes
  Tavola Nostra Pizzeria e Cucina — 33 dishes
  Cori Pastificio Trattoria — 37 dishes
  Versailles Cafe & Pastries — 14 dishes
  Hot Chickz & Pizza — 19 dishes
  Junmai Sushi Bar & Grill — 226 dishes
  Dominic's — 88 dishes
  Elvira — 102 dishes
  Villa Manila — 64 dishes
  Garden Fresh Grill & Smoothie — 24 dishes
  What De Health Thai — 42 dishes
  Sip-N-Sea: Coffee + Açaí — 18 dishes
  Gor Gai Thai Eatery — 44 dishes
  Dumpling Bar Chinese Restaurant — 40 dishes
  Forchettina — 147 dishes
  Pizza Union — 46 dishes
  The Point Crêperie Café — 8 dishes
  Cowles Mountain Coffee — 10 dishes
  Tavern — 35 dishes
  Heavenly Bodega — 10 dishes
  Starvin Marvins — 73 dishes
  Tea Monks Escondido — 20 dishes
  Flora Cafe — 123 dishes
  Puff Hookah Lounge — 86 dishes
  Claire's Too — 105 dishes
  Barrio Donas - Old Town — 18 dishes
  Pizza & Deli Time — 63 dishes
  La Pizzeria Arrivederci — 42 dishes
   Mission Brew Coffee — 26 dishes
  S  Mission Brew Coffee — 26 dishes
  Sourdough & Co - Carlsbad — 25 dishes
  Rolled Up  LA Jolla 76 Roadside Grill — 61 dis  LA  Harry's Taco Club + Juice Bar — 55   Harry  Pho N More — 25 dishes
  Naked Pizz  Pho N More —  The Littl  Naked Pizza — 34 dishes
  The Little Sugarplum Bakery —   Fatte's Pizza Of Imperial Beach — 3  Fatte's Pizza Of Imperial Beach — 38 dishes
  Eat Your Feelings Burger — 19 dishes

Loaded 52 menus (2822 dishes).
Coverage: 5795/13982 restaurants have a menu.
