queue 1043 with a website; routing 1043 at concurrency 4

[   1/1043] needs-browser chownow      Burger Bench Escondido
[   2/1043] no-platform   -            Mimi's Cafe
[   3/1043] needs-browser chownow      Brigantine Seafood
[   4/1043] fetch-failed  -            Public Square Coffee House
[   5/1043] no-platform   -            Taquería Imperial
[   6/1043] no-platform   -            VG Donut & Bakery
[   7/1043] screened-out  order.online Wood Ranch Mission Valley
[   8/1043] needs-browser order.online Tom's Famous Family Restaurant 24
[   9/1043] no-platform   -            Saigon Restaurant
[  10/1043] needs-browser Square Online storefront Wayfarer Bread & Pastry
[  11/1043] no-platform   -            Farmer & The Seahorse
[  12/1043] needs-browser olo          Better Buzz Coffee San Marcos
[  13/1043] needs-browser order.online TOM's Famous Family Restaurant 22
[  14/1043] gated         chownow      Handel’s Homemade Ice Cream
[  15/1043] needs-browser plain-html   Por Favor El Cajon
[  16/1043] no-platform   -            Loreto's Taco Shop
[  17/1043] needs-browser toast        MooTime Creamery
[  18/1043] no-platform   -            Taco Bar
[  19/1043] fetch-failed  -            Home Sweet Home Cafe
[  20/[  20/1043] fetch-failed  -            Home Sweet Home Cafe
[  21/1043] fetch-failed  -            Plazas Mexican Food
[  22/1043] needs-browser chownow      Parakeet Cafe - Little Italy
[  23/1043] needs-browser toast        Coya Peruvian Secret
[  24/1043] needs-browser GloriaFood widget That Mexican Place
[  25/1043] no-platform   -            Todo Sushi
[  26/1043] no-platform   -            El Real Mexican Food
[  27/1043] fetch-failed  -            Red Fox Room and Steakhouse
[  28/1043] no-platform   -            Anita's Mexican Restaurant & Cantina
[  29/1043] fetch-failed  -            Hanu Ko[  30/1043] needs-browser toast        Lanna Thai Cuisine
[  31/1043] needs-browser slice        Pastalini
[  32/1043] no-platform   -            Otay Mandarin Chinese Restaurant
[  33/1043] needs-browser toast        The Asian Bistro
[  34/1043] fetch-failed  -            Los Reyes Mexican Restaurant & Cantina
[  35/1043] needs-browser olo          Panini Kabob Grill - Mission Valley
[  36/1043] needs-browser Square Online storefront skybound coffee + dessert lounge
[  37/1043] no-platform   -            It's Raw Poke Shop
[  38/1043] needs-browser toast        Stake Chophouse & Bar
[  39/1043] no-platform   -            Antonio's Mexican Food
[  40/1043] needs-browser Square Online (own domain) Up2You Cafe
[  41/1043] wrong-branch  clover       Burros & Fries Telegraph
[  42/1043] needs-browser order.online Sancho's Tacos
[  43/1043] needs-browser plain-html   Nick's Del Mar
[  44/1043] no-platform   -            Boudin SF
[  45/1043] no-platform   -            Urban Crave
[  46/1043] no-platform   -            Urban Crave
[  47/1043] fetch-failed  -            La Concha Bakery
[  48/1043] needs-browser olo          Better Buzz Coffee Pacific Beach Grand
[  49/1043] needs-browser plain-html   Pancho's Mexican Restaurant
[  50/1043] too-few       netwaiter    Connie's
[  51/1043] no-platform   -            Lucy's Bakery
[  52/1043] needs-browser order.online Robertito's Mexican Food
[  53/1043] no-platform   -            Muay Thai Kitchen
[  54/1043] no-platform   -            Baci Restaurant | Italian
[  55/1043] needs-browser toast        Nado Republic
[  56/1043] no-platform   -            Umai Sushi
[  57/1043] needs-browser toast        Shaks Mediterranean Bistro
[  58/1043] no-platform   -            Lomas | Mexican Restaurant & Cantina
[  59/1043] needs-browser Square Online (own domain) Camp Coffee Company
[  60/1043] needs-browser -            Beyer Deli
[  61/1043] needs-browser Square Online (own domain) Portal Coffee
[  62/1043] no-platform   -            Golden Donut
[  63/1043] filed         order.online CARiN de RiA
[  64/1043] gated         chownow      Handel’s Homemade Ice Cream
[  65/1043] too-few       wix          TNL Boba Tea
[  66/1043] needs-browser Square Online storefront Prager Brothers Artisan Breads
[  67/1043] fetch-failed  -            Mi Ranchito Taco Shop
[  68/1043] needs-browser spothopper   Los Panchos Mexican Grill & Seafood
[  69/1043] needs-browser MealKeyWay   Dumplings N More
[  70/1043] no-platform   -            Superbloom Coffee & Juice
[  71/1043] needs-browser spothopper   Penelopes Mexican Food
[  72/1043] needs-browser Square Online storefront Maan's Mediterranean Grill
[  73/1043] needs-browser Square Online (own domain) Barrio Donas
[  74/1043] no-platform   -            The Cowshed
[  75/1043] fetch-failed  -            Bonchon Chicken
[  76/1043] needs-browser toast        The Remy
[  77/1043] no-platform   -            Yingli Restaurant | Chula Vista
[  78/1043] needs-browser spothopper   Curry & More - Indian Bistro
[  79/1043] no-platform   -            Red Lobster
[  80/1043] needs-browser spothopper   3N1 Sports Bar & Grill
[  81/1043] needs-browser order.online Scoops La Jolla
[  82/1043] no-platform   -            Señor Taquero
[  83/1043] fetch-failed  -            Edelweiss Bakery
[  84/1043] no-platform   -            Mi Asador Mexican & Seafood Restaurant
[  85/1043] screened-out  clover       Royal Sweets
[  86/1043] too-few       netwaiter    Aiberto's Taco Shop
[  87/1043] fetch-failed  -            Leucadia Donut Shoppe
[  88/1043] fetch-failed  -            Pacific Beach Ice Cream Co.
[  89/1043] needs-browser -            Tabu Sushi Bar & Grill Santee
[  90/1043] no-platform   -            SOMISOMI
[  91/1043] gated         chownow      Handel's Homemade Ice Cream
[  92/1043] wrong-branch  order.online Lourdes Mexican Food To Go
[  93/1043] fetch-failed  -            Arizona Chinese Restaurant
[  94/1043] no-platform   -            Sushi Factory
[  95/1043] no-platform   -            Hidden Fish
[  96/1043] needs-browser Square Online storefront Bay Park Coffee
[  97/1043] no-platform   -            Big Front Door
[  98/1043] needs-browser Square Online storefront Portinos Restaurant
[  99/1043] needs-browser Square Online storefront Sandwich Emporium
[ 100/1043] fetch-failed  -            Hurricane Grill & Wings
[ 101/1043] no-platform   -            Emma's Mexican Food
[ 102/1043] no-platform   -            El Charro Mexican Food
[ 103/1043] no-platform   -            Rosarito's Mexican Food #1
[ 104/1043] too-few       netwaiter    Mary Ettas Cafe
[ 105/1043] needs-browser spothopper   il Sogno Italiano
[ 106/1043] no-platform   -            Hanna's Gourmet
[ 107/1043] needs-browser order.online Gelato Paradiso
[ 108/1043] no-platform   -            Angelito's Fruteria Y Neveria
[ 109/1043] needs-browser Square Online storefront Pink Rose Cafe
[ 110/1043] no-platform   -            Flora
[ 111/1043] needs-browser toast        Valentina
[ 112/1043] no-platform   -            Red Fox Room and Steakhouse
[ 113/1043] needs-browser slice        Italia Pizza
[ 114/1043] screened-out  order.online Yogurt Heaven
[ 115/1043] no-platform   -            Honey Baked Ham
[ 116/1043] no-platform   -            Lucy's Bakery
[ 117/1043] needs-browser olo          Randy's Donuts
[ 118/1043] no-platform   -            Cafe Bella Drive Thru
[ 119/1043] fetch-failed  -            Camel's Bar and Grill
[ 120/1043] no-platform   -            Off The 8 Café
[ 121/1043] no-platform   -            Royal India Express
[ 122/1043] needs-browser olo          Luna Grill Millenia
[ 123/1043] needs-browser Square Online (own domain) Solana Sumptuous Cookies
[ 124/1043] screened-out  menufy       Ginza Sushi
[ 125/1043] no-platform   -            Wahoo's Fish Taco
[ 126/1043] fetch-failed  -            We Olive & Wine Bar
[ 127/1043] needs-browser MealKeyWay   Surfing Crab Escondido
[ 128/1043] fetch-failed  -            California Mountain Bakery
[ 129/1043] no-platform   -            Tropifruit Juice Bar
[ 130/1043] no-platform   -            Dragon Express
[ 131/1043] no-platform   -            Cow-A-Bunga Ice Cream & Coffee
[ 132/1043] no-platform   -            Tacos Alex
[ 133/1043] needs-browser Square Online (own domain) Serrano's Mexican Food
[ 134/1043] no-platform   -            Ike's Love & Sandwiches
[ 135/1043] fetch-failed  -            Thai Island@
[ 136/1043] fetch-failed  -            The Art of Espresso
[ 137/1043] needs-browser spothopper   Santos Coffee
[ 138/1043] no-platform   -            BKK THAI KITCHEN
[ 139/1043] needs-browser toast        Rosemonts Cafe
[ 140/1043] fetch-failed  -            Palomino's Mexican & Seafood
[ 141/1043] no-platform   -            Nothing Bundt Cakes
[ 142/1043] screened-out  shopify      La Colombe Coffee Roasters
[ 143/1043] no-platform   -            Shozen BBQ
[ 144/1043] no-platform   -            Athens Market Taverna
[ 145/1043] needs-browser order.online San Diego Sandwich Co
[ 146/1043] no-platform   -            Mexico Lindo Restaurant
[ 147/1043] needs-browser Square Online (own domain) Matcha Cafe Maiko - Escondido
[ 148/1043] fetch-failed  -            @Spacebar Cafe
[ 149/1043] no-platform   -            PGA Tour Grill
[ 150/1043] no-platform   -            Eugenio Italian Ristorante & More
[ 151/1043] needs-browser -            Marieta's Mexican Food
[ 152/1043] needs-browser HungerRush   Flippin' Pizza La Costa
[ 153/1043] no-platform   -            Cake de Partie
[ 154/1043] no-platform   -            Valerio's 1979
[ 155/1043] no-platform   -            Uncle Biffs California Killer Cookies
[ 156/1043] no-platform   -            Hanna Garden
[ 157/1043] gated         chownow      Handel's Homemade Ice Cream
[ 158/1043] no-platform   -            La Mixteca
[ 159/1043] no-platform   -            Silverlake Ramen
[ 160/1043] no-platform   -            Donuts Plus
[ 161/1043] no-platform   -            Pizza Mania
[ 162/1043] no-platform   -            Bravo Cafe
[ 163/1043] filed         shopify      Flor and Seed Coffee Roasters
[ 164/1043] needs-browser SpotOn       Porky's Lechon Barbecue
[ 165/1043] no-platform   -            Kokoro Restaurant
[ 166/1043] needs-browser Square Online (own domain) Elixir Espresso & Wine Bar
[ 167/1043] needs-browser Square Online storefront Crossroads Deli
[ 168/1043] too-few       netwaiter    Opa Greek Restaurant & Grill
[ 169/1043] no-platform   -            KD's Donuts
[ 170/1043] no-platform   -            Imperial Express
[ 171/1043] fetch-failed  -            Potato Corner
[ 172/1043] fetch-failed  -            Cielo Rooftop
[ 173/1043] no-platform   -            The Orient Thai
[ 174/1043] fetch-failed  -            Tak Grill Fresh Mediterranean Food
[ 175/1043] no-platform   -            Kaffee Meister
[ 176/1043] needs-browser olo          Luna Grill Encinitas
[ 177/1043] no-platform   -            The Leucadian
[ 178/1043] no-platform   -            Beach + Taco Shack
[ 179/1043] needs-browser toast        The Naked Cafe
[ 180/1043] no-platform   -            White Labs Brewing Co - San Diego
[ 181/1043] no-platform   -            ENO Market & Pizzeria
[ 182/1043] needs-browser Square Online storefront Thyme for Lunch Cafe & Grill
[ 183/1043] no-platform   -            Nothing Bundt Cakes
[ 184/1043] no-platform   -            Glazed Coffee & Creamery
[ 185/1043] no-platform   -            Phở Hòa Restaurant | Vietnamese
[ 186/1043] no-platform   -            SoCal Sushi
[ 187/1043] needs-browser Square Online storefront Mesa Agricola
[ 188/1043] screened-out  menufy       IB Thai
[ 189/1043] needs-browser Square Online (own domain) Industrial Grind Coffee
[ 190/1043] no-platform   -            Ko-Li Bar
[ 191/1043] no-platform   -            Que Tortas
[ 192/1043] screened-out  shopify      James Coffee Co
[ 193/1043] no-platform   -            The Grounds Bean Bar
[ 194/1043] needs-browser chownow      Pho Hiep & Grill
[ 195/1043] no-platform   -            Kaito Sushi
[ 196/1043] screened-out  shopify      Seven Seas Roasting Company
[ 197/1043] no-platform   -            Chopsticks Chinese Cuisine
[ 198/1043] no-platform   -            YuJing Chinese Restaurant
[ 199/1043] fetch-failed  -            Donut Factory
[ 200/1043] no-platform   -            Tea Pavilion
[ 201/1043] no-platform   -            La Moreliana
[ 202/1043] needs-browser -            Banh Mi Blvd
[ 203/1043] needs-browser Square Online (own domain) Dot Cafe
[ 204/1043] needs-browser toast        Fat Joe’s O’side
[ 205/1043] fetch-failed  -            Valentinas Taco Shop
[ 206/1043] no-platform   -            Blue Pepper Asian Cuisine
[ 207/1043] fetch-failed  -            Memo's Golden Bagel
[ 208/1043] needs-browser order.online Le Macaron French Pastries
[ 209/1043] needs-browser -            Seaview Restaurant
[ 210/1043] fetch-failed  -            The Reunion
[ 211/1043] needs-browser order.online BB's Deli
[ 212/1043] needs-browser MealKeyWay   Iron Wok
[ 213/1043] fetch-failed  -            Eat Your Heart Out II
[ 214/1043] no-platform   -            Lime in the Coconut
[ 215/1043] needs-browser SpotOn       Kalei's Kitchenette
[ 216/1043] no-platform   -            San Diego Blenders
[ 217/1043] filed         toast        Baja Rick's Cantina
[ 218/1043] no-platform   -            Joses Taco Shop
[ 219/1043] fetch-failed  -            Bistro Pazzo
[ 220/1043] needs-browser slice        Rock On Pizza
[ 221/1043] needs-browser Square Online storefront Sue's Korean Kitchen
[ 222/1043] fetch-failed  -            Al Teatro Panini Grill
[ 223/1043] no-platform   -            Nanay's Best BBQ
[ 224/1043] no-platform   -            Black Radish
[ 225/1043] fetch-failed  -            Idego Coffee Roasters
[ 226/1043] no-platform   -            Explorers Café
[ 227/1043] no-platform   -            Little Ceasar's
[ 228/1043] fetch-failed  -            Rosarito's Mexican Food #2
[ 229/1043] needs-browser Square Online storefront Tacoman
[ 230/1043] no-platform   -            Criscito Pizza
[ 231/1043] too-few       netwaiter    Nolberto's Taco Shop
[ 232/1043] fetch-failed  -            Bar Kamon
[ 233/1043] wrong-branch  toast        Lucha Libre Taco Shop
[ 234/1043] no-platform   -            Sweet Revenge Bakery
[ 235/1043] no-platform   -            Surfdog's Java Hot
[ 236/1043] fetch-failed  -            Thai Fresh
[ 237/1043] fetch-failed  -            Victor's Kafe - Poway
[ 238/1043] no-platform   -            Red Ribbon Bakeshop
[ 239/1043] no-platform   -            The Luau
[ 240/1043] no-platform   -            Coral Tree Tea House
[ 241/1043] fetch-failed  -            Prince Hookah Cafe
[ 242/1043] no-platform   -            World Famous I Bar
[ 243/1043] no-platform   -            Hino
[ 244/1043] fetch-failed  -            P B Pub
[ 245/1043] no-platform   -            Red Ribbon Bakeshop
[ 246/1043] needs-browser Square Online storefront Prager Brothers Artisan Bread
[ 247/1043] no-platform   -            Mother's Kitchen
[ 248/1043] no-platform   -            Thai Style
[ 249/1043] no-platform   -            Aztec Food Hub
[ 250/1043] no-platform   -            Brown Bag Deli
[ 251/1043] needs-browser toast        Mr. Charlie's
[ 252/1043] no-platform   -            The Halal Shack
[ 253/1043] no-platform   -            Corner Cafe | Chinese
[ 254/1043] fetch-failed  -            Gotcha
[ 255/1043] no-platform   -            Crispy Chicken n' Tomato
[ 256/1043] needs-browser plain-html   Donut Stop
[ 257/1043] needs-browser Square Online storefront Fan-Fan
[ 258/1043] no-platform   -            Taco Time Food Truck
[ 259/1043] no-platform   -            Tony’s Newport Cafe
[ 260/1043] no-platform   -            Kona Coffee
[ 261/1043] needs-browser SpotOn       D Wings & Ribs
[ 262/1043] no-platform   -            Zhang Liang Malatang
[ 263/1043] no-platform   -            The Elegant Truffle
[ 264/1043] needs-browser -            Panorama Bar & Grill
[ 265/1043] no-platform   -            Gong Cha
[ 266/1043] no-platform   -            Millport
[ 267/1043] no-platform   -            La Perlita Mexican Food
[ 268/1043] no-platform   -            Nothing Bundt Cakes
[ 269/1043] no-platform   -            Seahorse Coffee
[ 270/1043] fetch-failed  -            Stagecoach Inn
[ 271/1043] no-platform   -            The Deli Stop
[ 272/1043] needs-browser Square Online storefront Cargo Cafe
[ 273/1043] needs-browser order.online Poki Poki - Encinitas
[ 274/1043] wrong-branch  toast        The Crack Shack - Pacific Beach
[ 275/1043] needs-browser toast        Bonehead Burger Co.
[ 276/1043] no-platform   -            Parkys
[ 277/1043] needs-browser toast        Matoi
[ 278/1043] fetch-failed  -            Topside Terrace Kitchen & Bar
[ 279/1043] no-platform   -            Chin's Gourmet
[ 280/1043] no-platform   -            Shanghai Cuisine
[ 281/1043] needs-browser Square Online (own domain) Elixir Espresso Bar
[ 282/1043] needs-browser MealKeyWay   Zhengxin Chicken Steak
[ 283/1043] needs-browser chownow      Gor Gai Thai Eatery
[ 284/1043] needs-browser Square Online storefront Sul & Beans
[ 285/1043] fetch-failed  -            Pho Olala
[ 286/1043] needs-browser Square Online storefront ZzanG Hotdog & Chicken
[ 287/1043] no-platform   -            China Express
[ 288/1043] no-platform   -            The Peruvian Spot
[ 289/1043] no-platform   -            The Lean Machine Meal Prep
[ 290/1043] no-platform   -            Chins Gourmet
[ 291/1043] no-platform   -            Hancock Street Cafe
[ 292/1043] needs-browser olo          Sweetfin
[ 293/1043] screened-out  clover       Hooked On Pokè
[ 294/1043] needs-browser order.online Daniel's Taco Shop
[ 295/1043] no-platform   -            Teaspoon
[ 296/1043] no-platform   -            Pick Up Stix Fresh Asian Flavors
[ 297/1043] no-platform   -            Channel 2 Sports Bar
[ 298/1043] fetch-failed  -            Roots Bowls
[ 299/1043] fetch-failed  -            Deano's Pub
[ 300/1043] needs-browser SpotOn       Hot or Not Thai
[ 301/1043] fetch-failed  -            Le Rendez-Vous French Bakery
[ 302/1043] needs-browser MealKeyWay   Szechuan Chef Chinese Cuisine
[ 303/1043] no-platform   -            Chen Golden Palace
[ 304/1043] no-platform   -            Bistro Kaz
[ 305/1043] needs-browser HungerRush   Flippin Pizza Encinitas
[ 306/1043] no-platform   -            La Central
[ 307/1043] needs-browser order.online DaYung's Tea
[ 308/1043] fetch-failed  -            Rosaria's Pizza 4
[ 309/1043] no-platform   -            Vitality Bowls
[ 310/1043] no-platform   -            Mike Hess Brewing Tasting Room
[ 311/1043] fetch-failed  -            Long Story Irish Pub
[ 312/1043] fetch-failed  -            El Bronco Mexican Food
[ 313/1043] no-platform   -            It's A Piece A Cake
[ 314/1043] fetch-failed  -            Tulum Seafood
[ 315/1043] no-platform   -            San Diego Eagle
[ 316/1043] no-platform   -            Musashiya
[ 317/1043] no-platform   -            The Brass Rail
[ 318/1043] no-platform   -            Sidny's Bagels & Deli
[ 319/1043] no-platform   -            City Dragon
[ 320/1043] fetch-failed  -            Canyon Vista Restaurant
[ 321/1043] too-few       netwaiter    Goyo's Bakery
[ 322/1043] no-platform   -            Okavango Outpost
[ 323/1043] no-platform   -            Kaki Sushi
[ 324/1043] no-platform   -            CAFE 160
[ 325/1043] no-platform   -            Bale French Sandwiches
[ 326/1043] needs-browser order.online Taste of Thai
[ 327/1043] fetch-failed  -            Spoon House
[ 328/1043] fetch-failed  -            Kinchana
[ [ 329/1043] needs-browser order.online Elsa's Ki[ 330/1043] no-platform   -            African Spices
[ 331/1043] needs-browser order.online Elsa's Kitchen
[ 33[ 332/1043] no-platform   -            African Spices
[ 333/1043] needs-browser Square Online storefront Mad Munch Grilled Cheezer Co.
[ 334/1043] no-platform   -            Gloria's Taco Shop
[ 335/1043] fetch-failed  -            Mosa Tea
[ 336/1043] screened-out  slice        Mike's Giant New York Pizza
[ 337/1043] needs-browser plain-html   JNC Pinoy Foodma[ 338/1043] needs-browser plain-html   JNC Pinoy Foodmart
[ 339/104[ 339/1043] no-platform   -            La Mi[ 340/104[ 340/1043] screened-out  toast        Agave Taco Shop
[ 341/1043] no-platform   -            Cool [ 342/1043] no-platform   -            Cool Down Coffee
[ 343/1043] screened-out  order.online Frida's Taqueria
[ 344/1043] no-platform   -            Nobu
[ 345/1043] needs-browser Square Online storefront Goli
[ 346/1043] no-platform   -            Novecientos Grados by Tony Hawk
[ 347/1043] no-platform   -            Bopomofo Cafe
[ 348/1043] needs-browser chownow      Leos Kitchen
[ 349/1043] needs-browser chownow      Juice Kaboose
[ 350/1043] no-platform   -            Smittys Downtown
[ 351/1043] no-platform   -            Teriyaki Madness
[ 352/1043] fetch-failed  -            Godfather's Diner
[ 353/1043] needs-browser toast        Junction Bar & Grill
[ 354/1043] wrong-branch  clover       Manzanita Roasting Co
[ 355/1043] no-platform   -            Urban Bubble
[ 356/1043] needs-browser order.online Donut Bros
[ 357/1043] no-platform   -            Tom's Chinese BBQ
[ 358/1043] needs-browser order.online Donut Bros
[ 359/1043] no-platform   -            Pizzabilitie[ 360/1043][ 360/1043] no-platform   -            La Nacional
[ 361/1043] wrong-branch  clover       Hyderabad Cafe
[ 362/1043] needs-browser order.online Deli Belly
[ 363/1043] too-few       netwaiter    Roma's Pizz[ 364/1043] too-few       netwaiter    Roma's Pizza
[ 365/1043] needs-browser S[ 365/1043] needs-browser MealKeyWay   Ma's House
[ 366/1043] no-platform   -            Angela's Eccentric Ki[ 367/[ 367/1043] no-platform   -            Juice Stop Encinitas
[ 368/1043] fetch-failed  -            El Mundo De Mariscos Mexican Food
[ 369/1043] no-platform   -            Kind Coffee
[ 370/1043] needs-browser SpotOn       La Banana Fruits - Fruteria
[ 371/1043] too-few       netwaiter    Star Express
[ 372/1043] no-platform   -            Agave Bar and Grill
[ 373/1043] no-platform   -            Picasso's Naturals
[ 374/1043] needs-browser toast        Understory Bar
[ 375/1043] needs-browser Square Online (own domain) Rad Habits Juice
[ 376/1043] no-platform   -            Nova Easy Kombucha
[ 377/1043] fetch-failed  -            Bonchon Chicken
[ 378/1043] needs-browser MealKeyWay   Spicy Noodle
[ 379/1043] fetch-failed  -            Deano's Pub East
[ 380/1043] fetch-failed  -            Linda's Donuts
[ 381/1043] no-platform   -            Village Pub
[ 382/1043] needs-browser toast        Angry P[ 383/1043] needs-brow[ 383/1043] no-platform   -            Tastea
[ 384/1043] no-platform   -            Coffee Wave
[ 385/1043] needs-browser SpotOn       Mariscos y Miches El Patron
[ 386/1043] needs-browser chownow      Juice Caboose
[ 387/1043] no-platform   -            Tolin's Tacos
[ 388/1043] no-platform   -            Hometown Taste
[ 389/1043] no-platform   -            Del Sushi
[ 390/1043] no-platform   -            Burrito King
[ 391/1043] screened-out  shopify      Seven Seas Roasting
[ 392/1043] no-platform   -            Unique Sandwiches
[ 393/1043] fetch-failed  -            El Mercadito
[ 394/1043] no-platform   -            Granny's Apple Fries
[ 395/1043] needs-browser Square Online storefront Dog Leg Brewing
[ 396/1043] no-platform   -            Bowl To Go
[ 397/1043] no-platform   -            Gihon Ethiopian Kitchen
[ 398/1043] wrong-branch  toast        Burekas Box
[ 399/1043] needs-browser toast        A Louest
[ 400/1043] no-platform   -            Java Earth Coffee
[ 401/1043] fetch-failed  -            Gem Coffee
[ 402/1043] no-platform   -            Star Dust Donut Shop
[ 403/1043] no-platform   -            Las Michoacanas
[ 404/1043] no-platform   -            Cj Lounge
[ 405/1043] gated         order.online Tutti Frutti Frozen Yogurt
[ 406/1043] needs-browser toast        Kinme Omakase
[ 407/1043] wrong-branch  order.online The Pad Thai Stand
[ 408/1043] needs-browser Square Online (own domain) The Craft Taco at The Nat
[ 409/1043] fetch-failed  -            Vica’s Cafe
[ 410/1043] fetch-failed  -            Orient Valley Filipino Cuisine
[ 411/1043] no-platform   -            Sarku Japan
[ 412/1043] no-platform   -            Erika's Mexican Food & Seafood
[ 413/1043] fetch-failed  -            Jungle Tea
[ 414/1043] needs-browser Square Online (own domain) Castelli & Pizarro Family Vineyards & Winery
[ 415/1043] fetch-failed  -            Bang Bang
[ 416/1043] fetch-failed  -            R3fresh Juice Bar
[ 417/1043] no-platform   -            Social [ 418/1043] no[ 418/1043] needs-browser slice        Papa's [ 419/[ 419/1043] wrong-branch  clover       Burros and Fries
[ 420/1043] no-platform   -            Hongyuan Kebab
[ 421/1043] fetch-failed  -            Bobalic[ 422[ 422/1043] fetch-failed  -            Cheers
[ 423/1043] no-platform   -            Park Commons
[ 424/1043] no-platform   -            China Fun
[ 425/1043] fetch-failed  -            Colima's Mexican Foods
[ 426/1043] no-platform   -            SusieCakes - Carlsbad
[ 427/1043] wrong-branch  order.online La michoacana Plus San Diego #2
[ 428/1043] too-few       netwaiter    K & K Orient Valley Food Center
[ 429/1043] too-few       netwaiter    Kim's Bar-B-Que
[ 430/1043] no-platform   -            PB Oriental
[ 431/1043] no-platform   -            PKI Sushi
[ 432/1043] needs-browser slice        Del Cerro Pizza
[ 433/1043] needs-browser -            Modern Times Coffee
[ 434/1043] needs-browser toast        Grab & Go - Mission Hills
[ 435/1043] fetch-failed  -            La Cocina De Anita
[ 436/1043] no-platform   -            Sam's Donuts Shop
[ 437/1043] no-platform   -            Leucadia Pizza
[ 438/1043] no-platform   -            Bubbles & Brews Cafe
[ 439/1043] fetch-failed  -            Ten Seconds Yunnan Rice Noodle
[ 440/1043] no-platform   -            Landshark Bar & Grill
[ 441/1043] needs-browser order.online Tous les Jours
[ 442/1043] no-platform   -            Skyline Cafe
[ 443/1043] no-platform   -            Bayside Bar & Grill
[ 444/1043] needs-browser toast        Go Greek Authentic Yogurteria
[ 445/1043] no-platform   -            Cherry Bomb
[ 446/1043] fetch-failed  -            Mariscos La Morena
[ 447/1043] no-platform   -            The Pearl Restaurant
[ 448/1043] no-platform   -            Sieu Sieu BBQ
[ 449/1043] wrong-branch  toast        El Viejon
[ 450/1043] needs-browser Square Online storefront Flour Atelier
[ 451/1043] no-platform   -            Lapper Kitchen + Tap
[ 452/1043] needs-browser plain-html   Roppongi
[ 453/1043] no-platform   -            Imperial Palace
[ 454/1043] no-platform   -            Vinya Yoga and Wine Bar
[ 455/1043] no-platform   -            Kim's Deli
[ 456/1043] needs-browser order.online Qin West
[ 457/1043] no-platform   -            Nothing Bundt Cakes
[ 458/1043] screened-out  shopify      Casa De Otay – The Casita
[ 459/1043] no-platform   -            Campus Cafe
[ 460/1043] needs-browser toast        Taco Loco
[ 461/1043] needs-browser -            Ching's Famous Hopia
[ 462/1043] too-few       own-jsonld   Vinh Long Food To Go
[ 463/1043] no-platform   -            LJ Crafted Wines - Wines & Tastings
[ 464/1043] no-platform   -            Cafe Aero
[ 465/1043] fetch-failed  -            Happytime Tea
[ 466/1043] no-platform   -            Necter Juice Bar
[ 467/1043] no-platform   -            Valerio's 1979
[ 468/10[ 468/1043] no-platform   -            Presotea
[ 469/1043] no-platform   -            Gather
[ 470/1043] wrong-branch  order.online The Pad Thai St[ 47[ 471/1043] fetch-failed  -            Oakberry Açaí[ 472/1[ 472/1043] no-platform   -            De Kotija Taco [ 473/104[ 473/1043] no-platform   -            D'liteful Choco[ 47[ 474/1043] no-platform   -            Creperie Antoinette
[ 475/1043] fetch-failed  -            Bonita Donuts
[ 476/1043] needs-browser order.online Mochinut
[ 477/1043] no-platform   -            Trevi Hills Winery
[ 478/1043] wrong-branch  toast        Tree House
[ 479/1043] no-platform   -            Tasty Donuts
[ 480/1043] no-platform   -            Valerio's 1979
[ 481/1043] no-platform   -            Old Town Eatery
[ 482/1043] needs-browser order.online Poke One N Half
[ 483/1043] no-platform   -            Jamal's Chicken
[ 484/1043] no-platform   -            Sunny Dumpling House
[ 485/1043] needs-browser chownow      Off the Vine Gardens Deli And Catering
[ 486/1043] no-platform   -            Tres Hermanos Locos Tacos
[ 487/1043] needs-browser Square Online (own domain) Cafe Pascale Grill & Deli
[ 488/1043] too-few       netwaiter    Guerrero Taco Shop
[ 489/1043] no-platform   -            Cha Cha Tea Spot
[ 490/1043] no-platform   -            Sydney's
[ 491/1043] needs-browser Square Online storefront Bean Box
[ 492/1043] needs-browser -            Cluck N Sip
[ 493/1043] needs-browser toast        Nomada
[ 494/1043] no-platform   -            DaYung's Tea
[ 495/1043] fetch-failed  -            Yas Lounge
[ 496/1043] needs-browser -            Pure Squeeze
[ 497/1043] too-few       netwaiter    Playa Azul Mariscos Restaurant
[ 498/1043] no-platform   -            Nothing Bundt Cakes
[ 499/1043] needs-browser toast        Divina Matcha
[ 500/1043] no-platform   -            Ohana Nutrition
[ 501/1043] fetch-failed  -            Grubz
[ 502/1043] no-platform   -            Jaguar Paw
[ 503/1043] needs-browser toast        56 Thai Cafe
[ 504/1043] no-platform   -            Qualcomm Cafe Q
[ 505/1043] no-platform   -            Asia Wok Teppanyaki & Chinese Food
[ 506/1043] no-platform   -            Linda's Yogurt & Deli
[ 507/1043] no-platform   -            Bivouac Adventure Lodge Coffee Shop
[ 508/1043] no-platform   -            All That Shabu
[ 509/1043] fetch-failed  -            Lambers Chinese Bakery
[ 510/1043] needs-browser Square Online storefront Montebello
[ 511/1043] no-platform   -            Cali Banh Mi
[ 512/1043] no-platform   -            The Golf Bar
[ 513/1043] no-platform   -            The Grillery
[ 514/1043] fetch-failed  -            Warner Springs Golf Shop & Grill
[ 515/1043] needs-browser Square Online storefront Cargo Cafe - Paseo Del Mar
[ 516/1043] fetch-failed  -            Tazza D'Oro
[ 517/1043] too-few       netwaiter    Ba Le French Sandwich Shop
[ 518/1043] no-platform   -            All Things Ube Desserts
[ 519/1043] no-platform   -            Pub 1795
[ 520/1043] no-platform   -            5 O'Clock Somewhere Rooftop Bar
[ 521/1043] fetch-failed  -            Route 6 Coffee & Smoothies
[ 522/1043] wrong-branch  toast        Boba Tea Spot
[ 523/1043] needs-browser MealKeyWay   Suki Hana
[ 524/1043] no-platform   -            Mike Hess Brewing - Seaport Village Taphouse
[ 525/1043] wrong-branch  popmenu      Alohana Açaí Bowls
[ 526/1043] needs-browser toast        Grab & Go
[ 527/1043] no-platform   -            The Loft at UC San Diego[[ 528/1043] needs-browser Paytronix    Ziggi's Coffee[ 529/1043] needs-browser toast        Grab & Go
[ 530/1043] fetch-failed  -            Shabu Spot
[ 531/1043] too-few       netwaiter    J & J's Mexican Food
[ 532/1043] needs-browser order.online La Pizzeria Arrivederci
[ 533/1043] no-platform   -            Sunright Tea S[ 534/[ 534/1043] no-platform   -            Huy Ky Bakery
[ 535/1043] no-platform   -            Zoo Brew
[ 536/1043] no-platform   -            Dockside Casual Seafood Counter
[ 537/1043] too-few       netwaiter    Pizza Grande
[ 538/1043] wrong-branch  toast        Enoteca Buona Forchetta
[ 539/1043] wrong-branch  toast        Johnny Radz Pizza
[ 540/1043] no-platform   -            The MRKT
[ 541/1043] no-platform   -            F Street Cafe
[ 542/1043] needs-browser toast        Zest Wine Bistro
[ 543/1043] no-platform   -            Craft Pizza
[ 544/1043] fetch-failed  -            Suki Hana
[ 545/1043] no-platform   -            62 Area Chow Hall
[ 546/1043] no-platform   -            Forum Deli
[ 547/1043] too-few       netwaiter    Sandwich Place
[ 548/1043] needs-browser MealKeyWay   Yuki Yuki
[ 549/1043] no-platform   -            Royal Pearl Tea
[ 550/1043] no-platform   -            Test Kitchen
[ 551/1043] no-platform   -            Madina Market Halal Fast Food
[ 552/1043] no-platform   -            Plaza Deli
[ 553/1043] no-platform   -            Michoacana Mia -[ 554/[ 554/1043] no-platform   -            Moniker General
[ 555/1043] wrong-branch  toast        Tapas Bar
[ 556/1043] no-platform   -            Pure Green
[ 557/1043] no-platform   -            Manta Pizza
[ 558/1043] no-platform   -            longball c[ 559/10[ 559/1043] no-platform   -            Sip Fresh
[ 560/1043] needs-browser -            Market One
[ 561/1043] no-platform   -            La Paloma
[ 562/1043] no-platform   -            Blue Bowl Superfoods
[ 563/1043] needs-browser -            Fresca Deli .
[ 564/1043] no-platform   -            The Lookout at Lake Poway
[ 565/1043] no-platform   -            Showa Ramen
[ 566/1043] needs-browser order.online WUHU TEA & DELI
[ 567/1043] no-platform   -            Chester's
[ 568/1043] needs-browser toast        Coco Bomb
[[ 569/1043] no-platform   -            Surf City Squeeze
[ 570/1043] fetch-failed  -            Mister [ 571/10[ 571/1043] no-platform   -            Collette’s Collaborative Collective Cuisine
[ 572/1043] no-pla[ 573/1043] no-platform   -         [ 573/1043] wrong-branch  toast        Coco Bomb
[ 574/1043] no-platform   -            Thérapie Bistro
[ 575/1043] fetch-failed  -            Unico Juice Shop
[ 576/1043] no-platform   -            FiveO3 Pupusas
[ 577/1043] no-platform   -            El Cilantro Mexican Grill
[ 578/1043] no-platform   -            FLAVORS EXPRESS SDSU
[ 579/1043] no-platform   -            Topo's Tacos
[ 580/1043] needs-browser Square Online storefront The Bean Box 701
[ 581/1043] no-platform   -            Chagee
[ 582/1043] needs-browser Square Online storefront Ramen Station
[ 583/1043] needs-browser SpotOn       Oriste Fairway Cafe
[ 584/1043] no-platform   -            Lò Bánh Cuốn Tân Định
[ 585/1043] fetch-failed  -            El huevo estrellado # 2
[ 586/1043] no-platform   -            Finca Casa Blanca
[ 587/1043] no-platform   -            Boba n More
[ 588/1043] needs-browser Square Online storefront Cargo Cafe - Gateway
[ [ 589/1043] no-platform   -            Bert's Bistro
[ 590/1043] needs-b[ 590/1043] no-platform   -            Bert's Bistro
[ 591/1043] no-platform   -            El Camino
[ 592/1043] fetch-failed  -            Med Cafe
[ 593/1043] no-platform   -            Bosley Cafe
[ 594/1043] fetch-failed  -            The Waterfront
[ 595/1043] needs-browser -            Swami's
[ 596/1043] no-platform   -            3 Day Suit Broker
[ 597/1043] no-platform   -            Trisler's San Diego Wine Bar
[ 598/1043] needs-browser chownow      Juice Caboose
[ 599/1043] no-platform   -            Basic
[ 600/1043] no-platform   -            Coin Toss
[ 601/1043] needs-browser Square Online storefront Copa Vida
[ 602/1043] no-platform   -            The Caddyshack
[ 603/1043] f[ 603/1043] no-platform   -            The Caddyshack
[ 604/1043] no-platform   -            Filling Station Pub and Grill
[ 605/1043] no-platform   -            Fairbanks
[ 606/1043] no-platform   -            Allen's New York Pizza
[ 607/1043] needs-browser order.online Poki Poki
[ 608/1043] needs-browser Square Online storefront Sus[ 609/104[ 609/1043] no-platform   -            Thai Basil
[ 610/1043] needs-browser Square Online (own domain) C[ 611/[ 611/1043] no-platform   -            Hacienda De Veg[ [ 612/1043] no-platform   -            Winners Circle
[ 613/1043] no-platform   -            GIHON Ethiopian Kitchen
[ 614/1043] no-platform   -            Baja Fresh
[ 615/1043] needs-browser order.online Hummus Mediterranean Kitchen
[ 616/1043] no-platform   -            Birria El Rey
[ 617/1043] no-platform   -            Curbside Eatery & Drinkery
[ 618/1043] no-platform   -            I Love Pho
[ 619/1043] no-platform   -            Karihan Filipino Food
[ 620/1043] needs-browser SpotOn       CITRINA BERRY FRESH
[ 621/1043] needs-browser toast        Trattoria da Sofia
[ 622/1043] no-platform   -            Beer Company
[ 623/1043] no-platform   -            Stone Oven
[ 624/1043] no-platform   -            Valerio's Finest Bake Shop
[ 625/1043] no-platform   -            Crave
[ 626/1043] no-platform   -            Terrace Lounge
[ 627/1043] needs-browser -            Golden Spoon Carlsbad Plaza
[ 628/1043] needs-browser Square Online storefront Purl Tea San Marcos
[ 629/1043] no-platform   -            Pei Wei
[ 630/1043] no-platform   -            Paris Baguette
[ 631/1043] no-platform   -            Rare Society
[ 632/1043] needs-browser toast        Stella Jean's Ice Cream Kensington
[ 633/1043] no-platform   -            Fairbanks
[ 634/1043] no-platform   -            Bovino
[ 635/1043] needs-browser plain-html   Nick's on State
[ 636/1043] no-platform   -            Green Vine Delicatessen
[ 637/1043] needs-browser toast        Paradisaea
[ 638/1043] no-platform   -            Tacos de Birria El Chinito Jr
[ 639/1043] no-platform   -            China Fun
[ 640/1043] no-platform   -            Oaks Bar Grill
[ 641/1043] needs-browser slice        Fiori’s Pizza
[ 642/1043] no-platform   -            La Sabrosita
[ 643/1043] screened-out  shopify      Vigilante Coffee
[ 644/1043] screened-out  toast        Agave Birrieria
[ 645/1043] no-platform   -            Breakwater Brewing Co.
[ 646/1043] no-platform   -            Pho House
[ 647/1043] fetch-failed  -            Gooseberries kafe
[ 648/1043] needs-browser toast        Taco Lounge Escaya
[ 649/1043] needs-browser chownow      Donburi Rice Bowls
[ 650/[ 650/1043] wrong-branch  toast        Taco Lounge Escaya
[ 651/1043] no-platform   -            Camino Riviera
[ 652/1043] wrong-branch  toast        Chin's Sz[ 653/1043] wrong[ 653/1043] needs-browser toast        bcb Cafe
[ 654/1043] no-platform   -            Mendoza’s Mexican Food
[ 655/1043] needs-browser SpotOn       Tasty Pho
[ 656/1043] needs-browser toast        Tita's Taco Shop
[ 657/1043] no-platform   -            Vinarius Wine Bar & Restaurant
[ 658/1043] no-platform   -            Pho Oceanside
[ 659/1043] no-platform   -            Draft Republic San Marcos
[ 660/1043] gated         chownow      Handel's Homemade Ice Cream
[ 661/1043] too-few       netwaiter    Su Pan Bakery El Cajon
[ 662/1043] needs-browser -            1022 Cafe & Gelateria
[ 663/1043] needs-browser order.online El Rinconcito Fruteria
[ 664/1043] no-platform   -            Panda Imperial Restaurant[[ 665/1043] wrong-branch  toast        Bubba’s Smokehouse BBQ
[ 666/1043] no-platform   -            Gelato 101 Solana Beach
[ 667/1043] no-platform   -            Paris Baguette
[ 668/1043] fetch-failed  -            Nory's Donut & Bakery
[ 669/1043] filed         toast        Napatini Bistro and Wine Bar
[ 670/1043] fetch-failed  -            Truluck's
[ 671/1043] needs-browser toast        Tacaliente Mexican Grill
[ 672/1043] fetch-failed  -            Cork N Brew
[ 673/1043] no-platform   -            Backdraft Bar & Grill
[ 674/1043] no-platform   -            Ocean Thai Cuisine
[ 675/1043] needs-browser HungerRush   Buonasera New York Pizzeria
[ 676/1043] no-platform   -            Ono Hawaiian BBQ
[ 677/1043] no-platform   -            MOOYAH Burgers, Fries & Shakes
[ 678/1043] wrong-branch  toast        Cozy Corner
[ 679/1043] no-platform   -            Ernes Mexican Food & Breakfast
[ 680/1043] no-platform   -            Finca
[ 681/1043] no-platform   -            Rancho Grande El Toro Mexican Cuisine
[ 682/1043] no-platform   -            Tacotarian San Diego
[ 683/1043] fetch-failed  -            Savory Thai Restaurant
[ 684/1043] needs-browser Square Online storefront House of Pho
[ 685/1043] fetch-failed  -            Ju-ichi
[ 686/1043] no-platform   -            Caribbean Pleasure
[ 687/1043] no-platform   -            ZZan Sushi & Soju
[ 688/1043] no-platform   -            Graziano's Pizza Oceanside
[ 689/1043] screened-out  shopify      Ascend Coffee Roasters
[ 690/1043] no-platform   -            China Fusion - Vista Way
[ 691/1043] needs-browser -            NuYo Frozen Yogurt Telegraph Canyon
[ 692/1043] no-platform   -            Blanco Cocina + Cantina
[ 693/1043] no-platform   -            Bambinos Pizzeria & Deli #4
[ 694/1043] fetch-failed  -            Sunny Side Solana
[ 695/1043] needs-browser SpotOn       Souplantation
[ 696/1043] needs-browser toast        Madeleine
[ 697/1043] screened-out  shopify      James Coffee Co.
[ 698/1043] needs-browser chownow      Parakeet Juicery - La Jolla
[ 699/1043] no-platform   -            Old World Meat Company
[ 700/1043] needs-browser clover       Himalayan Bistro Oceanside
[ 701/1043] no-platform   -            Panpan wok
[ 702/1043] no-platform   -            El After Social Club
[ 703/1043] fetch-failed  -            New York Buffalo Wings
[ 704/1043] needs-browser toast        Prey Brewing Company
[ 705/1043] no-platform   -            Sonny’s Pizza
[ 706/1043] needs-browser slice        Allen's New York Pizza
[ 707/1043] gated         chownow      Handel’s Homemade Ice Cream
[ 708/1043] needs-browser slice        HillCrust Pizza
[ 709/1043] no-platform   -            EL ENCANTO SD
[ 710/1043] needs-browser clover       Ryan Bros Coffee City Heights
[ 711/1043] no-platform   -            Le Coq
[ 712/1043] needs-browser toast        Naked Pizza
[ 713/1043] needs-browser toast        Angry Chickz - Oceanside
[ 714/1043] needs-browser -            Sukho Thai Extraordinaire
[ 715/1043] no-platform   -            China bros
[ 716/1043] no-platform   -            Belinda's Familia Mexican Food Truck
[ 717/1043] no-platform   -            Jaws Topokki
[ 718/1043] wrong-branch  toast        ALOHA GRILL
[ 719/1043] no-platform   -            AleSmith Brewing Company
[ 720/1043] gated         chownow      Finney's Crafthouse
[ 721/1043] no-platform   -            The Crimson Cake
[ 722/1043] no-platform   -            Sam's Farm Fresh
[ 723/1043] needs-browser MealKeyWay   Tengu Ramen
[ 724/1043] no-platform   -            Comstock Bar & Grill
[ 725/1043] no-platform   -            Emiliana's Mexican & Deli Food
[ 726/1043] needs-browser toast        Docent Brewing
[ 727/1043] no-platform   -            Kin Saep
[ 728/1043] screened-out  shopify      Ascend Coffee Roasters
[ 729/1043] wrong-branch  ubereats     SugarBears Sweet Provisions
[ 730/1043] needs-browser Square Online storefront PB Poke House Oceanside
[ 731/1043] needs-browser MealKeyWay   Hi!Dumplings
[ 732/1043] needs-browser order.online El Ranchero
[ 733/1043] too-few       netwaiter    Thai Pasta
[ 734/1043] needs-browser spothopper   Players Sports Grill
[ 735/1043] no-platform   -            La Mesa Pizzaworks
[ 736/1043] no-platform   -            Great Wok of China
[ 737/1043] no-platform   -            Charli's Landing
[ 738/1043] needs-browser toast        Smokin J's BBQ & Taphouse
[ 739/1043] no-platform   -            Merenda
[ 740/1043] no-platform   -            Urban Location Boba Tea House San Diego
[ 741/1043] screened-out  shopify      Trident Coffee Pacific Beach
[ 742/1043] no-platform   -            Sound by the Sea
[ 743/1043] no-platform   -            Eclipse Chocolat
[ 744/1043] no-platform   -            Thai Table Time
[ 745/1043] needs-browser toast        Leu Leu
[ 746/1043] no-platform   -            Good Source Coffee
[ 747/1043] needs-browser MealKeyWay   Ocean Buffet
[ 748/1043] no-platform   -            Los Armando's Mexican Food
[ 749/1043] no-platform   -            Gintaro Sushi
[ 750/1043] needs-browser Square Online (own domain) Beach City Smoothies
[ 751/1043] no-platform   -            Green Cheek Beer Co.
[ 752/1043] needs-browser plain-html   Chef’s Wok & Dumplings
[ 753/1043] no-platform   -            Flame Broiler
[ 754/1043] no-platform   -            Los Cucos Mexican Food
[ 755/1043] no-platform   -            Two Hands Corn Dog Mira Mesa
[ 756/1043] no-platform   -            UT-HO Boba & Baguette
[ 757/1043] no-platform   -            Burtech Family Vineyard Tasting Room
[ 758/1043] no-platform   -            Pietro's Cucina Italiana
[ 759/1043] no-platform   -            Paris Baguette
[ 760/1043] no-platform   -            Good Omen Coffee Co
[ 761/1043] no-platform   -            El Flako's Wrangler Barbecue
[ 762/1043] no-platform   -            The Alley Otay Mesa
[ 763/1043] no-platform   -            Buffalo Wild Wings GO
[ 764/1043] no-platform   -            Tacos el Niño Santana
[ 765/1043] no-platform   -            Saigon Star Restaurant
[ 766/1043] needs-browser MealKeyWay   Pho Tan
[ 767/1043] needs-browser order.online Burrito Leo's Mexi[ 768/104[ 768/1043] no-platform   -            Diego's Taco Shop
[ 769/1043] no-platform   -            IZOLA
[ 770/1043] no-platform   -            TAKARAMONO SUSHI
[ 771/1043] no-platform   -            Pei Wei
[ 772/1043] too-few       netwaiter    Wings mix
[ 773/1043] no-platform   -            La Casa Verde
[ 774/1043] needs-browser chownow      Burger Bench Vista
[ 775/1043] no-platform   -            Simply Fresh Thai
[ 776/1043] no-platform   -            Pho Nam Cali
[ 777/1043] no-platform   -            Photo House
[ 778/1043] no-platform   -            CTZN
[ 779/1043] no-platform   -            La Mesita Mexican Food
[ 780/1043] no-platform   -            Chocolate Bash
[ 781/1043] needs-browser order.online EsKiNiTa
[ 782/1043] no-platform   -            Little Victory Wine Bar
[ 783/1043] screened-out  clover       Mission Baja Tacos
[ 784/1043] no-platform   -            T&T Tacos & Tequila Grill & Cantina
[ 785/1043] needs-browser toast        Fleurette
[ 786/1043] no-platform   -            Alborz Restaurant
[ 787/1043] needs-browser slice        West Coast Pizza Company
[ 788/1043] no-platform   -            Buca di Beppo Italian Restaurant
[ 789/1043] no-platform   -            Banzai Bowls
[ 790/1043] no-platform   -            The Honor Bar
[ 791/1043] fetch-failed  -            the Koffie Co
[ 792/1043] no-platform   -            Acai Republic - Oceanside
[ 793/1043] needs-browser olo          Panini Kabob Grill - Park 12
[ 794/1043] no-platform   -            tiger!tiger!
[ 795/1043] fetch-failed  -            Kona Craft Cafe
[ 796/1043] no-platform   -            Piedra Santa
[ 797/1043] no-platform   -            Pha Khao Lao Cuisine
[ 798/1043] no-platform   -            Banzai Bowls
[ 799/1043] no-platform   -            Rocko's Family Restaurant
[ 800/1043] fetch-failed  -            Top of the Bagel
[ 801/1043] needs-browser slice        Pop's Pizza
[ 802/1043] no-platform   -            Kiiro Sushi Izakaya
[ 803/1043] fetch-failed  -            Mandarin Wok Restaurant
[ 804/1043] no-platform   -            Thai Thai Melrose Restaurant
[ 805/1043] needs-browser toast        Breakers
[ 806/1043] no-platform   -            MAKE Cafe
[ 807/1043] no-platform   -            Troy's Greek Restaurant
[ 808/1043] no-platform   -            Monserate Winery
[ 809/1043] gated         chownow      CinKuni (Italian & Japanese Cuisine)
[ 810/1043] no-platform   -            Olive Branch Eatery
[ 811/1043] needs-browser toast        QUICK BITES CAFE / Best Sandwiches
[ 812/1043] no-platform   -            Campland Cantina
[ 813/1043] no-platform   -            Rubio's Coastal Grill
[ 814/1043] no-platform   -            Rubio's Coastal Grill
[ 815/1043] needs-browser -            Rubio's Coastal Grill
[ 816/1043] no-platform   -            PanPan Wok
[ 817/1043] no-platform   -            Mr. Buffalo Fries
[ 818/1043] no-platform   -            Ocean Thai Cuisin[ [ 819/1043] wrong-branch  toast        The Great Greek M[ 820/1043] wrong-branch  toast    [ 820/1043] no-platform   -            Cocina 35 brunch
[ 821/1043] no-platform   -            Bueno Wine & Goods
[ 822/1043] too-few       netwaiter    LA PLACE DELI
[ 823/1043] no-platform   -            Las Ricas Tortas
[ 824/1043] needs-browser Square Online storefront iWok Chinese Kitchen
[ 825/1043] needs-browser slice        Little Sisters Pizza
[ 826/1043] no-platform   -            Little Hidden Bakery
[ 827/1043] needs-browser Square Online (own domain) Slurp
[ 828/1043] needs-browser toast        Jolie
[ 829/1043] no-platform   -            Mi Tierra Super Taco
[ 830/1043] no-platform   -            Una Mas on Adams
[ 831/1043] no-platform   -            Pizza Guys
[ 832/1043] no-platform   -            PanPan Wok
[ 833/1043] no-platform   -            Fortuna Ristorante Italiano
[ 834/1043] no-platform   -            chance's coffee
[ 835/1043] needs-browser toast        Brites Soft Serve
[ 836/1043] needs-browser order.online Halal Burger Co.
[ 837/1043] needs-browser Square Online (own domain) Le Charcuterie Bar
[ 838/1043] wrong-branch  toast        Chin's Szechwan - Point Loma
[ 839/1043] no-platform   -            Dark Horse Coffee Roasters
[ 840/1043] no-platform   -            Juice Holler
[ 841/1043] screened-out  toast        Agave Birrieria
[ 842/1043] no-platform   -            Leona's Cucina Italiana
[ 843/1043] no-platform   -            North Park Creamery
[ 844/1043] needs-browser olo          Coffee Bean
[ 845/1043] needs-browser toast        Between Us
[ 846/1043] needs-browser Square Online (own domain) Beach City Smoothies - Oceanside
[ 847/1043] needs-browser Square Online storefront Mein St. Asian Kitchen
[ 848/1043] no-platform   -            PanPan wok
[ 849/1043] needs-browser HungerRush   Pop Pops Paleta
[ 850/1043] no-platform   -            Pokeport Oceanside
[ 851/1043] no-platform   -            Oriental Cafe | Chinese
[ 852/1043] no-platform   -            La Costa Wine
[ 853/1043] no-platform   -            Queenstown Del Mar
[ 854/1043] no-platform   -            El Papas Fritas Taco Shop
[ 855/1043] no-platform   -            Uncle Feras Middle Eastern Restaurant
[ 856/1043] no-platform   -            Thai Thae Cuisine
[ 857/1043] no-platform   -    [ 858/1043] no-platfo[ 858/1043] no-platform   -            Ono Hawaiian BBQ
[ 859/1043] needs-browser Square Online (own domain) Chef Budda Blasian Soul Food LLC
[ 860/1043] no-platform   -            Poki Poki - Escondido
[ 861/1043] no-platform   -            KABOB SHACK - EASTLAKE
[ 862/1043] no-platform   -            Chopsticks Inn Restaurant
[ 863/1043] screened-out  order.online La Fresita Y Mas
[ 864/1043] no-platform   -            Egg Tuck
[ 865/1043] no-platform   -            Arteazen Handcrafted Tea
[ 866/1043] needs-browser MealKeyWay   Dumplings N More
[ 867/1043] no-platform   -            Christophe Rull Patisser[ 868/1043] no-platform   -            Christophe Rull Patisserie
[ 869/1043] no-platform   -            Love Letters Pizza
[ 870/1043] fetch-failed  -            Antique Thai
[ 871/1043] no-platform   -            Khyber Pass Zarparan Restaurant | Afghan
[ 872/1043] no-platform   -            Hilltop Cafe
[ 873/1043] needs-browser order.online Torta Time
[ 874/1043] no-platform   -            ZZan Sushi & Soju
[ 875/1043] no-platform   -            Board & Brew - Downtown San Diego
[ 876/1043] no-platform   -            The Poke Tea House
[ 877/1043] no-platform   -            ROBATA-X Sushi & Izakaya
[ 878/1043] no-platform   -            Huckleberry's Breakfast & Lunch
[ 879/1043] needs-browser toast        NOIR Sushi and Sake Fusion Lounge
[ 880/1043] needs-browser olo          Dimassi's Mediterranean Buffet
[ 881/1043] no-platform   -            Barrel Riot
[ 882/1043] wrong-branch  toast        TACO CENTRO
[ 883/1043] no-platform   -            Dalu Hawaiian BBQ
[ 884/1043] no-platform   -            Sabroso taco savor a mi tierra
[ 885/1043] needs-browser toast        La Jollita
[ 886/1043] no-platform   -            Mevan Coffee & Desserts & Brunch
[ 887/1043] no-platform   -            Zuma San Diego[[ 888/1043] no-platform   -            Bodega Market
[ 889/1043] no-platform   -            Scena Fusion Kitchen & Bar
[ 890/1043] no-platform   -            24 Suns
[ 891/1043] no-platform   -            Peppoli's Pizza & Philly Steaks
[ 892/1043] no-platform   -            Jalisco Cantina
[ 893/1043] no-platform   -            Hazel & Jade Bakery
[ 894/1043] no-platform   -            Ichitaru Ramen Carlsbad
[ 895/[ 895/1043] no-platform   -            Ichitaru Ramen Carlsbad
[ 896/1043] no-platform   -            Lotho Deli
[ 897/1043] needs-browser SpotOn       Crest Taco
[ 898/1043] needs-browser toast        Colosseo Cucina Italiana
[ 899/1043] fetch-failed  -            Quarter Deck Inn Cocktails
[ 900/1043] filed         wix          Sourpuss Donuts
[ 901/1043] screened-out  own-jsonld   Hanna Garden
[ 902/1043] screened-out  own-jsonld   Hanna Garden
[ 903/1043] needs-browser chownow      Parakeet Cafe - Nautilus
[ 904/1043] needs-browser toast        Market St Pizzeria
[ 905/1043] no-platform   -            UT-HO Boba & Baguette
[ 906/1043] no-platform   -            Taconora Pacific Beach
[ 907/1043] no-platform   -            Mexico Cit[ 908/1043] no-p[ 908/1043] needs-browser slice        Pastalini
[ 909/1043] no-platform   -            Thai Table Time
[ 910/1043] no-platform   -            Little While
[ 911/1043] fetch-failed  -            Daisy Deli
[ 912/1043] no-platform   -            Side Street Bo[ 913/1043] no-p[ 913/1043] no-platform   -            I Love Bagels
[ 914/1043] no-platform   -            Sono North Park
[ 915/1043] no-platform   -            Borrego Rooftop
[ 916/1043] no-platform   -            The Morning Grove
[ 917/1043] no-platform   -            Mantra Raja
[ 918/1043] no-platform   -            Krak Boba
[ 919/1043] no-platform   -            Barrio Food Hub
[ 920/1043] no-platform   -            Monserate Winery
[ 921/1043] wrong-branch  toast        Blank Slate
[ 922/1043] no-platform   -            Gaslamp Coffee Bar
[ 923/1043] no-platform   -            El Flako's Wrangler Barbecue
[ 924/1043] fetch-failed  -            Pho Luu Escondido - Vietnamese Cuisine
[ 925/1043] needs-browser toast        One of Us
[ 926/1043] needs-browser toast        Grandson Steaks
[ 927/1043] no-platform   -            Crave & Feast
[ 928/1043] needs-browser toast        Okama Ramen and Grill
[ 929/1043] no-platform   -            The Encore Sushi
[ 930/1043] no-platform   -            Native Foods
[ 931/1043] no-platform   -            Badas burgers
[ 932/1043] needs-browser Square Online storefront Empanada Kitchen
[ 933/1043] wrong-branch  toast        Saigon Alley Kitchen & Bar
[ 934/1043] needs-browser MenuSifu     Joyee Noodle House(UTC)
[ 935/1043] wrong-branch  toast        Cala La Jolla C[ 936/1043] wrong-branch  toast        Cala La Jolla Café
[ 937/1043] no-platform   -            Kasi
[ 938/1043] screened-out  order.online Fish Restaurant
[ 939/1043] no-platform   -            El Dorado
[ 940/1043] no-platform   -            Baba's Pizza
[ 941/1043] needs-browser -            Sammy's Woodfire Pizza and Grille
[ 942/1043] wrong-branch  toast        Gold Coffee Shop
[ 943/1043] needs-browser Square Online storefront Copa Vida
[ 944/1043] no-platform   -            Soda & Swine
[ 945/1043] wrong-branch  toast        Blue Water Grill
[ 946/1043] no-platform   -            Cafe Fresh
[ 947/1043] fetch-failed  -            Rancho Cafe
[ 948/1043] needs-browser order.online Deli Belly
[ 949/1043] screened-out  shopify      Lofty Coffee
[ 950/1043] needs-browser Square Online storefront Empanada Kitchen
[ 951/1043] no-platform   -            Pegah’s Kitchen
[ 952/1043] no-platform   -            Nékter Juice Bar[[ 953/1043] no-platform   -            Our Green Affair
[ 954/1043] fetch-failed  -            Coco's Bakery
[ 955/1043] no-platform   -            Cent'Anni Café
[ 956/1043] no-platform   -            U31
[ 957/1043] no-platform   -            Rush Bowls
[ 958/1043] fetch-failed  -            Island Market
[ 959/1043] needs-browser -            The Hamlett
[ 960/1043] no-platform   -            Filibertos
[ 961/1043] no-platform   -            India Princess
[ 962/1043] no-platform   -            Brick & Bell Plus
[ 963/1043] wrong-branch  toast        The Coffee Spot
[ 964/1043] no-platform   -            Village Inn
[ 965/1043] no-platform   -            Kava Lounge
[ 966/1043] no-platform   -            Jungle Cart
[ 967/1043] no-platform   -            Veladora
[ 968/1043] no-platform   -            Villa Fr[ 969/1043] no-platf[ 969/1043] no-platform   -            Jordan
[ 970/1043] no-platform   -            Fairbanks
[ 971/1043] no-platform   -            Deja Vu
[ 972/1043] needs-browser slice        Massachusetts Mike's Pizzeria
[ 973/1043] no-platform   -            Shake Smart
[ 974/1043] fetch-failed  -            Mis Dos Gallos Taqueria, Fruit & Deli
[ 975/1043] no-platform   -            Nicolosi's Pizza (Mira Lee Way)
[ 976/1043] needs-browser Square Online storefront Prager Brothers Artisan Breads
[ 977/1043] no-platform   -            CABETOS Pops
[ 978/1043] no-platform   -            The Reading Club
[ 979/1043] no-platform   -            Monster Snacks
[ 980/1043] wrong-branch  toast        Beeside Balcony La Jolla
[ 981/1043] fetch-failed  -            Lefty's Cheesesteaks
[ 982/1043] no-platform   -            Time Out Café
[ 983/1043] no-platform   -            Juice Alchemy
[ 984/1043] no-platform   -            La Salsa
[ 985/1043] no-platform   -            Relic Baker[ 986/1043] [ 986/1043] fetch-failed  -            Kellys Pub
[ 987/1043] no-platform   -            CHINA CHEF 1
[ 988/1043] needs-browser toast        Sultan Baklava
[ 989/1043] wrong-branch  toast        Oceanside Fish Shop
[ 990/1043] no-platform   -            Safari Coffee Outpost
[ 991/1043] needs-browser -            Yogurt Lounge Serra Mesa
[ 992/1043] no-platform   -            Canyon Inn
[ 993/1043] filed         spothopper   Cabo Cantina
[ 994/1043] no-platform   -            Mo-Mo Paradise
[ 995/1043] no-platform   -            Pizza Guys
[ 996/1043] too-few       own-jsonld   The Oceanaire Seafood Room
[ 997/1043] fetch-failed  -            Tacos Loc[ 998/1043] wrong-branch  toast        Lucha Libre Taco Shop
[ 999/1043] fetch-failed  -            OB Kebab
[1000/1043] fetch-failed  -            OB Garden Café
[1001/1043] fetch-failed  -            Tacos Locos Tasty Mexican Food
[1002/1043] needs-browser Square Online (own domain) BCB Coffee
[1003/1043] no-platform   -            George’s Bar
[1004/1043] no-platform   -            Grover's Grill
[1005/1043] no-platform   -            House of Black
[1006/1043] no-platform   -            Creme De La Crepe
[1007/1043] no-platform   -            Border X Brewing
[1008/1043] no-platform   -            Noodles
[1009/1043] fetch-failed  -            Las Pinches Tortas
[1010/1043] no-platform   -            Taco Villa
[1011/1043] wrong-branch  toast        Carnitas’ Snack Shack
[1012/1043] needs-browser Square Online storefront Copa Vida
[1013/1043] no-platform   -            Aromas
[1014/1043] no-platform   -            Mission Brewing (fka Rough Draft)
[1015/1043] no-platform   -            Chicken & Crown
[1016/1043] fetch-failed  -            Dryer's Ice Cream Parlor
[1017/1043] no-platform   -            University Towers Kitchen
[1018/1043] no-platform   -            TEC Cafe
[1019/1043] no-platform   -            Sweet Labors
[1020/1043] fetch-failed  -            Trade Restaurant & Lounge
[1021/1043] needs-browser MealKeyWay   Yonny Mini Hotpot
[1022/1043] no-platform   -            Café de Anza
[1023/1043] needs-browser toast        BCB Coffee Company
[1024/1043] no-platform   -            Mawazo Kitchen
[1025/1043] needs-browser Square Online storefront Cafecito 1806
[1026/1043] no-platform   -            SanSai Japanese Grill
[1027/1043] no-platform   -            Buka - Taste of Nigeria
[1028/1043] no-platform   -            Stony Mountain Bar & Grill
[1029/1043] no-platform   -            The Santaluz Club Dining Room and Events
[1030/1043] no-platform   -            NM Cafe
[1031/1043] fetch-failed  -            In Between
[1032/1043] no-platform   -            Inland Tavern
[1033/1043] fetch-failed  -            All Fried Up
[1034/1043] needs-browser -            Casa de Freds
[1035/1043] fetch-failed  -            Capriotti's Sandwich Shop
[1036/1043] no-platform   -            HACIENDITA BAKERY
[1037/1043] needs-browser -            Verde Kitchen & Bar
[1038/1043] no-platform   -            The Grand Tradition
[1039/1043] no-platform   -            Oliva
[1040/1043] fetch-failed  -            BunZ
[1041/1043] no-platform   -  [1041/1043] no-platform[1042/1043] no-platform   -            Mama Kat's Restaurant and Pie Shop
[1043/1043] no-platform   -            Ground Up Cafe

platform                       attempted         filed       too-few         gated  wrong-branch needs-browser   no-platform  fetch-failed  screened-out
none                                 691             0             0             0             0            25           548           118             0
toast                                 95             2             0             0            29            62             0             0             2
order.online                          44             1             0             1             4            32             0             0             6
Square Online storefront              43             0             0             0             0            43             0             0             0
Square Online (own domain)            23             0             0             0             0            23             0             0             0
chownow                               22             0             0             8             0            14             0             0             0
netwaiter                             20             0            20             0             0             0             0             0             0
MealKeyWay                            15             0             0             0             0            15             0             0             0
slice                                 14             0             0             0             0            13             0             0             1
shopify                               12             1             0             0             0             0             0             0            11
SpotOn                                11             0             0             0             0            11             0             0             0
olo                                   10             0             0             0             0            10             0             0             0
plain-html                             9             0             0             0             0             9             0             0             0
clover                                 9             0             0             0             4             2             0             0             3
spothopper                             8             1             0             0             0             7             0             0             0
HungerRush                             4             0             0             0             0             4             0             0             0
own-jsonld                             4             0             2             0             0             0             0             0             2
wix                                    2             1             1             0             0             0             0             0             0
menufy                                 2             0             0             0             0             0             0             0             2
GloriaFood widget                      1             0             0             0             0             1             0             0             0
popmenu                                1             0             0             0             1             0             0             0             0
Paytronix                              1             0             0             0             0             1             0             0             0
ubereats                               1             0             0             0             1             0             0             0             0
MenuSifu                               1             0             0             0             0             1             0             0             0
TOTAL                               1043             6            23             9            39           273           548           118            27

6 menus, 75 dishes
wrote menus/wip/router-20260905-013957.json
wrote menus/wip/router-20260905-013957.notes.json
