queue 1050 with a website; routing 1050 at concurrency 4

[   1/1050] needs-browser chownow      Burger Bench Escondido
[   2/1050] no-platform   -            Taquería Imperial
[   3/1050] no-platform   -            Mimi's Cafe
[   4/1050] needs-browser chownow      Brigantine Seafood
[   5/1050] no-platform   -            FryYay
[   6/1050] screened-out  order.online Wood Ranch Mission Valley
[   7/1050] fetch-failed  -            Public Square Coffee House
[   8/1050] no-platform   -            VG Donut & Bakery
[   9/1050] wrong-branch  order.online El Pueblo Mexican Food - Carlsbad
[  10/1050] needs-browser Square Online storefront Wayfarer Bread & Pastry
[  11/1050] needs-browser order.online Tom's Famous Family Restaurant 24
[  12/1050] no-platform   -            Farmer & The Seahorse
[  13/1050] needs-browser order.online TOM's Famous Family Restaurant 22
[  14/1050] gated         chownow      Handel’s Homemade Ice Cream
[  15/1050] needs-browser plain-html   Por Favor El Cajon
[  16/1050] no-platform   -            Loreto's Taco Shop
[  17/1050] no-platform   -            MooTime Creamery
[  18/1050] needs-browser plain-html   Papas & Tacos Mexican Food
[  19/1050] no-platform   -            Taco Bar
[  20/1050] fetch-failed  -            Gus's Subs & Pizza Place
[  21/1050] needs-browser chownow      Parakeet Cafe - Little Italy
[  22/1050] fetch-failed  -            Plazas Mexican Food
[  23/1050] no-platform   -            Red Fox Room and Steakhouse
[  24/1050] fetch-failed  -            Home Sweet Home Cafe
[  25/1050] needs-browser -            Coya Peruvian Secret
[  26/1050] needs-browser GloriaFood widget That Mexican Place
[  27/1050] no-platform   -            Todo Sushi
[  28/1050] no-platform   -            El Real Mexican Food
[  29/1050] no-platform   -            Anita's Mexican Restaurant & Cantina
[  30/1050] screened-out  order.online Grandma Tofu & BBQ
[  31/1050] needs-browser -            The Asian Bistro
[  32/1050] needs-browser slice        Pastalini
[  33/1050] no-platform   -            Otay Mandarin Chinese Restaurant
[  34/1050] no-platform   -            Hanu Korean BBQ
[  35/1050] needs-browser toast        Lanna Thai Cuisine
[  36/1050] needs-browser olo          Panini Kabob Grill - Mission Valley
[  37/1050] needs-browser Square Online storefront skybound coffee + dessert lounge
[  38/1050] no-platform   -            It's Raw Poke Shop
[  39/1050] needs-browser toast        Stake Chophouse & Bar
[  40/1050] no-platform   -            Antonio's Mexican Food
[  41/1050] needs-browser Square Online (own domain) Up2You Cafe
[  42/1050] needs-browser order.online Sancho's Tacos
[  43/1050] fetch-failed  -            Los Reyes Mexican Restaurant & Cantina
[  44/1050] no-platform   -            Urban Crave
[  45/1050] no-platform   -            Boudin SF
[  46/1050] no-platform   -            Urban Crave
[  47/1050] fetch-failed  -            La Concha Bakery
[  48/1050] needs-browser olo          Better Buzz Coffee Pacific Beach Grand
[  49/1050] needs-browser plain-html   Pancho's Mexican Restaurant
[  50/1050] needs-browser plain-html   Nick's Del Mar
[  51/1050] no-platform   -            Lucy's Bakery
[  52/1050] too-few       netwaiter    Connie's
[  53/1050] no-platform   -            Muay Thai Kitchen
[  54/1050] no-platform   -            Baci Restaurant | Italian
[  55/1050] needs-browser toast        Nado Republic
[  56/1050] needs-browser order.online Robertito's Mexican Food
[  57/1050] needs-browser Square Online (own domain) Camp Coffee Company
[  58/1050] needs-browser -            Beyer Deli
[  59/1050] needs-browser Square Online (own domain) Portal Coffee
[  60/1050] no-platform   -            Umai Sushi
[  61/1050] no-platform   -            Golden Donut
[  62/1050] gated         chownow      Handel’s Homemade Ice Cream
[  63/1050] needs-browser Square Online storefront Prager Brothers Artisan Breads
[  64/1050] fetch-failed  -            Mi Ranchito Taco Shop
[  65/1050] needs-browser spothopper   Los Panchos Mexican Grill & Seafood
[  66/1050] needs-browser MealKeyWay   Dumplings N More
[  67/1050] no-platform   -            Superbloom Coffee & Juice
[  68/1050] needs-browser Square Online storefront Maan's Mediterranean Grill
[  69/1050] needs-browser spothopper   Penelopes Mexican Food
[  70/1050] needs-browser Square Online (own domain) Barrio Donas
[  71/1050] needs-browser toast        The Remy
[  72/1050] fetch-failed  -            Bonchon Chicken
[  73/1050] no-platform   -            The Cowshed
[  74/1050] no-platform   -            Yingli Restaurant | Chula Vista
[  75/1050] needs-browser toast        Shaks Mediterranean Bistro
[  76/1050] no-platform   -            Red Lobster
[  77/1050] needs-browser spothopper   Curry & More - Indian Bistro
[  78/1050] needs-browser spothopper   3N1 Sports Bar & Grill
[  79/1050] needs-browser order.online Scoops La Jolla
[  80/1050] no-platform   -            Señor Taquero
[  81/1050] fetch-failed  -            Edelweiss Bakery
[  82/1050] fetch-failed  -            Pacific Beach Ice Cream Co.
[  83/1050] fetch-failed  -            Arizona Chinese Restaurant
[  84/1050] fetch-failed  -            Aiberto's Taco Shop
[  85/1050] fetch-failed  -            Leucadia Donut Shoppe
[  86/1050] fetch-failed  -            Tabu Sushi Bar & Grill Santee
[  87/1050] fetch-failed  -            SOMISOMI
[  88/1050] fetch-failed  -            Camel's Bar and Grill
[  89/1050] fetch-failed  -            Lourdes Mexican Food To Go
[  90/1050] no-platform   -            Royal Sweets
[  91/1050] fetch-failed  -            Sushi Factory
[  92/1050] fetch-failed  -            Handel's Homemade Ice Cream
[  93/1050] fetch-failed  -            Big Front Door
[  94/1050] fetch-failed  -            Portinos Restaurant
[  95/1050] fetch-failed  -            El Charro Mexican Food
[  96/1050] fetch-failed  -            Emma's Mexican Food
[  97/1050] fetch-failed  -            Rosarito's Mexican Food #1
[  98/1050] fetch-failed  -            il Sogno Italiano
[  99/1050] fetch-failed  -            Mary Ettas Cafe
[ 100/1050] fetch-failed  -            Gelato Paradiso
[ 101/1050] fetch-failed  -            Hidden Fish
[ 102/1050] fetch-failed  -            Hanna's Gourmet
[ 103/1050] fetch-failed  -            Angelito's Fruteria Y Neveria
[ 104/1050] fetch-failed  -            Valentina
[ 105/1050] fetch-failed  -            Pink Rose Cafe
[ 106/1050] fetch-failed  -            Flora
[ 107/1050] fetch-failed  -            The Art of Espresso
[ 108/1050] fetch-failed  -            Italia Pizza
[ 109/1050] fetch-failed  -            Randy's Donuts
[ 110/1050] fetch-failed  -            Honey Baked Ham
[ 111/1050] fetch-failed  -            Bay Park Coffee
[ 112/1050] fetch-failed  -            Wahoo's Fish Taco
[ 113/1050] fetch-failed  -            Lucy's Bakery
[ 114/1050] fetch-failed  -            @Spacebar Cafe
[ 115/1050] fetch-failed  -            Off The 8 Café
[ 116/1050] fetch-failed  -            Cafe Bella Drive Thru
[ 117/1050] fetch-failed  -            Luna Grill Millenia
[ 118/1050] fetch-failed  -            Yogurt Heaven
[ 119/1050] needs-browser Square Online (own domain) Solana Sumptuous Cookies
[ 120/1050] needs-browser MealKeyWay   Surfing Crab Escondido
[ 121/1050] fetch-failed  -            Sandwich Emporium
[ 122/1050] fetch-failed  -            We Olive & Wine Bar
[ 123/1050] screened-out  menufy       Ginza Sushi
[ 124/1050] no-platform   -            Tropifruit Juice Bar
[ 125/1050] no-platform   -            Royal India Express
[ 126/1050] needs-browser Square Online (own domain) Serrano's Mexican Food
[ 127/1050] no-platform   -            Cow-A-Bunga Ice Cream & Coffee
[ 128/1050] no-platform   -            Dragon Express
[ 129/1050] fetch-failed  -            Thai Island@
[ 130/1050] needs-browser spothopper   Santos Coffee
[ 131/1050] no-platform   -            Ike's Love & Sandwiches
[ 132/1050] fetch-failed  -            Palomino's Mexican & Seafood
[ 133/1050] no-platform   -            BKK THAI KITCHEN
[ 134/1050] screened-out  shopify      La Colombe Coffee Roasters
[ 135/1050] no-platform   -            Shozen BBQ
[ 136/1050] no-platform   -            Athens Market Taverna
[ 137/1050] no-platform   -            Rosemonts Cafe
[ 138/1050] no-platform   -            Mexico Lindo Restaurant
[ 139/1050] needs-browser Square Online (own domain) Matcha Cafe Maiko - Escondido
[ 140/1050] needs-browser order.online San Diego Sandwich Co
[ 141/1050] needs-browser -            Marieta's Mexican Food
[ 142/1050] no-platform   -            PGA Tour Grill
[ 143/1050] fetch-failed  -            Tak Grill Fresh Mediterranean Food
[ 144/1050] fetch-failed  -            Cake de Partie
[ 145/1050] needs-browser HungerRush   Flippin' Pizza La Costa
[ 146/1050] no-platform   -            Eugenio Italian Ristorante & More
[ 147/1050] fetch-failed  -            Valerio's 1979
[ 148/1050] fetch-failed  -            Hanna Garden
[ 149/1050] fetch-failed  -            Kokoro Restaurant
[ 150/1050] fetch-failed  -            La Mixteca
[ 151/1050] fetch-failed  -            Uncle Biffs California Killer Cookies
[ 152/1050] fetch-failed  -            Donuts Plus
[ 153/1050] fetch-failed  -            Handel's Homemade Ice Cream
[ 154/1050] fetch-failed  -            Bravo Cafe
[ 155/1050] fetch-failed  -            Silverlake Ramen
[ 156/1050] fetch-failed  -            Porky's Lechon Barbecue
[ 157/1050] fetch-failed  -            Pizza Mania
[ 158/1050] fetch-failed  -            Flor and Seed Coffee Roasters
[ 159/1050] fetch-failed  -            Crossroads Deli
[ 160/1050] fetch-failed  -            Opa Greek Restaurant & Grill
[ 161/1050] fetch-failed  -            Elixir Espresso & Wine Bar
[ 162/1050] fetch-failed  -            White Labs Brewing Co - San Diego
[ 163/1050] fetch-failed  -            KD's Donuts
[ 164/1050] fetch-failed  -            Potato Corner
[ 165/1050] fetch-failed  -            Imperial Express
[ 166/1050] fetch-failed  -            Glazed Coffee & Creamery
[ 167/1050] fetch-failed  -            The Orient Thai
[ 168/1050] fetch-failed  -            The Naked Cafe
[ 169/1050] fetch-failed  -            Cielo Rooftop
[ 170/1050] fetch-failed  -            Kaffee Meister
[ 171/1050] fetch-failed  -            Luna Grill Encinitas
[ 172/1050] fetch-failed  -            Beach + Taco Shack
[ 173/1050] fetch-failed  -            Nothing Bundt Cakes
[ 174/1050] fetch-failed  -            The Leucadian
[ 175/1050] fetch-failed  -            ENO Market & Pizzeria
[ 176/1050] fetch-failed  -            IB Thai
[ 177/1050] fetch-failed  -            Thyme for Lunch Cafe & Grill
[ 178/1050] fetch-failed  -            Phở Hòa Restaurant | Vietnamese
[ 179/1050] fetch-failed  -            Ko-Li Bar
[ 180/1050] fetch-failed  -            SoCal Sushi
[ 181/1050] fetch-failed  -            Mesa Agricola
[ 182/1050] fetch-failed  -            The Grounds Bean Bar
[ 183/1050] fetch-failed  -            Bistro Pazzo
[ 184/1050] fetch-failed  -            Que Tortas
[ 185/1050] fetch-failed  -            Industrial Grind Coffee
[ 186/1050] fetch-failed  -            James Coffee Co
[ 187/1050] fetch-failed  -            Seven Seas Roasting Company
[ 188/1050] fetch-failed  -            Fat Joe’s O’side
[ 189/1050] fetch-failed  -            Pho Hiep & Grill
[ 190/1050] fetch-failed  -            Kaito Sushi
[ 191/1050] fetch-failed  -            YuJing Chinese Restaurant
[ 192/1050] fetch-failed  -            Chopsticks Chinese Cuisine
[ 193/1050] fetch-failed  -            Donut Factory
[ 194/1050] fetch-failed  -            Tea Pavilion
[ 195/1050] fetch-failed  -            La Moreliana
[ 196/1050] fetch-failed  -            Banh Mi Blvd
[ 197/1050] fetch-failed  -            Dot Cafe
[ 198/1050] fetch-failed  -            BB's Deli
[ 199/1050] fetch-failed  -            Blue Pepper Asian Cuisine
[ 200/1050] fetch-failed  -            Bar Kamon
[ 201/1050] fetch-failed  -            Valentinas Taco Shop
[ 202/1050] fetch-failed  -            Memo's Golden Bagel
[ 203/1050] fetch-failed  -            Le Macaron French Pastries
[ 204/1050] fetch-failed  -            Seaview Restaurant
[ 205/1050] fetch-failed  -            The Reunion
[ 206/1050] fetch-failed  -            Iron Wok
[ 207/1050] fetch-failed  -            Eat Your Heart Out II
[ 208/1050] fetch-failed  -            Lime in the Coconut
[ 209/1050] fetch-failed  -            Kalei's Kitchenette
[ 210/1050] fetch-failed  -            Baja Rick's Cantina
[ 211/1050] fetch-failed  -            Rock On Pizza
[ 212/1050] fetch-failed  -            San Diego Blenders
[ 213/1050] fetch-failed  -            Joses Taco Shop
[ 214/1050] fetch-failed  -            Purple Owl Cafe
[ 215/1050] fetch-failed  -            Nanay's Best BBQ
[ 216/1050] fetch-failed  -            Victor's Kafe - Poway
[ 217/1050] fetch-failed  -            Sue's Korean Kitchen
[ 218/1050] fetch-failed  -            Little Ceasar's
[ 219/1050] fetch-failed  -            Black Radish
[ 220/1050] fetch-failed  -            Al Teatro Panini Grill
[ 221/1050] fetch-failed  -            Idego Coffee Roasters
[ 222/1050] fetch-failed  -            Explorers Café
[ 223/1050] fetch-failed  -            Criscito Pizza
[ 224/1050] fetch-failed  -            Rosarito's Mexican Food #2
[ 225/1050] fetch-failed  -            Tacoman
[ 226/1050] fetch-failed  -            Nolberto's Taco Shop
[ 227/1050] fetch-failed  -            Thai Fresh
[ 228/1050] fetch-failed  -            Sweet Revenge Bakery
[ 229/1050] fetch-failed  -            Hino
[ 230/1050] fetch-failed  -            Fan-Fan
[ 231/1050] fetch-failed  -            Red Ribbon Bakeshop
[ 232/1050] fetch-failed  -            Surfdog's Java Hot
[ 233/1050] fetch-failed  -            Gotcha
[ 234/1050] fetch-failed  -            The Luau
[ 235/1050] fetch-failed  -            Prince Hookah Cafe
[ 236/1050] fetch-failed  -            World Famous I Bar
[ 237/1050] fetch-failed  -            P B Pub
[ 238/1050] fetch-failed  -            Coral Tree Tea House
[ 239/1050] fetch-failed  -            Red Ribbon Bakeshop
[ 240/1050] fetch-failed  -            Thai Style
[ 241/1050] fetch-failed  -            Mother's Kitchen
[ 242/1050] fetch-failed  -            Aztec Food Hub
[ 243/1050] fetch-failed  -            Mr. Charlie's
[ 244/1050] fetch-failed  -            Brown Bag Deli
[ 245/1050] fetch-failed  -            Crispy Chicken n' Tomato
[ 246/1050] fetch-failed  -            The Halal Shack
[ 247/1050] fetch-failed  -            Tony’s Newport Cafe
[ 248/1050] fetch-failed  -            Zhang Liang Malatang
[ 249/1050] fetch-failed  -            Corner Cafe | Chinese
[ 250/1050] fetch-failed  -            Stagecoach Inn
[ 251/1050] fetch-failed  -            Gong Cha
[ 252/1050] fetch-failed  -            Donut Stop
[ 253/1050] fetch-failed  -            Taco Time Food Truck
[ 254/1050] fetch-failed  -            Kona Coffee
[ 255/1050] fetch-failed  -            The Elegant Truffle
[ 256/1050] fetch-failed  -            D Wings & Ribs
[ 257/1050] fetch-failed  -            Nothing Bundt Cakes
[ 258/1050] fetch-failed  -            Millport
[ 259/1050] fetch-failed  -            Panorama Bar & Grill
[ 260/1050] fetch-failed  -            La Perlita Mexican Food
[ 261/1050] fetch-failed  -            The Crack Shack - Pacific Beach
[ 262/1050] fetch-failed  -            Seahorse Coffee
[ 263/1050] fetch-failed  -            Matoi
[ 264/1050] fetch-failed  -            The Deli Stop
[ 265/1050] fetch-failed  -            Bonehead Burger Co.
[ 266/1050] fetch-failed  -            Poki Poki - Encinitas
[ 267/1050] fetch-failed  -            Cargo Cafe
[ 268/1050] fetch-failed  -            Chin's Gourmet
[ 269/1050] fetch-failed  -            Zhengxin Chicken Steak
[ 270/1050] fetch-failed  -            Parkys
[ 271/1050] fetch-failed  -            Shanghai Cuisine
[ 272/1050] fetch-failed  -            Elixir Espresso Bar
[ 273/1050] fetch-failed  -            Topside Terrace Kitchen & Bar
[ 274/1050] fetch-failed  -            Sul & Beans
[ 275/1050] fetch-failed  -            China Express
[ 276/1050] fetch-failed  -            Pho Olala
[ 277/1050] fetch-failed  -            Gor Gai Thai Eatery
[ 278/1050] fetch-failed  -            Hooked On Pokè
[ 279/1050] fetch-failed  -            Hancock Street Cafe
[ 280/1050] fetch-failed  -            ZzanG Hotdog & Chicken
[ 281/1050] fetch-failed  -            The Peruvian Spot
[ 282/1050] fetch-failed  -            Roots Bowls
[ 283/1050] fetch-failed  -            The Lean Machine Meal Prep
[ 284/1050] fetch-failed  -            Sweetfin
[ 285/1050] fetch-failed  -            Deano's Pub
[ 286/1050] fetch-failed  -            Daniel's Taco Shop
[ 287/1050] fetch-failed  -            Le Rendez-Vous French Bakery
[ 288/1050] fetch-failed  -            Teaspoon
[ 289/1050] fetch-failed  -            Chen Golden Palace
[ 290/1050] fetch-failed  -            Channel 2 Sports Bar
[ 291/1050] fetch-failed  -            Pick Up Stix Fresh Asian Flavors
[ 292/1050] fetch-failed  -            Hot or Not Thai
[ 293/1050] fetch-failed  -            Szechuan Chef Chinese Cuisine
[ 294/1050] fetch-failed  -            Rosaria's Pizza 4
[ 295/1050] fetch-failed  -            Bistro Kaz
[ 296/1050] fetch-failed  -            DaYung's Tea
[ 297/1050] fetch-failed  -            Tulum Seafood
[ 298/1050] fetch-failed  -            Flippin Pizza Encinitas
[ 299/1050] fetch-failed  -            Vitality Bowls
[ 300/1050] fetch-failed  -            Upper East
[ 301/1050] fetch-failed  -            Mike Hess Brewing Tasting Room
[ 302/1050] fetch-failed  -            La Central
[ 303/1050] fetch-failed  -            City Dragon
[ 304/1050] fetch-failed  -            Long Story Irish Pub
[ 305/1050] fetch-failed  -            It's A Piece A Cake
[ 306/1050] fetch-failed  -            Musashiya
[ 307/1050] fetch-failed  -            The Brass Rail
[ 308/1050] fetch-failed  -            San Diego Eagle
[ 309/1050] fetch-failed  -            Kinchana
[ 310/1050] fetch-failed  -            Goyo's Bakery
[ 311/1050] fetch-failed  -            Sidny's Bagels & Deli
[ 312/1050] fetch-failed  -            Kaki Sushi
[ 313/1050] fetch-failed  -            CAFE 160
[ 314/1050] fetch-failed  -            Bale French Sandwiches
[ 315/1050] fetch-failed  -            Okavango Outpost
[ 316/1050] fetch-failed  -            Mosa Tea
[ 317/1050] fetch-failed  -            Taste of Thai
[ 318/1050] fetch-failed  -            Spoon House
[ 319/1050] fetch-failed  -            Agave Taco Shop
[ 320/1050] fetch-failed  -            African Spices
[ 321/1050] fetch-failed  -            Elsa's Kitchen
[ 322/1050] fetch-failed  -            Hoffer's Cigar Bar
[ 323/1050] fetch-failed  -            Gloria's Taco Shop
[ 324/1050] fetch-failed  -            Mike's Giant New York Pizza
[ 325/1050] fetch-failed  -            Achilles Coffee Roasters
[ 326/1050] fetch-failed  -            La Michoacana
[ 327/1050] fetch-failed  -            Mad Munch Grilled Cheezer Co.
[ 328/1050] fetch-failed  -            JNC Pinoy Foodmart
[ 329/1050] fetch-failed  -            Novecientos Grados by Tony Hawk
[ 330/1050] fetch-failed  -            Dora
[ 331/1050] fetch-failed  -            Frida's Taqueria
[ 332/1050] fetch-failed  -            Thai Ladle
[ 333/1050] fetch-failed  -            Bopomofo Cafe
[ 334/1050] fetch-failed  -            Nobu
[ 335/1050] fetch-failed  -            Teriyaki Madness
[ 336/1050] fetch-failed  -            Cool Down Coffee
[ 337/1050] fetch-failed  -            Junction Bar & Grill
[ 338/1050] fetch-failed  -            Leos Kitchen
[ 339/1050] fetch-failed  -            Goli
[ 340/1050] fetch-failed  -            Manzanita Roasting Co
[ 341/1050] fetch-failed  -            Juice Kaboose
[ 342/1050] fetch-failed  -            Donut Bros
[ 343/1050] fetch-failed  -            Smittys Downtown
[ 344/1050] fetch-failed  -            Pizzabilities - Alpine
[ 345/1050] fetch-failed  -            Urban Bubble
[ 346/1050] fetch-failed  -            Tom's Chinese BBQ
[ 347/1050] fetch-failed  -            La Nacional
[ 348/1050] fetch-failed  -            Deli Belly
[ 349/1050] fetch-failed  -            Hyderabad Cafe
[ 350/1050] fetch-failed  -            Roma's Pizza
[ 351/1050] fetch-failed  -            Tasty Pizza Escondido LLC
[ 352/1050] fetch-failed  -            Ma's House
[ 353/1050] fetch-failed  -            Deano's Pub East
[ 354/1050] fetch-failed  -            Juice Stop Encinitas
[ 355/1050] fetch-failed  -            La Banana Fruits - Fruteria
[ 356/1050] fetch-failed  -            Angela's Eccentric Kitchen
[ 357/1050] fetch-failed  -            Angry Petes Pizza Point Loma
[ 358/1050] fetch-failed  -            Star Express
[ 359/1050] fetch-failed  -            Kind Coffee
[ 360/1050] fetch-failed  -            Understory Bar
[ 361/1050] fetch-failed  -            Picasso's Naturals
[ 362/1050] fetch-failed  -            Spicy Noodle
[ 363/1050] fetch-failed  -            Nova Easy Kombucha
[ 364/1050] fetch-failed  -            Rad Habits Juice
[ 365/1050] fetch-failed  -            Bonchon Chicken
[ 366/1050] fetch-failed  -            Del Sushi
[ 367/1050] fetch-failed  -            Village Pub
[ 368/1050] fetch-failed  -            Tastea
[ 369/1050] fetch-failed  -            Juice Caboose
[ 370/1050] fetch-failed  -            Mariscos y Miches El Patron
[ 371/1050] fetch-failed  -            Granny's Apple Fries
[ 372/1050] fetch-failed  -            Hometown Taste
[ 373/1050] fetch-failed  -            Burrito King
[ 374/1050] fetch-failed  -            Vica’s Cafe
[ 375/1050] fetch-failed  -            Bowl To Go
[ 376/1050] fetch-failed  -            Burekas Box
[ 377/1050] fetch-failed  -            Seven Seas Roasting
[ 378/1050] fetch-failed  -            El Mercadito
[ 379/1050] fetch-failed  -            Dog Leg Brewing
[ 380/1050] fetch-failed  -            Unique Sandwiches
[ 381/1050] fetch-failed  -            Gem Coffee
[ 382/1050] fetch-failed  -            A Louest
[ 383/1050] fetch-failed  -            Gihon Ethiopian Kitchen
[ 384/1050] fetch-failed  -            Cheers
[ 385/1050] fetch-failed  -            Java Earth Coffee
[ 386/1050] fetch-failed  -            Star Dust Donut Shop
[ 387/1050] fetch-failed  -            Cj Lounge
[ 388/1050] fetch-failed  -            Orient Valley Filipino Cuisine
[ 389/1050] fetch-failed  -            Tutti Frutti Frozen Yogurt
[ 390/1050] fetch-failed  -            Las Michoacanas
[ 391/1050] fetch-failed  -            The Pad Thai Stand
[ 392/1050] fetch-failed  -            Kinme Omakase
[ 393/1050] fetch-failed  -            The Craft Taco at The Nat
[ 394/1050] fetch-failed  -            Sarku Japan
[ 395/1050] fetch-failed  -            Erika's Mexican Food & Seafood
[ 396/1050] fetch-failed  -            Ten Seconds Yunnan Rice Noodle
[ 397/1050] fetch-failed  -            Bang Bang
[ 398/1050] fetch-failed  -            Jungle Tea
[ 399/1050] fetch-failed  -            R3fresh Juice Bar
[ 400/1050] fetch-failed  -            Papa's Pizza
[ 401/1050] fetch-failed  -            Social hookah lounge
[ 402/1050] fetch-failed  -            Castelli & Pizarro Family Vineyards & Winery
[ 403/1050] fetch-failed  -            Burros and Fries
[ 404/1050] fetch-failed  -            Park Commons
[ 405/1050] fetch-failed  -            Hongyuan Kebab
[ 406/1050] fetch-failed  -            Bobalicious
[ 407/1050] fetch-failed  -            SusieCakes - Carlsbad
[ 408/1050] fetch-failed  -            Tu Thanh
[ 409/1050] fetch-failed  -            La michoacana Plus San Diego #2
[ 410/1050] fetch-failed  -            China Fun
[ 411/1050] fetch-failed  -            Grab & Go - Mission Hills
[ 412/1050] fetch-failed  -            Kim's Bar-B-Que
[ 413/1050] fetch-failed  -            Rambler Coffee
[ 414/1050] fetch-failed  -            Hammer's New York Pizza
[ 415/1050] fetch-failed  -            K & K Orient Valley Food Center
[ 416/1050] fetch-failed  -            PB Oriental
[ 417/1050] fetch-failed  -            DRIFT La Jolla
[ 418/1050] fetch-failed  -            Landshark Bar & Grill
[ 419/1050] fetch-failed  -            PKI Sushi
[ 420/1050] fetch-failed  -            Del Cerro Pizza
[ 421/1050] fetch-failed  -            Leucadia Pizza
[ 422/1050] fetch-failed  -            Modern Times Coffee
[ 423/1050] fetch-failed  -            Marketplace Grille
[ 424/1050] fetch-failed  -            Prendi E Vai
[ 425/1050] fetch-failed  -            Bar Ella
[ 426/1050] fetch-failed  -            Bubbles & Brews Cafe
[ 427/1050] fetch-failed  -            Tous les Jours
[ 428/1050] fetch-failed  -            Go Greek Authentic Yogurteria
[ 429/1050] fetch-failed  -            Sieu Sieu BBQ
[ 430/1050] fetch-failed  -            El Viejon
[ 431/1050] fetch-failed  -            Cherry Bomb
[ 432/1050] fetch-failed  -            The Pearl Restaurant
[ 433/1050] fetch-failed  -            Casa Fiesta Juice Bar
[ 434/1050] fetch-failed  -            Mariscos La Morena
[ 435/1050] fetch-failed  -            Flour Atelier
[ 436/1050] fetch-failed  -            Happytime Tea
[ 437/1050] fetch-failed  -            Möge Tee
[ 438/1050] fetch-failed  -            Knights' Smokehouse BBQ
[ 439/1050] fetch-failed  -            Lapper Kitchen + Tap
[ 440/1050] fetch-failed  -            Imperial Palace
[ 441/1050] fetch-failed  -            Roppongi
[ 442/1050] fetch-failed  -            Egg Holic
[ 443/1050] fetch-failed  -            Nothing Bundt Cakes
[ 444/1050] fetch-failed  -            Kim's Deli
[ 445/1050] fetch-failed  -            Vinya Yoga and Wine Bar
[ 446/1050] fetch-failed  -            Quick Wok
[ 447/1050] fetch-failed  -            Qin West
[ 448/1050] fetch-failed  -            Vinh Long Food To Go
[ 449/1050] fetch-failed  -            Casa De Otay – The Casita
[ 450/1050] fetch-failed  -            Taco Loco
[ 451/1050] fetch-failed  -            Yas Lounge
[ 452/1050] fetch-failed  -            T. P. Bánh Bao 3
[ 453/1050] fetch-failed  -            Campus Cafe
[ 454/1050] fetch-failed  -            Ching's Famous Hopia
[ 455/1050] fetch-failed  -            Cafe Aero
[ 456/1050] fetch-failed  -            Valerio's 1979
[ 457/1050] fetch-failed  -            Hua Mei Cafe
[ 458/1050] fetch-failed  -            Necter Juice Bar
[ 459/1050] fetch-failed  -            LJ Crafted Wines - Wines & Tastings
[ 460/1050] fetch-failed  -            Josie's Hideout Saloon
[ 461/1050] fetch-failed  -            The Pad Thai Stand
[ 462/1050] fetch-failed  -            Gather
[ 463/1050] fetch-failed  -            Oakberry Açaí bowls
[ 464/1050] fetch-failed  -            Presotea
[ 465/1050] fetch-failed  -            De Kotija Taco Shop LLC
[ 466/1050] fetch-failed  -            D'liteful Chocolat
[ 467/1050] fetch-failed  -            Creperie Antoinette
[ 468/1050] fetch-failed  -            Mochinut
[ 469/1050] fetch-failed  -            Tree House
[ 470/1050] fetch-failed  -            Trevi Hills Winery
[ 471/1050] fetch-failed  -            Bonita Donuts
[ 472/1050] fetch-failed  -            Tasty Donuts
[ 473/1050] fetch-failed  -            Old Town Eatery
[ 474/1050] fetch-failed  -            Poke One N Half
[ 475/1050] fetch-failed  -            Jamal's Chicken
[ 476/1050] fetch-failed  -            Lambers Chinese Bakery
[ 477/1050] fetch-failed  -            Nomada
[ 478/1050] fetch-failed  -            Cha Cha Tea Spot
[ 479/1050] fetch-failed  -            Cafe Pascale Grill & Deli
[ 480/1050] fetch-failed  -            Sunny Dumpling House
[ 481/1050] fetch-failed  -            Tres Hermanos Locos Tacos
[ 482/1050] fetch-failed  -            Guerrero Taco Shop
[ 483/1050] fetch-failed  -            Off the Vine Gardens Deli And Catering
[ 484/1050] fetch-failed  -            Sydney's
[ 485/1050] fetch-failed  -            Cluck N Sip
[ 486/1050] fetch-failed  -            Bean Box
[ 487/1050] fetch-failed  -            Pure Squeeze
[ 488/1050] fetch-failed  -            Divina Matcha
[ 489/1050] fetch-failed  -            DaYung's Tea
[ 490/1050] fetch-failed  -            Nothing Bundt Cakes
[ 491/1050] fetch-failed  -            Playa Azul Mariscos Restaurant
[ 492/1050] fetch-failed  -            Grubz
[ 493/1050] fetch-failed  -            Ohana Nutrition
[ 494/1050] fetch-failed  -            Warner Springs Golf Shop & Grill
[ 495/1050] fetch-failed  -            Qualcomm Cafe Q
[ 496/1050] fetch-failed  -            Jaguar Paw
[ 497/1050] fetch-failed  -            Linda's Yogurt & Deli
[ 498/1050] fetch-failed  -            56 Thai Cafe
[ 499/1050] fetch-failed  -            Asia Wok Teppanyaki & Chinese Food
[ 500/1050] fetch-failed  -            All That Shabu
[ 501/1050] fetch-failed  -            Bivouac Adventure Lodge Coffee Shop
[ 502/1050] fetch-failed  -            Boba Tea Spot
[ 503/1050] fetch-failed  -            Cali Banh Mi
[ 504/1050] fetch-failed  -            The Grillery
[ 505/1050] fetch-failed  -            Montebello
[ 506/1050] fetch-failed  -            The Golf Bar
[ 507/1050] fetch-failed  -            Ba Le French Sandwich Shop
[ 508/1050] fetch-failed  -            Cargo Cafe - Paseo Del Mar
[ 509/1050] fetch-failed  -            Tazza D'Oro
[ 510/1050] fetch-failed  -            All Things Ube Desserts
[ 511/1050] fetch-failed  -            Pita Pit
[ 512/1050] fetch-failed  -            Pub 1795
[ 513/1050] fetch-failed  -            Alohana Açaí Bowls
[ 514/1050] fetch-failed  -            5 O'Clock Somewhere Rooftop Bar
[ 515/1050] fetch-failed  -            Suki Hana
[ 516/1050] fetch-failed  -            Johnny Radz Pizza
[ 517/1050] fetch-failed  -            Mike Hess Brewing - Seaport Village Taphouse
[ 518/1050] fetch-failed  -            Route 6 Coffee & Smoothies
[ 519/1050] fetch-failed  -            The Loft at UC San Diego
[ 520/1050] fetch-failed  -            Grab & Go
[ 521/1050] fetch-failed  -            Ziggi's Coffee
[ 522/1050] fetch-failed  -            Sunright Tea Studio
[ 523/1050] fetch-failed  -            La Pizzeria Arrivederci
[ 524/1050] fetch-failed  -            Shabu Spot
[ 525/1050] fetch-failed  -            J & J's Mexican Food
[ 526/1050] fetch-failed  -            Huy Ky Bakery
[ 527/1050] fetch-failed  -            F Street Cafe
[ 528/1050] fetch-failed  -            Enoteca Buona Forchetta
[ 529/1050] fetch-failed  -            Dockside Casual Seafood Counter
[ 530/1050] fetch-failed  -            Zoo Brew
[ 531/1050] fetch-failed  -            Pizza Grande
[ 532/1050] fetch-failed  -            Zest Wine Bistro
[ 533/1050] fetch-failed  -            The MRKT
[ 534/1050] fetch-failed  -            Healthy Grill Mediterranean
[ 535/1050] fetch-failed  -            Yuki Yuki
[ 536/1050] fetch-failed  -            Suki Hana
[ 537/1050] fetch-failed  -            62 Area Chow Hall
[ 538/1050] no-platform   -            Royal Pearl Tea
[ 539/1050] no-platform   -            Forum Deli
[ 540/1050] no-platform   -            Craft Pizza
[ 541/1050] no-platform   -            Test Kitchen
[ 542/1050] too-few       netwaiter    Sandwich Place
[ 543/1050] no-platform   -            Plaza Deli
[ 544/1050] no-platform   -            Manta Pizza
[ 545/1050] no-platform   -            Moniker General
[ 546/1050] no-platform   -            Pure Green
[ 547/1050] no-platform   -            Madina Market Halal Fast Food
[ 548/1050] wrong-branch  toast        Tapas Bar
[ 549/1050] no-platform   -            Blue Bowl Superfoods
[ 550/1050] no-platform   -            longball cocktail
[ 551/1050] needs-browser -            Market One
[ 552/1050] no-platform   -            Michoacana Mia - SDSU
[ 553/1050] no-platform   -            La Paloma
[ 554/1050] needs-browser -            Fresca Deli .
[ 555/1050] no-platform   -            Chester's
[ 556/1050] no-platform   -            Showa Ramen
[ 557/1050] no-platform   -            Sip Fresh
[ 558/1050] no-platform   -            The Lookout at Lake Poway
[ 559/1050] no-platform   -            Prado Perk
[ 560/1050] no-platform   -            Mombasa Cooker
[ 561/1050] no-platform   -            Surf City Squeeze
[ 562/1050] fetch-failed  -            Mister G Salsa
[ 563/1050] no-platform   -            Collette’s Collaborative Collective Cuisine
[ 564/1050] no-platform   -            El Cilantro Mexican Grill
[ 565/1050] no-platform   -            FiveO3 Pupusas
[ 566/1050] needs-browser order.online WUHU TEA & DELI
[ 567/1050] fetch-failed  -            Unico Juice Shop
[ 568/1050] wrong-branch  toast        Coco Bomb
[ 569/1050] no-platform   -            FLAVORS EXPRESS SDSU
[ 570/1050] needs-browser Square Online storefront The Bean Box 701
[ 571/1050] no-platform   -            Topo's Tacos
[ 572/1050] no-platform   -            Thérapie Bistro
[ 573/1050] no-platform   -            Chagee
[ 574/1050] needs-browser Square Online storefront Ramen Station
[ 575/1050] needs-browser SpotOn       Oriste Fairway Cafe
[ 576/1050] no-platform   -            Lò Bánh Cuốn Tân Định
[ 577/1050] no-platform   -            Boba n More
[ 578/1050] fetch-failed  -            El huevo estrellado # 2
[ 579/1050] no-platform   -            Finca Casa Blanca
[ 580/1050] no-platform   -            Bert's Bistro
[ 581/1050] needs-browser Square Online storefront Cargo Cafe - Wateridge
[ 582/1050] needs-browser Square Online storefront Cargo Cafe - Gateway
[ 583/1050] fetch-failed  -            Med Cafe
[ 584/1050] no-platform   -            El Camino
[ 585/1050] no-platform   -            PanPan Wok
[ 586/1050] no-platform   -            Bosley Cafe
[ 587/1050] no-platform   -            Mr. Buffalo Fries
[ 588/1050] too-few       netwaiter    LA PLACE DELI
[ 589/1050] needs-browser Square Online storefront Copa Vida
[ 590/1050] no-platform   -            Rubio's Coastal Grill
[ 591/1050] no-platform   -            Rubio's Coastal Grill
[ 592/1050] needs-browser -            The Great Greek Mediterranean Grill - Oceanside, CA
[ 593/1050] no-platform   -            Rubio's Coastal Grill
[ 594/1050] no-platform   -            Troy's Greek Restaurant
[ 595/1050] no-platform   -            Cocina 35 brunch
[ 596/1050] no-platform   -            Olive Branch Eatery
[ 597/1050] no-platform   -            MAKE Cafe
[ 598/1050] no-platform   -            Breakers
[ 599/1050] no-platform   -            Campland Cantina
[ 600/1050] fetch-failed  -            Mis Dos Gallos Taqueria, Fruit & Deli
[ 601/1050] no-platform   -            Monserate Winery
[ 602/1050] no-platform   -            Shake Smart
[ 603/1050] no-platform   -            Thai Thai Melrose Restaurant
[ 604/1050] needs-browser slice        Massachusetts Mike's Pizzeria
[ 605/1050] no-platform   -            Rocko's Family Restaurant
[ 606/1050] needs-browser chownow      CinKuni (Italian & Japanese Cuisine)
[ 607/1050] needs-browser slice        Pop's Pizza
[ 608/1050] no-platform   -            Trisler's San Diego Wine Bar
[ 609/1050] no-platform   -            Pha Khao Lao Cuisine
[ 610/1050] no-platform   -            Kiiro Sushi Izakaya
[ 611/1050] no-platform   -            Piedra Santa
[ 612/1050] no-platform   -            tiger!tiger!
[ 613/1050] needs-browser olo          Panini Kabob Grill - Park 12
[ 614/1050] fetch-failed  -            the Koffie Co
[ 615/1050] no-platform   -            The Honor Bar
[ 616/1050] no-platform   -            Acai Republic - Oceanside
[ 617/1050] no-platform   -            Nicolosi's Pizza (Mira Lee Way)
[ 618/1050] no-platform   -            Buca di Beppo Italian Restaurant
[ 619/1050] needs-browser toast        QUICK BITES CAFE / Best Sandwiches
[ 620/1050] needs-browser slice        West Coast Pizza Company
[ 621/1050] no-platform   -            Banzai Bowls
[ 622/1050] needs-browser order.online Scoops Ocean Beach
[ 623/1050] no-platform   -            Fleurette
[ 624/1050] needs-browser Square Online storefront Prager Brothers Artisan Breads
[ 625/1050] no-platform   -            Alborz Restaurant
[ 626/1050] no-platform   -            T&T Tacos & Tequila Grill & Cantina
[ 627/1050] no-platform   -            CABETOS Pops
[ 628/1050] no-platform   -            The Reading Club
[ 629/1050] screened-out  clover       Mission Baja Tacos
[ 630/1050] no-platform   -            Little Victory Wine Bar
[ 631/1050] fetch-failed  -            Mandarin Wok Restaurant
[ 632/1050] no-platform   -            Banzai Bowls
[ 633/1050] fetch-failed  -            Top of the Bagel
[ 634/1050] no-platform   -            Monster Snacks
[ 635/1050] no-platform   -            Photo House
[ 636/1050] no-platform   -            La Mesita Mexican Food
[ 637/1050] gated         chownow      Beeside Balcony La Jolla
[ 638/1050] no-platform   -            Simply Fresh Thai
[ 639/1050] no-platform   -            Chocolate Bash
[ 640/1050] no-platform   -            Time Out Café
[ 641/1050] no-platform   -            La Casa Verde
[ 642/1050] needs-browser chownow      Burger Bench Vista
[ 643/1050] needs-browser order.online EsKiNiTa
[ 644/1050] no-platform   -            TAKARAMONO SUSHI
[ 645/1050] fetch-failed  -            Lefty's Cheesesteaks
[ 646/1050] filed         own-jsonld   Fish Boon
[ 647/1050] no-platform   -            Pho Nam Cali
[ 648/1050] no-platform   -            IZOLA
[ 649/1050] too-few       netwaiter    Wings mix
[ 650/1050] no-platform   -            Juice Alchemy
[ 651/1050] needs-browser MealKeyWay   Pho Tan
[ 652/1050] no-platform   -            Pei Wei
[ 653/1050] no-platform   -            Saigon Star Restaurant
[ 654/1050] no-platform   -            Tacos el Niño Santana
[ 655/1050] needs-browser toast        Sultan Baklava
[ 656/1050] no-platform   -            Buffalo Wild Wings GO
[ 657/1050] no-platform   -            La Salsa
[ 658/1050] fetch-failed  -            Kona Craft Cafe
[ 659/1050] no-platform   -            El Flako's Wrangler Barbecue
[ 660/1050] no-platform   -            Diego's Taco Shop
[ 661/1050] no-platform   -            Pietro's Cucina Italiana
[ 662/1050] no-platform   -            The Alley Otay Mesa
[ 663/1050] no-platform   -            Relic Bakery & Kitchen
[ 664/1050] no-platform   -            Burtech Family Vineyard Tasting Room
[ 665/1050] no-platform   -            UT-HO Boba & Baguette
[ 666/1050] no-platform   -            Two Hands Corn Dog Mira Mesa
[ 667/1050] no-platform   -            Los Cucos Mexican Food
[ 668/1050] no-platform   -            Paris Baguette
[ 669/1050] needs-browser order.online Burrito Leo's Mexican Food
[ 670/1050] no-platform   -            Flame Broiler
[ 671/1050] no-platform   -            Green Cheek Beer Co.
[ 672/1050] no-platform   -            Good Omen Coffee Co
[ 673/1050] wrong-branch  toast        Oceanside Fish Shop
[ 674/1050] no-platform   -            Los Armando's Mexican Food
[ 675/1050] needs-browser Square Online (own domain) Beach City Smoothies
[ 676/1050] no-platform   -            CHINA CHEF 1
[ 677/1050] no-platform   -            Safari Coffee Outpost
[ 678/1050] needs-browser plain-html   Chef’s Wok & Dumplings
[ 679/1050] no-platform   -            Good Source Coffee
[ 680/1050] no-platform   -            Thai Table Time
[ 681/1050] no-platform   -            CTZN
[ 682/1050] no-platform   -            Sound by the Sea
[ 683/1050] needs-browser MealKeyWay   Ocean Buffet
[ 684/1050] no-platform   -            Urban Location Boba Tea House San Diego
[ 685/1050] no-platform   -            Leu Leu
[ 686/1050] screened-out  shopify      Trident Coffee Pacific Beach
[ 687/1050] no-platform   -            Merenda
[ 688/1050] no-platform   -            Pizza Guys
[ 689/1050] no-platform   -            La Mesa Pizzaworks
[ 690/1050] no-platform   -            Great Wok of China
[ 691/1050] no-platform   -            Charli's Landing
[ 692/1050] needs-browser spothopper   Players Sports Grill
[ 693/1050] no-platform   -            Eclipse Chocolat
[ 694/1050] needs-browser order.online El Ranchero
[ 695/1050] too-few       netwaiter    Thai Pasta
[ 696/1050] needs-browser Square Online storefront PB Poke House Oceanside
[ 697/1050] needs-browser MealKeyWay   Hi!Dumplings
[ 698/1050] screened-out  shopify      Ascend Coffee Roasters
[ 699/1050] gated         toast        Corbin's Q
[ 700/1050] needs-browser -            Baked Thicc
[ 701/1050] needs-browser -            Yogurt Lounge Serra Mesa
[ 702/1050] no-platform   -            Kin Saep
[ 703/1050] no-platform   -            Gintaro Sushi
[ 704/1050] fetch-failed  -            Tacos Locos Tasty Mexican Food
[ 705/1050] no-platform   -            Sam's Farm Fresh
[ 706/1050] no-platform   -            The Crimson Cake
[ 707/1050] no-platform   -            Emiliana's Mexican & Deli Food
[ 708/1050] no-platform   -            Comstock Bar & Grill
[ 709/1050] needs-browser MealKeyWay   Tengu Ramen
[ 710/1050] no-platform   -            Jaws Topokki
[ 711/1050] no-platform   -            Canyon Inn
[ 712/1050] needs-browser toast        Docent Brewing
[ 713/1050] no-platform   -            Belinda's Familia Mexican Food Truck
[ 714/1050] needs-browser -            Sukho Thai Extraordinaire
[ 715/1050] gated         chownow      Finney's Crafthouse
[ 716/1050] filed         spothopper   Cabo Cantina
[ 717/1050] no-platform   -            AleSmith Brewing Company
[ 718/1050] no-platform   -            Aromi Italian Cuisine
[ 719/1050] no-platform   -            Le Coq
[ 720/1050] no-platform   -            Mo-Mo Paradise
[ 721/1050] needs-browser clover       Ryan Bros Coffee City Heights
[ 722/1050] no-platform   -            China bros
[ 723/1050] too-few       own-jsonld   The Oceanaire Seafood Room
[ 724/1050] no-platform   -            EL ENCANTO SD
[ 725/1050] needs-browser toast        ALOHA GRILL
[ 726/1050] needs-browser toast        Smokin J's BBQ & Taphouse
[ 727/1050] needs-browser toast        Chef Fei
[ 728/1050] fetch-failed  -            OB Kebab
[ 729/1050] needs-browser Square Online storefront Lucha Libre Taco Shop
[ 730/1050] fetch-failed  -            OB Garden Café
[ 731/1050] no-platform   -            George’s Bar
[ 732/1050] gated         chownow      Handel’s Homemade Ice Cream
[ 733/1050] needs-browser slice        Allen's New York Pizza
[ 734/1050] needs-browser toast        Naked Pizza
[ 735/1050] no-platform   -            Sonny’s Pizza
[ 736/1050] needs-browser slice        Pastalini
[ 737/1050] no-platform   -            Panpan wok
[ 738/1050] needs-browser clover       Himalayan Bistro Oceanside
[ 739/1050] no-platform   -            Old World Meat Company
[ 740/1050] needs-browser slice        HillCrust Pizza
[ 741/1050] wrong-branch  toast        Carnitas’ Snack Shack
[ 742/1050] needs-browser chownow      Parakeet Juicery - La Jolla
[ 743/1050] needs-browser Square Online (own domain) BCB Coffee
[ 744/1050] screened-out  shopify      James Coffee Co.
[ 745/1050] no-platform   -            Grover's Grill
[ 746/1050] no-platform   -            House of Black
[ 747/1050] no-platform   -            Creme De La Crepe
[ 748/1050] fetch-failed  -            Sunny Side Solana
[ 749/1050] wrong-branch  ubereats     SugarBears Sweet Provisions
[ 750/1050] no-platform   -            El After Social Club
[ 751/1050] needs-browser -            NuYo Frozen Yogurt Telegraph Canyon
[ 752/1050] needs-browser SpotOn       Souplantation
[ 753/1050] no-platform   -            Bambinos Pizzeria & Deli #4
[ 754/1050] no-platform   -            China Fusion - Vista Way
[ 755/1050] screened-out  shopify      Ascend Coffee Roasters
[ 756/1050] no-platform   -            Graziano's Pizza Oceanside
[ 757/1050] no-platform   -            ZZan Sushi & Soju
[ 758/1050] no-platform   -            Border X Brewing
[ 759/1050] no-platform   -            Blanco Cocina + Cantina
[ 760/1050] needs-browser Square Online storefront House of Pho
[ 761/1050] no-platform   -            Tacotarian San Diego
[ 762/1050] no-platform   -            Rancho Grande El Toro Mexican Cuisine
[ 763/1050] no-platform   -            Caribbean Pleasure
[ 764/1050] no-platform   -            Finca
[ 765/1050] no-platform   -            Noodles
[ 766/1050] fetch-failed  -            Las Pinches Tortas
[ 767/1050] no-platform   -            Taco Villa
[ 768/1050] needs-browser toast        Angry Chickz - Oceanside
[ 769/1050] no-platform   -            Ernes Mexican Food & Breakfast
[ 770/1050] no-platform   -            MOOYAH Burgers, Fries & Shakes
[ 771/1050] needs-browser toast        Prey Brewing Company
[ 772/1050] no-platform   -            Ono Hawaiian BBQ
[ 773/1050] no-platform   -            Ocean Thai Cuisine
[ 774/1050] fetch-failed  -            Cork N Brew
[ 775/1050] no-platform   -            Backdraft Bar & Grill
[ 776/1050] needs-browser HungerRush   Buonasera New York Pizzeria
[ 777/1050] fetch-failed  -            Truluck's
[ 778/1050] wrong-branch  toast        Cozy Corner
[ 779/1050] needs-browser Square Online storefront Copa Vida
[ 780/1050] no-platform   -            Paris Baguette
[ 781/1050] needs-browser toast        Madeleine
[ 782/1050] filed         toast        Napatini Bistro and Wine Bar
[ 783/1050] no-platform   -            Gelato 101 Solana Beach
[ 784/1050] fetch-failed  -            Ju-ichi
[ 785/1050] fetch-failed  -            Savory Thai Restaurant
[ 786/1050] gated         toast        Barn Door Public House
[ 787/1050] needs-browser -            Taqueria El Kabron Jr.
[ 788/1050] needs-browser -            Tacaliente Mexican Grill
[ 789/1050] no-platform   -            Panda Imperial Restaurant
[ 790/1050] needs-browser -            1022 Cafe & Gelateria
[ 791/1050] no-platform   -            Mission Brewing (fka Rough Draft)
[ 792/1050] too-few       netwaiter    Su Pan Bakery El Cajon
[ 793/1050] gated         chownow      Handel's Homemade Ice Cream
[ 794/1050] no-platform   -            Pho Oceanside
[ 795/1050] needs-browser order.online El Rinconcito Fruteria
[ 796/1050] no-platform   -            Vinarius Wine Bar & Restaurant
[ 797/1050] needs-browser SpotOn       Tasty Pho
[ 798/1050] no-platform   -            Draft Republic San Marcos
[ 799/1050] no-platform   -            Mendoza’s Mexican Food
[ 800/1050] needs-browser toast        Higher Grounds Coffee + Café
[ 801/1050] fetch-failed  -            All Fried Up
[ 802/1050] no-platform   -            Camino Riviera
[ 803/1050] needs-browser toast        bcb Cafe
[ 804/1050] needs-browser chownow      Donburi Rice Bowls
[ 805/1050] no-platform   -            Aromas
[ 806/1050] wrong-branch  toast        Chin's Szechwan - Del Mar
[ 807/1050] no-platform   -            Pho House
[ 808/1050] no-platform   -            Breakwater Brewing Co.
[ 809/1050] wrong-branch  toast        Bubba’s Smokehouse BBQ
[ 810/1050] screened-out  shopify      Vigilante Coffee
[ 811/1050] screened-out  toast        Agave Birrieria
[ 812/1050] no-platform   -            Monserate Winery
[ 813/1050] no-platform   -            Golden Corral
[ 814/1050] too-few       netwaiter    Appetite
[ 815/1050] fetch-failed  -            Nory's Donut & Bakery
[ 816/1050] no-platform   -            Chicken & Crown
[ 817/1050] no-platform   -            La Sabrosita
[ 818/1050] no-platform   -            That Pizza Place - Carlsbad
[ 819/1050] needs-browser order.online Sabor a Vida Cafe & Deli
[ 820/1050] needs-browser toast        Tita's Taco Shop
[ 821/1050] no-platform   -            Tacos de Birria El Chinito Jr
[ 822/1050] no-platform   -            Green Vine Delicatessen
[ 823/1050] needs-browser -            Board & Brew - Escondido
[ 824/1050] no-platform   -            China Fun
[ 825/1050] needs-browser slice        Fiori’s Pizza
[ 826/1050] no-platform   -            Bovino
[ 827/1050] needs-browser toast        Paradisaea
[ 828/1050] no-platform   -            Fairbanks
[ 829/1050] no-platform   -            Oaks Bar Grill
[ 830/1050] no-platform   -            Rare Society
[ 831/1050] wrong-branch  toast        Taco Lounge Escaya
[ 832/1050] needs-browser Square Online storefront Purl Tea San Marcos
[ 833/1050] needs-browser -            Golden Spoon Carlsbad Plaza
[ 834/1050] no-platform   -            Pei Wei
[ 835/1050] no-platform   -            Crave
[ 836/1050] needs-browser plain-html   Nick's on State
[ 837/1050] no-platform   -            Stone Oven
[ 838/1050] fetch-failed  -            Dryer's Ice Cream Parlor
[ 839/1050] no-platform   -            University Towers Kitchen
[ 840/1050] no-platform   -            Paris Baguette
[ 841/1050] no-platform   -            TEC Cafe
[ 842/1050] no-platform   -            Beer Company
[ 843/1050] needs-browser SpotOn       CITRINA BERRY FRESH
[ 844/1050] no-platform   -            BCB Coffee Company
[ 845/1050] fetch-failed  -            Gooseberries kafe
[ 846/1050] no-platform   -            Karihan Filipino Food
[ 847/1050] no-platform   -            Sweet Labors
[ 848/1050] no-platform   -            Curbside Eatery & Drinkery
[ 849/1050] needs-browser toast        Stella Jean's Ice Cream Kensington
[ 850/1050] no-platform   -            Birria El Rey
[ 851/1050] no-platform   -            Baja Fresh
[ 852/1050] needs-browser toast        Trattoria da Sofia
[ 853/1050] fetch-failed  -            Trade Restaurant & Lounge
[ 854/1050] no-platform   -            Terrace Lounge
[ 855/1050] no-platform   -            GIHON Ethiopian Kitchen
[ 856/1050] no-platform   -            I Love Pho
[ 857/1050] needs-browser order.online Hummus Mediterranean Kitchen
[ 858/1050] no-platform   -            Thai Basil
[ 859/1050] needs-browser Square Online storefront Sushi Freak
[ 860/1050] needs-browser Square Online (own domain) Crepes
[ 861/1050] no-platform   -            Allen's New York Pizza
[ 862/1050] needs-browser MealKeyWay   Yonny Mini Hotpot
[ 863/1050] no-platform   -            Valerio's Finest Bake Shop
[ 864/1050] no-platform   -            Hacienda De Vega
[ 865/1050] no-platform   -            Fairbanks
[ 866/1050] no-platform   -            Café de Anza
[ 867/1050] no-platform   -            Filling Station Pub and Grill
[ 868/1050] needs-browser Square Online storefront Cafecito 1806
[ 869/1050] no-platform   -            Mawazo Kitchen
[ 870/1050] no-platform   -            Coin Toss
[ 871/1050] fetch-failed  -            New York Buffalo Wings
[ 872/1050] no-platform   -            Thai Table Time
[ 873/1050] no-platform   -            The Caddyshack
[ 874/1050] no-platform   -            Little While
[ 875/1050] needs-browser order.online Poki Poki
[ 876/1050] no-platform   -            I Love Bagels
[ 877/1050] no-platform   -            Side Street Bowls & Smoothies
[ 878/1050] no-platform   -            Sono North Park
[ 879/1050] no-platform   -            The Morning Grove
[ 880/1050] no-platform   -            Borrego Rooftop
[ 881/1050] no-platform   -            Krak Boba
[ 882/1050] no-platform   -            Barrio Food Hub
[ 883/1050] no-platform   -            Mantra Raja
[ 884/1050] no-platform   -            Gaslamp Coffee Bar
[ 885/1050] wrong-branch  toast        Blank Slate
[ 886/1050] no-platform   -            El Flako's Wrangler Barbecue
[ 887/1050] no-platform   -            Monserate Winery
[ 888/1050] needs-browser toast        One of Us
[ 889/1050] needs-browser toast        Grandson Steaks
[ 890/1050] no-platform   -            Crave & Feast
[ 891/1050] needs-browser toast        Okama Ramen and Grill
[ 892/1050] no-platform   -            The Encore Sushi
[ 893/1050] needs-browser Square Online storefront Empanada Kitchen
[ 894/1050] no-platform   -            Native Foods
[ 895/1050] no-platform   -            Badas burgers
[ 896/1050] needs-browser MenuSifu     Joyee Noodle House(UTC)
[ 897/1050] no-platform   -            Doc Holliday's
[ 898/1050] wrong-branch  toast        Saigon Alley Kitchen & Bar
[ 899/1050] no-platform   -            Kasi
[ 900/1050] wrong-branch  toast        Cala La Jolla Café
[ 901/1050] no-platform   -            Mexico City Cuisine-CoLab
[ 902/1050] needs-browser Square Online storefront Copa Vida
[ 903/1050] no-platform   -            UT-HO Boba & Baguette
[ 904/1050] needs-browser chownow      Parakeet Cafe - Nautilus
[ 905/1050] wrong-branch  toast        Gold Coffee Shop
[ 906/1050] filed         wix          Sourpuss Donuts
[ 907/1050] fetch-failed  -            Quarter Deck Inn Cocktails
[ 908/1050] no-platform   -            Baba's Pizza
[ 909/1050] needs-browser MealKeyWay   Pho Luu Escondido - Vietnamese Cuisine
[ 910/1050] screened-out  own-jsonld   Hanna Garden
[ 911/1050] no-platform   -            Colosseo Cucina Italiana
[ 912/1050] needs-browser SpotOn       Crest Taco
[ 913/1050] needs-browser Square Online (own domain) The Cakery Cafe
[ 914/1050] no-platform   -            Lotho Deli
[ 915/1050] no-platform   -            Ichitaru Ramen Carlsbad
[ 916/1050] no-platform   -            El Dorado
[ 917/1050] wrong-branch  toast        Pompei Pizza
[ 918/1050] no-platform   -            Hazel & Jade Bakery
[ 919/1050] needs-browser -            Sammy's Woodfire Pizza and Grille
[ 920/1050] no-platform   -            Jalisco Cantina
[ 921/1050] needs-browser toast        Market St Pizzeria
[ 922/1050] no-platform   -            24 Suns
[ 923/1050] no-platform   -            Soda & Swine
[ 924/1050] no-platform   -            Cafe Fresh
[ 925/1050] wrong-branch  toast        Blue Water Grill
[ 926/1050] no-platform   -            Bodega Market
[ 927/1050] no-platform   -            Mevan Coffee & Desserts & Brunch
[ 928/1050] no-platform   -            Scena Fusion Kitchen & Bar
[ 929/1050] needs-browser toast        La Jollita
[ 930/1050] needs-browser -            Habibi Mediterranean Grill
[ 931/1050] fetch-failed  -            Island Market
[ 932/1050] no-platform   -            Sabroso taco savor a mi tierra
[ 933/1050] no-platform   -            Dalu Hawaiian BBQ
[ 934/1050] fetch-failed  -            Daisy Deli
[ 935/1050] needs-browser order.online Deli Belly
[ 936/1050] fetch-failed  -            Rancho Cafe
[ 937/1050] fetch-failed  -            The Waterfront
[ 938/1050] no-platform   -            Pegah’s Kitchen
[ 939/1050] needs-browser Square Online storefront Empanada Kitchen
[ 940/1050] no-platform   -            Barrel Riot
[ 941/1050] screened-out  shopify      Lofty Coffee
[ 942/1050] needs-browser olo          Dimassi's Mediterranean Buffet
[ 943/1050] no-platform   -            ROBATA-X Sushi & Izakaya
[ 944/1050] no-platform   -            The Poke Tea House
[ 945/1050] no-platform   -            Huckleberry's Breakfast & Lunch
[ 946/1050] no-platform   -            Peppoli's Pizza & Philly Steaks
[ 947/1050] no-platform   -            ZZan Sushi & Soju
[ 948/1050] needs-browser toast        NOIR Sushi and Sake Fusion Lounge
[ 949/1050] no-platform   -            Cent'Anni Café
[ 950/1050] no-platform   -            Our Green Affair
[ 951/1050] no-platform   -            Hilltop Cafe
[ 952/1050] no-platform   -            Nékter Juice Bar
[ 953/1050] no-platform   -            Khyber Pass Zarparan Restaurant | Afghan
[ 954/1050] fetch-failed  -            Antique Thai
[ 955/1050] no-platform   -            Board & Brew - Downtown San Diego
[ 956/1050] needs-browser order.online Torta Time
[ 957/1050] needs-browser MealKeyWay   Dumplings N More
[ 958/1050] no-platform   -            Love Letters Pizza
[ 959/1050] no-platform   -            Arteazen Handcrafted Tea
[ 960/1050] no-platform   -            Egg Tuck
[ 961/1050] no-platform   -            Chopsticks Inn Restaurant
[ 962/1050] wrong-branch  toast        TACO CENTRO
[ 963/1050] no-platform   -            KABOB SHACK - EASTLAKE
[ 964/1050] no-platform   -            Zuma San Diego
[ 965/1050] no-platform   -            For The Win - San Diego
[ 966/1050] no-platform   -            Rush Bowls
[ 967/1050] needs-browser Square Online (own domain) Chef Budda Blasian Soul Food LLC
[ 968/1050] fetch-failed  -            Coco's Bakery
[ 969/1050] no-platform   -            Christophe Rull Patisserie
[ 970/1050] no-platform   -            Poki Poki - Escondido
[ 971/1050] wrong-branch  toast        The Coffee Spot
[ 972/1050] no-platform   -            Noodle & Bun
[ 973/1050] screened-out  order.online La Fresita Y Mas
[ 974/1050] screened-out  order.online Fish Restaurant
[ 975/1050] no-platform   -            Ono Hawaiian BBQ
[ 976/1050] needs-browser -            The Hamlett
[ 977/1050] no-platform   -            Queenstown Del Mar
[ 978/1050] no-platform   -            U31
[ 979/1050] no-platform   -            La Costa Wine
[ 980/1050] no-platform   -            Filibertos
[ 981/1050] no-platform   -            El Papas Fritas Taco Shop
[ 982/1050] no-platform   -            Brick & Bell Plus
[ 983/1050] no-platform   -            Thai Thae Cuisine
[ 984/1050] no-platform   -            Oriental Cafe | Chinese
[ 985/1050] no-platform   -            PanPan wok
[ 986/1050] no-platform   -            Pokeport Oceanside
[ 987/1050] needs-browser Square Online storefront Mein St. Asian Kitchen
[ 988/1050] needs-browser Square Online (own domain) Beach City Smoothies - Oceanside
[ 989/1050] needs-browser olo          Coffee Bean
[ 990/1050] needs-browser HungerRush   Pop Pops Paleta
[ 991/1050] no-platform   -            North Park Creamery
[ 992/1050] no-platform   -            Village Inn
[ 993/1050] no-platform   -            Kava Lounge
[ 994/1050] no-platform   -            Leona's Cucina Italiana
[ 995/1050] screened-out  toast        Agave Birrieria
[ 996/1050] no-platform   -            Dark Horse Coffee Roasters
[ 997/1050] no-platform   -            Juice Holler
[ 998/1050] no-platform   -            Deja Vu
[ 999/1050] filed         toast        Little Kiki Katsu & More
[1000/1050] needs-browser Square Online (own domain) Le Charcuterie Bar
[1001/1050] needs-browser order.online Halal Burger Co.
[1002/1050] fetch-failed  -            Kellys Pub
[1003/1050] no-platform   -            Urban Teri Kitchen
[1004/1050] no-platform   -            Jungle Cart
[1005/1050] needs-browser toast        Between Us
[1006/1050] no-platform   -            Fortuna Ristorante Italiano
[1007/1050] no-platform   -            chance's coffee
[1008/1050] fetch-failed  -            India Princess
[1009/1050] wrong-branch  toast        Chin's Szechwan - Point Loma
[1010/1050] no-platform   -            Villa Fresh Italian Kitchen
[1011/1050] no-platform   -            Veladora
[1012/1050] no-platform   -            Una Mas on Adams
[1013/1050] no-platform   -            PanPan Wok
[1014/1050] no-platform   -            Mi Tierra Super Taco
[1015/1050] needs-browser toast        Brites Soft Serve
[1016/1050] needs-browser Square Online (own domain) Slurp
[1017/1050] no-platform   -            Uncle Feras Middle Eastern Restaurant
[1018/1050] no-platform   -            Jordan
[1019/1050] no-platform   -            Little Hidden Bakery
[1020/1050] no-platform   -            Pizza Guys
[1021/1050] needs-browser Square Online storefront iWok Chinese Kitchen
[1022/1050] no-platform   -            Las Ricas Tortas
[1023/1050] needs-browser toast        Jolie
[1024/1050] no-platform   -            Bueno Wine & Goods
[1025/1050] no-platform   -            Ocean Thai Cuisine
[1026/1050] no-platform   -            Fairbanks
[1027/1050] no-platform   -            Basic
[1028/1050] needs-browser slice        Little Sisters Pizza
[1029/1050] no-platform   -            3 Day Suit Broker
[1030/1050] needs-browser chownow      Juice Caboose
[1031/1050] no-platform   -            Taconora Pacific Beach
[1032/1050] needs-browser -            Verde Kitchen & Bar
[1033/1050] no-platform   -            Winners Circle
[1034/1050] no-platform   -            SanSai Japanese Grill
[1035/1050] needs-browser -            Casa de Freds
[1036/1050] no-platform   -            Buka - Taste of Nigeria
[1037/1050] needs-browser order.online Swami's
[1038/1050] no-platform   -            Stony Mountain Bar & Grill
[1039/1050] no-platform   -            NM Cafe
[1040/1050] no-platform   -            The Santaluz Club Dining Room and Events
[1041/1050] fetch-failed  -            Capriotti's Sandwich Shop
[1042/1050] no-platform   -            Inland Tavern
[1043/1050] fetch-failed  -            BunZ
[1044/1050] no-platform   -            HACIENDITA BAKERY
[1045/1050] no-platform   -            Oliva
[1046/1050] fetch-failed  -            In Between
[1047/1050] no-platform   -            The Grand Tradition
[1048/1050] no-platform   -            Bean Sprouts
[1049/1050] no-platform   -            Mama Kat's Restaurant and Pie Shop
[1050/1050] no-platform   -            Ground Up Cafe

platform                       attempted         filed       too-few         gated  wrong-branch needs-browser   no-platform  fetch-failed  screened-out
none                                 852             0             0             0             0            21           352           479             0
toast                                 53             2             0             2            17            30             0             0             2
order.online                          24             0             0             0             1            19             0             0             4
Square Online storefront              22             0             0             0             0            22             0             0             0
chownow                               15             0             0             6             0             9             0             0             0
Square Online (own domain)            15             0             0             0             0            15             0             0             0
slice                                  9             0             0             0             0             9             0             0             0
MealKeyWay                             9             0             0             0             0             9             0             0             0
netwaiter                              7             0             7             0             0             0             0             0             0
spothopper                             7             1             0             0             0             6             0             0             0
shopify                                7             0             0             0             0             0             0             0             7
plain-html                             6             0             0             0             0             6             0             0             0
olo                                    5             0             0             0             0             5             0             0             0
SpotOn                                 5             0             0             0             0             5             0             0             0
HungerRush                             3             0             0             0             0             3             0             0             0
clover                                 3             0             0             0             0             2             0             0             1
own-jsonld                             3             1             1             0             0             0             0             0             1
GloriaFood widget                      1             0             0             0             0             1             0             0             0
menufy                                 1             0             0             0             0             0             0             0             1
ubereats                               1             0             0             0             1             0             0             0             0
MenuSifu                               1             0             0             0             0             1             0             0             0
wix                                    1             1             0             0             0             0             0             0             0
TOTAL                               1050             5             8             8            19           163           352           479            16

5 menus, 68 dishes
wrote menus/wip/router-20260904-184745.json
wrote menus/wip/router-20260904-184745.notes.json
