queue 1159 with a website; routing 1159 at concurrency 4

[   1/1159] no-platform   -            FryYay
[   2/1159] needs-browser chownow      Burger Bench Escondido
[   3/1159] no-platform   -            Mimi's Cafe
[   4/1159] needs-browser chownow      Brigantine Seafood
[   5/1159] screened-out  order.online Wood Ranch Mission Valley
[   6/1159] no-platform   -            VG Donut & Bakery
[   7/1159] fetch-failed  -            Public Square Coffee House
[   8/1159] wrong-branch  order.online El Pueblo Mexican Food - Carlsbad
[   9/1159] needs-browser order.online Tom's Famous Family Restaurant 24
[  10/1159] needs-browser Square Online storefront Wayfarer Bread & Pastry
[  11/1159] no-platform   -            Farmer & The Seahorse
[  12/1159] needs-browser toast        MooTime Creamery
[  13/1159] needs-browser order.online TOM's Famous Family Restaurant 22
[  14/1159] wrong-branch  chownow      Handel’s Homemade Ice Cream
[  15/1159] needs-browser plain-html   Por Favor El Cajon
[  16/1159] no-platform   -            Loreto's Taco Shop
[  17/1159] fetch-failed  -            Taquería Imperial
[  18/1159] no-platform   -            Taco Bar
[  19/1159] fetch-failed  -            Gus's Subs & Pizza Place
[  20/1159] needs-browser plain-html   Papas & Tacos Mexican Food
[  21/1159] fetch-failed  -            Home Sweet Home Cafe
[  22/1159] fetch-failed  -            Plazas Mexican Food
[  23/1159] needs-browser chownow      Parakeet Cafe - Little Italy
[  24/1159] needs-browser toast        Coya Peruvian Secret
[  25/1159] no-platform   -            Red Fox Room and Steakhouse
[  26/1159] needs-browser GloriaFood widget That Mexican Place
[  27/1159] no-platform   -            Todo Sushi
[  28/1159] no-platform   -            El Real Mexican Food
[  29/1159] no-platform   -            Anita's Mexican Restaurant & Cantina
[  30/1159] needs-browser toast        Lanna Thai Cuisine
[  31/1159] screened-out  order.online Grandma Tofu & BBQ
[  32/1159] needs-browser slice        Pastalini
[  33/1159] no-platform   -            Otay Mandarin Chinese Restaurant
[  34/1159] no-platform   -            Hanu Korean BBQ
[  35/1159] needs-browser olo          Panini Kabob Grill - Mission Valley
[  36/1159] needs-browser toast        Stake Chophouse & Bar
[  37/1159] needs-browser order.online Sancho's Tacos
[  38/1159] fetch-failed  -            Los Reyes Mexican Restaurant & Cantina
[  39/1159] needs-browser Square Online storefront skybound coffee + dessert lounge
[  40/1159] no-platform   -            It's Raw Poke Shop
[  41/1159] needs-browser toast        The Asian Bistro
[  42/1159] no-platform   -            Antonio's Mexican Food
[  43/1159] needs-browser Square Online (own domain) Up2You Cafe
[  44/1159] needs-browser plain-html   Nick's Del Mar
[  45/1159] no-platform   -            Boudin SF
[  46/1159] needs-browser olo          Better Buzz Coffee Pacific Beach Grand
[  47/1159] fetch-failed  -            La Concha Bakery
[  48/1159] needs-browser plain-html   Pancho's Mexican Restaurant
[  49/1159] too-few       netwaiter    Connie's
[  50/1159] no-platform   -            Lucy's Bakery
[  51/1159] no-platform   -            Urban Crave
[  52/1159] no-platform   -            Urban Crave
[  53/1159] no-platform   -            Muay Thai Kitchen
[  54/1159] no-platform   -            Baci Restaurant | Italian
[  55/1159] needs-browser toast        Nado Republic
[  56/1159] no-platform   -            Umai Sushi
[  57/1159] needs-browser order.online Robertito's Mexican Food
[  58/1159] needs-browser -            Beyer Deli
[  59/1159] needs-browser Square Online (own domain) Camp Coffee Company
[  60/1159] needs-browser Square Online (own domain) Portal Coffee
[  61/1159] no-platform   -            Golden Donut
[  62/1159] wrong-branch  chownow      Handel’s Homemade Ice Cream
[  63/1159] wrong-branch  ubereats     Broad Street Dough Co
[  64/1159] no-platform   -            San Luis Mexican Food
[  65/1159] needs-browser spothopper   Los Panchos Mexican Grill & Seafood
[  66/1159] fetch-failed  -            Mi Ranchito Taco Shop
[  67/1159] needs-browser Square Online storefront Prager Brothers Artisan Breads
[  68/1159] needs-browser MealKeyWay   Dumplings N More
[  69/1159] needs-browser Square Online storefront Maan's Mediterranean Grill
[  70/1159] no-platform   -            Superbloom Coffee & Juice
[  71/1159] needs-browser spothopper   Penelopes Mexican Food
[  72/1159] needs-browser toast        Shaks Mediterranean Bistro
[  73/1159] needs-browser Square Online (own domain) Barrio Donas
[  74/1159] no-platform   -            The Cowshed
[  75/1159] fetch-failed  -            Bonchon Chicken
[  76/1159] needs-browser toast        The Remy
[  77/1159] needs-browser toast        Clayton's Bakery & Bistro
[  78/1159] no-platform   -            Yingli Restaurant | Chula Vista
[  79/1159] needs-browser spothopper   Curry & More - Indian Bistro
[  80/1159] no-platform   -            Red Lobster
[  81/1159] needs-browser spothopper   3N1 Sports Bar & Grill
[  82/1159] needs-browser order.online Scoops La Jolla
[  83/1159] no-platform   -            Señor Taquero
[  84/1159] screened-out  clover       Royal Sweets
[  85/1159] too-few       netwaiter    Aiberto's Taco Shop
[  86/1159] fetch-failed  -            Leucadia Donut Shoppe
[  87/1159] fetch-failed  -            Edelweiss Bakery
[  88/1159] needs-browser toast        Tabu Sushi Bar & Grill Santee
[  89/1159] no-platform   -            SOMISOMI
[  90/1159] wrong-branch  chownow      Handel's Homemade Ice Cream
[  91/1159] fetch-failed  -            Pacific Beach Ice Cream Co.
[  92/1159] wrong-branch  order.online Lourdes Mexican Food To Go
[  93/1159] no-platform   -            Sushi Factory
[  94/1159] fetch-failed  -            Arizona Chinese Restaurant
[  95/1159] no-platform   -            Big Front Door
[  96/1159] needs-browser Square Online storefront Portinos Restaurant
[  97/1159] needs-browser Square Online storefront Bay Park Coffee
[  98/1159] no-platform   -            Hidden Fish
[  99/1159] no-platform   -            Emma's Mexican Food
[ 100/1159] needs-browser Square Online storefront Sandwich Emporium
[ 101/1159] no-platform   -            Rosarito's Mexican Food #1
[ 102/1159] too-few       netwaiter    Mary Ettas Cafe
[ 103/1159] needs-browser spothopper   il Sogno Italiano
[ 104/1159] no-platform   -            Hanna's Gourmet
[ 105/1159] needs-browser order.online Gelato Paradiso
[ 106/1159] no-platform   -            Angelito's Fruteria Y Neveria
[ 107/1159] needs-browser Square Online storefront Pink Rose Cafe
[ 108/1159] no-platform   -            Flora
[ 109/1159] needs-browser toast        Valentina
[ 110/1159] needs-browser -            Yogurt Heaven
[ 111/1159] needs-browser slice        Italia Pizza
[ 112/1159] fetch-failed  -            El Charro Mexican Food
[ 113/1159] no-platform   -            Honey Baked Ham
[ 114/1159] no-platform   -            Lucy's Bakery
[ 115/1159] needs-browser olo          Randy's Donuts
[ 116/1159] no-platform   -            Cafe Bella Drive Thru
[ 117/1159] fetch-failed  -            Camel's Bar and Grill
[ 118/1159] fetch-failed  -            Off The 8 Café
[ 119/1159] fetch-failed  -            The Art of Espresso
[ 120/1159] fetch-failed  -            Luna Grill Millenia
[ 121/1159] fetch-failed  -            @Spacebar Cafe
[ 122/1159] fetch-failed  -            Royal India Express
[ 123/1159] fetch-failed  -            Surfing Crab Escondido
[ 124/1159] fetch-failed  -            Ginza Sushi
[ 125/1159] fetch-failed  -            Solana Sumptuous Cookies
[ 126/1159] fetch-failed  -            Dragon Express
[ 127/1159] fetch-failed  -            We Olive & Wine Bar
[ 128/1159] fetch-failed  -            Tropifruit Juice Bar
[ 129/1159] fetch-failed  -            Rosemonts Cafe
[ 130/1159] fetch-failed  -            Ike's Love & Sandwiches
[ 131/1159] no-platform   -            Wahoo's Fish Taco
[ 132/1159] fetch-failed  -            Thai Island@
[ 133/1159] fetch-failed  -            Serrano's Mexican Food
[ 134/1159] fetch-failed  -            Santos Coffee
[ 135/1159] fetch-failed  -            Palomino's Mexican & Seafood
[ 136/1159] fetch-failed  -            PGA Tour Grill
[ 137/1159] fetch-failed  -            Cow-A-Bunga Ice Cream & Coffee
[ 138/1159] fetch-failed  -            La Colombe Coffee Roasters
[ 139/1159] fetch-failed  -            Shozen BBQ
[ 140/1159] fetch-failed  -            BKK THAI KITCHEN
[ 141/1159] fetch-failed  -            Mexico Lindo Restaurant
[ 142/1159] fetch-failed  -            Athens Market Taverna
[ 143/1159] needs-browser Square Online (own domain) Matcha Cafe Maiko - Escondido
[ 144/1159] needs-browser -            Marieta's Mexican Food
[ 145/1159] fetch-failed  -            San Diego Sandwich Co
[ 146/1159] no-platform   -            Eugenio Italian Ristorante & More
[ 147/1159] needs-browser HungerRush   Flippin' Pizza La Costa
[ 148/1159] no-platform   -            Cake de Partie
[ 149/1159] fetch-failed  -            Tak Grill Fresh Mediterranean Food
[ 150/1159] no-platform   -            Uncle Biffs California Killer Cookies
[ 151/1159] screened-out  own-jsonld   Hanna Garden
[ 152/1159] no-platform   -            Donuts Plus
[ 153/1159] no-platform   -            La Mixteca
[ 154/1159] no-platform   -            Silverlake Ramen
[ 155/1159] wrong-branch  chownow      Handel's Homemade Ice Cream
[ 156/1159] no-platform   -            Bravo Cafe
[ 157/1159] no-platform   -            Pizza Mania
[ 158/1159] needs-browser Square Online storefront Crossroads Deli
[ 159/1159] needs-browser SpotOn       Porky's Lechon Barbecue
[ 160/1159] filed         shopify      Flor and Seed Coffee Roasters
[ 161/1159] needs-browser Square Online (own domain) Elixir Espresso & Wine Bar
[ 162/1159] no-platform   -            KD's Donuts
[ 163/1159] too-few       netwaiter    Opa Greek Restaurant & Grill
[ 164/1159] no-platform   -            Kokoro Restaurant
[ 165/1159] fetch-failed  -            Olive Baking Company
[ 166/1159] no-platform   -            White Labs Brewing Co - San Diego
[ 167/1159] fetch-failed  -            Imperial Express
[ 168/1159] fetch-failed  -            Potato Corner
[ 169/1159] fetch-failed  -            Cielo Rooftop
[ 170/1159] fetch-failed  -            Glazed Coffee & Creamery
[ 171/1159] fetch-failed  -            Kaffee Meister
[ 172/1159] fetch-failed  -            Luna Grill Encinitas
[ 173/1159] fetch-failed  -            The Naked Cafe
[ 174/1159] no-platform   -            Beach + Taco Shack
[ 175/1159] fetch-failed  -            The Orient Thai
[ 176/1159] no-platform   -            The Leucadian
[ 177/1159] no-platform   -            ENO Market & Pizzeria
[ 178/1159] needs-browser Square Online storefront Thyme for Lunch Cafe & Grill
[ 179/1159] no-platform   -            Nothing Bundt Cakes
[ 180/1159] screened-out  menufy       IB Thai
[ 181/1159] no-platform   -            SoCal Sushi
[ 182/1159] no-platform   -            Phở Hòa Restaurant | Vietnamese
[ 183/1159] no-platform   -            Valerio's 1979
[ 184/1159] needs-browser Square Online storefront Mesa Agricola
[ 185/1159] no-platform   -            Ko-Li Bar
[ 186/1159] no-platform   -            Que Tortas
[ 187/1159] needs-browser Square Online (own domain) Industrial Grind Coffee
[ 188/1159] no-platform   -            Rosarito's Mexican Food #7
[ 189/1159] screened-out  shopify      James Coffee Co
[ 190/1159] no-platform   -            Kaito Sushi
[ 191/1159] needs-browser chownow      Pho Hiep & Grill
[ 192/1159] screened-out  shopify      Seven Seas Roasting Company
[ 193/1159] no-platform   -            The Grounds Bean Bar
[ 194/1159] fetch-failed  -            Donut Factory
[ 195/1159] needs-browser toast        Fat Joe’s O’side
[ 196/1159] no-platform   -            YuJing Chinese Restaurant
[ 197/1159] no-platform   -            Tea Pavilion
[ 198/1159] needs-browser -            Banh Mi Blvd
[ 199/1159] no-platform   -            La Moreliana
[ 200/1159] needs-browser Square Online (own domain) Dot Cafe
[ 201/1159] needs-browser order.online BB's Deli
[ 202/1159] fetch-failed  -            Valentinas Taco Shop
[ 203/1159] no-platform   -            Blue Pepper Asian Cuisine
[ 204/1159] fetch-failed  -            Memo's Golden Bagel
[ 205/1159] needs-browser -            Seaview Restaurant
[ 206/1159] fetch-failed  -            The Reunion
[ 207/1159] needs-browser order.online Le Macaron French Pastries
[ 208/1159] needs-browser toast        Lime in the Coconut
[ 209/1159] needs-browser MealKeyWay   Iron Wok
[ 210/1159] fetch-failed  -            Eat Your Heart Out II
[ 211/1159] needs-browser SpotOn       Kalei's Kitchenette
[ 212/1159] fetch-failed  -            Chopsticks Chinese Cuisine
[ 213/1159] no-platform   -            Park Blvd Express | Chinese
[ 214/1159] no-platform   -            San Diego Blenders
[ 215/1159] fetch-failed  -            Bistro Pazzo
[ 216/1159] filed         toast        Baja Rick's Cantina
[ 217/1159] no-platform   -            Joses Taco Shop
[ 218/1159] needs-browser Square Online storefront Sue's Korean Kitchen
[ 219/1159] needs-browser slice        Rock On Pizza
[ 220/1159] no-platform   -            Purple Owl Cafe
[ 221/1159] fetch-failed  -            Al Teatro Panini Grill
[ 222/1159] no-platform   -            Nanay's Best BBQ
[ 223/1159] no-platform   -            Victor's Kafe - Poway
[ 224/1159] no-platform   -            Side Bar
[ 225/1159] no-platform   -            Black Radish
[ 226/1159] fetch-failed  -            Idego Coffee Roasters
[ 227/1159] needs-browser Square Online storefront Tacoman
[ 228/1159] no-platform   -            Little Ceasar's
[ 229/1159] fetch-failed  -            Rosarito's Mexican Food #2
[ 230/1159] no-platform   -            Explorers Café
[ 231/1159] no-platform   -            Criscito Pizza
[ 232/1159] too-few       netwaiter    Nolberto's Taco Shop
[ 233/1159] no-platform   -            Sweet Revenge Bakery
[ 234/1159] no-platform   -            Surfdog's Java Hot
[ 235/1159] fetch-failed  -            Bar Kamon
[ 236/1159] no-platform   -            Hino
[ 237/1159] no-platform   -            The Luau
[ 238/1159] no-platform   -            Red Ribbon Bakeshop
[ 239/1159] no-platform   -            Coral Tree Tea House
[ 240/1159] fetch-failed  -            P B Pub
[ 241/1159] fetch-failed  -            Prince Hookah Cafe
[ 242/1159] no-platform   -            World Famous I Bar
[ 243/1159] no-platform   -            Red Ribbon Bakeshop
[ 244/1159] no-platform   -            Thai Style
[ 245/1159] no-platform   -            Mother's Kitchen
[ 246/1159] needs-browser toast        Mr. Charlie's
[ 247/1159] no-platform   -            Aztec Food Hub
[ 248/1159] no-platform   -            The Halal Shack
[ 249/1159] fetch-failed  -            Thai Fresh
[ 250/1159] no-platform   -            Brown Bag Deli
[ 251/1159] no-platform   -            Crispy Chicken n' Tomato
[ 252/1159] no-platform   -            Corner Cafe | Chinese
[ 253/1159] needs-browser Square Online storefront Fan-Fan
[ 254/1159] needs-browser plain-html   Donut Stop
[ 255/1159] no-platform   -            Tony’s Newport Cafe
[ 256/1159] no-platform   -            Taco Time Food Truck
[ 257/1159] no-platform   -            Zhang Liang Malatang
[ 258/1159] no-platform   -            Gong Cha
[ 259/1159] no-platform   -            The Elegant Truffle
[ 260/1159] fetch-failed  -            Gotcha
[ 261/1159] no-platform   -            Kona Coffee
[ 262/1159] needs-browser SpotOn       D Wings & Ribs
[ 263/1159] no-platform   -            Millport
[ 264/1159] needs-browser -            Panorama Bar & Grill
[ 265/1159] no-platform   -            La Perlita Mexican Food
[ 266/1159] no-platform   -            Nothing Bundt Cakes
[ 267/1159] no-platform   -            The Deli Stop
[ 268/1159] needs-browser -            Bonehead Burger Co.
[ 269/1159] no-platform   -            Seahorse Coffee
[ 270/1159] needs-browser Square Online storefront Cargo Cafe
[ 271/1159] needs-browser order.online Poki Poki - Encinitas
[ 272/1159] no-platform   -            D'Sotos Mexican Food
[ 273/1159] no-platform   -            Parkys
[ 274/1159] wrong-branch  toast        The Crack Shack - Pacific Beach
[ 275/1159] no-platform   -            Chin's Gourmet
[ 276/1159] needs-browser MealKeyWay   Zhengxin Chicken Steak
[ 277/1159] fetch-failed  -            Stagecoach Inn
[ 278/1159] fetch-failed  -            Topside Terrace Kitchen & Bar
[ 279/1159] no-platform   -            Shanghai Cuisine
[ 280/1159] needs-browser chownow      Gor Gai Thai Eatery
[ 281/1159] no-platform   -            Sura BBQ & SHABU
[ 282/1159] needs-browser Square Online (own domain) Elixir Espresso Bar
[ 283/1159] needs-browser Square Online storefront Sul & Beans
[ 284/1159] fetch-failed  -            Pho Olala
[ 285/1159] no-platform   -            The Well Cafe
[ 286/1159] needs-browser Square Online storefront ZzanG Hotdog & Chicken
[ 287/1159] no-platform   -            The Peruvian Spot
[ 288/1159] no-platform   -            China Express
[ 289/1159] no-platform   -            The Surf Club Oceanside
[ 290/1159] no-platform   -            The Lean Machine Meal Prep
[ 291/1159] no-platform   -            Hancock Street Cafe
[ 292/1159] needs-browser olo          Sweetfin
[ 293/1159] needs-browser toast        Matoi
[ 294/1159] screened-out  clover       Hooked On Pokè
[ 295/1159] fetch-failed  -            Roots Bowls
[ 296/1159] fetch-failed  -            Deano's Pub
[ 297/1159] fetch-failed  -            Le Rendez-Vous French Bakery
[ 298/1159] fetch-failed  -            Chen Golden Palace
[ 299/1159] fetch-failed  -            Channel 2 Sports Bar
[ 300/1159] fetch-failed  -            Pick Up Stix Fresh Asian Flavors
[ 301/1159] fetch-failed  -            Hot or Not Thai
[ 302/1159] fetch-failed  -            Rosaria's Pizza 4
[ 303/1159] fetch-failed  -            Szechuan Chef Chinese Cuisine
[ 304/1159] fetch-failed  -            Bistro Kaz
[ 305/1159] fetch-failed  -            Flippin Pizza Encinitas
[ 306/1159] fetch-failed  -            Tulum Seafood
[ 307/1159] fetch-failed  -            La Central
[ 308/1159] fetch-failed  -            Vitality Bowls
[ 309/1159] fetch-failed  -            Long Story Irish Pub
[ 310/1159] fetch-failed  -            Upper East
[ 311/1159] fetch-failed  -            Mike Hess Brewing Tasting Room
[ 312/1159] fetch-failed  -            It's A Piece A Cake
[ 313/1159] fetch-failed  -            City Dragon
[ 314/1159] fetch-failed  -            Musashiya
[ 315/1159] fetch-failed  -            San Diego Eagle
[ 316/1159] fetch-failed  -            The Brass Rail
[ 317/1159] fetch-failed  -            Goyo's Bakery
[ 318/1159] fetch-failed  -            Kinchana
[ 319/1159] fetch-failed  -            Sidny's Bagels & Deli
[ 320/1159] fetch-failed  -            DaYung's Tea
[ 321/1159] fetch-failed  -            CAFE 160
[ 322/1159] fetch-failed  -            Kaki Sushi
[ 323/1159] fetch-failed  -            Bale French Sandwiches
[ 324/1159] fetch-failed  -            Mosa Tea
[ 325/1159] fetch-failed  -            Taste of Thai
[ 326/1159] fetch-failed  -            Agave Taco Shop
[ 327/1159] fetch-failed  -            African Spices
[ 328/1159] fetch-failed  -            Spoon House
[ 329/1159] fetch-failed  -            Okavango Outpost
[ 330/1159] fetch-failed  -            Hoffer's Cigar Bar
[ 331/1159] fetch-failed  -            Gloria's Taco Shop
[ 332/1159] fetch-failed  -            Mad Munch Grilled Cheezer Co.
[ 333/1159] fetch-failed  -            Mike's Giant New York Pizza
[ 334/1159] fetch-failed  -            La Michoacana
[ 335/1159] fetch-failed  -            JNC Pinoy Foodmart
[ 336/1159] fetch-failed  -            Achilles Coffee Roasters
[ 337/1159] fetch-failed  -            Elsa's Kitchen
[ 338/1159] fetch-failed  -            Novecientos Grados by Tony Hawk
[ 339/1159] fetch-failed  -            Dora
[ 340/1159] fetch-failed  -            Cool Down Coffee
[ 341/1159] fetch-failed  -            Frida's Taqueria
[ 342/1159] fetch-failed  -            Goli
[ 343/1159] fetch-failed  -            Thai Ladle
[ 344/1159] fetch-failed  -            Teriyaki Madness
[ 345/1159] fetch-failed  -            Bopomofo Cafe
[ 346/1159] fetch-failed  -            Lucky Doughnut
[ 347/1159] fetch-failed  -            Nobu
[ 348/1159] fetch-failed  -            Juice Kaboose
[ 349/1159] fetch-failed  -            Los Kompadres Mexican Food
[ 350/1159] fetch-failed  -            Junction Bar & Grill
[ 351/1159] fetch-failed  -            Leos Kitchen
[ 352/1159] fetch-failed  -            Smittys Downtown
[ 353/1159] fetch-failed  -            Manzanita Roasting Co
[ 354/1159] fetch-failed  -            Dine with Orcas
[ 355/1159] fetch-failed  -            Tom's Chinese BBQ
[ 356/1159] fetch-failed  -            Deli Belly
[ 357/1159] fetch-failed  -            Urban Bubble
[ 358/1159] fetch-failed  -            Pizzabilities - Alpine
[ 359/1159] fetch-failed  -            La Nacional
[ 360/1159] fetch-failed  -            Tenkatori
[ 361/1159] fetch-failed  -            Tasty Pizza Escondido LLC
[ 362/1159] fetch-failed  -            Ma's House
[ 363/1159] fetch-failed  -            Hyderabad Cafe
[ 364/1159] fetch-failed  -            Roma's Pizza
[ 365/1159] no-platform   -            Teaspoon
[ 366/1159] needs-browser order.online Daniel's Taco Shop
[ 367/1159] no-platform   -            Juice Stop Encinitas
[ 368/1159] no-platform   -            Angela's Eccentric Kitchen
[ 369/1159] no-platform   -            Kind Coffee
[ 370/1159] needs-browser SpotOn       La Banana Fruits - Fruteria
[ 371/1159] needs-browser order.online Donut Bros
[ 372/1159] no-platform   -            Leucadia Pizza Point Loma
[ 373/1159] too-few       netwaiter    Star Express
[ 374/1159] no-platform   -            Picasso's Naturals
[ 375/1159] no-platform   -            Nova Easy Kombucha
[ 376/1159] needs-browser Square Online (own domain) Rad Habits Juice
[ 377/1159] no-platform   -            Pho G-Beef
[ 378/1159] needs-browser toast        Understory Bar
[ 379/1159] needs-browser MealKeyWay   Spicy Noodle
[ 380/1159] fetch-failed  -            Deano's Pub East
[ 381/1159] fetch-failed  -            Bonchon Chicken
[ 382/1159] needs-browser toast        Angry Petes Pizza Point Loma
[ 383/1159] no-platform   -            Ranch House Restaurant
[ 384/1159] no-platform   -            Village Pub
[ 385/1159] no-platform   -            Tastea
[ 386/1159] no-platform   -            U Dessert Eats
[ 387/1159] no-platform   -            Del Sushi
[ 388/1159] needs-browser chownow      Juice Caboose
[ 389/1159] needs-browser SpotOn       Mariscos y Miches El Patron
[ 390/1159] filed         own-jsonld   Roberto's Taco Shop RB
[ 391/1159] no-platform   -            Hometown Taste
[ 392/1159] no-platform   -            Burrito King
[ 393/1159] no-platform   -            Granny's Apple Fries
[ 394/1159] no-platform   -            Rocco's Pizza Deli
[ 395/1159] screened-out  shopify      Seven Seas Roasting
[ 396/1159] needs-browser -            Bowl To Go
[ 397/1159] no-platform   -            Unique Sandwiches
[ 398/1159] needs-browser Square Online storefront Dog Leg Brewing
[ 399/1159] fetch-failed  -            El Mercadito
[ 400/1159] no-platform   -            Kona Kakes Tropical Cake Bakery
[ 401/1159] fetch-failed  -            Cheers
[ 402/1159] fetch-failed  -            Java Earth Coffee
[ 403/1159] fetch-failed  -            Star Dust Donut Shop
[ 404/1159] fetch-failed  -            Gem Coffee
[ 405/1159] fetch-failed  -            Gihon Ethiopian Kitchen
[ 406/1159] fetch-failed  -            Orient Valley Filipino Cuisine
[ 407/1159] fetch-failed  -            Cj Lounge
[ 408/1159] fetch-failed  -            Las Michoacanas
[ 409/1159] needs-browser -            Tutti Frutti Frozen Yogurt
[ 410/1159] needs-browser toast        A Louest
[ 411/1159] fetch-failed  -            Vica’s Cafe
[ 412/1159] wrong-branch  order.online The Pad Thai Stand
[ 413/1159] needs-browser toast        Kinme Omakase
[ 414/1159] needs-browser Square Online (own domain) The Craft Taco at The Nat
[ 415/1159] needs-browser MealKeyWay   Ten Seconds Yunnan Rice Noodle
[ 416/1159] fetch-failed  -            Jungle Tea
[ 417/1159] no-platform   -            Erika's Mexican Food & Seafood
[ 418/1159] needs-browser toast        Burekas Box
[ 419/1159] no-platform   -            Social hookah lounge
[ 420/1159] needs-browser Square Online (own domain) Castelli & Pizarro Family Vineyards & Winery
[ 421/1159] fetch-failed  -            Bang Bang
[ 422/1159] no-platform   -            R3fresh Juice Bar
[ 423/1159] no-platform   -            Park Commons
[ 424/1159] no-platform   -            Sarku Japan
[ 425/1159] wrong-branch  clover       Burros and Fries
[ 426/1159] no-platform   -            Hongyuan Kebab
[ 427/1159] fetch-failed  -            Bobalicious
[ 428/1159] needs-browser slice        Papa's Pizza
[ 429/1159] no-platform   -            China Fun
[ 430/1159] no-platform   -            SusieCakes - Carlsbad
[ 431/1159] no-platform   -            Tu Thanh
[ 432/1159] wrong-branch  order.online La michoacana Plus San Diego #2
[ 433/1159] too-few       netwaiter    K & K Orient Valley Food Center
[ 434/1159] too-few       netwaiter    Kim's Bar-B-Que
[ 435/1159] needs-browser toast        Grab & Go - Mission Hills
[ 436/1159] no-platform   -            DRIFT La Jolla
[ 437/1159] no-platform   -            PB Oriental
[ 438/1159] no-platform   -            PKI Sushi
[ 439/1159] needs-browser toast        Rambler Coffee
[ 440/1159] wrong-branch  toast        Tajima Ramen Crown Point
[ 441/1159] needs-browser slice        Del Cerro Pizza
[ 442/1159] needs-browser -            Modern Times Coffee
[ 443/1159] no-platform   -            Marketplace Grille
[ 444/1159] no-platform   -            Leucadia Pizza
[ 445/1159] no-platform   -            Prendi E Vai
[ 446/1159] filed         own-jsonld   La Familia Callejas mexican food
[ 447/1159] no-platform   -            Bubbles & Brews Cafe
[ 448/1159] no-platform   -            Landshark Bar & Grill
[ 449/1159] needs-browser toast        Go Greek Authentic Yogurteria
[ 450/1159] no-platform   -            Cherry Bomb
[ 451/1159] needs-browser order.online Tous les Jours
[ 452/1159] no-platform   -            Bar Ella
[ 453/1159] wrong-branch  toast        El Viejon
[ 454/1159] no-platform   -            Sieu Sieu BBQ
[ 455/1159] fetch-failed  -            Mariscos La Morena
[ 456/1159] no-platform   -            Casa Fiesta Juice Bar
[ 457/1159] no-platform   -            The Pearl Restaurant
[ 458/1159] needs-browser Square Online storefront Flour Atelier
[ 459/1159] no-platform   -            Möge Tee
[ 460/1159] no-platform   -            Knights' Smokehouse BBQ
[ 461/1159] no-platform   -            Lapper Kitchen + Tap
[ 462/1159] no-platform   -            Imperial Palace
[ 463/1159] needs-browser plain-html   Roppongi
[ 464/1159] wrong-branch  toast        Egg Holic
[ 465/1159] no-platform   -            Kim's Deli
[ 466/1159] no-platform   -            Nothing Bundt Cakes
[ 467/1159] no-platform   -            Quick Wok
[ 468/1159] needs-browser order.online Qin West
[ 469/1159] fetch-failed  -            Hammer's New York Pizza
[ 470/1159] filed         own-jsonld   Alpine Pho & Grill
[ 471/1159] no-platform   -            Vinya Yoga and Wine Bar
[ 472/1159] too-few       own-jsonld   Vinh Long Food To Go
[ 473/1159] screened-out  shopify      Casa De Otay – The Casita
[ 474/1159] fetch-failed  -            Happytime Tea
[ 475/1159] no-platform   -            Hua Mei Cafe
[ 476/1159] needs-browser toast        Taco Loco
[ 477/1159] needs-browser -            Ching's Famous Hopia
[ 478/1159] no-platform   -            Campus Cafe
[ 479/1159] no-platform   -            T. P. Bánh Bao 3
[ 480/1159] no-platform   -            Necter Juice Bar
[ 481/1159] no-platform   -            Josie's Hideout Saloon
[ 482/1159] no-platform   -            LJ Crafted Wines - Wines & Tastings
[ 483/1159] no-platform   -            Gather
[ 484/1159] no-platform   -            Cafe Aero
[ 485/1159] no-platform   -            Presotea
[ 486/1159] fetch-failed  -            Oakberry Açaí bowls
[ 487/1159] no-platform   -            De Kotija Taco Shop LLC
[ 488/1159] wrong-branch  order.online The Pad Thai Stand
[ 489/1159] no-platform   -            D'liteful Chocolat
[ 490/1159] no-platform   -            Creperie Antoinette
[ 491/1159] no-platform   -            Valerio's 1979
[ 492/1159] fetch-failed  -            Bonita Donuts
[ 493/1159] needs-browser order.online Mochinut
[ 494/1159] no-platform   -            Trevi Hills Winery
[ 495/1159] wrong-branch  toast        Tree House
[ 496/1159] no-platform   -            Old Town Eatery
[ 497/1159] needs-browser order.online Poke One N Half
[ 498/1159] no-platform   -            Lambers Chinese Bakery
[ 499/1159] no-platform   -            Jamal's Chicken
[ 500/1159] too-few       netwaiter    Guerrero Taco Shop
[ 501/1159] no-platform   -            Cha Cha Tea Spot
[ 502/1159] needs-browser chownow      Off the Vine Gardens Deli And Catering
[ 503/1159] no-platform   -            Tres Hermanos Locos Tacos
[ 504/1159] no-platform   -            Sydney's
[ 505/1159] needs-browser Square Online (own domain) Cafe Pascale Grill & Deli
[ 506/1159] needs-browser toast        Nomada
[ 507/1159] no-platform   -            Sunny Dumpling House
[ 508/1159] needs-browser Square Online storefront Bean Box
[ 509/1159] no-platform   -            DaYung's Tea
[ 510/1159] needs-browser -            Cluck N Sip
[ 511/1159] needs-browser -            Pure Squeeze
[ 512/1159] fetch-failed  -            Yas Lounge
[ 513/1159] no-platform   -            Nothing Bundt Cakes
[ 514/1159] too-few       netwaiter    Playa Azul Mariscos Restaurant
[ 515/1159] needs-browser toast        Divina Matcha
[ 516/1159] no-platform   -            Jaguar Paw
[ 517/1159] no-platform   -            Ohana Nutrition
[ 518/1159] no-platform   -            Tasty Donuts
[ 519/1159] no-platform   -            Qualcomm Cafe Q
[ 520/1159] no-platform   -            Asia Wok Teppanyaki & Chinese Food
[ 521/1159] no-platform   -            Linda's Yogurt & Deli
[ 522/1159] no-platform   -            Bivouac Adventure Lodge Coffee Shop
[ 523/1159] no-platform   -            All That Shabu
[ 524/1159] wrong-branch  order.online The Poke Co.
[ 525/1159] fetch-failed  -            Grubz
[ 526/1159] needs-browser toast        56 Thai Cafe
[ 527/1159] no-platform   -            Cali Banh Mi
[ 528/1159] needs-browser Square Online storefront Montebello
[ 529/1159] no-platform   -            The Golf Bar
[ 530/1159] no-platform   -            The Grillery
[ 531/1159] fetch-failed  -            Warner Springs Golf Shop & Grill
[ 532/1159] too-few       netwaiter    Ba Le French Sandwich Shop
[ 533/1159] needs-browser Square Online storefront Cargo Cafe - Paseo Del Mar
[ 534/1159] fetch-failed  -            Tazza D'Oro
[ 535/1159] no-platform   -            All Things Ube Desserts
[ 536/1159] wrong-branch  toast        Boba Tea Spot
[ 537/1159] no-platform   -            Pub 1795
[ 538/1159] fetch-failed  -            Paradise Kabob
[ 539/1159] no-platform   -            5 O'Clock Somewhere Rooftop Bar
[ 540/1159] fetch-failed  -            Route 6 Coffee & Smoothies
[ 541/1159] needs-browser MealKeyWay   Suki Hana
[ 542/1159] no-platform   -            The Loft at UC San Diego
[ 543/1159] wrong-branch  popmenu      Alohana Açaí Bowls
[ 544/1159] no-platform   -            Mike Hess Brewing - Seaport Village Taphouse
[ 545/1159] needs-browser Paytronix    Ziggi's Coffee
[ 546/1159] needs-browser toast        Pita Pit
[ 547/1159] fetch-failed  -            Shabu Spot
[ 548/1159] needs-browser toast        Grab & Go
[ 549/1159] needs-browser order.online La Pizzeria Arrivederci
[ 550/1159] no-platform   -            Sunright Tea Studio
[ 551/1159] too-few       netwaiter    J & J's Mexican Food
[ 552/1159] no-platform   -            Huy Ky Bakery
[ 553/1159] wrong-branch  toast        Enoteca Buona Forchetta
[ 554/1159] wrong-branch  toast        Johnny Radz Pizza
[ 555/1159] too-few       netwaiter    Pizza Grande
[ 556/1159] no-platform   -            Zoo Brew
[ 557/1159] no-platform   -            F Street Cafe
[ 558/1159] no-platform   -            Dockside Casual Seafood Counter
[ 559/1159] needs-browser toast        Zest Wine Bistro
[ 560/1159] no-platform   -            The MRKT
[ 561/1159] no-platform   -            Craft Pizza
[ 562/1159] too-few       netwaiter    Sandwich Place
[ 563/1159] fetch-failed  -            Suki Hana
[ 564/1159] needs-browser MealKeyWay   Yuki Yuki
[ 565/1159] no-platform   -            Nutri Juice
[ 566/1159] fetch-failed  -            La Jolla Boba
[ 567/1159] no-platform   -            Royal Pearl Tea
[ 568/1159] no-platform   -            Forum Deli
[ 569/1159] no-platform   -            62 Area Chow Hall
[ 570/1159] no-platform   -            Treetops Cafe
[ 571/1159] no-platform   -            Choice Juicery
[ 572/1159] no-platform   -            Test Kitchen
[ 573/1159] no-platform   -            Nicholson Commons
[ 574/1159] no-platform   -            Moniker General
[ 575/1159] no-platform   -            Manta Pizza
[ 576/1159] no-platform   -            Plaza Deli
[ 577/1159] wrong-branch  toast        Tapas Bar
[ 578/1159] no-platform   -            Pure Green
[ 579/1159] no-platform   -            Madina Market Halal Fast Food
[ 580/1159] no-platform   -            Michoacana Mia - SDSU
[ 581/1159] no-platform   -            longball cocktail
[ 582/1159] no-platform   -            Blue Bowl Superfoods
[ 583/1159] no-platform   -            Sip Fresh
[ 584/1159] needs-browser -            Market One
[ 585/1159] no-platform   -            La Paloma
[ 586/1159] needs-browser -            Fresca Deli .
[ 587/1159] no-platform   -            Showa Ramen
[ 588/1159] no-platform   -            Green Leaf Cafe & Catering
[ 589/1159] wrong-branch  toast        Coco Bomb
[ 590/1159] no-platform   -            The Lookout at Lake Poway
[ 591/1159] needs-browser order.online WUHU TEA & DELI
[ 592/1159] no-platform   -            Chester's
[ 593/1159] fetch-failed  -            Mister G Salsa
[ 594/1159] no-platform   -            Mombasa Cooker
[ 595/1159] wrong-branch  toast        Chapters Cafe
[ 596/1159] no-platform   -            Collette’s Collaborative Collective Cuisine
[ 597/1159] no-platform   -            Prado Perk
[ 598/1159] no-platform   -            Warung RieRie
[ 599/1159] no-platform   -            FiveO3 Pupusas
[ 600/1159] no-platform   -            Surf City Squeeze
[ 601/1159] fetch-failed  -            Healthy Grill Mediterranean
[ 602/1159] fetch-failed  -            Unico Juice Shop
[ 603/1159] no-platform   -            El Cilantro Mexican Grill
[ 604/1159] no-platform   -            Thérapie Bistro
[ 605/1159] needs-browser Square Online storefront The Bean Box 701
[ 606/1159] no-platform   -            Topo's Tacos
[ 607/1159] no-platform   -            Chagee
[ 608/1159] no-platform   -            FLAVORS EXPRESS SDSU
[ 609/1159] needs-browser Square Online storefront Ramen Station
[ 610/1159] no-platform   -            Poway Social House
[ 611/1159] no-platform   -            Lò Bánh Cuốn Tân Định
[ 612/1159] needs-browser SpotOn       Oriste Fairway Cafe
[ 613/1159] no-platform   -            Boba n More
[ 614/1159] no-platform   -            Finca Casa Blanca
[ 615/1159] no-platform   -            Fallen Empire
[ 616/1159] fetch-failed  -            El huevo estrellado # 2
[ 617/1159] needs-browser Square Online storefront Cargo Cafe - Wateridge
[ 618/1159] needs-browser Square Online storefront Cargo Cafe - Gateway
[ 619/1159] no-platform   -            Pavilion Dining
[ 620/1159] no-platform   -            Bert's Bistro
[ 621/1159] no-platform   -            Bosley Cafe
[ 622/1159] fetch-failed  -            Med Cafe
[ 623/1159] no-platform   -            El Camino
[ 624/1159] needs-browser -            Swami's
[ 625/1159] no-platform   -            3 Day Suit Broker
[ 626/1159] no-platform   -            Come On In Cafe
[ 627/1159] no-platform   -            Underwater Cantina
[ 628/1159] needs-browser chownow      Juice Caboose
[ 629/1159] no-platform   -            Winners Circle
[ 630/1159] no-platform   -            Basic
[ 631/1159] no-platform   -            The Caddyshack
[ 632/1159] needs-browser Square Online storefront Copa Vida
[ 633/1159] no-platform   -            Filling Station Pub and Grill
[ 634/1159] no-platform   -            Allen's New York Pizza
[ 635/1159] needs-browser order.online Poki Poki
[ 636/1159] no-platform   -            Fairbanks
[ 637/1159] no-platform   -            Coin Toss
[ 638/1159] needs-browser Square Online storefront Sushi Freak
[ 639/1159] no-platform   -            Thai Basil
[ 640/1159] no-platform   -            Hacienda De Vega
[ 641/1159] needs-browser Square Online (own domain) Crepes
[ 642/1159] needs-browser order.online Hummus Mediterranean Kitchen
[ 643/1159] no-platform   -            Baja Fresh
[ 644/1159] no-platform   -            GIHON Ethiopian Kitchen
[ 645/1159] fetch-failed  -            BurgerIM
[ 646/1159] no-platform   -            Taco King
[ 647/1159] no-platform   -            Birria El Rey
[ 648/1159] no-platform   -            I Love Pho
[ 649/1159] fetch-failed  -            Citrina Berry Fresh
[ 650/1159] no-platform   -            Silvia's Pupuseria
[ 651/1159] no-platform   -            Curbside Eatery & Drinkery
[ 652/1159] no-platform   -            Karihan Filipino Food
[ 653/1159] no-platform   -            Atelier Manna
[ 654/1159] no-platform   -            Terrace Lounge
[ 655/1159] needs-browser toast        Trattoria da Sofia
[ 656/1159] needs-browser SpotOn       CITRINA BERRY FRESH
[ 657/1159] no-platform   -            Beer Company
[ 658/1159] no-platform   -            Rito’s Mexican Food
[ 659/1159] no-platform   -            Crave
[ 660/1159] no-platform   -            Stone Oven
[ 661/1159] no-platform   -            Backyard Altar BBQ
[ 662/1159] needs-browser -            Golden Spoon Carlsbad Plaza
[ 663/1159] no-platform   -            Valerio's Finest Bake Shop
[ 664/1159] needs-browser Square Online storefront Purl Tea San Marcos
[ 665/1159] needs-browser toast        Stella Jean's Ice Cream Kensington
[ 666/1159] no-platform   -            Paris Baguette
[ 667/1159] no-platform   -            Rare Society
[ 668/1159] no-platform   -            Fairbanks
[ 669/1159] no-platform   -            Bovino
[ 670/1159] no-platform   -            Pei Wei
[ 671/1159] no-platform   -            Cococabana
[ 672/1159] needs-browser toast        Paradisaea
[ 673/1159] needs-browser -            Ding Tea Oceanside
[ 674/1159] needs-browser plain-html   Nick's on State
[ 675/1159] needs-browser -            Board & Brew - Escondido
[ 676/1159] no-platform   -            Everest Himalayan Cuisine
[ 677/1159] no-platform   -            Tacos de Birria El Chinito Jr
[ 678/1159] no-platform   -            Green Vine Delicatessen
[ 679/1159] no-platform   -            Oaks Bar Grill
[ 680/1159] no-platform   -            China Fun
[ 681/1159] no-platform   -            That Pizza Place - Carlsbad
[ 682/1159] no-platform   -            La Sabrosita
[ 683/1159] needs-browser slice        Fiori’s Pizza
[ 684/1159] needs-browser Square Online (own domain) Darshan Bakery
[ 685/1159] needs-browser order.online Sabor a Vida Cafe & Deli
[ 686/1159] too-few       netwaiter    Appetite
[ 687/1159] fetch-failed  -            Gooseberries kafe
[ 688/1159] fetch-failed  -            Golden Corral
[ 689/1159] fetch-failed  -            Vigilante Coffee
[ 690/1159] fetch-failed  -            Agave Birrieria
[ 691/1159] fetch-failed  -            Taco Machin
[ 692/1159] fetch-failed  -            Breakwater Brewing Co.
[ 693/1159] fetch-failed  -            Pho House
[ 694/1159] fetch-failed  -            Tita's Taco Shop
[ 695/1159] fetch-failed  -            Donburi Rice Bowls
[ 696/1159] fetch-failed  -            Chin's Szechwan - Del Mar
[ 697/1159] fetch-failed  -            bcb Cafe
[ 698/1159] fetch-failed  -            Camino Riviera
[ 699/1159] fetch-failed  -            Bubba’s Smokehouse BBQ
[ 700/1159] fetch-failed  -            Nory's Donut & Bakery
[ 701/1159] fetch-failed  -            Mendoza’s Mexican Food
[ 702/1159] fetch-failed  -            Tasty Pho
[ 703/1159] needs-browser toast        Taco Lounge Escaya
[ 704/1159] needs-browser toast        Friends of Friends
[ 705/1159] fetch-failed  -            Vinarius Wine Bar & Restaurant
[ 706/1159] fetch-failed  -            Pho Oceanside
[ 707/1159] fetch-failed  -            Village Roots Deli & Taproom
[ 708/1159] fetch-failed  -            Trebol Mexican Restaurant
[ 709/1159] fetch-failed  -            Handel's Homemade Ice Cream
[ 710/1159] fetch-failed  -            Su Pan Bakery El Cajon
[ 711/1159] fetch-failed  -            1022 Cafe & Gelateria
[ 712/1159] fetch-failed  -            Tacaliente Mexican Grill
[ 713/1159] fetch-failed  -            Draft Republic San Marcos
[ 714/1159] fetch-failed  -            Panda Imperial Restaurant
[ 715/1159] fetch-failed  -            Balsamico Italian Kitchen
[ 716/1159] fetch-failed  -            Barn Door Public House
[ 717/1159] fetch-failed  -            Higher Grounds Coffee + Café
[ 718/1159] fetch-failed  -            Gelato 101 Solana Beach
[ 719/1159] fetch-failed  -            Napatini Bistro and Wine Bar
[ 720/1159] fetch-failed  -            Taqueria El Kabron Jr.
[ 721/1159] no-platform   -            Monserate Winery
[ 722/1159] fetch-failed  -            Truluck's
[ 723/1159] no-platform   -            Paris Baguette
[ 724/1159] needs-browser order.online El Rinconcito Fruteria
[ 725/1159] fetch-failed  -            Cork N Brew
[ 726/1159] no-platform   -            Backdraft Bar & Grill
[ 727/1159] no-platform   -            Ocean Thai Cuisine
[ 728/1159] fetch-failed  -            Savory Thai Restaurant
[ 729/1159] fetch-failed  -            Ju-ichi
[ 730/1159] fetch-failed  -            Madeleine
[ 731/1159] fetch-failed  -            Cozy Corner
[ 732/1159] fetch-failed  -            Ernes Mexican Food & Breakfast
[ 733/1159] fetch-failed  -            Finca
[ 734/1159] fetch-failed  -            Rancho Grande El Toro Mexican Cuisine
[ 735/1159] fetch-failed  -            HomeState
[ 736/1159] fetch-failed  -            Tacotarian San Diego
[ 737/1159] fetch-failed  -            Caribbean Pleasure
[ 738/1159] fetch-failed  -            House of Pho
[ 739/1159] fetch-failed  -            Prey Brewing Company
[ 740/1159] fetch-failed  -            ZZan Sushi & Soju
[ 741/1159] fetch-failed  -            Graziano's Pizza Oceanside
[ 742/1159] fetch-failed  -            Blanco Cocina + Cantina
[ 743/1159] fetch-failed  -            MOOYAH Burgers, Fries & Shakes
[ 744/1159] fetch-failed  -            Ascend Coffee Roasters
[ 745/1159] fetch-failed  -            China Fusion - Vista Way
[ 746/1159] fetch-failed  -            Pizza On Tap (P.O.T)
[ 747/1159] fetch-failed  -            I QUE BBQ
[ 748/1159] needs-browser HungerRush   Buonasera New York Pizzeria
[ 749/1159] fetch-failed  -            Bambinos Pizzeria & Deli #4
[ 750/1159] fetch-failed  -            Souplantation
[ 751/1159] fetch-failed  -            Sunny Side Solana
[ 752/1159] fetch-failed  -            El After Social Club
[ 753/1159] fetch-failed  -            Sabores Colombianos
[ 754/1159] fetch-failed  -            Parakeet Juicery - La Jolla
[ 755/1159] fetch-failed  -            Angry Chickz - Oceanside
[ 756/1159] fetch-failed  -            Old World Meat Company
[ 757/1159] fetch-failed  -            Himalayan Bistro Oceanside
[ 758/1159] fetch-failed  -            Panpan wok
[ 759/1159] fetch-failed  -            HillCrust Pizza
[ 760/1159] fetch-failed  -            The Handmade Chef Meal Prep Co.
[ 761/1159] fetch-failed  -            New York Buffalo Wings
[ 762/1159] fetch-failed  -            NuYo Frozen Yogurt Telegraph Canyon
[ 763/1159] fetch-failed  -            James Coffee Co.
[ 764/1159] fetch-failed  -            Allen's New York Pizza
[ 765/1159] fetch-failed  -            Handel’s Homemade Ice Cream
[ 766/1159] fetch-failed  -            Naked Pizza
[ 767/1159] fetch-failed  -            SugarBears Sweet Provisions
[ 768/1159] fetch-failed  -            EL ENCANTO SD
[ 769/1159] fetch-failed  -            Awash Ethiopian Restaurant
[ 770/1159] fetch-failed  -            Le Coq
[ 771/1159] fetch-failed  -            Sonny’s Pizza
[ 772/1159] no-platform   -            Ono Hawaiian BBQ
[ 773/1159] fetch-failed  -            Ryan Bros Coffee City Heights
[ 774/1159] fetch-failed  -            Carnitas Quiroga
[ 775/1159] fetch-failed  -            China bros
[ 776/1159] fetch-failed  -            ALOHA GRILL
[ 777/1159] fetch-failed  -            Sukho Thai Extraordinaire
[ 778/1159] no-platform   -            Jaws Topokki
[ 779/1159] no-platform   -            Belinda's Familia Mexican Food Truck
[ 780/1159] needs-browser -            Smokin J's BBQ & Taphouse
[ 781/1159] needs-browser MealKeyWay   Tengu Ramen
[ 782/1159] gated         toast        Aromi Italian Cuisine
[ 783/1159] no-platform   -            AleSmith Brewing Company
[ 784/1159] no-platform   -            The Crimson Cake
[ 785/1159] gated         chownow      Finney's Crafthouse
[ 786/1159] no-platform   -            Sam's Farm Fresh
[ 787/1159] needs-browser -            Baked Thicc
[ 788/1159] no-platform   -            Comstock Bar & Grill
[ 789/1159] no-platform   -            Emiliana's Mexican & Deli Food
[ 790/1159] no-platform   -            Kin Saep
[ 791/1159] screened-out  shopify      Ascend Coffee Roasters
[ 792/1159] needs-browser MealKeyWay   Hi!Dumplings
[ 793/1159] needs-browser Square Online storefront PB Poke House Oceanside
[ 794/1159] too-few       netwaiter    Thai Pasta
[ 795/1159] needs-browser toast        Docent Brewing
[ 796/1159] needs-browser spothopper   Players Sports Grill
[ 797/1159] needs-browser order.online El Ranchero
[ 798/1159] no-platform   -            La Mesa Pizzaworks
[ 799/1159] no-platform   -            Great Wok of China
[ 800/1159] filed         own-jsonld   Sorianos Pizzeria
[ 801/1159] no-platform   -            Gintaro Sushi
[ 802/1159] no-platform   -            Charli's Landing
[ 803/1159] no-platform   -            Urban Location Boba Tea House San Diego
[ 804/1159] screened-out  shopify      Trident Coffee Pacific Beach
[ 805/1159] no-platform   -            Merenda
[ 806/1159] no-platform   -            Eclipse Chocolat
[ 807/1159] needs-browser MealKeyWay   Ocean Buffet
[ 808/1159] no-platform   -            Sound by the Sea
[ 809/1159] no-platform   -            Thai Table Time
[ 810/1159] needs-browser toast        Leu Leu
[ 811/1159] no-platform   -            Los Armando's Mexican Food
[ 812/1159] no-platform   -            Good Source Coffee
[ 813/1159] no-platform   -            Green Cheek Beer Co.
[ 814/1159] needs-browser plain-html   Chef’s Wok & Dumplings
[ 815/1159] needs-browser Square Online (own domain) Beach City Smoothies
[ 816/1159] no-platform   -            Flame Broiler
[ 817/1159] no-platform   -            Los Cucos Mexican Food
[ 818/1159] no-platform   -            Two Hands Corn Dog Mira Mesa
[ 819/1159] filed         toast        Baikohken Ramen
[ 820/1159] no-platform   -            Good Omen Coffee Co
[ 821/1159] no-platform   -            Burtech Family Vineyard Tasting Room
[ 822/1159] no-platform   -            UT-HO Boba & Baguette
[ 823/1159] no-platform   -            Pietro's Cucina Italiana
[ 824/1159] no-platform   -            Paris Baguette
[ 825/1159] no-platform   -            El Flako's Wrangler Barbecue
[ 826/1159] no-platform   -            The Alley Otay Mesa
[ 827/1159] no-platform   -            Buffalo Wild Wings GO
[ 828/1159] no-platform   -            Tacos el Niño Santana
[ 829/1159] no-platform   -            Saigon Star Restaurant
[ 830/1159] needs-browser MealKeyWay   Pho Tan
[ 831/1159] needs-browser order.online Burrito Leo's Mexican Food
[ 832/1159] no-platform   -            Diego's Taco Shop
[ 833/1159] too-few       netwaiter    Wings mix
[ 834/1159] no-platform   -            Fish Boon
[ 835/1159] no-platform   -            IZOLA
[ 836/1159] no-platform   -            TAKARAMONO SUSHI
[ 837/1159] needs-browser chownow      Burger Bench Vista
[ 838/1159] no-platform   -            La Casa Verde
[ 839/1159] no-platform   -            Pei Wei
[ 840/1159] no-platform   -            Simply Fresh Thai
[ 841/1159] needs-browser order.online EsKiNiTa
[ 842/1159] no-platform   -            Pho Nam Cali
[ 843/1159] no-platform   -            Photo House
[ 844/1159] no-platform   -            Chocolate Bash
[ 845/1159] needs-browser toast        CTZN
[ 846/1159] no-platform   -            La Mesita Mexican Food
[ 847/1159] no-platform   -            Little Victory Wine Bar
[ 848/1159] screened-out  clover       Mission Baja Tacos
[ 849/1159] no-platform   -            Banzai Bowls
[ 850/1159] no-platform   -            T&T Tacos & Tequila Grill & Cantina
[ 851/1159] no-platform   -            Alborz Restaurant
[ 852/1159] needs-browser slice        West Coast Pizza Company
[ 853/1159] needs-browser toast        Fleurette
[ 854/1159] no-platform   -            Buca di Beppo Italian Restaurant
[ 855/1159] needs-browser order.online Scoops Ocean Beach
[ 856/1159] no-platform   -            The Honor Bar
[ 857/1159] fetch-failed  -            the Koffie Co
[ 858/1159] no-platform   -            Acai Republic - Oceanside
[ 859/1159] needs-browser olo          Panini Kabob Grill - Park 12
[ 860/1159] no-platform   -            tiger!tiger!
[ 861/1159] fetch-failed  -            Kona Craft Cafe
[ 862/1159] no-platform   -            Piedra Santa
[ 863/1159] no-platform   -            Pha Khao Lao Cuisine
[ 864/1159] no-platform   -            Banzai Bowls
[ 865/1159] fetch-failed  -            Top of the Bagel
[ 866/1159] no-platform   -            Rocko's Family Restaurant
[ 867/1159] fetch-failed  -            Mandarin Wok Restaurant
[ 868/1159] no-platform   -            Kiiro Sushi Izakaya
[ 869/1159] needs-browser -            Mali's Deli
[ 870/1159] no-platform   -            Thai Thai Melrose Restaurant
[ 871/1159] needs-browser toast        Breakers
[ 872/1159] needs-browser slice        Pop's Pizza
[ 873/1159] no-platform   -            MAKE Cafe
[ 874/1159] no-platform   -            Troy's Greek Restaurant
[ 875/1159] needs-browser toast        QUICK BITES CAFE / Best Sandwiches
[ 876/1159] needs-browser chownow      CinKuni (Italian & Japanese Cuisine)
[ 877/1159] no-platform   -            Monserate Winery
[ 878/1159] no-platform   -            Olive Branch Eatery
[ 879/1159] no-platform   -            Campland Cantina
[ 880/1159] no-platform   -            Rubio's Coastal Grill
[ 881/1159] no-platform   -            Rubio's Coastal Grill
[ 882/1159] no-platform   -            Mr. Buffalo Fries
[ 883/1159] no-platform   -            PanPan Wok
[ 884/1159] no-platform   -            Cocina 35 brunch
[ 885/1159] no-platform   -            Ocean Thai Cuisine
[ 886/1159] too-few       netwaiter    LA PLACE DELI
[ 887/1159] no-platform   -            Rubio's Coastal Grill
[ 888/1159] no-platform   -            Bueno Wine & Goods
[ 889/1159] no-platform   -            Las Ricas Tortas
[ 890/1159] wrong-branch  toast        The Great Greek Mediterranean Grill - Oceanside, CA
[ 891/1159] needs-browser slice        Little Sisters Pizza
[ 892/1159] needs-browser Square Online storefront iWok Chinese Kitchen
[ 893/1159] needs-browser Square Online (own domain) Slurp
[ 894/1159] no-platform   -            Little Hidden Bakery
[ 895/1159] needs-browser toast        Jolie
[ 896/1159] no-platform   -            Mi Tierra Super Taco
[ 897/1159] wrong-branch  order.online Captain Sam's Fish & Chicken
[ 898/1159] no-platform   -            Una Mas on Adams
[ 899/1159] no-platform   -            Pizza Guys
[ 900/1159] no-platform   -            chance's coffee
[ 901/1159] no-platform   -            Fortuna Ristorante Italiano
[ 902/1159] needs-browser toast        Brites Soft Serve
[ 903/1159] no-platform   -            PanPan Wok
[ 904/1159] no-platform   -            Urban Teri Kitchen
[ 905/1159] needs-browser order.online Halal Burger Co.
[ 906/1159] needs-browser order.online Chin's Szechwan - Point Loma
[ 907/1159] no-platform   -            Uncle Feras Middle Eastern Restaurant
[ 908/1159] needs-browser Square Online (own domain) Le Charcuterie Bar
[ 909/1159] no-platform   -            Juice Holler
[ 910/1159] no-platform   -            Dark Horse Coffee Roasters
[ 911/1159] needs-browser toast        Little Kiki Katsu & More
[ 912/1159] no-platform   -            North Park Creamery
[ 913/1159] screened-out  toast        Agave Birrieria
[ 914/1159] no-platform   -            Leona's Cucina Italiana
[ 915/1159] needs-browser Square Online (own domain) Beach City Smoothies - Oceanside
[ 916/1159] needs-browser olo          Coffee Bean
[ 917/1159] needs-browser HungerRush   Pop Pops Paleta
[ 918/1159] no-platform   -            PanPan wok
[ 919/1159] needs-browser Square Online storefront Mein St. Asian Kitchen
[ 920/1159] no-platform   -            Oriental Cafe | Chinese
[ 921/1159] no-platform   -            Pokeport Oceanside
[ 922/1159] no-platform   -            El Papas Fritas Taco Shop
[ 923/1159] no-platform   -            La Costa Wine
[ 924/1159] no-platform   -            Thai Thae Cuisine
[ 925/1159] needs-browser toast        Between Us
[ 926/1159] no-platform   -            Queenstown Del Mar
[ 927/1159] no-platform   -            Noodle & Bun
[ 928/1159] no-platform   -            Ono Hawaiian BBQ
[ 929/1159] no-platform   -            Poki Poki - Escondido
[ 930/1159] filed         own-jsonld   Falafel California
[ 931/1159] needs-browser Square Online (own domain) Chef Budda Blasian Soul Food LLC
[ 932/1159] no-platform   -            KABOB SHACK - EASTLAKE
[ 933/1159] no-platform   -            Chopsticks Inn Restaurant
[ 934/1159] no-platform   -            Egg Tuck
[ 935/1159] no-platform   -            For The Win - San Diego
[ 936/1159] screened-out  order.online La Fresita Y Mas
[ 937/1159] no-platform   -            Christophe Rull Patisserie
[ 938/1159] no-platform   -            Love Letters Pizza
[ 939/1159] needs-browser MealKeyWay   Dumplings N More
[ 940/1159] fetch-failed  -            Antique Thai
[ 941/1159] no-platform   -            Arteazen Handcrafted Tea
[ 942/1159] no-platform   -            Khyber Pass Zarparan Restaurant | Afghan
[ 943/1159] needs-browser order.online Torta Time
[ 944/1159] no-platform   -            Hilltop Cafe
[ 945/1159] no-platform   -            ZZan Sushi & Soju
[ 946/1159] no-platform   -            Board & Brew - Downtown San Diego
[ 947/1159] no-platform   -            The Poke Tea House
[ 948/1159] no-platform   -            ROBATA-X Sushi & Izakaya
[ 949/1159] wrong-branch  toast        TACO CENTRO
[ 950/1159] needs-browser toast        NOIR Sushi and Sake Fusion Lounge
[ 951/1159] no-platform   -            Huckleberry's Breakfast & Lunch
[ 952/1159] needs-browser olo          Dimassi's Mediterranean Buffet
[ 953/1159] no-platform   -            Barrel Riot
[ 954/1159] no-platform   -            Dalu Hawaiian BBQ
[ 955/1159] no-platform   -            Sabroso taco savor a mi tierra
[ 956/1159] needs-browser -            Habibi Mediterranean Grill
[ 957/1159] no-platform   -            Scena Fusion Kitchen & Bar
[ 958/1159] no-platform   -            Mevan Coffee & Desserts & Brunch
[ 959/1159] no-platform   -            Zuma San Diego
[ 960/1159] needs-browser toast        La Jollita
[ 961/1159] no-platform   -            Bodega Market
[ 962/1159] no-platform   -            24 Suns
[ 963/1159] no-platform   -            Peppoli's Pizza & Philly Steaks
[ 964/1159] no-platform   -            Jalisco Cantina
[ 965/1159] no-platform   -            Hazel & Jade Bakery
[ 966/1159] needs-browser Square Online (own domain) The Cakery Cafe
[ 967/1159] no-platform   -            Ichitaru Ramen Carlsbad
[ 968/1159] no-platform   -            Lotho Deli
[ 969/1159] needs-browser SpotOn       Crest Taco
[ 970/1159] needs-browser toast        Colosseo Cucina Italiana
[ 971/1159] fetch-failed  -            Quarter Deck Inn Cocktails
[ 972/1159] filed         wix          Sourpuss Donuts
[ 973/1159] needs-browser toast        Pompei Pizza
[ 974/1159] screened-out  own-jsonld   Hanna Garden
[ 975/1159] needs-browser toast        Market St Pizzeria
[ 976/1159] no-platform   -            UT-HO Boba & Baguette
[ 977/1159] needs-browser MealKeyWay   Pho Luu Escondido - Vietnamese Cuisine
[ 978/1159] no-platform   -            Taconora Pacific Beach
[ 979/1159] needs-browser chownow      Parakeet Cafe - Nautilus
[ 980/1159] no-platform   -            Mexico City Cuisine-CoLab
[ 981/1159] needs-browser slice        Pastalini
[ 982/1159] no-platform   -            Thai Table Time
[ 983/1159] no-platform   -            Little While
[ 984/1159] no-platform   -            Side Street Bowls & Smoothies
[ 985/1159] no-platform   -            I Love Bagels
[ 986/1159] no-platform   -            Sono North Park
[ 987/1159] no-platform   -            Borrego Rooftop
[ 988/1159] fetch-failed  -            Daisy Deli
[ 989/1159] no-platform   -            The Morning Grove
[ 990/1159] no-platform   -            Mantra Raja
[ 991/1159] no-platform   -            SD giant pizza
[ 992/1159] no-platform   -            Krak Boba
[ 993/1159] wrong-branch  toast        Blank Slate
[ 994/1159] no-platform   -            Barrio Food Hub
[ 995/1159] no-platform   -            Monserate Winery
[ 996/1159] needs-browser -            Cala La Jolla Café
[ 997/1159] no-platform   -            Gaslamp Coffee Bar
[ 998/1159] no-platform   -            El Flako's Wrangler Barbecue
[ 999/1159] needs-browser toast        Okama Ramen and Grill
[1000/1159] needs-browser toast        One of Us
[1001/1159] needs-browser toast        Grandson Steaks
[1002/1159] no-platform   -            Los Mexas
[1003/1159] no-platform   -            Crave & Feast
[1004/1159] no-platform   -            Sola Cafe and Deli
[1005/1159] no-platform   -            The Encore Sushi
[1006/1159] no-platform   -            Native Foods
[1007/1159] no-platform   -            Badas burgers
[1008/1159] needs-browser Square Online storefront Empanada Kitchen
[1009/1159] wrong-branch  toast        Bubble & Butter
[1010/1159] needs-browser MenuSifu     Joyee Noodle House(UTC)
[1011/1159] wrong-branch  toast        Saigon Alley Kitchen & Bar
[1012/1159] no-platform   -            Doc Holliday's
[1013/1159] no-platform   -            Al's Cafe in the village
[1014/1159] no-platform   -            Yesenia's Mexican Food & Ice Cream
[1015/1159] no-platform   -            Cocina Tex Mex Restaurant
[1016/1159] no-platform   -            Old Gallery Coffee House
[1017/1159] wrong-branch  toast        Gold Coffee Shop
[1018/1159] no-platform   -            Taqueria By El Prieto
[1019/1159] no-platform   -            Blackmarket Bakery
[1020/1159] no-platform   -            Baba's Pizza
[1021/1159] screened-out  order.online Fish Restaurant
[1022/1159] no-platform   -            El Dorado
[1023/1159] needs-browser -            Sammy's Woodfire Pizza and Grille
[1024/1159] no-platform   -            Kasi
[1025/1159] needs-browser Square Online storefront Copa Vida
[1026/1159] no-platform   -            Mirch Masala 2 Go
[1027/1159] no-platform   -            Soda & Swine
[1028/1159] no-platform   -            Cafe Fresh
[1029/1159] no-platform   -            Nami
[1030/1159] needs-browser order.online Deli Belly
[1031/1159] wrong-branch  toast        Blue Water Grill
[1032/1159] fetch-failed  -            Rancho Cafe
[1033/1159] fetch-failed  -            Cafe Virtuoso
[1034/1159] no-platform   -            Pegah’s Kitchen
[1035/1159] no-platform   -            Ming Ky
[1036/1159] screened-out  shopify      Lofty Coffee
[1037/1159] no-platform   -            Hanaoka
[1038/1159] needs-browser Square Online storefront Empanada Kitchen
[1039/1159] no-platform   -            Trisler's San Diego Wine Bar
[1040/1159] no-platform   -            Lagoon Terrace
[1041/1159] fetch-failed  -            Island Market
[1042/1159] no-platform   -            Greenbrier Inn
[1043/1159] no-platform   -            Our Green Affair
[1044/1159] no-platform   -            Cent'Anni Café
[1045/1159] no-platform   -            Nékter Juice Bar
[1046/1159] fetch-failed  -            Escondido Joe's
[1047/1159] no-platform   -            Taste of Hong Kong
[1048/1159] fetch-failed  -            Coco's Bakery
[1049/1159] fetch-failed  -            Pizzicato
[1050/1159] no-platform   -            SPACE
[1051/1159] no-platform   -            2GOOD2B Bakery & Cafe
[1052/1159] no-platform   -            Chippy's Diner
[1053/1159] fetch-failed  -            Tango Restaurant & Lounge
[1054/1159] no-platform   -            Rush Bowls
[1055/1159] wrong-branch  toast        The Coffee Spot
[1056/1159] fetch-failed  -            Toast Gastrobrunch
[1057/1159] wrong-branch  clover       Mikko Sushi
[1058/1159] no-platform   -            U31
[1059/1159] no-platform   -            Cafe Bella
[1060/1159] needs-browser -            The Hamlett
[1061/1159] no-platform   -            Filibertos
[1062/1159] no-platform   -            India Princess
[1063/1159] no-platform   -            Slater's 50/50
[1064/1159] no-platform   -            Brick & Bell Plus
[1065/1159] no-platform   -            Colimas Mexican Grull
[1066/1159] no-platform   -            Arctic Snacks
[1067/1159] no-platform   -            Village Inn
[1068/1159] no-platform   -            Kava Lounge
[1069/1159] no-platform   -            Jungle Cart
[1070/1159] no-platform   -            Veladora
[1071/1159] no-platform   -            Villa Fresh Italian Kitchen
[1072/1159] no-platform   -            Tradewinds
[1073/1159] no-platform   -            Jordan
[1074/1159] no-platform   -            Deja Vu
[1075/1159] no-platform   -            Fairbanks
[1076/1159] no-platform   -            Lion Camp Slush and Snacks
[1077/1159] no-platform   -            Our Green Affair
[1078/1159] no-platform   -            Shake Smart
[1079/1159] fetch-failed  -            Mis Dos Gallos Taqueria, Fruit & Deli
[1080/1159] no-platform   -            Rift Sand Bar
[1081/1159] no-platform   -            Candelas
[1082/1159] no-platform   -            Rice
[1083/1159] no-platform   -            Nicolosi's Pizza (Mira Lee Way)
[1084/1159] needs-browser slice        Massachusetts Mike's Pizzeria
[1085/1159] no-platform   -            Ituri Hut
[1086/1159] needs-browser Square Online storefront Prager Brothers Artisan Breads
[1087/1159] no-platform   -            CABETOS Pops
[1088/1159] no-platform   -            The Reading Club
[1089/1159] no-platform   -            Monster Snacks
[1090/1159] wrong-branch  toast        Beeside Balcony La Jolla
[1091/1159] no-platform   -            Antique Row Cafe
[1092/1159] fetch-failed  -            Lefty's Cheesesteaks
[1093/1159] fetch-failed  -            Kellys Pub
[1094/1159] no-platform   -            Copper Kings San Marcos
[1095/1159] no-platform   -            Time Out Café
[1096/1159] no-platform   -            Oodles By The Nood Bar
[1097/1159] no-platform   -            Cocina Del Mar
[1098/1159] no-platform   -            Juice Alchemy
[1099/1159] no-platform   -            La Salsa
[1100/1159] no-platform   -            Relic Bakery & Kitchen
[1101/1159] no-platform   -            CHINA CHEF 1
[1102/1159] wrong-branch  toast        Oceanside Fish Shop
[1103/1159] no-platform   -            Safari Coffee Outpost
[1104/1159] needs-browser toast        Sultan Baklava
[1105/1159] no-platform   -            Pizza Guys
[1106/1159] needs-browser -            Yogurt Lounge Serra Mesa
[1107/1159] needs-browser toast        Corbin's Q
[1108/1159] no-platform   -            Canyon Inn
[1109/1159] filed         spothopper   Cabo Cantina
[1110/1159] no-platform   -            Mo-Mo Paradise
[1111/1159] too-few       own-jsonld   The Oceanaire Seafood Room
[1112/1159] fetch-failed  -            Tacos Locos Tasty Mexican Food
[1113/1159] wrong-branch  toast        Lucha Libre Taco Shop
[1114/1159] needs-browser toast        Chef Fei
[1115/1159] fetch-failed  -            OB Kebab
[1116/1159] fetch-failed  -            OB Garden Café
[1117/1159] needs-browser Square Online (own domain) BCB Coffee
[1118/1159] no-platform   -            George’s Bar
[1119/1159] no-platform   -            Grover's Grill
[1120/1159] no-platform   -            House of Black
[1121/1159] no-platform   -            Creme De La Crepe
[1122/1159] no-platform   -            Border X Brewing
[1123/1159] no-platform   -            Noodles
[1124/1159] fetch-failed  -            Las Pinches Tortas
[1125/1159] no-platform   -            Taco Villa
[1126/1159] needs-browser Square Online storefront Copa Vida
[1127/1159] no-platform   -            Mission Brewing (fka Rough Draft)
[1128/1159] no-platform   -            Aromas
[1129/1159] wrong-branch  toast        Carnitas’ Snack Shack
[1130/1159] fetch-failed  -            Dryer's Ice Cream Parlor
[1131/1159] no-platform   -            University Towers Kitchen
[1132/1159] no-platform   -            Chicken & Crown
[1133/1159] no-platform   -            TEC Cafe
[1134/1159] no-platform   -            Sweet Labors
[1135/1159] fetch-failed  -            Trade Restaurant & Lounge
[1136/1159] needs-browser MealKeyWay   Yonny Mini Hotpot
[1137/1159] no-platform   -            Café de Anza
[1138/1159] needs-browser Square Online storefront Cafecito 1806
[1139/1159] no-platform   -            Mawazo Kitchen
[1140/1159] fetch-failed  -            The Waterfront
[1141/1159] needs-browser toast        BCB Coffee Company
[1142/1159] no-platform   -            SanSai Japanese Grill
[1143/1159] no-platform   -            Ground Up Cafe
[1144/1159] no-platform   -            NM Cafe
[1145/1159] no-platform   -            The Santaluz Club Dining Room and Events
[1146/1159] no-platform   -            Inland Tavern
[1147/1159] no-platform   -            Stony Mountain Bar & Grill
[1148/1159] fetch-failed  -            In Between
[1149/1159] fetch-failed  -            Capriotti's Sandwich Shop
[1150/1159] needs-browser -            Casa de Freds
[1151/1159] needs-browser -            Verde Kitchen & Bar
[1152/1159] no-platform   -            HACIENDITA BAKERY
[1153/1159] fetch-failed  -            All Fried Up
[1154/1159] no-platform   -            The Grand Tradition
[1155/1159] fetch-failed  -            BunZ
[1156/1159] no-platform   -            Oliva
[1157/1159] no-platform   -            Mama Kat's Restaurant and Pie Shop
[1158/1159] no-platform   -            Bean Sprouts
[1159/1159] no-platform   -            Buka - Taste of Nigeria

platform                       attempted         filed       too-few         gated  wrong-branch needs-browser   no-platform  fetch-failed  screened-out
none                                 854             0             0             0             0            29           540           285             0
toast                                 84             2             0             1            23            57             0             0             1
order.online                          40             0             0             0             7            29             0             0             4
Square Online storefront              38             0             0             0             0            38             0             0             0
Square Online (own domain)            22             0             0             0             0            22             0             0             0
netwaiter                             18             0            18             0             0             0             0             0             0
chownow                               16             0             0             1             4            11             0             0             0
MealKeyWay                            14             0             0             0             0            14             0             0             0
slice                                 11             0             0             0             0            11             0             0             0
own-jsonld                             9             5             2             0             0             0             0             0             2
plain-html                             8             0             0             0             0             8             0             0             0
SpotOn                                 8             0             0             0             0             8             0             0             0
shopify                                8             1             0             0             0             0             0             0             7
olo                                    7             0             0             0             0             7             0             0             0
spothopper                             7             1             0             0             0             6             0             0             0
clover                                 5             0             0             0             2             0             0             0             3
HungerRush                             3             0             0             0             0             3             0             0             0
GloriaFood widget                      1             0             0             0             0             1             0             0             0
ubereats                               1             0             0             0             1             0             0             0             0
menufy                                 1             0             0             0             0             0             0             0             1
popmenu                                1             0             0             0             1             0             0             0             0
Paytronix                              1             0             0             0             0             1             0             0             0
wix                                    1             1             0             0             0             0             0             0             0
MenuSifu                               1             0             0             0             0             1             0             0             0
TOTAL                               1159            10            20             2            38           246           540           285            18

10 menus, 517 dishes
wrote menus/wip/router-20260904-125658.json
wrote menus/wip/router-20260904-125658.notes.json
