queue 1035 with a website; routing 1035 at concurrency 4

[   1/1035] needs-browser chownow      Burger Bench Escondido
[   2/1035] no-platform   -            Taquería Imperial
[   3/1035] no-platform   -            Mimi's Cafe
[   4/1035] needs-browser chownow      Brigantine Seafood
[   5/1035] screened-out  order.online Wood Ranch Mission Valley
[   6/1035] fetch-failed  -            Public Square Coffee House
[   7/1035] no-platform   -            VG Donut & Bakery
[   8/1035] wrong-branch  order.online El Pueblo Mexican Food - Carlsbad
[   9/1035] needs-browser Square Online storefront Wayfarer Bread & Pastry
[  10/1035] needs-browser order.online Tom's Famous Family Restaurant 24
[  11/1035] no-platform   -            Farmer & The Seahorse
[  12/1035] needs-browser order.online TOM's Famous Family Restaurant 22
[  13/1035] gated         chownow      Handel’s Homemade Ice Cream
[  14/1035] needs-browser plain-html   Por Favor El Cajon
[  15/1035] no-platform   -            Loreto's Taco Shop
[  16/1035] needs-browser plain-html   Papas & Tacos Mexican Food
[  17/1035] no-platform   -            Taco Bar
[  18/1035] fetch-failed  -            Home Sweet Home Cafe
[  19/1035] needs-browser chownow      Parakeet Cafe - Little Italy
[  20/1035] needs-browser toast        MooTime Creamery
[  21/1035] fetch-failed  -            Plazas Mexican Food
[  22/1035] needs-browser toast        Coya Peruvian Secret
[  23/1035] needs-browser GloriaFood widget That Mexican Place
[  24/1035] no-platform   -            Todo Sushi
[  25/1035] no-platform   -            El Real Mexican Food
[  26/1035] needs-browser toast        Lanna Thai Cuisine
[  27/1035] screened-out  order.online Grandma Tofu & BBQ
[  28/1035] no-platform   -            Anita's Mexican Restaurant & Cantina
[  29/1035] fetch-failed  -            Los Reyes Mexican Restaurant & Cantina
[  30/1035] no-platform   -            Hanu Korean BBQ
[  31/1035] needs-browser slice        Pastalini
[  32/1035] no-platform   -            Otay Mandarin Chinese Restaurant
[  33/1035] needs-browser olo          Panini Kabob Grill - Mission Valley
[  34/1035] needs-browser toast        The Asian Bistro
[  35/1035] needs-browser Square Online storefront skybound coffee + dessert lounge
[  36/1035] no-platform   -            It's Raw Poke Shop
[  37/1035] needs-browser order.online Sancho's Tacos
[  38/1035] needs-browser Square Online (own domain) Up2You Cafe
[  39/1035] no-platform   -            Antonio's Mexican Food
[  40/1035] no-platform   -            Urban Crave
[  41/1035] no-platform   -            Urban Crave
[  42/1035] needs-browser toast        Stake Chophouse & Bar
[  43/1035] no-platform   -            Boudin SF
[  44/1035] needs-browser plain-html   Nick's Del Mar
[  45/1035] fetch-failed  -            La Concha Bakery
[  46/1035] needs-browser olo          Better Buzz Coffee Pacific Beach Grand
[  47/1035] too-few       netwaiter    Connie's
[  48/1035] no-platform   -            Lucy's Bakery
[  49/1035] needs-browser plain-html   Pancho's Mexican Restaurant
[  50/1035] needs-browser order.online Robertito's Mexican Food
[  51/1035] no-platform   -            Muay Thai Kitchen
[  52/1035] no-platform   -            Baci Restaurant | Italian
[  53/1035] needs-browser toast        Nado Republic
[  54/1035] needs-browser toast        Shaks Mediterranean Bistro
[  55/1035] no-platform   -            Umai Sushi
[  56/1035] needs-browser -            Beyer Deli
[  57/1035] needs-browser Square Online (own domain) Camp Coffee Company
[  58/1035] needs-browser Square Online (own domain) Portal Coffee
[  59/1035] no-platform   -            Golden Donut
[  60/1035] no-platform   -            Red Fox Room and Steakhouse
[  61/1035] gated         chownow      Handel’s Homemade Ice Cream
[  62/1035] fetch-failed  -            Mi Ranchito Taco Shop
[  63/1035] needs-browser Square Online storefront Prager Brothers Artisan Breads
[  64/1035] needs-browser spothopper   Los Panchos Mexican Grill & Seafood
[  65/1035] needs-browser MealKeyWay   Dumplings N More
[  66/1035] needs-browser spothopper   Penelopes Mexican Food
[  67/1035] needs-browser Square Online storefront Maan's Mediterranean Grill
[  68/1035] no-platform   -            Superbloom Coffee & Juice
[  69/1035] needs-browser Square Online (own domain) Barrio Donas
[  70/1035] no-platform   -            The Cowshed
[  71/1035] fetch-failed  -            Bonchon Chicken
[  72/1035] needs-browser toast        The Remy
[  73/1035] needs-browser spothopper   Curry & More - Indian Bistro
[  74/1035] no-platform   -            Yingli Restaurant | Chula Vista
[  75/1035] needs-browser spothopper   3N1 Sports Bar & Grill
[  76/1035] needs-browser order.online Scoops La Jolla
[  77/1035] no-platform   -            Red Lobster
[  78/1035] no-platform   -            Señor Taquero
[  79/1035] fetch-failed  -            Edelweiss Bakery
[  80/1035] too-few       netwaiter    Aiberto's Taco Shop
[  81/1035] screened-out  clover       Royal Sweets
[  82/1035] fetch-failed  -            Leucadia Donut Shoppe
[  83/1035] fetch-failed  -            Pacific Beach Ice Cream Co.
[  84/1035] no-platform   -            SOMISOMI
[  85/1035] needs-browser toast        Tabu Sushi Bar & Grill Santee
[  86/1035] gated         chownow      Handel's Homemade Ice Cream
[  87/1035] fetch-failed  -            Arizona Chinese Restaurant
[  88/1035] wrong-branch  order.online Lourdes Mexican Food To Go
[  89/1035] no-platform   -            Sushi Factory
[  90/1035] no-platform   -            Big Front Door
[  91/1035] no-platform   -            Hidden Fish
[  92/1035] needs-browser Square Online storefront Portinos Restaurant
[  93/1035] needs-browser Square Online storefront Bay Park Coffee
[  94/1035] no-platform   -            Emma's Mexican Food
[  95/1035] needs-browser -            Rosarito's Mexican Food #1
[  96/1035] no-platform   -            El Charro Mexican Food
[  97/1035] needs-browser spothopper   il Sogno Italiano
[  98/1035] too-few       netwaiter    Mary Ettas Cafe
[  99/1035] needs-browser order.online Gelato Paradiso
[ 100/1035] needs-browser Square Online storefront Sandwich Emporium
[ 101/1035] no-platform   -            Hanna's Gourmet
[ 102/1035] needs-browser Square Online storefront Pink Rose Cafe
[ 103/1035] no-platform   -            Angelito's Fruteria Y Neveria
[ 104/1035] needs-browser toast        Valentina
[ 105/1035] no-platform   -            Flora
[ 106/1035] needs-browser -            Yogurt Heaven
[ 107/1035] needs-browser slice        Italia Pizza
[ 108/1035] no-platform   -            Honey Baked Ham
[ 109/1035] no-platform   -            Lucy's Bakery
[ 110/1035] fetch-failed  -            Camel's Bar and Grill
[ 111/1035] no-platform   -            Cafe Bella Drive Thru
[ 112/1035] needs-browser olo          Randy's Donuts
[ 113/1035] no-platform   -            Off The 8 Café
[ 114/1035] no-platform   -            Royal India Express
[ 115/1035] needs-browser olo          Luna Grill Millenia
[ 116/1035] needs-browser Square Online (own domain) Solana Sumptuous Cookies
[ 117/1035] needs-browser MealKeyWay   Surfing Crab Escondido
[ 118/1035] screened-out  menufy       Ginza Sushi
[ 119/1035] no-platform   -            Dragon Express
[ 120/1035] fetch-failed  -            We Olive & Wine Bar
[ 121/1035] no-platform   -            Wahoo's Fish Taco
[ 122/1035] no-platform   -            Tropifruit Juice Bar
[ 123/1035] no-platform   -            Cow-A-Bunga Ice Cream & Coffee
[ 124/1035] needs-browser Square Online (own domain) Serrano's Mexican Food
[ 125/1035] no-platform   -            Ike's Love & Sandwiches
[ 126/1035] fetch-failed  -            Thai Island@
[ 127/1035] needs-browser spothopper   Santos Coffee
[ 128/1035] no-platform   -            BKK THAI KITCHEN
[ 129/1035] fetch-failed  -            The Art of Espresso
[ 130/1035] fetch-failed  -            Palomino's Mexican & Seafood
[ 131/1035] needs-browser toast        Rosemonts Cafe
[ 132/1035] screened-out  shopify      La Colombe Coffee Roasters
[ 133/1035] no-platform   -            Shozen BBQ
[ 134/1035] no-platform   -            Athens Market Taverna
[ 135/1035] needs-browser order.online San Diego Sandwich Co
[ 136/1035] no-platform   -            Mexico Lindo Restaurant
[ 137/1035] needs-browser Square Online (own domain) Matcha Cafe Maiko - Escondido
[ 138/1035] no-platform   -            PGA Tour Grill
[ 139/1035] needs-browser -            Marieta's Mexican Food
[ 140/1035] fetch-failed  -            @Spacebar Cafe
[ 141/1035] needs-browser HungerRush   Flippin' Pizza La Costa
[ 142/1035] no-platform   -            Eugenio Italian Ristorante & More
[ 143/1035] no-platform   -            Cake de Partie
[ 144/1035] screened-out  own-jsonld   Hanna Garden
[ 145/1035] no-platform   -            Uncle Biffs California Killer Cookies
[ 146/1035] no-platform   -            La Mixteca
[ 147/1035] gated         chownow      Handel's Homemade Ice Cream
[ 148/1035] no-platform   -            Kokoro Restaurant
[ 149/1035] no-platform   -            Silverlake Ramen
[ 150/1035] needs-browser -            Bravo Cafe
[ 151/1035] no-platform   -            Donuts Plus
[ 152/1035] no-platform   -            Valerio's 1979
[ 153/1035] no-platform   -            Pizza Mania
[ 154/1035] needs-browser Square Online storefront Crossroads Deli
[ 155/1035] filed         shopify      Flor and Seed Coffee Roasters
[ 156/1035] needs-browser SpotOn       Porky's Lechon Barbecue
[ 157/1035] needs-browser Square Online (own domain) Elixir Espresso & Wine Bar
[ 158/1035] too-few       netwaiter    Opa Greek Restaurant & Grill
[ 159/1035] no-platform   -            Imperial Express
[ 160/1035] fetch-failed  -            Potato Corner
[ 161/1035] fetch-failed  -            Cielo Rooftop
[ 162/1035] no-platform   -            KD's Donuts
[ 163/1035] no-platform   -            The Orient Thai
[ 164/1035] fetch-failed  -            Tak Grill Fresh Mediterranean Food
[ 165/1035] no-platform   -            Kaffee Meister
[ 166/1035] needs-browser olo          Luna Grill Encinitas
[ 167/1035] no-platform   -            The Leucadian
[ 168/1035] no-platform   -            White Labs Brewing Co - San Diego
[ 169/1035] needs-browser toast        The Naked Cafe
[ 170/1035] no-platform   -            ENO Market & Pizzeria
[ 171/1035] no-platform   -            Beach + Taco Shack
[ 172/1035] needs-browser Square Online storefront Thyme for Lunch Cafe & Grill
[ 173/1035] no-platform   -            Nothing Bundt Cakes
[ 174/1035] no-platform   -            Glazed Coffee & Creamery
[ 175/1035] screened-out  menufy       IB Thai
[ 176/1035] no-platform   -            Phở Hòa Restaurant | Vietnamese
[ 177/1035] no-platform   -            Ko-Li Bar
[ 178/1035] needs-browser Square Online storefront Mesa Agricola
[ 179/1035] no-platform   -            SoCal Sushi
[ 180/1035] needs-browser Square Online (own domain) Industrial Grind Coffee
[ 181/1035] no-platform   -            Que Tortas
[ 182/1035] needs-browser chownow      Pho Hiep & Grill
[ 183/1035] screened-out  shopify      James Coffee Co
[ 184/1035] screened-out  shopify      Seven Seas Roasting Company
[ 185/1035] no-platform   -            Kaito Sushi
[ 186/1035] no-platform   -            The Grounds Bean Bar
[ 187/1035] no-platform   -            YuJing Chinese Restaurant
[ 188/1035] no-platform   -            Chopsticks Chinese Cuisine
[ 189/1035] fetch-failed  -            Donut Factory
[ 190/1035] needs-browser toast        Fat Joe’s O’side
[ 191/1035] needs-browser -            Banh Mi Blvd
[ 192/1035] no-platform   -            La Moreliana
[ 193/1035] no-platform   -            Tea Pavilion
[ 194/1035] needs-browser Square Online (own domain) Dot Cafe
[ 195/1035] fetch-failed  -            Valentinas Taco Shop
[ 196/1035] no-platform   -            Blue Pepper Asian Cuisine
[ 197/1035] fetch-failed  -            Memo's Golden Bagel
[ 198/1035] needs-browser order.online Le Macaron French Pastries
[ 199/1035] needs-browser order.online BB's Deli
[ 200/1035] fetch-failed  -            The Reunion
[ 201/1035] needs-browser -            Seaview Restaurant
[ 202/1035] needs-browser SpotOn       Kalei's Kitchenette
[ 203/1035] fetch-failed  -            Eat Your Heart Out II
[ 204/1035] needs-browser MealKeyWay   Iron Wok
[ 205/1035] needs-browser toast        Lime in the Coconut
[ 206/1035] filed         toast        Baja Rick's Cantina
[ 207/1035] no-platform   -            San Diego Blenders
[ 208/1035] needs-browser slice        Rock On Pizza
[ 209/1035] no-platform   -            Joses Taco Shop
[ 210/1035] needs-browser Square Online storefront Sue's Korean Kitchen
[ 211/1035] no-platform   -            Purple Owl Cafe
[ 212/1035] fetch-failed  -            Bistro Pazzo
[ 213/1035] no-platform   -            Nanay's Best BBQ
[ 214/1035] fetch-failed  -            Al Teatro Panini Grill
[ 215/1035] no-platform   -            Black Radish
[ 216/1035] fetch-failed  -            Idego Coffee Roasters
[ 217/1035] no-platform   -            Little Ceasar's
[ 218/1035] no-platform   -            Explorers Café
[ 219/1035] fetch-failed  -            Rosarito's Mexican Food #2
[ 220/1035] needs-browser Square Online storefront Tacoman
[ 221/1035] no-platform   -            Criscito Pizza
[ 222/1035] too-few       netwaiter    Nolberto's Taco Shop
[ 223/1035] fetch-failed  -            Bar Kamon
[ 224/1035] no-platform   -            Sweet Revenge Bakery
[ 225/1035] no-platform   -            Surfdog's Java Hot
[ 226/1035] no-platform   -            The Luau
[ 227/1035] fetch-failed  -            Thai Fresh
[ 228/1035] no-platform   -            Red Ribbon Bakeshop
[ 229/1035] no-platform   -            Hino
[ 230/1035] no-platform   -            Coral Tree Tea House
[ 231/1035] fetch-failed  -            Prince Hookah Cafe
[ 232/1035] fetch-failed  -            P B Pub
[ 233/1035] no-platform   -            World Famous I Bar
[ 234/1035] no-platform   -            Red Ribbon Bakeshop
[ 235/1035] no-platform   -            Mother's Kitchen
[ 236/1035] needs-browser Square Online storefront Fan-Fan
[ 237/1035] no-platform   -            Thai Style
[ 238/1035] no-platform   -            The Halal Shack
[ 239/1035] no-platform   -            Brown Bag Deli
[ 240/1035] no-platform   -            Aztec Food Hub
[ 241/1035] fetch-failed  -            Victor's Kafe - Poway
[ 242/1035] needs-browser toast        Mr. Charlie's
[ 243/1035] no-platform   -            Crispy Chicken n' Tomato
[ 244/1035] no-platform   -            Corner Cafe | Chinese
[ 245/1035] needs-browser plain-html   Donut Stop
[ 246/1035] no-platform   -            Tony’s Newport Cafe
[ 247/1035] no-platform   -            Zhang Liang Malatang
[ 248/1035] no-platform   -            Taco Time Food Truck
[ 249/1035] fetch-failed  -            Gotcha
[ 250/1035] no-platform   -            Kona Coffee
[ 251/1035] needs-browser SpotOn       D Wings & Ribs
[ 252/1035] no-platform   -            Gong Cha
[ 253/1035] no-platform   -            La Perlita Mexican Food
[ 254/1035] no-platform   -            Millport
[ 255/1035] needs-browser -            Panorama Bar & Grill
[ 256/1035] no-platform   -            Nothing Bundt Cakes
[ 257/1035] no-platform   -            The Elegant Truffle
[ 258/1035] no-platform   -            Seahorse Coffee
[ 259/1035] fetch-failed  -            Stagecoach Inn
[ 260/1035] no-platform   -            The Deli Stop
[ 261/1035] needs-browser Square Online storefront Cargo Cafe
[ 262/1035] wrong-branch  toast        The Crack Shack - Pacific Beach
[ 263/1035] needs-browser order.online Poki Poki - Encinitas
[ 264/1035] no-platform   -            Parkys
[ 265/1035] needs-browser MealKeyWay   Zhengxin Chicken Steak
[ 266/1035] fetch-failed  -            Topside Terrace Kitchen & Bar
[ 267/1035] needs-browser toast        Matoi
[ 268/1035] needs-browser Square Online (own domain) Elixir Espresso Bar
[ 269/1035] no-platform   -            Chin's Gourmet
[ 270/1035] no-platform   -            Shanghai Cuisine
[ 271/1035] needs-browser chownow      Gor Gai Thai Eatery
[ 272/1035] needs-browser Square Online storefront Sul & Beans
[ 273/1035] fetch-failed  -            Pho Olala
[ 274/1035] needs-browser Square Online storefront ZzanG Hotdog & Chicken
[ 275/1035] no-platform   -            The Peruvian Spot
[ 276/1035] no-platform   -            The Lean Machine Meal Prep
[ 277/1035] no-platform   -            China Express
[ 278/1035] no-platform   -            Hancock Street Cafe
[ 279/1035] needs-browser olo          Sweetfin
[ 280/1035] needs-browser toast        Bonehead Burger Co.
[ 281/1035] needs-browser order.online Daniel's Taco Shop
[ 282/1035] screened-out  clover       Hooked On Pokè
[ 283/1035] no-platform   -            Teaspoon
[ 284/1035] no-platform   -            Channel 2 Sports Bar
[ 285/1035] fetch-failed  -            Roots Bowls
[ 286/1035] no-platform   -            Pick Up Stix Fresh Asian Flavors
[ 287/1035] no-platform   -            Chen Golden Palace
[ 288/1035] needs-browser SpotOn       Hot or Not Thai
[ 289/1035] needs-browser MealKeyWay   Szechuan Chef Chinese Cuisine
[ 290/1035] fetch-failed  -            Deano's Pub
[ 291/1035] no-platform   -            Bistro Kaz
[ 292/1035] needs-browser HungerRush   Flippin Pizza Encinitas
[ 293/1035] needs-browser order.online DaYung's Tea
[ 294/1035] no-platform   -            La Central
[ 295/1035] fetch-failed  -            Le Rendez-Vous French Bakery
[ 296/1035] no-platform   -            Mike Hess Brewing Tasting Room
[ 297/1035] no-platform   -            Vitality Bowls
[ 298/1035] fetch-failed  -            Long Story Irish Pub
[ 299/1035] no-platform   -            City Dragon
[ 300/1035] fetch-failed  -            Rosaria's Pizza 4
[ 301/1035] no-platform   -            It's A Piece A Cake
[ 302/1035] no-platform   -            Musashiya
[ 303/1035] fetch-failed  -            Tulum Seafood
[ 304/1035] no-platform   -            San Diego Eagle
[ 305/1035] no-platform   -            The Brass Rail
[ 306/1035] no-platform   -            Sidny's Bagels & Deli
[ 307/1035] too-few       netwaiter    Goyo's Bakery
[ 308/1035] no-platform   -            Kaki Sushi
[ 309/1035] no-platform   -            Okavango Outpost
[ 310/1035] needs-browser toast        Upper East
[ 311/1035] no-platform   -            CAFE 160
[ 312/1035] no-platform   -            Bale French Sandwiches
[ 313/1035] needs-browser order.online Taste of Thai
[ 314/1035] no-platform   -            African Spices
[ 315/1035] fetch-failed  -            Spoon House
[ 316/1035] needs-browser order.online Elsa's Kitchen
[ 317/1035] no-platform   -            Hoffer's Cigar Bar
[ 318/1035] screened-out  toast        Agave Taco Shop
[ 319/1035] needs-browser Square Online storefront Mad Munch Grilled Cheezer Co.
[ 320/1035] no-platform   -            Gloria's Taco Shop
[ 321/1035] fetch-failed  -            Kinchana
[ 322/1035] no-platform   -            La Michoacana
[ 323/1035] screened-out  slice        Mike's Giant New York Pizza
[ 324/1035] fetch-failed  -            Mosa Tea
[ 325/1035] needs-browser plain-html   JNC Pinoy Foodmart
[ 326/1035] no-platform   -            Bopomofo Cafe
[ 327/1035] wrong-branch  toast        Achilles Coffee Roasters
[ 328/1035] no-platform   -            Nobu
[ 329/1035] needs-browser toast        Dora
[ 330/1035] no-platform   -            Cool Down Coffee
[ 331/1035] screened-out  order.online Frida's Taqueria
[ 332/1035] no-platform   -            Novecientos Grados by Tony Hawk
[ 333/1035] no-platform   -            Teriyaki Madness
[ 334/1035] needs-browser chownow      Juice Kaboose
[ 335/1035] needs-browser chownow      Leos Kitchen
[ 336/1035] needs-browser toast        Junction Bar & Grill
[ 337/1035] no-platform   -            Smittys Downtown
[ 338/1035] needs-browser toast        Thai Ladle
[ 339/1035] wrong-branch  clover       Manzanita Roasting Co
[ 340/1035] needs-browser order.online Donut Bros
[ 341/1035] no-platform   -            Urban Bubble
[ 342/1035] needs-browser order.online Deli Belly
[ 343/1035] no-platform   -            La Nacional
[ 344/1035] no-platform   -            Tom's Chinese BBQ
[ 345/1035] needs-browser Square Online storefront Tasty Pizza Escondido LLC
[ 346/1035] no-platform   -            Pizzabilities - Alpine
[ 347/1035] wrong-branch  clover       Hyderabad Cafe
[ 348/1035] needs-browser MealKeyWay   Ma's House
[ 349/1035] too-few       netwaiter    Roma's Pizza
[ 350/1035] no-platform   -            Angela's Eccentric Kitchen
[ 351/1035] no-platform   -            Juice Stop Encinitas
[ 352/1035] no-platform   -            Kind Coffee
[ 353/1035] needs-browser SpotOn       La Banana Fruits - Fruteria
[ 354/1035] needs-browser toast        Understory Bar
[ 355/1035] too-few       netwaiter    Star Express
[ 356/1035] no-platform   -            Picasso's Naturals
[ 357/1035] needs-browser toast        Angry Petes Pizza Point Loma
[ 358/1035] no-platform   -            Nova Easy Kombucha
[ 359/1035] needs-browser Square Online (own domain) Rad Habits Juice
[ 360/1035] fetch-failed  -            Bonchon Chicken
[ 361/1035] needs-browser MealKeyWay   Spicy Noodle
[ 362/1035] fetch-failed  -            Deano's Pub East
[ 363/1035] no-platform   -            Village Pub
[ 364/1035] no-platform   -            Tastea
[ 365/1035] needs-browser SpotOn       Mariscos y Miches El Patron
[ 366/1035] needs-browser chownow      Juice Caboose
[ 367/1035] no-platform   -            Del Sushi
[ 368/1035] no-platform   -            Hometown Taste
[ 369/1035] no-platform   -            Burrito King
[ 370/1035] no-platform   -            Granny's Apple Fries
[ 371/1035] screened-out  shopify      Seven Seas Roasting
[ 372/1035] fetch-failed  -            El Mercadito
[ 373/1035] no-platform   -            Bowl To Go
[ 374/1035] no-platform   -            Unique Sandwiches
[ 375/1035] needs-browser Square Online storefront Dog Leg Brewing
[ 376/1035] no-platform   -            Gihon Ethiopian Kitchen
[ 377/1035] wrong-branch  toast        Burekas Box
[ 378/1035] no-platform   -            Star Dust Donut Shop
[ 379/1035] needs-browser toast        A Louest
[ 380/1035] no-platform   -            Java Earth Coffee
[ 381/1035] needs-browser Square Online storefront Goli
[ 382/1035] fetch-failed  -            Vica’s Cafe
[ 383/1035] fetch-failed  -            Gem Coffee
[ 384/1035] no-platform   -            Las Michoacanas
[ 385/1035] needs-browser -            Tutti Frutti Frozen Yogurt
[ 386/1035] wrong-branch  order.online The Pad Thai Stand
[ 387/1035] no-platform   -            Cj Lounge
[ 388/1035] needs-browser Square Online (own domain) The Craft Taco at The Nat
[ 389/1035] needs-browser toast        Kinme Omakase
[ 390/1035] no-platform   -            Erika's Mexican Food & Seafood
[ 391/1035] no-platform   -            Sarku Japan
[ 392/1035] fetch-failed  -            Orient Valley Filipino Cuisine
[ 393/1035] needs-browser Square Online (own domain) Castelli & Pizarro Family Vineyards & Winery
[ 394/1035] needs-browser MealKeyWay   Ten Seconds Yunnan Rice Noodle
[ 395/1035] fetch-failed  -            Bang Bang
[ 396/1035] no-platform   -            R3fresh Juice Bar
[ 397/1035] fetch-failed  -            Jungle Tea
[ 398/1035] no-platform   -            Social hookah lounge
[ 399/1035] no-platform   -            Park Commons
[ 400/1035] needs-browser slice        Papa's Pizza
[ 401/1035] wrong-branch  clover       Burros and Fries
[ 402/1035] fetch-failed  -            Bobalicious
[ 403/1035] no-platform   -            Hongyuan Kebab
[ 404/1035] no-platform   -            China Fun
[ 405/1035] wrong-branch  order.online La michoacana Plus San Diego #2
[ 406/1035] no-platform   -            SusieCakes - Carlsbad
[ 407/1035] fetch-failed  -            Cheers
[ 408/1035] too-few       netwaiter    K & K Orient Valley Food Center
[ 409/1035] too-few       netwaiter    Kim's Bar-B-Que
[ 410/1035] no-platform   -            PKI Sushi
[ 411/1035] needs-browser toast        Grab & Go - Mission Hills
[ 412/1035] no-platform   -            PB Oriental
[ 413/1035] no-platform   -            Leucadia Pizza
[ 414/1035] needs-browser -            Modern Times Coffee
[ 415/1035] no-platform   -            Marketplace Grille
[ 416/1035] needs-browser slice        Del Cerro Pizza
[ 417/1035] no-platform   -            Prendi E Vai
[ 418/1035] no-platform   -            Landshark Bar & Grill
[ 419/1035] gated         toast        Rambler Coffee
[ 420/1035] needs-browser order.online Tous les Jours
[ 421/1035] no-platform   -            Bubbles & Brews Cafe
[ 422/1035] needs-browser toast        Go Greek Authentic Yogurteria
[ 423/1035] no-platform   -            Cherry Bomb
[ 424/1035] no-platform   -            Casa Fiesta Juice Bar
[ 425/1035] wrong-branch  toast        El Viejon
[ 426/1035] no-platform   -            Sieu Sieu BBQ
[ 427/1035] fetch-failed  -            Mariscos La Morena
[ 428/1035] no-platform   -            The Pearl Restaurant
[ 429/1035] needs-browser Square Online storefront Flour Atelier
[ 430/1035] no-platform   -            Möge Tee
[ 431/1035] no-platform   -            Bar Ella
[ 432/1035] no-platform   -            Lapper Kitchen + Tap
[ 433/1035] no-platform   -            Knights' Smokehouse BBQ
[ 434/1035] no-platform   -            Imperial Palace
[ 435/1035] needs-browser plain-html   Roppongi
[ 436/1035] no-platform   -            Quick Wok
[ 437/1035] no-platform   -            Kim's Deli
[ 438/1035] no-platform   -            Nothing Bundt Cakes
[ 439/1035] needs-browser order.online Qin West
[ 440/1035] wrong-branch  toast        Egg Holic
[ 441/1035] no-platform   -            Vinya Yoga and Wine Bar
[ 442/1035] needs-browser toast        Taco Loco
[ 443/1035] screened-out  shopify      Casa De Otay – The Casita
[ 444/1035] needs-browser -            Ching's Famous Hopia
[ 445/1035] too-few       own-jsonld   Vinh Long Food To Go
[ 446/1035] no-platform   -            Campus Cafe
[ 447/1035] no-platform   -            Hua Mei Cafe
[ 448/1035] no-platform   -            T. P. Bánh Bao 3
[ 449/1035] no-platform   -            Cafe Aero
[ 450/1035] fetch-failed  -            Happytime Tea
[ 451/1035] no-platform   -            LJ Crafted Wines - Wines & Tastings
[ 452/1035] no-platform   -            Necter Juice Bar
[ 453/1035] no-platform   -            Josie's Hideout Saloon
[ 454/1035] no-platform   -            Presotea
[ 455/1035] wrong-branch  order.online The Pad Thai Stand
[ 456/1035] no-platform   -            Gather
[ 457/1035] no-platform   -            De Kotija Taco Shop LLC
[ 458/1035] no-platform   -            D'liteful Chocolat
[ 459/1035] fetch-failed  -            Oakberry Açaí bowls
[ 460/1035] no-platform   -            Creperie Antoinette
[ 461/1035] fetch-failed  -            Bonita Donuts
[ 462/1035] needs-browser order.online Mochinut
[ 463/1035] no-platform   -            Trevi Hills Winery
[ 464/1035] no-platform   -            Tasty Donuts
[ 465/1035] no-platform   -            Valerio's 1979
[ 466/1035] no-platform   -            Old Town Eatery
[ 467/1035] wrong-branch  toast        Tree House
[ 468/1035] needs-browser order.online Poke One N Half
[ 469/1035] needs-browser -            Nomada
[ 470/1035] no-platform   -            Jamal's Chicken
[ 471/1035] no-platform   -            Tres Hermanos Locos Tacos
[ 472/1035] needs-browser Square Online (own domain) Cafe Pascale Grill & Deli
[ 473/1035] no-platform   -            Cha Cha Tea Spot
[ 474/1035] fetch-failed  -            Lambers Chinese Bakery
[ 475/1035] too-few       netwaiter    Guerrero Taco Shop
[ 476/1035] no-platform   -            Sunny Dumpling House
[ 477/1035] needs-browser chownow      Off the Vine Gardens Deli And Catering
[ 478/1035] needs-browser Square Online storefront Bean Box
[ 479/1035] no-platform   -            Sydney's
[ 480/1035] needs-browser -            Cluck N Sip
[ 481/1035] needs-browser -            Pure Squeeze
[ 482/1035] no-platform   -            DaYung's Tea
[ 483/1035] no-platform   -            Nothing Bundt Cakes
[ 484/1035] too-few       netwaiter    Playa Azul Mariscos Restaurant
[ 485/1035] needs-browser toast        Divina Matcha
[ 486/1035] no-platform   -            Qualcomm Cafe Q
[ 487/1035] no-platform   -            Ohana Nutrition
[ 488/1035] no-platform   -            Jaguar Paw
[ 489/1035] fetch-failed  -            Yas Lounge
[ 490/1035] no-platform   -            Asia Wok Teppanyaki & Chinese Food
[ 491/1035] no-platform   -            Linda's Yogurt & Deli
[ 492/1035] no-platform   -            All That Shabu
[ 493/1035] no-platform   -            Bivouac Adventure Lodge Coffee Shop
[ 494/1035] fetch-failed  -            Grubz
[ 495/1035] no-platform   -            Cali Banh Mi
[ 496/1035] needs-browser toast        56 Thai Cafe
[ 497/1035] fetch-failed  -            Warner Springs Golf Shop & Grill
[ 498/1035] no-platform   -            The Grillery
[ 499/1035] no-platform   -            The Golf Bar
[ 500/1035] needs-browser Square Online storefront Montebello
[ 501/1035] too-few       netwaiter    Ba Le French Sandwich Shop
[ 502/1035] needs-browser Square Online storefront Cargo Cafe - Paseo Del Mar
[ 503/1035] fetch-failed  -            Tazza D'Oro
[ 504/1035] no-platform   -            All Things Ube Desserts
[ 505/1035] no-platform   -            Pub 1795
[ 506/1035] wrong-branch  toast        Boba Tea Spot
[ 507/1035] no-platform   -            5 O'Clock Somewhere Rooftop Bar
[ 508/1035] needs-browser MealKeyWay   Suki Hana
[ 509/1035] fetch-failed  -            Route 6 Coffee & Smoothies
[ 510/1035] no-platform   -            The Loft at UC San Diego
[ 511/1035] needs-browser toast        Pita Pit
[ 512/1035] needs-browser Paytronix    Ziggi's Coffee
[ 513/1035] no-platform   -            Mike Hess Brewing - Seaport Village Taphouse
[ 514/1035] wrong-branch  popmenu      Alohana Açaí Bowls
[ 515/1035] fetch-failed  -            Shabu Spot
[ 516/1035] needs-browser toast        Grab & Go
[ 517/1035] too-few       netwaiter    J & J's Mexican Food
[ 518/1035] needs-browser order.online La Pizzeria Arrivederci
[ 519/1035] no-platform   -            Sunright Tea Studio
[ 520/1035] no-platform   -            Huy Ky Bakery
[ 521/1035] no-platform   -            Dockside Casual Seafood Counter
[ 522/1035] too-few       netwaiter    Pizza Grande
[ 523/1035] wrong-branch  toast        Enoteca Buona Forchetta
[ 524/1035] no-platform   -            Zoo Brew
[ 525/1035] no-platform   -            F Street Cafe
[ 526/1035] no-platform   -            The MRKT
[ 527/1035] wrong-branch  toast        Johnny Radz Pizza
[ 528/1035] no-platform   -            62 Area Chow Hall
[ 529/1035] needs-browser MealKeyWay   Yuki Yuki
[ 530/1035] too-few       netwaiter    Sandwich Place
[ 531/1035] no-platform   -            Craft Pizza
[ 532/1035] fetch-failed  -            Suki Hana
[ 533/1035] no-platform   -            Forum Deli
[ 534/1035] needs-browser toast        Zest Wine Bistro
[ 535/1035] no-platform   -            Test Kitchen
[ 536/1035] no-platform   -            Manta Pizza
[ 537/1035] wrong-branch  toast        Tapas Bar
[ 538/1035] no-platform   -            Royal Pearl Tea
[ 539/1035] no-platform   -            Moniker General
[ 540/1035] no-platform   -            Plaza Deli
[ 541/1035] no-platform   -            Michoacana Mia - SDSU
[ 542/1035] no-platform   -            Madina Market Halal Fast Food
[ 543/1035] no-platform   -            Pure Green
[ 544/1035] needs-browser -            Market One
[ 545/1035] needs-browser -            Coco Bomb
[ 546/1035] no-platform   -            Blue Bowl Superfoods
[ 547/1035] no-platform   -            longball cocktail
[ 548/1035] no-platform   -            La Paloma
[ 549/1035] needs-browser -            Fresca Deli .
[ 550/1035] no-platform   -            Chester's
[ 551/1035] no-platform   -            Showa Ramen
[ 552/1035] no-platform   -            Sip Fresh
[ 553/1035] no-platform   -            The Lookout at Lake Poway
[ 554/1035] no-platform   -            Prado Perk
[ 555/1035] no-platform   -            Mombasa Cooker
[ 556/1035] fetch-failed  -            Mister G Salsa
[ 557/1035] no-platform   -            Collette’s Collaborative Collective Cuisine
[ 558/1035] needs-browser order.online WUHU TEA & DELI
[ 559/1035] no-platform   -            Surf City Squeeze
[ 560/1035] no-platform   -            FiveO3 Pupusas
[ 561/1035] no-platform   -            El Cilantro Mexican Grill
[ 562/1035] fetch-failed  -            Unico Juice Shop
[ 563/1035] needs-browser Square Online storefront The Bean Box 701
[ 564/1035] no-platform   -            Topo's Tacos
[ 565/1035] no-platform   -            Thérapie Bistro
[ 566/1035] no-platform   -            FLAVORS EXPRESS SDSU
[ 567/1035] no-platform   -            Chagee
[ 568/1035] needs-browser SpotOn       Oriste Fairway Cafe
[ 569/1035] needs-browser Square Online storefront Ramen Station
[ 570/1035] no-platform   -            Finca Casa Blanca
[ 571/1035] no-platform   -            Lò Bánh Cuốn Tân Định
[ 572/1035] no-platform   -            Boba n More
[ 573/1035] fetch-failed  -            El huevo estrellado # 2
[ 574/1035] needs-browser Square Online storefront Cargo Cafe - Wateridge
[ 575/1035] needs-browser Square Online storefront Cargo Cafe - Gateway
[ 576/1035] no-platform   -            Bert's Bistro
[ 577/1035] no-platform   -            El Camino
[ 578/1035] fetch-failed  -            Med Cafe
[ 579/1035] no-platform   -            Bosley Cafe
[ 580/1035] needs-browser -            Swami's
[ 581/1035] no-platform   -            3 Day Suit Broker
[ 582/1035] fetch-failed  -            The Waterfront
[ 583/1035] needs-browser chownow      Juice Caboose
[ 584/1035] fetch-failed  -            Healthy Grill Mediterranean
[ 585/1035] needs-browser Square Online storefront Copa Vida
[ 586/1035] no-platform   -            Basic
[ 587/1035] no-platform   -            The Caddyshack
[ 588/1035] no-platform   -            Filling Station Pub and Grill
[ 589/1035] no-platform   -            Coin Toss
[ 590/1035] needs-browser order.online Poki Poki
[ 591/1035] no-platform   -            Allen's New York Pizza
[ 592/1035] needs-browser Square Online storefront Sushi Freak
[ 593/1035] no-platform   -            Fairbanks
[ 594/1035] no-platform   -            Thai Basil
[ 595/1035] needs-browser Square Online (own domain) Crepes
[ 596/1035] no-platform   -            Hacienda De Vega
[ 597/1035] no-platform   -            GIHON Ethiopian Kitchen
[ 598/1035] needs-browser order.online Hummus Mediterranean Kitchen
[ 599/1035] no-platform   -            Baja Fresh
[ 600/1035] no-platform   -            Birria El Rey
[ 601/1035] no-platform   -            I Love Pho
[ 602/1035] no-platform   -            Curbside Eatery & Drinkery
[ 603/1035] needs-browser toast        Trattoria da Sofia
[ 604/1035] no-platform   -            Valerio's Finest Bake Shop
[ 605/1035] no-platform   -            Karihan Filipino Food
[ 606/1035] no-platform   -            Terrace Lounge
[ 607/1035] no-platform   -            Beer Company
[ 608/1035] needs-browser -            Stella Jean's Ice Cream Kensington
[ 609/1035] no-platform   -            Crave
[ 610/1035] needs-browser SpotOn       CITRINA BERRY FRESH
[ 611/1035] no-platform   -            Stone Oven
[ 612/1035] needs-browser -            Golden Spoon Carlsbad Plaza
[ 613/1035] no-platform   -            Winners Circle
[ 614/1035] no-platform   -            Pei Wei
[ 615/1035] needs-browser Square Online storefront Purl Tea San Marcos
[ 616/1035] no-platform   -            Rare Society
[ 617/1035] no-platform   -            Paris Baguette
[ 618/1035] no-platform   -            Bovino
[ 619/1035] no-platform   -            Fairbanks
[ 620/1035] needs-browser plain-html   Nick's on State
[ 621/1035] needs-browser toast        Paradisaea
[ 622/1035] no-platform   -            Tacos de Birria El Chinito Jr
[ 623/1035] no-platform   -            Green Vine Delicatessen
[ 624/1035] no-platform   -            Oaks Bar Grill
[ 625/1035] no-platform   -            China Fun
[ 626/1035] no-platform   -            La Sabrosita
[ 627/1035] needs-browser slice        Fiori’s Pizza
[ 628/1035] screened-out  shopify      Vigilante Coffee
[ 629/1035] screened-out  toast        Agave Birrieria
[ 630/1035] no-platform   -            Breakwater Brewing Co.
[ 631/1035] needs-browser order.online Sabor a Vida Cafe & Deli
[ 632/1035] no-platform   -            Pho House
[ 633/1035] needs-browser chownow      Donburi Rice Bowls
[ 634/1035] wrong-branch  toast        Taco Lounge Escaya
[ 635/1035] fetch-failed  -            Gooseberries kafe
[ 636/1035] no-platform   -            Camino Riviera
[ 637/1035] wrong-branch  toast        Chin's Szechwan - Del Mar
[ 638/1035] needs-browser toast        bcb Cafe
[ 639/1035] no-platform   -            Mendoza’s Mexican Food
[ 640/1035] needs-browser SpotOn       Tasty Pho
[ 641/1035] no-platform   -            Draft Republic San Marcos
[ 642/1035] no-platform   -            Vinarius Wine Bar & Restaurant
[ 643/1035] needs-browser toast        Tita's Taco Shop
[ 644/1035] wrong-branch  toast        Bubba’s Smokehouse BBQ
[ 645/1035] no-platform   -            Pho Oceanside
[ 646/1035] gated         chownow      Handel's Homemade Ice Cream
[ 647/1035] too-few       netwaiter    Su Pan Bakery El Cajon
[ 648/1035] needs-browser order.online El Rinconcito Fruteria
[ 649/1035] no-platform   -            Panda Imperial Restaurant
[ 650/1035] gated         toast        Barn Door Public House
[ 651/1035] needs-browser toast        1022 Cafe & Gelateria
[ 652/1035] fetch-failed  -            Nory's Donut & Bakery
[ 653/1035] no-platform   -            Gelato 101 Solana Beach
[ 654/1035] filed         toast        Napatini Bistro and Wine Bar
[ 655/1035] no-platform   -            Paris Baguette
[ 656/1035] fetch-failed  -            Truluck's
[ 657/1035] needs-browser toast        Tacaliente Mexican Grill
[ 658/1035] no-platform   -            Backdraft Bar & Grill
[ 659/1035] fetch-failed  -            Cork N Brew
[ 660/1035] needs-browser HungerRush   Buonasera New York Pizzeria
[ 661/1035] no-platform   -            Ocean Thai Cuisine
[ 662/1035] no-platform   -            Ono Hawaiian BBQ
[ 663/1035] no-platform   -            MOOYAH Burgers, Fries & Shakes
[ 664/1035] needs-browser toast        Higher Grounds Coffee + Café
[ 665/1035] fetch-failed  -            Savory Thai Restaurant
[ 666/1035] wrong-branch  toast        Cozy Corner
[ 667/1035] no-platform   -            Ernes Mexican Food & Breakfast
[ 668/1035] no-platform   -            Finca
[ 669/1035] no-platform   -            Rancho Grande El Toro Mexican Cuisine
[ 670/1035] fetch-failed  -            Ju-ichi
[ 671/1035] no-platform   -            Tacotarian San Diego
[ 672/1035] needs-browser Square Online storefront House of Pho
[ 673/1035] no-platform   -            ZZan Sushi & Soju
[ 674/1035] no-platform   -            Caribbean Pleasure
[ 675/1035] no-platform   -            Graziano's Pizza Oceanside
[ 676/1035] screened-out  shopify      Ascend Coffee Roasters
[ 677/1035] no-platform   -            China Fusion - Vista Way
[ 678/1035] needs-browser -            NuYo Frozen Yogurt Telegraph Canyon
[ 679/1035] no-platform   -            Bambinos Pizzeria & Deli #4
[ 680/1035] no-platform   -            Blanco Cocina + Cantina
[ 681/1035] fetch-failed  -            Sunny Side Solana
[ 682/1035] wrong-branch  toast        Madeleine
[ 683/1035] needs-browser SpotOn       Souplantation
[ 684/1035] screened-out  shopify      James Coffee Co.
[ 685/1035] no-platform   -            El After Social Club
[ 686/1035] needs-browser chownow      Parakeet Juicery - La Jolla
[ 687/1035] no-platform   -            Old World Meat Company
[ 688/1035] no-platform   -            Panpan wok
[ 689/1035] needs-browser clover       Himalayan Bistro Oceanside
[ 690/1035] fetch-failed  -            New York Buffalo Wings
[ 691/1035] no-platform   -            Sonny’s Pizza
[ 692/1035] needs-browser slice        Allen's New York Pizza
[ 693/1035] gated         chownow      Handel’s Homemade Ice Cream
[ 694/1035] needs-browser slice        HillCrust Pizza
[ 695/1035] fetch-failed  -            SugarBears Sweet Provisions
[ 696/1035] no-platform   -            EL ENCANTO SD
[ 697/1035] needs-browser clover       Ryan Bros Coffee City Heights
[ 698/1035] no-platform   -            Le Coq
[ 699/1035] needs-browser toast        Prey Brewing Company
[ 700/1035] no-platform   -            China bros
[ 701/1035] needs-browser toast        Angry Chickz - Oceanside
[ 702/1035] needs-browser -            Sukho Thai Extraordinaire
[ 703/1035] gated         toast        Aromi Italian Cuisine
[ 704/1035] no-platform   -            Belinda's Familia Mexican Food Truck
[ 705/1035] no-platform   -            Jaws Topokki
[ 706/1035] no-platform   -            AleSmith Brewing Company
[ 707/1035] wrong-branch  toast        ALOHA GRILL
[ 708/1035] needs-browser MealKeyWay   Tengu Ramen
[ 709/1035] no-platform   -            The Crimson Cake
[ 710/1035] gated         chownow      Finney's Crafthouse
[ 711/1035] needs-browser toast        Naked Pizza
[ 712/1035] no-platform   -            Sam's Farm Fresh
[ 713/1035] no-platform   -            Comstock Bar & Grill
[ 714/1035] no-platform   -            Emiliana's Mexican & Deli Food
[ 715/1035] screened-out  shopify      Ascend Coffee Roasters
[ 716/1035] no-platform   -            Kin Saep
[ 717/1035] needs-browser toast        Docent Brewing
[ 718/1035] needs-browser MealKeyWay   Hi!Dumplings
[ 719/1035] needs-browser Square Online storefront PB Poke House Oceanside
[ 720/1035] too-few       netwaiter    Thai Pasta
[ 721/1035] needs-browser order.online El Ranchero
[ 722/1035] needs-browser spothopper   Players Sports Grill
[ 723/1035] no-platform   -            La Mesa Pizzaworks
[ 724/1035] no-platform   -            Great Wok of China
[ 725/1035] no-platform   -            Charli's Landing
[ 726/1035] no-platform   -            Gintaro Sushi
[ 727/1035] no-platform   -            Merenda
[ 728/1035] no-platform   -            Eclipse Chocolat
[ 729/1035] no-platform   -            Urban Location Boba Tea House San Diego
[ 730/1035] screened-out  shopify      Trident Coffee Pacific Beach
[ 731/1035] no-platform   -            Sound by the Sea
[ 732/1035] needs-browser MealKeyWay   Ocean Buffet
[ 733/1035] needs-browser toast        Smokin J's BBQ & Taphouse
[ 734/1035] needs-browser toast        Leu Leu
[ 735/1035] no-platform   -            Good Source Coffee
[ 736/1035] no-platform   -            Los Armando's Mexican Food
[ 737/1035] needs-browser Square Online (own domain) Beach City Smoothies
[ 738/1035] no-platform   -            Green Cheek Beer Co.
[ 739/1035] needs-browser plain-html   Chef’s Wok & Dumplings
[ 740/1035] no-platform   -            Flame Broiler
[ 741/1035] no-platform   -            Two Hands Corn Dog Mira Mesa
[ 742/1035] no-platform   -            Los Cucos Mexican Food
[ 743/1035] no-platform   -            Good Omen Coffee Co
[ 744/1035] no-platform   -            Thai Table Time
[ 745/1035] no-platform   -            Burtech Family Vineyard Tasting Room
[ 746/1035] no-platform   -            Pietro's Cucina Italiana
[ 747/1035] no-platform   -            Paris Baguette
[ 748/1035] no-platform   -            UT-HO Boba & Baguette
[ 749/1035] no-platform   -            El Flako's Wrangler Barbecue
[ 750/1035] no-platform   -            The Alley Otay Mesa
[ 751/1035] no-platform   -            Buffalo Wild Wings GO
[ 752/1035] no-platform   -            Tacos el Niño Santana
[ 753/1035] no-platform   -            Saigon Star Restaurant
[ 754/1035] needs-browser toast        CTZN
[ 755/1035] needs-browser MealKeyWay   Pho Tan
[ 756/1035] needs-browser order.online Burrito Leo's Mexican Food
[ 757/1035] no-platform   -            IZOLA
[ 758/1035] no-platform   -            Diego's Taco Shop
[ 759/1035] no-platform   -            TAKARAMONO SUSHI
[ 760/1035] needs-browser chownow      Burger Bench Vista
[ 761/1035] no-platform   -            La Casa Verde
[ 762/1035] too-few       netwaiter    Wings mix
[ 763/1035] no-platform   -            Pho Nam Cali
[ 764/1035] no-platform   -            Simply Fresh Thai
[ 765/1035] no-platform   -            Pei Wei
[ 766/1035] no-platform   -            Photo House
[ 767/1035] no-platform   -            La Mesita Mexican Food
[ 768/1035] needs-browser order.online EsKiNiTa
[ 769/1035] no-platform   -            Chocolate Bash
[ 770/1035] no-platform   -            Little Victory Wine Bar
[ 771/1035] screened-out  clover       Mission Baja Tacos
[ 772/1035] no-platform   -            Alborz Restaurant
[ 773/1035] no-platform   -            T&T Tacos & Tequila Grill & Cantina
[ 774/1035] no-platform   -            Banzai Bowls
[ 775/1035] needs-browser slice        West Coast Pizza Company
[ 776/1035] needs-browser toast        Fleurette
[ 777/1035] no-platform   -            Buca di Beppo Italian Restaurant
[ 778/1035] needs-browser order.online Scoops Ocean Beach
[ 779/1035] no-platform   -            The Honor Bar
[ 780/1035] fetch-failed  -            the Koffie Co
[ 781/1035] no-platform   -            Acai Republic - Oceanside
[ 782/1035] needs-browser olo          Panini Kabob Grill - Park 12
[ 783/1035] no-platform   -            tiger!tiger!
[ 784/1035] fetch-failed  -            Kona Craft Cafe
[ 785/1035] no-platform   -            Piedra Santa
[ 786/1035] no-platform   -            Pha Khao Lao Cuisine
[ 787/1035] no-platform   -            Banzai Bowls
[ 788/1035] no-platform   -            Rocko's Family Restaurant
[ 789/1035] needs-browser slice        Pop's Pizza
[ 790/1035] fetch-failed  -            Top of the Bagel
[ 791/1035] no-platform   -            Kiiro Sushi Izakaya
[ 792/1035] fetch-failed  -            Mandarin Wok Restaurant
[ 793/1035] needs-browser toast        Breakers
[ 794/1035] no-platform   -            MAKE Cafe
[ 795/1035] needs-browser chownow      CinKuni (Italian & Japanese Cuisine)
[ 796/1035] no-platform   -            Monserate Winery
[ 797/1035] no-platform   -            Troy's Greek Restaurant
[ 798/1035] no-platform   -            Olive Branch Eatery
[ 799/1035] needs-browser toast        QUICK BITES CAFE / Best Sandwiches
[ 800/1035] no-platform   -            Campland Cantina
[ 801/1035] no-platform   -            Rubio's Coastal Grill
[ 802/1035] no-platform   -            Thai Thai Melrose Restaurant
[ 803/1035] no-platform   -            Mr. Buffalo Fries
[ 804/1035] no-platform   -            Rubio's Coastal Grill
[ 805/1035] no-platform   -            Cocina 35 brunch
[ 806/1035] no-platform   -            PanPan Wok
[ 807/1035] no-platform   -            Ocean Thai Cuisine
[ 808/1035] no-platform   -            Rubio's Coastal Grill
[ 809/1035] too-few       netwaiter    LA PLACE DELI
[ 810/1035] no-platform   -            Bueno Wine & Goods
[ 811/1035] no-platform   -            Las Ricas Tortas
[ 812/1035] needs-browser slice        Little Sisters Pizza
[ 813/1035] needs-browser Square Online storefront iWok Chinese Kitchen
[ 814/1035] wrong-branch  toast        The Great Greek Mediterranean Grill - Oceanside, CA
[ 815/1035] needs-browser Square Online (own domain) Slurp
[ 816/1035] no-platform   -            Little Hidden Bakery
[ 817/1035] no-platform   -            Mi Tierra Super Taco
[ 818/1035] needs-browser toast        Jolie
[ 819/1035] no-platform   -            Una Mas on Adams
[ 820/1035] needs-browser toast        Brites Soft Serve
[ 821/1035] no-platform   -            Pizza Guys
[ 822/1035] no-platform   -            Fortuna Ristorante Italiano
[ 823/1035] no-platform   -            chance's coffee
[ 824/1035] no-platform   -            PanPan Wok
[ 825/1035] no-platform   -            Urban Teri Kitchen
[ 826/1035] wrong-branch  toast        Chin's Szechwan - Point Loma
[ 827/1035] needs-browser Square Online (own domain) Le Charcuterie Bar
[ 828/1035] no-platform   -            Uncle Feras Middle Eastern Restaurant
[ 829/1035] needs-browser order.online Halal Burger Co.
[ 830/1035] no-platform   -            Dark Horse Coffee Roasters
[ 831/1035] no-platform   -            Juice Holler
[ 832/1035] no-platform   -            North Park Creamery
[ 833/1035] screened-out  toast        Agave Birrieria
[ 834/1035] no-platform   -            Leona's Cucina Italiana
[ 835/1035] needs-browser olo          Coffee Bean
[ 836/1035] needs-browser Square Online (own domain) Beach City Smoothies - Oceanside
[ 837/1035] no-platform   -            PanPan wok
[ 838/1035] needs-browser Square Online storefront Mein St. Asian Kitchen
[ 839/1035] no-platform   -            Pokeport Oceanside
[ 840/1035] needs-browser HungerRush   Pop Pops Paleta
[ 841/1035] needs-browser toast        Between Us
[ 842/1035] no-platform   -            Oriental Cafe | Chinese
[ 843/1035] no-platform   -            La Costa Wine
[ 844/1035] no-platform   -            Queenstown Del Mar
[ 845/1035] no-platform   -            El Papas Fritas Taco Shop
[ 846/1035] no-platform   -            Ono Hawaiian BBQ
[ 847/1035] no-platform   -            Noodle & Bun
[ 848/1035] no-platform   -            Thai Thae Cuisine
[ 849/1035] no-platform   -            Poki Poki - Escondido
[ 850/1035] needs-browser Square Online (own domain) Chef Budda Blasian Soul Food LLC
[ 851/1035] no-platform   -            KABOB SHACK - EASTLAKE
[ 852/1035] no-platform   -            Chopsticks Inn Restaurant
[ 853/1035] screened-out  order.online La Fresita Y Mas
[ 854/1035] no-platform   -            Christophe Rull Patisserie
[ 855/1035] no-platform   -            For The Win - San Diego
[ 856/1035] no-platform   -            Egg Tuck
[ 857/1035] no-platform   -            Arteazen Handcrafted Tea
[ 858/1035] needs-browser MealKeyWay   Dumplings N More
[ 859/1035] fetch-failed  -            Antique Thai
[ 860/1035] no-platform   -            Love Letters Pizza
[ 861/1035] no-platform   -            Khyber Pass Zarparan Restaurant | Afghan
[ 862/1035] needs-browser order.online Torta Time
[ 863/1035] no-platform   -            Hilltop Cafe
[ 864/1035] no-platform   -            ZZan Sushi & Soju
[ 865/1035] no-platform   -            Board & Brew - Downtown San Diego
[ 866/1035] no-platform   -            The Poke Tea House
[ 867/1035] no-platform   -            ROBATA-X Sushi & Izakaya
[ 868/1035] needs-browser toast        NOIR Sushi and Sake Fusion Lounge
[ 869/1035] no-platform   -            Huckleberry's Breakfast & Lunch
[ 870/1035] no-platform   -            Barrel Riot
[ 871/1035] needs-browser olo          Dimassi's Mediterranean Buffet
[ 872/1035] wrong-branch  toast        TACO CENTRO
[ 873/1035] no-platform   -            Dalu Hawaiian BBQ
[ 874/1035] needs-browser -            Habibi Mediterranean Grill
[ 875/1035] no-platform   -            Sabroso taco savor a mi tierra
[ 876/1035] no-platform   -            Zuma San Diego
[ 877/1035] no-platform   -            Mevan Coffee & Desserts & Brunch
[ 878/1035] no-platform   -            Scena Fusion Kitchen & Bar
[ 879/1035] no-platform   -            Bodega Market
[ 880/1035] no-platform   -            24 Suns
[ 881/1035] needs-browser toast        La Jollita
[ 882/1035] no-platform   -            Jalisco Cantina
[ 883/1035] no-platform   -            Peppoli's Pizza & Philly Steaks
[ 884/1035] no-platform   -            Hazel & Jade Bakery
[ 885/1035] needs-browser Square Online (own domain) The Cakery Cafe
[ 886/1035] no-platform   -            Ichitaru Ramen Carlsbad
[ 887/1035] no-platform   -            Lotho Deli
[ 888/1035] needs-browser SpotOn       Crest Taco
[ 889/1035] needs-browser toast        Colosseo Cucina Italiana
[ 890/1035] fetch-failed  -            Quarter Deck Inn Cocktails
[ 891/1035] filed         wix          Sourpuss Donuts
[ 892/1035] screened-out  own-jsonld   Hanna Garden
[ 893/1035] needs-browser MealKeyWay   Pho Luu Escondido - Vietnamese Cuisine
[ 894/1035] needs-browser toast        Market St Pizzeria
[ 895/1035] needs-browser chownow      Parakeet Cafe - Nautilus
[ 896/1035] no-platform   -            UT-HO Boba & Baguette
[ 897/1035] no-platform   -            Taconora Pacific Beach
[ 898/1035] no-platform   -            Mexico City Cuisine-CoLab
[ 899/1035] needs-browser slice        Pastalini
[ 900/1035] no-platform   -            Thai Table Time
[ 901/1035] fetch-failed  -            Daisy Deli
[ 902/1035] no-platform   -            Little While
[ 903/1035] needs-browser toast        Pompei Pizza
[ 904/1035] no-platform   -            Side Street Bowls & Smoothies
[ 905/1035] no-platform   -            I Love Bagels
[ 906/1035] no-platform   -            Sono North Park
[ 907/1035] no-platform   -            Borrego Rooftop
[ 908/1035] no-platform   -            The Morning Grove
[ 909/1035] no-platform   -            Mantra Raja
[ 910/1035] no-platform   -            Krak Boba
[ 911/1035] no-platform   -            Monserate Winery
[ 912/1035] wrong-branch  toast        Blank Slate
[ 913/1035] no-platform   -            Barrio Food Hub
[ 914/1035] needs-browser -            Cala La Jolla Café
[ 915/1035] no-platform   -            Gaslamp Coffee Bar
[ 916/1035] no-platform   -            El Flako's Wrangler Barbecue
[ 917/1035] needs-browser toast        One of Us
[ 918/1035] needs-browser toast        Grandson Steaks
[ 919/1035] no-platform   -            Crave & Feast
[ 920/1035] no-platform   -            The Encore Sushi
[ 921/1035] needs-browser Square Online storefront Empanada Kitchen
[ 922/1035] no-platform   -            Badas burgers
[ 923/1035] no-platform   -            Native Foods
[ 924/1035] needs-browser MenuSifu     Joyee Noodle House(UTC)
[ 925/1035] needs-browser toast        Okama Ramen and Grill
[ 926/1035] no-platform   -            Doc Holliday's
[ 927/1035] wrong-branch  toast        Saigon Alley Kitchen & Bar
[ 928/1035] needs-browser order.online Fish Restaurant
[ 929/1035] no-platform   -            Kasi
[ 930/1035] no-platform   -            El Dorado
[ 931/1035] no-platform   -            Baba's Pizza
[ 932/1035] needs-browser -            Sammy's Woodfire Pizza and Grille
[ 933/1035] needs-browser Square Online storefront Copa Vida
[ 934/1035] wrong-branch  toast        Gold Coffee Shop
[ 935/1035] no-platform   -            Cafe Fresh
[ 936/1035] wrong-branch  toast        Blue Water Grill
[ 937/1035] needs-browser order.online Deli Belly
[ 938/1035] fetch-failed  -            Rancho Cafe
[ 939/1035] no-platform   -            Soda & Swine
[ 940/1035] fetch-failed  -            Pegah’s Kitchen
[ 941/1035] screened-out  shopify      Lofty Coffee
[ 942/1035] needs-browser Square Online storefront Empanada Kitchen
[ 943/1035] no-platform   -            Nékter Juice Bar
[ 944/1035] no-platform   -            Cent'Anni Café
[ 945/1035] no-platform   -            Our Green Affair
[ 946/1035] fetch-failed  -            Coco's Bakery
[ 947/1035] no-platform   -            U31
[ 948/1035] fetch-failed  -            Island Market
[ 949/1035] no-platform   -            Rush Bowls
[ 950/1035] wrong-branch  toast        The Coffee Spot
[ 951/1035] needs-browser -            The Hamlett
[ 952/1035] no-platform   -            Brick & Bell Plus
[ 953/1035] no-platform   -            India Princess
[ 954/1035] no-platform   -            Village Inn
[ 955/1035] no-platform   -            Filibertos
[ 956/1035] no-platform   -            Kava Lounge
[ 957/1035] no-platform   -            Jungle Cart
[ 958/1035] no-platform   -            Veladora
[ 959/1035] no-platform   -            Villa Fresh Italian Kitchen
[ 960/1035] no-platform   -            Jordan
[ 961/1035] no-platform   -            Deja Vu
[ 962/1035] no-platform   -            Fairbanks
[ 963/1035] no-platform   -            Shake Smart
[ 964/1035] fetch-failed  -            Mis Dos Gallos Taqueria, Fruit & Deli
[ 965/1035] no-platform   -            Nicolosi's Pizza (Mira Lee Way)
[ 966/1035] needs-browser Square Online storefront Prager Brothers Artisan Breads
[ 967/1035] needs-browser slice        Massachusetts Mike's Pizzeria
[ 968/1035] no-platform   -            CABETOS Pops
[ 969/1035] no-platform   -            The Reading Club
[ 970/1035] no-platform   -            Monster Snacks
[ 971/1035] wrong-branch  toast        Beeside Balcony La Jolla
[ 972/1035] fetch-failed  -            Lefty's Cheesesteaks
[ 973/1035] no-platform   -            Time Out Café
[ 974/1035] no-platform   -            Juice Alchemy
[ 975/1035] fetch-failed  -            Kellys Pub
[ 976/1035] no-platform   -            La Salsa
[ 977/1035] no-platform   -            Relic Bakery & Kitchen
[ 978/1035] needs-browser toast        Sultan Baklava
[ 979/1035] no-platform   -            CHINA CHEF 1
[ 980/1035] wrong-branch  toast        Oceanside Fish Shop
[ 981/1035] no-platform   -            Safari Coffee Outpost
[ 982/1035] needs-browser -            Yogurt Lounge Serra Mesa
[ 983/1035] no-platform   -            Canyon Inn
[ 984/1035] filed         spothopper   Cabo Cantina
[ 985/1035] no-platform   -            Mo-Mo Paradise
[ 986/1035] no-platform   -            Pizza Guys
[ 987/1035] too-few       own-jsonld   The Oceanaire Seafood Room
[ 988/1035] fetch-failed  -            Tacos Locos Tasty Mexican Food
[ 989/1035] wrong-branch  toast        Lucha Libre Taco Shop
[ 990/1035] fetch-failed  -            OB Kebab
[ 991/1035] fetch-failed  -            OB Garden Café
[ 992/1035] no-platform   -            George’s Bar
[ 993/1035] needs-browser Square Online (own domain) BCB Coffee
[ 994/1035] wrong-branch  toast        Chef Fei
[ 995/1035] no-platform   -            Grover's Grill
[ 996/1035] no-platform   -            House of Black
[ 997/1035] no-platform   -            Creme De La Crepe
[ 998/1035] no-platform   -            Border X Brewing
[ 999/1035] no-platform   -            Taco Villa
[1000/1035] fetch-failed  -            Las Pinches Tortas
[1001/1035] no-platform   -            Noodles
[1002/1035] needs-browser Square Online storefront Copa Vida
[1003/1035] no-platform   -            Mission Brewing (fka Rough Draft)
[1004/1035] no-platform   -            Aromas
[1005/1035] no-platform   -            Chicken & Crown
[1006/1035] fetch-failed  -            Dryer's Ice Cream Parlor
[1007/1035] no-platform   -            University Towers Kitchen
[1008/1035] no-platform   -            TEC Cafe
[1009/1035] wrong-branch  toast        Carnitas’ Snack Shack
[1010/1035] needs-browser toast        BCB Coffee Company
[1011/1035] fetch-failed  -            Trade Restaurant & Lounge
[1012/1035] no-platform   -            Sweet Labors
[1013/1035] no-platform   -            Café de Anza
[1014/1035] needs-browser MealKeyWay   Yonny Mini Hotpot
[1015/1035] fetch-failed  -            All Fried Up
[1016/1035] needs-browser Square Online storefront Cafecito 1806
[1017/1035] no-platform   -            Mawazo Kitchen
[1018/1035] no-platform   -            SanSai Japanese Grill
[1019/1035] no-platform   -            The Santaluz Club Dining Room and Events
[1020/1035] no-platform   -            Ground Up Cafe
[1021/1035] no-platform   -            Stony Mountain Bar & Grill
[1022/1035] no-platform   -            NM Cafe
[1023/1035] no-platform   -            Inland Tavern
[1024/1035] needs-browser -            Casa de Freds
[1025/1035] fetch-failed  -            Capriotti's Sandwich Shop
[1026/1035] fetch-failed  -            In Between
[1027/1035] needs-browser -            Verde Kitchen & Bar
[1028/1035] no-platform   -            HACIENDITA BAKERY
[1029/1035] no-platform   -            Mama Kat's Restaurant and Pie Shop
[1030/1035] no-platform   -            Oliva
[1031/1035] no-platform   -            Bean Sprouts
[1032/1035] no-platform   -            The Grand Tradition
[1033/1035] fetch-failed  -            BunZ
[1034/1035] no-platform   -            Buka - Taste of Nigeria
[1035/1035] no-platform   -            Trisler's San Diego Wine Bar

platform                       attempted         filed       too-few         gated  wrong-branch needs-browser   no-platform  fetch-failed  screened-out
none                                 682             0             0             0             0            29           545           108             0
toast                                100             2             0             3            29            63             0             0             3
order.online                          43             0             0             0             5            34             0             0             4
Square Online storefront              42             0             0             0             0            42             0             0             0
Square Online (own domain)            23             0             0             0             0            23             0             0             0
chownow                               22             0             0             7             0            15             0             0             0
netwaiter                             20             0            20             0             0             0             0             0             0
MealKeyWay                            17             0             0             0             0            17             0             0             0
slice                                 14             0             0             0             0            13             0             0             1
shopify                               12             1             0             0             0             0             0             0            11
SpotOn                                11             0             0             0             0            11             0             0             0
plain-html                             9             0             0             0             0             9             0             0             0
olo                                    9             0             0             0             0             9             0             0             0
spothopper                             8             1             0             0             0             7             0             0             0
clover                                 8             0             0             0             3             2             0             0             3
HungerRush                             4             0             0             0             0             4             0             0             0
own-jsonld                             4             0             2             0             0             0             0             0             2
menufy                                 2             0             0             0             0             0             0             0             2
GloriaFood widget                      1             0             0             0             0             1             0             0             0
Paytronix                              1             0             0             0             0             1             0             0             0
popmenu                                1             0             0             0             1             0             0             0             0
wix                                    1             1             0             0             0             0             0             0             0
MenuSifu                               1             0             0             0             0             1             0             0             0
TOTAL                               1035             5            22            10            38           281           545           108            26

5 menus, 28 dishes
wrote menus/wip/router-20260904-195848.json
wrote menus/wip/router-20260904-195848.notes.json
