no DATABASE_URL - brand-twin check falls back to the hand-written allowlist
clean:      9 entries (9 with menus, 0 confirmed not-found), 528 dishes
quarantine: 18 entries, 296 dishes withheld

  Peterson's Donut Corner (38 dishes) - untrusted aggregator (menutoeat.com)
  Flor and Seed Coffee Roasters (6 dishes) - only 6 dishes - likely a partial capture
  The Pad Thai Stand (7 dishes) - only 7 dishes - likely a partial capture
  Baja Rick's Cantina (5 dishes) - only 5 dishes - likely a partial capture
  Donut Star (40 dishes) - untrusted aggregator (menutoeat.com)
  Chiim Thai (31 dishes) - untrusted aggregator (menutoeat.com)
  Kyoto Coast Matcha (7 dishes) - only 7 dishes - likely a partial capture
  Origen Coffee Roasters (6 dishes) - only 6 dishes - likely a partial capture
  Cosmos Burger Carlsbad (7 dishes) - only 7 dishes - likely a partial capture
  Napatini Bistro and Wine Bar (5 dishes) - only 5 dishes - likely a partial capture
  The San Diego Taco Truck (48 dishes) - untrusted aggregator (menutoeat.com)
  Sourpuss Donuts (7 dishes) - only 7 dishes - likely a partial capture
  Hong Kong Kitchen & Dimsum (38 dishes) - untrusted aggregator (menutoeat.com)
  LA PETITE BAKERY (26 dishes) - brand-twin domain (lapetitebakery.us)
  Scorched Earth- Fire Sandwiches (7 dishes) - only 7 dishes - likely a partial capture
  Rock N’ Roost Rotisserie (7 dishes) - only 7 dishes - likely a partial capture
  The Malt House (6 dishes) - only 6 dishes - likely a partial capture
  Cabo Cantina (5 dishes) - only 5 dishes - likely a partial capture
