  Chicken Lisa's and Your Mexican Favorites — 214 dishes
  Lil Alex BBQ — 95 dishes
  Pho Ca Dao Vietnamese Kitchen — 99 dishes
  Turmeric Hut - Indian Restaurant — 144 dishes
  Oggi's Vista — 139 dishes
  Acropolis Greek Grill — 102 dishes
  Nachos Jr Taco Shop — 93 dishes
  Roberto’s Taco Shop - Pacific Beach — 136 dishes
  China Fusion- La Costa — 168 dishes
  Poki Poki & Boba Tea - Vista — 38 dishes
  GK Grill — 14 dishes
  Tu Taco Taco Shop — 83 dishes
  Franca's Italian Kitchen & Bar — 111 dishes
  Teriyaki House — 66 dishes
  Sankalp: The Taste of India — 184 dishes
  Spoon Thai — 70 dishes
  Sushi Ren — 211 dishes
  Tora Tora Sushi Specialist — 10 dishes
  Timestead by Modern Times — 35 dishes
  La Michoacana Fallbrook — 100 dishes
  KnB Bistro - Tierrasanta — 117 dishes
  Johnny WAHOO! Golf Bar — 26 dishes
  Pho & Sushi - Asian Fusion — 181 dishes
  Cafe Amor — 144 dishes
  Taverna Mediterranean Grill — 86 dishes
  Lana — 233 dishes
  Honeybees — 98 dishes
  Nigeria Breeze Restaurant — 96 dishes
  Eat Crispy Burger Encinitas — 133 dishes
  Ramen Mik — 19 dishes
  Ramen Mik — 19 dishes
  Handel’s Homemade Ice Cream San Marcos — 16 dishes
  Wagyu Shawarma Grill — 13 dishes

Loaded 33 menus (3293 dishes).
Coverage: 4806/8564 restaurants have a menu.
