queue 1093 with a website; routing 1093 at concurrency 4

[   1/1093] needs-browser chownow      Burger Bench Escondido
[   2/1093] no-platform   -            FryYay
[   3/1093] no-platform   -            Taquería Imperial
[   4/1093] no-platform   -            Mimi's Cafe
[   5/1093] needs-browser chownow      Brigantine Seafood
[   6/1093] fetch-failed  -            Public Square Coffee House
[   7/1093] screened-out  order.online Wood Ranch Mission Valley
[   8/1093] no-platform   -            VG Donut & Bakery
[   9/1093] wrong-branch  order.online El Pueblo Mexican Food - Carlsbad
[  10/1093] needs-browser Square Online storefront Wayfarer Bread & Pastry
[  11/1093] no-platform   -            Farmer & The Seahorse
[  12/1093] needs-browser order.online Tom's Famous Family Restaurant 24
[  13/1093] needs-browser order.online TOM's Famous Family Restaurant 22
[  14/1093] wrong-branch  chownow      Handel’s Homemade Ice Cream
[  15/1093] needs-browser plain-html   Por Favor El Cajon
[  16/1093] no-platform   -            Loreto's Taco Shop
[  17/1093] needs-browser plain-html   Papas & Tacos Mexican Food
[  18/1093] no-platform   -            Taco Bar
[  19/1093] fetch-failed  -            Gus's Subs & Pizza Place
[  20/1093] no-platform   -            MooTime Creamery
[  21/1093] needs-browser chownow      Parakeet Cafe - Little Italy
[  22/1093] fetch-failed  -            Plazas Mexican Food
[  23/1093] fetch-failed  -            Home Sweet Home Cafe
[  24/1093] needs-browser -            Coya Peruvian Secret
[  25/1093] needs-browser GloriaFood widget That Mexican Place
[  26/1093] no-platform   -            Todo Sushi
[  27/1093] no-platform   -            El Real Mexican Food
[  28/1093] no-platform   -            Red Fox Room and Steakhouse
[  29/1093] no-platform   -            Anita's Mexican Restaurant & Cantina
[  30/1093] screened-out  order.online Grandma Tofu & BBQ
[  31/1093] no-platform   -            Hanu Korean BBQ
[  32/1093] needs-browser toast        Lanna Thai Cuisine
[  33/1093] needs-browser slice        Pastalini
[  34/1093] no-platform   -            Otay Mandarin Chinese Restaurant
[  35/1093] needs-browser olo          Panini Kabob Grill - Mission Valley
[  36/1093] no-platform   -            The Asian Bistro
[  37/1093] needs-browser Square Online storefront skybound coffee + dessert lounge
[  38/1093] needs-browser order.online Sancho's Tacos
[  39/1093] fetch-failed  -            Los Reyes Mexican Restaurant & Cantina
[  40/1093] no-platform   -            It's Raw Poke Shop
[  41/1093] no-platform   -            Antonio's Mexican Food
[  42/1093] needs-browser Square Online (own domain) Up2You Cafe
[  43/1093] needs-browser plain-html   Nick's Del Mar
[  44/1093] no-platform   -            Urban Crave
[  45/1093] no-platform   -            Stake Chophouse & Bar
[  46/1093] no-platform   -            Boudin SF
[  47/1093] fetch-failed  -            La Concha Bakery
[  48/1093] needs-browser olo          Better Buzz Coffee Pacific Beach Grand
[  49/1093] no-platform   -            Urban Crave
[  50/1093] no-platform   -            Lucy's Bakery
[  51/1093] too-few       netwaiter    Connie's
[  52/1093] needs-browser plain-html   Pancho's Mexican Restaurant
[  53/1093] no-platform   -            Muay Thai Kitchen
[  54/1093] no-platform   -            Baci Restaurant | Italian
[  55/1093] needs-browser order.online Robertito's Mexican Food
[  56/1093] no-platform   -            Nado Republic
[  57/1093] needs-browser Square Online (own domain) Camp Coffee Company
[  58/1093] needs-browser -            Beyer Deli
[  59/1093] no-platform   -            Umai Sushi
[  60/1093] needs-browser Square Online (own domain) Portal Coffee
[  61/1093] no-platform   -            Shaks Mediterranean Bistro
[  62/1093] no-platform   -            Golden Donut
[  63/1093] no-platform   -            San Luis Mexican Food
[  64/1093] wrong-branch  chownow      Handel’s Homemade Ice Cream
[  65/1093] wrong-branch  ubereats     Broad Street Dough Co
[  66/1093] fetch-failed  -            Mi Ranchito Taco Shop
[  67/1093] needs-browser Square Online storefront Prager Brothers Artisan Breads
[  68/1093] needs-browser spothopper   Los Panchos Mexican Grill & Seafood
[  69/1093] needs-browser MealKeyWay   Dumplings N More
[  70/1093] needs-browser spothopper   Penelopes Mexican Food
[  71/1093] no-platform   -            Superbloom Coffee & Juice
[  72/1093] needs-browser Square Online storefront Maan's Mediterranean Grill
[  73/1093] no-platform   -            The Remy
[  74/1093] needs-browser Square Online (own domain) Barrio Donas
[  75/1093] fetch-failed  -            Bonchon Chicken
[  76/1093] no-platform   -            The Cowshed
[  77/1093] needs-browser spothopper   Curry & More - Indian Bistro
[  78/1093] no-platform   -            Red Lobster
[  79/1093] no-platform   -            Yingli Restaurant | Chula Vista
[  80/1093] needs-browser spothopper   3N1 Sports Bar & Grill
[  81/1093] needs-browser order.online Scoops La Jolla
[  82/1093] no-platform   -            Señor Taquero
[  83/1093] screened-out  clover       Royal Sweets
[  84/1093] too-few       netwaiter    Aiberto's Taco Shop
[  85/1093] fetch-failed  -            Edelweiss Bakery
[  86/1093] fetch-failed  -            Leucadia Donut Shoppe
[  87/1093] needs-browser -            Tabu Sushi Bar & Grill Santee
[  88/1093] no-platform   -            SOMISOMI
[  89/1093] wrong-branch  chownow      Handel's Homemade Ice Cream
[  90/1093] fetch-failed  -            Pacific Beach Ice Cream Co.
[  91/1093] fetch-failed  -            Arizona Chinese Restaurant
[  92/1093] wrong-branch  order.online Lourdes Mexican Food To Go
[  93/1093] no-platform   -            Sushi Factory
[  94/1093] no-platform   -            Big Front Door
[  95/1093] needs-browser Square Online storefront Portinos Restaurant
[  96/1093] no-platform   -            Hidden Fish
[  97/1093] needs-browser Square Online storefront Bay Park Coffee
[  98/1093] no-platform   -            Emma's Mexican Food
[  99/1093] needs-browser -            Rosarito's Mexican Food #1
[ 100/1093] no-platform   -            El Charro Mexican Food
[ 101/1093] needs-browser spothopper   il Sogno Italiano
[ 102/1093] too-few       netwaiter    Mary Ettas Cafe
[ 103/1093] needs-browser Square Online storefront Sandwich Emporium
[ 104/1093] needs-browser order.online Gelato Paradiso
[ 105/1093] no-platform   -            Hanna's Gourmet
[ 106/1093] no-platform   -            Angelito's Fruteria Y Neveria
[ 107/1093] needs-browser Square Online storefront Pink Rose Cafe
[ 108/1093] no-platform   -            Valentina
[ 109/1093] needs-browser -            Yogurt Heaven
[ 110/1093] no-platform   -            Flora
[ 111/1093] needs-browser slice        Italia Pizza
[ 112/1093] no-platform   -            Honey Baked Ham
[ 113/1093] no-platform   -            Lucy's Bakery
[ 114/1093] needs-browser olo          Randy's Donuts
[ 115/1093] no-platform   -            Cafe Bella Drive Thru
[ 116/1093] fetch-failed  -            Camel's Bar and Grill
[ 117/1093] no-platform   -            Off The 8 Café
[ 118/1093] no-platform   -            Wahoo's Fish Taco
[ 119/1093] no-platform   -            Royal India Express
[ 120/1093] needs-browser olo          Luna Grill Millenia
[ 121/1093] needs-browser Square Online (own domain) Solana Sumptuous Cookies
[ 122/1093] needs-browser MealKeyWay   Surfing Crab Escondido
[ 123/1093] screened-out  menufy       Ginza Sushi
[ 124/1093] fetch-failed  -            We Olive & Wine Bar
[ 125/1093] no-platform   -            Tropifruit Juice Bar
[ 126/1093] no-platform   -            Dragon Express
[ 127/1093] no-platform   -            Cow-A-Bunga Ice Cream & Coffee
[ 128/1093] needs-browser Square Online (own domain) Serrano's Mexican Food
[ 129/1093] no-platform   -            Ike's Love & Sandwiches
[ 130/1093] fetch-failed  -            Thai Island@
[ 131/1093] needs-browser spothopper   Santos Coffee
[ 132/1093] needs-browser toast        Rosemonts Cafe
[ 133/1093] no-platform   -            BKK THAI KITCHEN
[ 134/1093] fetch-failed  -            Palomino's Mexican & Seafood
[ 135/1093] fetch-failed  -            The Art of Espresso
[ 136/1093] screened-out  shopify      La Colombe Coffee Roasters
[ 137/1093] no-platform   -            Shozen BBQ
[ 138/1093] no-platform   -            Athens Market Taverna
[ 139/1093] needs-browser order.online San Diego Sandwich Co
[ 140/1093] no-platform   -            Mexico Lindo Restaurant
[ 141/1093] needs-browser Square Online (own domain) Matcha Cafe Maiko - Escondido
[ 142/1093] no-platform   -            PGA Tour Grill
[ 143/1093] needs-browser HungerRush   Flippin' Pizza La Costa
[ 144/1093] needs-browser -            Marieta's Mexican Food
[ 145/1093] no-platform   -            Eugenio Italian Ristorante & More
[ 146/1093] fetch-failed  -            @Spacebar Cafe
[ 147/1093] no-platform   -            Cake de Partie
[ 148/1093] no-platform   -            Hanna Garden
[ 149/1093] no-platform   -            Uncle Biffs California Killer Cookies
[ 150/1093] wrong-branch  chownow      Handel's Homemade Ice Cream
[ 151/1093] no-platform   -            Donuts Plus
[ 152/1093] no-platform   -            La Mixteca
[ 153/1093] no-platform   -            Silverlake Ramen
[ 154/1093] needs-browser -            Bravo Cafe
[ 155/1093] needs-browser SpotOn       Porky's Lechon Barbecue
[ 156/1093] no-platform   -            Kokoro Restaurant
[ 157/1093] no-platform   -            Pizza Mania
[ 158/1093] filed         shopify      Flor and Seed Coffee Roasters
[ 159/1093] needs-browser Square Online storefront Crossroads Deli
[ 160/1093] needs-browser Square Online (own domain) Elixir Espresso & Wine Bar
[ 161/1093] too-few       netwaiter    Opa Greek Restaurant & Grill
[ 162/1093] no-platform   -            Valerio's 1979
[ 163/1093] no-platform   -            KD's Donuts
[ 164/1093] no-platform   -            Imperial Express
[ 165/1093] fetch-failed  -            Potato Corner
[ 166/1093] fetch-failed  -            Cielo Rooftop
[ 167/1093] no-platform   -            The Orient Thai
[ 168/1093] fetch-failed  -            Tak Grill Fresh Mediterranean Food
[ 169/1093] no-platform   -            Kaffee Meister
[ 170/1093] needs-browser olo          Luna Grill Encinitas
[ 171/1093] no-platform   -            The Leucadian
[ 172/1093] wrong-branch  popmenu      The Naked Cafe
[ 173/1093] no-platform   -            White Labs Brewing Co - San Diego
[ 174/1093] no-platform   -            Beach + Taco Shack
[ 175/1093] no-platform   -            ENO Market & Pizzeria
[ 176/1093] needs-browser -            Phở Hòa Restaurant | Vietnamese
[ 177/1093] no-platform   -            Nothing Bundt Cakes
[ 178/1093] needs-browser Square Online storefront Thyme for Lunch Cafe & Grill
[ 179/1093] needs-browser -            SoCal Sushi
[ 180/1093] screened-out  menufy       IB Thai
[ 181/1093] no-platform   -            Ko-Li Bar
[ 182/1093] no-platform   -            Glazed Coffee & Creamery
[ 183/1093] no-platform   -            Que Tortas
[ 184/1093] no-platform   -            Rosarito's Mexican Food #7
[ 185/1093] needs-browser Square Online (own domain) Industrial Grind Coffee
[ 186/1093] screened-out  shopify      James Coffee Co
[ 187/1093] needs-browser chownow      Pho Hiep & Grill
[ 188/1093] no-platform   -            The Grounds Bean Bar
[ 189/1093] no-platform   -            Kaito Sushi
[ 190/1093] needs-browser -            Fat Joe’s O’side
[ 191/1093] screened-out  shopify      Seven Seas Roasting Company
[ 192/1093] no-platform   -            YuJing Chinese Restaurant
[ 193/1093] fetch-failed  -            Donut Factory
[ 194/1093] needs-browser Square Online storefront Mesa Agricola
[ 195/1093] no-platform   -            Chopsticks Chinese Cuisine
[ 196/1093] needs-browser -            Banh Mi Blvd
[ 197/1093] needs-browser Square Online (own domain) Dot Cafe
[ 198/1093] no-platform   -            La Moreliana
[ 199/1093] needs-browser order.online BB's Deli
[ 200/1093] fetch-failed  -            Valentinas Taco Shop
[ 201/1093] no-platform   -            Tea Pavilion
[ 202/1093] fetch-failed  -            Memo's Golden Bagel
[ 203/1093] fetch-failed  -            The Reunion
[ 204/1093] no-platform   -            Blue Pepper Asian Cuisine
[ 205/1093] needs-browser -            Seaview Restaurant
[ 206/1093] needs-browser SpotOn       Kalei's Kitchenette
[ 207/1093] fetch-failed  -            Eat Your Heart Out II
[ 208/1093] needs-browser order.online Le Macaron French Pastries
[ 209/1093] no-platform   -            Lime in the Coconut
[ 210/1093] needs-browser MealKeyWay   Iron Wok
[ 211/1093] no-platform   -            San Diego Blenders
[ 212/1093] no-platform   -            Joses Taco Shop
[ 213/1093] filed         toast        Baja Rick's Cantina
[ 214/1093] needs-browser slice        Rock On Pizza
[ 215/1093] fetch-failed  -            Bistro Pazzo
[ 216/1093] no-platform   -            Nanay's Best BBQ
[ 217/1093] needs-browser Square Online storefront Sue's Korean Kitchen
[ 218/1093] no-platform   -            Purple Owl Cafe
[ 219/1093] fetch-failed  -            Al Teatro Panini Grill
[ 220/1093] no-platform   -            Black Radish
[ 221/1093] fetch-failed  -            Idego Coffee Roasters
[ 222/1093] no-platform   -            Little Ceasar's
[ 223/1093] no-platform   -            Explorers Café
[ 224/1093] fetch-failed  -            Rosarito's Mexican Food #2
[ 225/1093] needs-browser Square Online storefront Tacoman
[ 226/1093] no-platform   -            Criscito Pizza
[ 227/1093] too-few       netwaiter    Nolberto's Taco Shop
[ 228/1093] fetch-failed  -            Bar Kamon
[ 229/1093] no-platform   -            Sweet Revenge Bakery
[ 230/1093] no-platform   -            Surfdog's Java Hot
[ 231/1093] fetch-failed  -            Thai Fresh
[ 232/1093] needs-browser Square Online storefront Fan-Fan
[ 233/1093] no-platform   -            The Luau
[ 234/1093] no-platform   -            Red Ribbon Bakeshop
[ 235/1093] no-platform   -            Coral Tree Tea House
[ 236/1093] fetch-failed  -            P B Pub
[ 237/1093] fetch-failed  -            Prince Hookah Cafe
[ 238/1093] no-platform   -            Hino
[ 239/1093] no-platform   -            Red Ribbon Bakeshop
[ 240/1093] no-platform   -            Mother's Kitchen
[ 241/1093] no-platform   -            World Famous I Bar
[ 242/1093] no-platform   -            Thai Style
[ 243/1093] no-platform   -            Brown Bag Deli
[ 244/1093] needs-browser toast        Mr. Charlie's
[ 245/1093] no-platform   -            The Halal Shack
[ 246/1093] no-platform   -            Corner Cafe | Chinese
[ 247/1093] no-platform   -            Aztec Food Hub
[ 248/1093] fetch-failed  -            Victor's Kafe - Poway
[ 249/1093] no-platform   -            Crispy Chicken n' Tomato
[ 250/1093] needs-browser plain-html   Donut Stop
[ 251/1093] no-platform   -            Tony’s Newport Cafe
[ 252/1093] fetch-failed  -            Gotcha
[ 253/1093] no-platform   -            Taco Time Food Truck
[ 254/1093] no-platform   -            Zhang Liang Malatang
[ 255/1093] no-platform   -            Gong Cha
[ 256/1093] needs-browser SpotOn       D Wings & Ribs
[ 257/1093] no-platform   -            The Elegant Truffle
[ 258/1093] no-platform   -            Kona Coffee
[ 259/1093] no-platform   -            Millport
[ 260/1093] needs-browser -            Panorama Bar & Grill
[ 261/1093] no-platform   -            Nothing Bundt Cakes
[ 262/1093] no-platform   -            La Perlita Mexican Food
[ 263/1093] no-platform   -            The Deli Stop
[ 264/1093] no-platform   -            Seahorse Coffee
[ 265/1093] needs-browser toast        The Crack Shack - Pacific Beach
[ 266/1093] needs-browser order.online Poki Poki - Encinitas
[ 267/1093] fetch-failed  -            Stagecoach Inn
[ 268/1093] needs-browser toast        Matoi
[ 269/1093] needs-browser Square Online storefront Cargo Cafe
[ 270/1093] needs-browser MealKeyWay   Zhengxin Chicken Steak
[ 271/1093] no-platform   -            Parkys
[ 272/1093] no-platform   -            Chin's Gourmet
[ 273/1093] fetch-failed  -            Topside Terrace Kitchen & Bar
[ 274/1093] no-platform   -            Shanghai Cuisine
[ 275/1093] needs-browser chownow      Gor Gai Thai Eatery
[ 276/1093] needs-browser Square Online (own domain) Elixir Espresso Bar
[ 277/1093] needs-browser Square Online storefront Sul & Beans
[ 278/1093] fetch-failed  -            Pho Olala
[ 279/1093] no-platform   -            The Peruvian Spot
[ 280/1093] needs-browser toast        Bonehead Burger Co.
[ 281/1093] needs-browser Square Online storefront ZzanG Hotdog & Chicken
[ 282/1093] no-platform   -            The Lean Machine Meal Prep
[ 283/1093] needs-browser -            Hancock Street Cafe
[ 284/1093] no-platform   -            China Express
[ 285/1093] needs-browser olo          Sweetfin
[ 286/1093] screened-out  clover       Hooked On Pokè
[ 287/1093] no-platform   -            Teaspoon
[ 288/1093] needs-browser order.online Daniel's Taco Shop
[ 289/1093] no-platform   -            Channel 2 Sports Bar
[ 290/1093] no-platform   -            Pick Up Stix Fresh Asian Flavors
[ 291/1093] fetch-failed  -            Roots Bowls
[ 292/1093] fetch-failed  -            Deano's Pub
[ 293/1093] needs-browser SpotOn       Hot or Not Thai
[ 294/1093] needs-browser MealKeyWay   Szechuan Chef Chinese Cuisine
[ 295/1093] needs-browser -            Bistro Kaz
[ 296/1093] fetch-failed  -            Le Rendez-Vous French Bakery
[ 297/1093] no-platform   -            Chen Golden Palace
[ 298/1093] needs-browser HungerRush   Flippin Pizza Encinitas
[ 299/1093] no-platform   -            La Central
[ 300/1093] needs-browser order.online DaYung's Tea
[ 301/1093] no-platform   -            Mike Hess Brewing Tasting Room
[ 302/1093] no-platform   -            Vitality Bowls
[ 303/1093] fetch-failed  -            Long Story Irish Pub
[ 304/1093] no-platform   -            It's A Piece A Cake
[ 305/1093] fetch-failed  -            Rosaria's Pizza 4
[ 306/1093] no-platform   -            City Dragon
[ 307/1093] no-platform   -            Musashiya
[ 308/1093] no-platform   -            The Brass Rail
[ 309/1093] fetch-failed  -            Tulum Seafood
[ 310/1093] no-platform   -            Sidny's Bagels & Deli
[ 311/1093] too-few       netwaiter    Goyo's Bakery
[ 312/1093] needs-browser toast        Upper East
[ 313/1093] no-platform   -            CAFE 160
[ 314/1093] no-platform   -            Okavango Outpost
[ 315/1093] no-platform   -            Kaki Sushi
[ 316/1093] no-platform   -            Bale French Sandwiches
[ 317/1093] needs-browser order.online Taste of Thai
[ 318/1093] fetch-failed  -            Spoon House
[ 319/1093] no-platform   -            San Diego Eagle
[ 320/1093] no-platform   -            African Spices
[ 321/1093] needs-browser order.online Elsa's Kitchen
[ 322/1093] fetch-failed  -            Kinchana
[ 323/1093] no-platform   -            Agave Taco Shop
[ 324/1093] needs-browser Square Online storefront Mad Munch Grilled Cheezer Co.
[ 325/1093] no-platform   -            Gloria's Taco Shop
[ 326/1093] no-platform   -            Hoffer's Cigar Bar
[ 327/1093] screened-out  slice        Mike's Giant New York Pizza
[ 328/1093] wrong-branch  toast        Achilles Coffee Roasters
[ 329/1093] fetch-failed  -            Mosa Tea
[ 330/1093] needs-browser plain-html   JNC Pinoy Foodmart
[ 331/1093] no-platform   -            Dine with Orcas
[ 332/1093] no-platform   -            Lucky Doughnut
[ 333/1093] no-platform   -            La Michoacana
[ 334/1093] needs-browser toast        Dora
[ 335/1093] no-platform   -            Bopomofo Cafe
[ 336/1093] no-platform   -            Novecientos Grados by Tony Hawk
[ 337/1093] no-platform   -            Teriyaki Madness
[ 338/1093] no-platform   -            Cool Down Coffee
[ 339/1093] no-platform   -            Nobu
[ 340/1093] screened-out  order.online Frida's Taqueria
[ 341/1093] needs-browser toast        Thai Ladle
[ 342/1093] needs-browser chownow      Juice Kaboose
[ 343/1093] no-platform   -            Los Kompadres Mexican Food
[ 344/1093] needs-browser chownow      Leos Kitchen
[ 345/1093] no-platform   -            Smittys Downtown
[ 346/1093] wrong-branch  clover       Manzanita Roasting Co
[ 347/1093] needs-browser toast        Junction Bar & Grill
[ 348/1093] no-platform   -            Tom's Chinese BBQ
[ 349/1093] no-platform   -            La Nacional
[ 350/1093] needs-browser order.online Donut Bros
[ 351/1093] no-platform   -            Urban Bubble
[ 352/1093] no-platform   -            Pizzabilities - Alpine
[ 353/1093] needs-browser order.online Deli Belly
[ 354/1093] too-few       netwaiter    Roma's Pizza
[ 355/1093] needs-browser MealKeyWay   Ma's House
[ 356/1093] needs-browser Square Online storefront Tasty Pizza Escondido LLC
[ 357/1093] wrong-branch  clover       Hyderabad Cafe
[ 358/1093] no-platform   -            Angela's Eccentric Kitchen
[ 359/1093] no-platform   -            Tenkatori
[ 360/1093] no-platform   -            Juice Stop Encinitas
[ 361/1093] needs-browser SpotOn       La Banana Fruits - Fruteria
[ 362/1093] no-platform   -            Kind Coffee
[ 363/1093] no-platform   -            Leucadia Pizza Point Loma
[ 364/1093] no-platform   -            Picasso's Naturals
[ 365/1093] needs-browser toast        Angry Petes Pizza Point Loma
[ 366/1093] needs-browser toast        Understory Bar
[ 367/1093] too-few       netwaiter    Star Express
[ 368/1093] no-platform   -            Nova Easy Kombucha
[ 369/1093] needs-browser Square Online (own domain) Rad Habits Juice
[ 370/1093] fetch-failed  -            Deano's Pub East
[ 371/1093] needs-browser MealKeyWay   Spicy Noodle
[ 372/1093] fetch-failed  -            Bonchon Chicken
[ 373/1093] no-platform   -            Ranch House Restaurant
[ 374/1093] no-platform   -            Pho G-Beef
[ 375/1093] no-platform   -            Village Pub
[ 376/1093] no-platform   -            Tastea
[ 377/1093] no-platform   -            Del Sushi
[ 378/1093] no-platform   -            U Dessert Eats
[ 379/1093] needs-browser SpotOn       Mariscos y Miches El Patron
[ 380/1093] needs-browser chownow      Juice Caboose
[ 381/1093] no-platform   -            Burrito King
[ 382/1093] no-platform   -            Hometown Taste
[ 383/1093] no-platform   -            Rocco's Pizza Deli
[ 384/1093] no-platform   -            Granny's Apple Fries
[ 385/1093] no-platform   -            Kona Kakes Tropical Cake Bakery
[ 386/1093] screened-out  shopify      Seven Seas Roasting
[ 387/1093] no-platform   -            Unique Sandwiches
[ 388/1093] no-platform   -            Bowl To Go
[ 389/1093] needs-browser Square Online storefront Dog Leg Brewing
[ 390/1093] fetch-failed  -            El Mercadito
[ 391/1093] needs-browser toast        A Louest
[ 392/1093] no-platform   -            Gihon Ethiopian Kitchen
[ 393/1093] wrong-branch  toast        Burekas Box
[ 394/1093] needs-browser Square Online storefront Goli
[ 395/1093] no-platform   -            Star Dust Donut Shop
[ 396/1093] no-platform   -            Java Earth Coffee
[ 397/1093] no-platform   -            Cj Lounge
[ 398/1093] fetch-failed  -            Gem Coffee
[ 399/1093] no-platform   -            Las Michoacanas
[ 400/1093] needs-browser -            Tutti Frutti Frozen Yogurt
[ 401/1093] fetch-failed  -            Orient Valley Filipino Cuisine
[ 402/1093] fetch-failed  -            Vica’s Cafe
[ 403/1093] no-platform   -            Kinme Omakase
[ 404/1093] no-platform   -            Erika's Mexican Food & Seafood
[ 405/1093] wrong-branch  order.online The Pad Thai Stand
[ 406/1093] needs-browser Square Online (own domain) The Craft Taco at The Nat
[ 407/1093] needs-browser MealKeyWay   Ten Seconds Yunnan Rice Noodle
[ 408/1093] fetch-failed  -            Jungle Tea
[ 409/1093] no-platform   -            R3fresh Juice Bar
[ 410/1093] no-platform   -            Social hookah lounge
[ 411/1093] fetch-failed  -            Bang Bang
[ 412/1093] no-platform   -            Sarku Japan
[ 413/1093] needs-browser Square Online (own domain) Castelli & Pizarro Family Vineyards & Winery
[ 414/1093] no-platform   -            Hongyuan Kebab
[ 415/1093] wrong-branch  clover       Burros and Fries
[ 416/1093] fetch-failed  -            Bobalicious
[ 417/1093] no-platform   -            Park Commons
[ 418/1093] no-platform   -            China Fun
[ 419/1093] no-platform   -            SusieCakes - Carlsbad
[ 420/1093] fetch-failed  -            Cheers
[ 421/1093] wrong-branch  order.online La michoacana Plus San Diego #2
[ 422/1093] no-platform   -            Tu Thanh
[ 423/1093] needs-browser -            Grab & Go - Mission Hills
[ 424/1093] needs-browser slice        Papa's Pizza
[ 425/1093] needs-browser -            Rambler Coffee
[ 426/1093] too-few       netwaiter    Kim's Bar-B-Que
[ 427/1093] too-few       netwaiter    K & K Orient Valley Food Center
[ 428/1093] no-platform   -            PB Oriental
[ 429/1093] no-platform   -            DRIFT La Jolla
[ 430/1093] no-platform   -            PKI Sushi
[ 431/1093] no-platform   -            Leucadia Pizza
[ 432/1093] no-platform   -            Marketplace Grille
[ 433/1093] filed         toast        Tajima Ramen Crown Point
[ 434/1093] needs-browser -            Modern Times Coffee
[ 435/1093] needs-browser slice        Del Cerro Pizza
[ 436/1093] no-platform   -            Prendi E Vai
[ 437/1093] no-platform   -            Landshark Bar & Grill
[ 438/1093] no-platform   -            Bubbles & Brews Cafe
[ 439/1093] needs-browser order.online Tous les Jours
[ 440/1093] needs-browser -            Sieu Sieu BBQ
[ 441/1093] too-few       shopify      Go Greek Authentic Yogurteria
[ 442/1093] no-platform   -            Cherry Bomb
[ 443/1093] fetch-failed  -            Mariscos La Morena
[ 444/1093] no-platform   -            Casa Fiesta Juice Bar
[ 445/1093] no-platform   -            The Pearl Restaurant
[ 446/1093] wrong-branch  toast        El Viejon
[ 447/1093] needs-browser Square Online storefront Flour Atelier
[ 448/1093] no-platform   -            Bar Ella
[ 449/1093] no-platform   -            Knights' Smokehouse BBQ
[ 450/1093] no-platform   -            Möge Tee
[ 451/1093] no-platform   -            Imperial Palace
[ 452/1093] no-platform   -            Lapper Kitchen + Tap
[ 453/1093] no-platform   -            Egg Holic
[ 454/1093] no-platform   -            Nothing Bundt Cakes
[ 455/1093] needs-browser plain-html   Roppongi
[ 456/1093] no-platform   -            Kim's Deli
[ 457/1093] no-platform   -            Quick Wok
[ 458/1093] needs-browser order.online Qin West
[ 459/1093] no-platform   -            Vinya Yoga and Wine Bar
[ 460/1093] too-few       own-jsonld   Vinh Long Food To Go
[ 461/1093] screened-out  shopify      Casa De Otay – The Casita
[ 462/1093] needs-browser toast        Taco Loco
[ 463/1093] no-platform   -            Campus Cafe
[ 464/1093] fetch-failed  -            Happytime Tea
[ 465/1093] no-platform   -            Hua Mei Cafe
[ 466/1093] needs-browser -            Ching's Famous Hopia
[ 467/1093] no-platform   -            T. P. Bánh Bao 3
[ 468/1093] no-platform   -            LJ Crafted Wines - Wines & Tastings
[ 469/1093] fetch-failed  -            Hammer's New York Pizza
[ 470/1093] no-platform   -            Cafe Aero
[ 471/1093] no-platform   -            Necter Juice Bar
[ 472/1093] no-platform   -            Josie's Hideout Saloon
[ 473/1093] wrong-branch  order.online The Pad Thai Stand
[ 474/1093] no-platform   -            Gather
[ 475/1093] no-platform   -            Presotea
[ 476/1093] no-platform   -            De Kotija Taco Shop LLC
[ 477/1093] fetch-failed  -            Oakberry Açaí bowls
[ 478/1093] fetch-failed  -            Bonita Donuts
[ 479/1093] no-platform   -            D'liteful Chocolat
[ 480/1093] no-platform   -            Creperie Antoinette
[ 481/1093] no-platform   -            Trevi Hills Winery
[ 482/1093] needs-browser order.online Mochinut
[ 483/1093] wrong-branch  toast        Tree House
[ 484/1093] no-platform   -            Old Town Eatery
[ 485/1093] needs-browser order.online Poke One N Half
[ 486/1093] no-platform   -            Tasty Donuts
[ 487/1093] no-platform   -            Valerio's 1979
[ 488/1093] no-platform   -            Jamal's Chicken
[ 489/1093] needs-browser Square Online (own domain) Cafe Pascale Grill & Deli
[ 490/1093] no-platform   -            Tres Hermanos Locos Tacos
[ 491/1093] needs-browser chownow      Off the Vine Gardens Deli And Catering
[ 492/1093] fetch-failed  -            Yas Lounge
[ 493/1093] no-platform   -            Cha Cha Tea Spot
[ 494/1093] no-platform   -            Sunny Dumpling House
[ 495/1093] no-platform   -            Sydney's
[ 496/1093] needs-browser Square Online storefront Bean Box
[ 497/1093] too-few       netwaiter    Guerrero Taco Shop
[ 498/1093] needs-browser -            Divina Matcha
[ 499/1093] needs-browser -            Pure Squeeze
[ 500/1093] needs-browser -            Cluck N Sip
[ 501/1093] needs-browser toast        Nomada
[ 502/1093] no-platform   -            DaYung's Tea
[ 503/1093] too-few       netwaiter    Playa Azul Mariscos Restaurant
[ 504/1093] no-platform   -            Nothing Bundt Cakes
[ 505/1093] no-platform   -            Qualcomm Cafe Q
[ 506/1093] fetch-failed  -            Grubz
[ 507/1093] needs-browser toast        56 Thai Cafe
[ 508/1093] no-platform   -            Jaguar Paw
[ 509/1093] fetch-failed  -            Warner Springs Golf Shop & Grill
[ 510/1093] no-platform   -            Lambers Chinese Bakery
[ 511/1093] no-platform   -            Linda's Yogurt & Deli
[ 512/1093] no-platform   -            Ohana Nutrition
[ 513/1093] no-platform   -            All That Shabu
[ 514/1093] no-platform   -            Bivouac Adventure Lodge Coffee Shop
[ 515/1093] no-platform   -            Asia Wok Teppanyaki & Chinese Food
[ 516/1093] needs-browser Square Online storefront Montebello
[ 517/1093] no-platform   -            Cali Banh Mi
[ 518/1093] no-platform   -            The Golf Bar
[ 519/1093] no-platform   -            The Grillery
[ 520/1093] too-few       netwaiter    Ba Le French Sandwich Shop
[ 521/1093] fetch-failed  -            Tazza D'Oro
[ 522/1093] needs-browser Square Online storefront Cargo Cafe - Paseo Del Mar
[ 523/1093] no-platform   -            Pub 1795
[ 524/1093] no-platform   -            All Things Ube Desserts
[ 525/1093] needs-browser -            Alohana Açaí Bowls
[ 526/1093] no-platform   -            Boba Tea Spot
[ 527/1093] needs-browser MealKeyWay   Suki Hana
[ 528/1093] no-platform   -            5 O'Clock Somewhere Rooftop Bar
[ 529/1093] needs-browser toast        Pita Pit
[ 530/1093] fetch-failed  -            Route 6 Coffee & Smoothies
[ 531/1093] needs-browser -            Grab & Go
[ 532/1093] no-platform   -            Mike Hess Brewing - Seaport Village Taphouse
[ 533/1093] no-platform   -            The Loft at UC San Diego
[ 534/1093] needs-browser Paytronix    Ziggi's Coffee
[ 535/1093] fetch-failed  -            Paradise Kabob
[ 536/1093] fetch-failed  -            Shabu Spot
[ 537/1093] needs-browser order.online La Pizzeria Arrivederci
[ 538/1093] no-platform   -            Sunright Tea Studio
[ 539/1093] too-few       netwaiter    J & J's Mexican Food
[ 540/1093] no-platform   -            Huy Ky Bakery
[ 541/1093] needs-browser toast        Johnny Radz Pizza
[ 542/1093] no-platform   -            F Street Cafe
[ 543/1093] no-platform   -            Zoo Brew
[ 544/1093] wrong-branch  toast        Enoteca Buona Forchetta
[ 545/1093] too-few       netwaiter    Pizza Grande
[ 546/1093] no-platform   -            Dockside Casual Seafood Counter
[ 547/1093] no-platform   -            Zest Wine Bistro
[ 548/1093] no-platform   -            The MRKT
[ 549/1093] needs-browser MealKeyWay   Yuki Yuki
[ 550/1093] no-platform   -            62 Area Chow Hall
[ 551/1093] no-platform   -            Craft Pizza
[ 552/1093] fetch-failed  -            Suki Hana
[ 553/1093] fetch-failed  -            La Jolla Boba
[ 554/1093] no-platform   -            Forum Deli
[ 555/1093] needs-browser -            Tapas Bar
[ 556/1093] no-platform   -            Royal Pearl Tea
[ 557/1093] too-few       netwaiter    Sandwich Place
[ 558/1093] no-platform   -            Test Kitchen
[ 559/1093] no-platform   -            Madina Market Halal Fast Food
[ 560/1093] no-platform   -            Moniker General
[ 561/1093] no-platform   -            Plaza Deli
[ 562/1093] no-platform   -            Pure Green
[ 563/1093] no-platform   -            Manta Pizza
[ 564/1093] no-platform   -            longball cocktail
[ 565/1093] needs-browser -            Market One
[ 566/1093] no-platform   -            Michoacana Mia - SDSU
[ 567/1093] no-platform   -            Blue Bowl Superfoods
[ 568/1093] no-platform   -            Sip Fresh
[ 569/1093] no-platform   -            La Paloma
[ 570/1093] needs-browser -            Fresca Deli .
[ 571/1093] needs-browser toast        Coco Bomb
[ 572/1093] no-platform   -            Showa Ramen
[ 573/1093] needs-browser order.online WUHU TEA & DELI
[ 574/1093] needs-browser toast        Chapters Cafe
[ 575/1093] no-platform   -            Chester's
[ 576/1093] no-platform   -            Mombasa Cooker
[ 577/1093] no-platform   -            The Lookout at Lake Poway
[ 578/1093] no-platform   -            Prado Perk
[ 579/1093] fetch-failed  -            Mister G Salsa
[ 580/1093] no-platform   -            Surf City Squeeze
[ 581/1093] no-platform   -            Collette’s Collaborative Collective Cuisine
[ 582/1093] no-platform   -            El Cilantro Mexican Grill
[ 583/1093] no-platform   -            FiveO3 Pupusas
[ 584/1093] fetch-failed  -            Unico Juice Shop
[ 585/1093] no-platform   -            Thérapie Bistro
[ 586/1093] needs-browser Square Online storefront The Bean Box 701
[ 587/1093] no-platform   -            Topo's Tacos
[ 588/1093] no-platform   -            Chagee
[ 589/1093] no-platform   -            FLAVORS EXPRESS SDSU
[ 590/1093] needs-browser Square Online storefront Ramen Station
[ 591/1093] no-platform   -            Lò Bánh Cuốn Tân Định
[ 592/1093] needs-browser SpotOn       Oriste Fairway Cafe
[ 593/1093] no-platform   -            Finca Casa Blanca
[ 594/1093] needs-browser Square Online storefront Cargo Cafe - Wateridge
[ 595/1093] no-platform   -            Boba n More
[ 596/1093] fetch-failed  -            El huevo estrellado # 2
[ 597/1093] needs-browser Square Online storefront Cargo Cafe - Gateway
[ 598/1093] no-platform   -            Bert's Bistro
[ 599/1093] fetch-failed  -            Healthy Grill Mediterranean
[ 600/1093] fetch-failed  -            Med Cafe
[ 601/1093] no-platform   -            Bosley Cafe
[ 602/1093] needs-browser -            Swami's
[ 603/1093] fetch-failed  -            The Waterfront
[ 604/1093] no-platform   -            El Camino
[ 605/1093] no-platform   -            3 Day Suit Broker
[ 606/1093] needs-browser chownow      Juice Caboose
[ 607/1093] no-platform   -            Basic
[ 608/1093] no-platform   -            Winners Circle
[ 609/1093] no-platform   -            The Caddyshack
[ 610/1093] no-platform   -            Filling Station Pub and Grill
[ 611/1093] needs-browser order.online Poki Poki
[ 612/1093] no-platform   -            Coin Toss
[ 613/1093] needs-browser Square Online storefront Copa Vida
[ 614/1093] no-platform   -            Allen's New York Pizza
[ 615/1093] no-platform   -            Fairbanks
[ 616/1093] needs-browser Square Online storefront Sushi Freak
[ 617/1093] no-platform   -            Thai Basil
[ 618/1093] needs-browser Square Online (own domain) Crepes
[ 619/1093] no-platform   -            GIHON Ethiopian Kitchen
[ 620/1093] needs-browser order.online Hummus Mediterranean Kitchen
[ 621/1093] no-platform   -            Hacienda De Vega
[ 622/1093] no-platform   -            Baja Fresh
[ 623/1093] no-platform   -            Taco King
[ 624/1093] fetch-failed  -            BurgerIM
[ 625/1093] no-platform   -            Birria El Rey
[ 626/1093] no-platform   -            I Love Pho
[ 627/1093] fetch-failed  -            Citrina Berry Fresh
[ 628/1093] no-platform   -            Silvia's Pupuseria
[ 629/1093] no-platform   -            Curbside Eatery & Drinkery
[ 630/1093] no-platform   -            Karihan Filipino Food
[ 631/1093] no-platform   -            Atelier Manna
[ 632/1093] needs-browser SpotOn       CITRINA BERRY FRESH
[ 633/1093] needs-browser toast        Trattoria da Sofia
[ 634/1093] no-platform   -            Beer Company
[ 635/1093] no-platform   -            Rito’s Mexican Food
[ 636/1093] needs-browser -            Stella Jean's Ice Cream Kensington
[ 637/1093] no-platform   -            Crave
[ 638/1093] no-platform   -            Valerio's Finest Bake Shop
[ 639/1093] no-platform   -            Stone Oven
[ 640/1093] needs-browser -            Golden Spoon Carlsbad Plaza
[ 641/1093] no-platform   -            Terrace Lounge
[ 642/1093] no-platform   -            Pei Wei
[ 643/1093] no-platform   -            Backyard Altar BBQ
[ 644/1093] needs-browser Square Online storefront Purl Tea San Marcos
[ 645/1093] no-platform   -            Rare Society
[ 646/1093] no-platform   -            Paris Baguette
[ 647/1093] no-platform   -            Bovino
[ 648/1093] no-platform   -            Fairbanks
[ 649/1093] no-platform   -            Cococabana
[ 650/1093] no-platform   -            Paradisaea
[ 651/1093] needs-browser plain-html   Nick's on State
[ 652/1093] needs-browser -            Board & Brew - Escondido
[ 653/1093] no-platform   -            Green Vine Delicatessen
[ 654/1093] no-platform   -            Everest Himalayan Cuisine
[ 655/1093] no-platform   -            Tacos de Birria El Chinito Jr
[ 656/1093] no-platform   -            China Fun
[ 657/1093] no-platform   -            Oaks Bar Grill
[ 658/1093] no-platform   -            That Pizza Place - Carlsbad
[ 659/1093] no-platform   -            La Sabrosita
[ 660/1093] needs-browser slice        Fiori’s Pizza
[ 661/1093] too-few       netwaiter    Appetite
[ 662/1093] needs-browser order.online Sabor a Vida Cafe & Deli
[ 663/1093] no-platform   -            Monserate Winery
[ 664/1093] needs-browser toast        Taco Lounge Escaya
[ 665/1093] screened-out  shopify      Vigilante Coffee
[ 666/1093] no-platform   -            Golden Corral
[ 667/1093] no-platform   -            Pho House
[ 668/1093] no-platform   -            Breakwater Brewing Co.
[ 669/1093] needs-browser -            Tita's Taco Shop
[ 670/1093] screened-out  toast        Agave Birrieria
[ 671/1093] needs-browser chownow      Donburi Rice Bowls
[ 672/1093] no-platform   -            Camino Riviera
[ 673/1093] fetch-failed  -            Gooseberries kafe
[ 674/1093] needs-browser order.online Chin's Szechwan - Del Mar
[ 675/1093] no-platform   -            bcb Cafe
[ 676/1093] no-platform   -            Mendoza’s Mexican Food
[ 677/1093] needs-browser SpotOn       Tasty Pho
[ 678/1093] no-platform   -            Draft Republic San Marcos
[ 679/1093] no-platform   -            Vinarius Wine Bar & Restaurant
[ 680/1093] no-platform   -            Pho Oceanside
[ 681/1093] wrong-branch  chownow      Handel's Homemade Ice Cream
[ 682/1093] needs-browser toast        Bubba’s Smokehouse BBQ
[ 683/1093] needs-browser order.online El Rinconcito Fruteria
[ 684/1093] too-few       netwaiter    Su Pan Bakery El Cajon
[ 685/1093] needs-browser -            Tacaliente Mexican Grill
[ 686/1093] needs-browser -            Taqueria El Kabron Jr.
[ 687/1093] no-platform   -            Panda Imperial Restaurant
[ 688/1093] gated         toast        Barn Door Public House
[ 689/1093] no-platform   -            1022 Cafe & Gelateria
[ 690/1093] no-platform   -            Gelato 101 Solana Beach
[ 691/1093] no-platform   -            Napatini Bistro and Wine Bar
[ 692/1093] no-platform   -            Paris Baguette
[ 693/1093] fetch-failed  -            Truluck's
[ 694/1093] fetch-failed  -            Nory's Donut & Bakery
[ 695/1093] no-platform   -            Backdraft Bar & Grill
[ 696/1093] fetch-failed  -            Cork N Brew
[ 697/1093] needs-browser HungerRush   Buonasera New York Pizzeria
[ 698/1093] no-platform   -            Ocean Thai Cuisine
[ 699/1093] no-platform   -            Ono Hawaiian BBQ
[ 700/1093] needs-browser toast        Higher Grounds Coffee + Café
[ 701/1093] no-platform   -            MOOYAH Burgers, Fries & Shakes
[ 702/1093] fetch-failed  -            Savory Thai Restaurant
[ 703/1093] no-platform   -            Ernes Mexican Food & Breakfast
[ 704/1093] no-platform   -            Finca
[ 705/1093] no-platform   -            Rancho Grande El Toro Mexican Cuisine
[ 706/1093] fetch-failed  -            Ju-ichi
[ 707/1093] wrong-branch  toast        Cozy Corner
[ 708/1093] no-platform   -            Tacotarian San Diego
[ 709/1093] needs-browser -            Prey Brewing Company
[ 710/1093] needs-browser Square Online storefront House of Pho
[ 711/1093] no-platform   -            ZZan Sushi & Soju
[ 712/1093] no-platform   -            Graziano's Pizza Oceanside
[ 713/1093] screened-out  shopify      Ascend Coffee Roasters
[ 714/1093] no-platform   -            China Fusion - Vista Way
[ 715/1093] needs-browser -            NuYo Frozen Yogurt Telegraph Canyon
[ 716/1093] no-platform   -            Blanco Cocina + Cantina
[ 717/1093] no-platform   -            Caribbean Pleasure
[ 718/1093] fetch-failed  -            Sunny Side Solana
[ 719/1093] no-platform   -            Bambinos Pizzeria & Deli #4
[ 720/1093] screened-out  shopify      James Coffee Co.
[ 721/1093] needs-browser SpotOn       Souplantation
[ 722/1093] wrong-branch  toast        Madeleine
[ 723/1093] needs-browser chownow      Parakeet Juicery - La Jolla
[ 724/1093] no-platform   -            El After Social Club
[ 725/1093] no-platform   -            Old World Meat Company
[ 726/1093] no-platform   -            Panpan wok
[ 727/1093] fetch-failed  -            New York Buffalo Wings
[ 728/1093] needs-browser clover       Himalayan Bistro Oceanside
[ 729/1093] no-platform   -            Sonny’s Pizza
[ 730/1093] needs-browser slice        Allen's New York Pizza
[ 731/1093] needs-browser -            Naked Pizza
[ 732/1093] needs-browser slice        HillCrust Pizza
[ 733/1093] wrong-branch  chownow      Handel’s Homemade Ice Cream
[ 734/1093] no-platform   -            EL ENCANTO SD
[ 735/1093] needs-browser clover       Ryan Bros Coffee City Heights
[ 736/1093] no-platform   -            Le Coq
[ 737/1093] no-platform   -            China bros
[ 738/1093] no-platform   -            Aromi Italian Cuisine
[ 739/1093] needs-browser -            Sukho Thai Extraordinaire
[ 740/1093] no-platform   -            Belinda's Familia Mexican Food Truck
[ 741/1093] no-platform   -            AleSmith Brewing Company
[ 742/1093] no-platform   -            Jaws Topokki
[ 743/1093] needs-browser toast        ALOHA GRILL
[ 744/1093] needs-browser toast        Angry Chickz - Oceanside
[ 745/1093] needs-browser MealKeyWay   Tengu Ramen
[ 746/1093] no-platform   -            The Crimson Cake
[ 747/1093] gated         chownow      Finney's Crafthouse
[ 748/1093] no-platform   -            Sam's Farm Fresh
[ 749/1093] no-platform   -            Comstock Bar & Grill
[ 750/1093] no-platform   -            Emiliana's Mexican & Deli Food
[ 751/1093] needs-browser -            Baked Thicc
[ 752/1093] wrong-branch  ubereats     SugarBears Sweet Provisions
[ 753/1093] no-platform   -            Docent Brewing
[ 754/1093] no-platform   -            Kin Saep
[ 755/1093] screened-out  shopify      Ascend Coffee Roasters
[ 756/1093] needs-browser MealKeyWay   Hi!Dumplings
[ 757/1093] needs-browser Square Online storefront PB Poke House Oceanside
[ 758/1093] too-few       netwaiter    Thai Pasta
[ 759/1093] needs-browser order.online El Ranchero
[ 760/1093] needs-browser spothopper   Players Sports Grill
[ 761/1093] no-platform   -            La Mesa Pizzaworks
[ 762/1093] no-platform   -            Great Wok of China
[ 763/1093] no-platform   -            Charli's Landing
[ 764/1093] no-platform   -            Merenda
[ 765/1093] needs-browser toast        Smokin J's BBQ & Taphouse
[ 766/1093] screened-out  shopify      Trident Coffee Pacific Beach
[ 767/1093] no-platform   -            Gintaro Sushi
[ 768/1093] no-platform   -            Urban Location Boba Tea House San Diego
[ 769/1093] no-platform   -            Eclipse Chocolat
[ 770/1093] no-platform   -            Sound by the Sea
[ 771/1093] no-platform   -            Thai Table Time
[ 772/1093] needs-browser MealKeyWay   Ocean Buffet
[ 773/1093] no-platform   -            Good Source Coffee
[ 774/1093] no-platform   -            Los Armando's Mexican Food
[ 775/1093] no-platform   -            Leu Leu
[ 776/1093] needs-browser Square Online (own domain) Beach City Smoothies
[ 777/1093] no-platform   -            Green Cheek Beer Co.
[ 778/1093] no-platform   -            Los Cucos Mexican Food
[ 779/1093] needs-browser plain-html   Chef’s Wok & Dumplings
[ 780/1093] no-platform   -            Flame Broiler
[ 781/1093] no-platform   -            Two Hands Corn Dog Mira Mesa
[ 782/1093] no-platform   -            Good Omen Coffee Co
[ 783/1093] no-platform   -            Burtech Family Vineyard Tasting Room
[ 784/1093] no-platform   -            Paris Baguette
[ 785/1093] no-platform   -            Pietro's Cucina Italiana
[ 786/1093] no-platform   -            El Flako's Wrangler Barbecue
[ 787/1093] no-platform   -            The Alley Otay Mesa
[ 788/1093] no-platform   -            Buffalo Wild Wings GO
[ 789/1093] no-platform   -            UT-HO Boba & Baguette
[ 790/1093] no-platform   -            Tacos el Niño Santana
[ 791/1093] no-platform   -            Saigon Star Restaurant
[ 792/1093] needs-browser MealKeyWay   Pho Tan
[ 793/1093] needs-browser order.online Burrito Leo's Mexican Food
[ 794/1093] no-platform   -            CTZN
[ 795/1093] no-platform   -            Diego's Taco Shop
[ 796/1093] no-platform   -            IZOLA
[ 797/1093] no-platform   -            Fish Boon
[ 798/1093] too-few       netwaiter    Wings mix
[ 799/1093] no-platform   -            TAKARAMONO SUSHI
[ 800/1093] needs-browser chownow      Burger Bench Vista
[ 801/1093] no-platform   -            La Casa Verde
[ 802/1093] no-platform   -            Simply Fresh Thai
[ 803/1093] no-platform   -            Pho Nam Cali
[ 804/1093] no-platform   -            Photo House
[ 805/1093] no-platform   -            Pei Wei
[ 806/1093] no-platform   -            La Mesita Mexican Food
[ 807/1093] no-platform   -            Chocolate Bash
[ 808/1093] needs-browser order.online EsKiNiTa
[ 809/1093] no-platform   -            Little Victory Wine Bar
[ 810/1093] screened-out  clover       Mission Baja Tacos
[ 811/1093] no-platform   -            Banzai Bowls
[ 812/1093] no-platform   -            T&T Tacos & Tequila Grill & Cantina
[ 813/1093] no-platform   -            Alborz Restaurant
[ 814/1093] needs-browser slice        West Coast Pizza Company
[ 815/1093] needs-browser toast        Fleurette
[ 816/1093] no-platform   -            Buca di Beppo Italian Restaurant
[ 817/1093] needs-browser order.online Scoops Ocean Beach
[ 818/1093] no-platform   -            The Honor Bar
[ 819/1093] fetch-failed  -            the Koffie Co
[ 820/1093] no-platform   -            Acai Republic - Oceanside
[ 821/1093] needs-browser olo          Panini Kabob Grill - Park 12
[ 822/1093] no-platform   -            tiger!tiger!
[ 823/1093] fetch-failed  -            Kona Craft Cafe
[ 824/1093] no-platform   -            Piedra Santa
[ 825/1093] no-platform   -            Banzai Bowls
[ 826/1093] no-platform   -            Pha Khao Lao Cuisine
[ 827/1093] no-platform   -            Rocko's Family Restaurant
[ 828/1093] fetch-failed  -            Top of the Bagel
[ 829/1093] needs-browser slice        Pop's Pizza
[ 830/1093] fetch-failed  -            Mandarin Wok Restaurant
[ 831/1093] no-platform   -            Kiiro Sushi Izakaya
[ 832/1093] needs-browser toast        QUICK BITES CAFE / Best Sandwiches
[ 833/1093] no-platform   -            Thai Thai Melrose Restaurant
[ 834/1093] no-platform   -            Breakers
[ 835/1093] no-platform   -            Monserate Winery
[ 836/1093] no-platform   -            MAKE Cafe
[ 837/1093] no-platform   -            Troy's Greek Restaurant
[ 838/1093] no-platform   -            Olive Branch Eatery
[ 839/1093] needs-browser chownow      CinKuni (Italian & Japanese Cuisine)
[ 840/1093] no-platform   -            Campland Cantina
[ 841/1093] no-platform   -            Rubio's Coastal Grill
[ 842/1093] no-platform   -            Mr. Buffalo Fries
[ 843/1093] no-platform   -            Rubio's Coastal Grill
[ 844/1093] no-platform   -            PanPan Wok
[ 845/1093] no-platform   -            Cocina 35 brunch
[ 846/1093] no-platform   -            Rubio's Coastal Grill
[ 847/1093] no-platform   -            Ocean Thai Cuisine
[ 848/1093] no-platform   -            Bueno Wine & Goods
[ 849/1093] too-few       netwaiter    LA PLACE DELI
[ 850/1093] no-platform   -            Las Ricas Tortas
[ 851/1093] needs-browser slice        Little Sisters Pizza
[ 852/1093] needs-browser Square Online storefront iWok Chinese Kitchen
[ 853/1093] no-platform   -            Little Hidden Bakery
[ 854/1093] no-platform   -            Jolie
[ 855/1093] wrong-branch  popmenu      The Great Greek Mediterranean Grill - Oceanside, CA
[ 856/1093] wrong-branch  order.online Captain Sam's Fish & Chicken
[ 857/1093] needs-browser Square Online (own domain) Slurp
[ 858/1093] no-platform   -            Una Mas on Adams
[ 859/1093] no-platform   -            Mi Tierra Super Taco
[ 860/1093] needs-browser spothopper   Brites Soft Serve
[ 861/1093] no-platform   -            chance's coffee
[ 862/1093] no-platform   -            Fortuna Ristorante Italiano
[ 863/1093] no-platform   -            PanPan Wok
[ 864/1093] no-platform   -            Pizza Guys
[ 865/1093] no-platform   -            Urban Teri Kitchen
[ 866/1093] needs-browser order.online Halal Burger Co.
[ 867/1093] needs-browser order.online Chin's Szechwan - Point Loma
[ 868/1093] needs-browser Square Online (own domain) Le Charcuterie Bar
[ 869/1093] no-platform   -            Uncle Feras Middle Eastern Restaurant
[ 870/1093] needs-browser toast        Little Kiki Katsu & More
[ 871/1093] no-platform   -            Juice Holler
[ 872/1093] no-platform   -            Dark Horse Coffee Roasters
[ 873/1093] no-platform   -            North Park Creamery
[ 874/1093] screened-out  toast        Agave Birrieria
[ 875/1093] no-platform   -            Leona's Cucina Italiana
[ 876/1093] needs-browser olo          Coffee Bean
[ 877/1093] needs-browser HungerRush   Pop Pops Paleta
[ 878/1093] needs-browser Square Online (own domain) Beach City Smoothies - Oceanside
[ 879/1093] no-platform   -            PanPan wok
[ 880/1093] needs-browser Square Online storefront Mein St. Asian Kitchen
[ 881/1093] no-platform   -            Oriental Cafe | Chinese
[ 882/1093] no-platform   -            Between Us
[ 883/1093] no-platform   -            Pokeport Oceanside
[ 884/1093] no-platform   -            Queenstown Del Mar
[ 885/1093] no-platform   -            La Costa Wine
[ 886/1093] no-platform   -            El Papas Fritas Taco Shop
[ 887/1093] no-platform   -            Ono Hawaiian BBQ
[ 888/1093] no-platform   -            Noodle & Bun
[ 889/1093] no-platform   -            Thai Thae Cuisine
[ 890/1093] no-platform   -            Poki Poki - Escondido
[ 891/1093] needs-browser Square Online (own domain) Chef Budda Blasian Soul Food LLC
[ 892/1093] no-platform   -            KABOB SHACK - EASTLAKE
[ 893/1093] no-platform   -            Chopsticks Inn Restaurant
[ 894/1093] no-platform   -            Egg Tuck
[ 895/1093] no-platform   -            Christophe Rull Patisserie
[ 896/1093] screened-out  order.online La Fresita Y Mas
[ 897/1093] no-platform   -            For The Win - San Diego
[ 898/1093] no-platform   -            Arteazen Handcrafted Tea
[ 899/1093] needs-browser MealKeyWay   Dumplings N More
[ 900/1093] no-platform   -            Love Letters Pizza
[ 901/1093] fetch-failed  -            Antique Thai
[ 902/1093] no-platform   -            Khyber Pass Zarparan Restaurant | Afghan
[ 903/1093] needs-browser order.online Torta Time
[ 904/1093] no-platform   -            Hilltop Cafe
[ 905/1093] no-platform   -            ZZan Sushi & Soju
[ 906/1093] no-platform   -            Board & Brew - Downtown San Diego
[ 907/1093] no-platform   -            TACO CENTRO
[ 908/1093] no-platform   -            The Poke Tea House
[ 909/1093] no-platform   -            ROBATA-X Sushi & Izakaya
[ 910/1093] needs-browser olo          Dimassi's Mediterranean Buffet
[ 911/1093] no-platform   -            Barrel Riot
[ 912/1093] no-platform   -            Huckleberry's Breakfast & Lunch
[ 913/1093] needs-browser toast        NOIR Sushi and Sake Fusion Lounge
[ 914/1093] no-platform   -            Dalu Hawaiian BBQ
[ 915/1093] no-platform   -            Sabroso taco savor a mi tierra
[ 916/1093] needs-browser -            Habibi Mediterranean Grill
[ 917/1093] no-platform   -            Scena Fusion Kitchen & Bar
[ 918/1093] no-platform   -            Mevan Coffee & Desserts & Brunch
[ 919/1093] no-platform   -            Bodega Market
[ 920/1093] no-platform   -            Zuma San Diego
[ 921/1093] no-platform   -            La Jollita
[ 922/1093] no-platform   -            24 Suns
[ 923/1093] no-platform   -            Jalisco Cantina
[ 924/1093] no-platform   -            Hazel & Jade Bakery
[ 925/1093] no-platform   -            Peppoli's Pizza & Philly Steaks
[ 926/1093] needs-browser Square Online (own domain) The Cakery Cafe
[ 927/1093] no-platform   -            Ichitaru Ramen Carlsbad
[ 928/1093] no-platform   -            Lotho Deli
[ 929/1093] needs-browser SpotOn       Crest Taco
[ 930/1093] needs-browser toast        Colosseo Cucina Italiana
[ 931/1093] fetch-failed  -            Quarter Deck Inn Cocktails
[ 932/1093] filed         wix          Sourpuss Donuts
[ 933/1093] no-platform   -            Pompei Pizza
[ 934/1093] screened-out  own-jsonld   Hanna Garden
[ 935/1093] no-platform   -            Market St Pizzeria
[ 936/1093] needs-browser MealKeyWay   Pho Luu Escondido - Vietnamese Cuisine
[ 937/1093] no-platform   -            UT-HO Boba & Baguette
[ 938/1093] no-platform   -            Taconora Pacific Beach
[ 939/1093] needs-browser chownow      Parakeet Cafe - Nautilus
[ 940/1093] no-platform   -            Mexico City Cuisine-CoLab
[ 941/1093] needs-browser slice        Pastalini
[ 942/1093] no-platform   -            Thai Table Time
[ 943/1093] no-platform   -            Little While
[ 944/1093] no-platform   -            Side Street Bowls & Smoothies
[ 945/1093] needs-browser -            Okama Ramen and Grill
[ 946/1093] no-platform   -            I Love Bagels
[ 947/1093] no-platform   -            Sono North Park
[ 948/1093] no-platform   -            Mantra Raja
[ 949/1093] no-platform   -            The Morning Grove
[ 950/1093] no-platform   -            Borrego Rooftop
[ 951/1093] no-platform   -            Krak Boba
[ 952/1093] needs-browser -            Bubble & Butter
[ 953/1093] no-platform   -            Blank Slate
[ 954/1093] fetch-failed  -            Daisy Deli
[ 955/1093] no-platform   -            Monserate Winery
[ 956/1093] no-platform   -            Barrio Food Hub
[ 957/1093] needs-browser -            Cala La Jolla Café
[ 958/1093] no-platform   -            El Flako's Wrangler Barbecue
[ 959/1093] no-platform   -            Gaslamp Coffee Bar
[ 960/1093] needs-browser toast        One of Us
[ 961/1093] no-platform   -            Crave & Feast
[ 962/1093] no-platform   -            Los Mexas
[ 963/1093] no-platform   -            Grandson Steaks
[ 964/1093] no-platform   -            The Encore Sushi
[ 965/1093] no-platform   -            Sola Cafe and Deli
[ 966/1093] no-platform   -            Badas burgers
[ 967/1093] no-platform   -            Native Foods
[ 968/1093] needs-browser Square Online storefront Empanada Kitchen
[ 969/1093] no-platform   -            Doc Holliday's
[ 970/1093] no-platform   -            Saigon Alley Kitchen & Bar
[ 971/1093] needs-browser MenuSifu     Joyee Noodle House(UTC)
[ 972/1093] screened-out  order.online Fish Restaurant
[ 973/1093] no-platform   -            Kasi
[ 974/1093] no-platform   -            Baba's Pizza
[ 975/1093] needs-browser -            Sammy's Woodfire Pizza and Grille
[ 976/1093] no-platform   -            El Dorado
[ 977/1093] no-platform   -            Soda & Swine
[ 978/1093] wrong-branch  toast        Gold Coffee Shop
[ 979/1093] needs-browser Square Online storefront Copa Vida
[ 980/1093] needs-browser -            Blue Water Grill
[ 981/1093] needs-browser order.online Deli Belly
[ 982/1093] no-platform   -            Cafe Fresh
[ 983/1093] fetch-failed  -            Rancho Cafe
[ 984/1093] no-platform   -            Pegah’s Kitchen
[ 985/1093] screened-out  shopify      Lofty Coffee
[ 986/1093] needs-browser Square Online storefront Empanada Kitchen
[ 987/1093] no-platform   -            Our Green Affair
[ 988/1093] no-platform   -            Nékter Juice Bar
[ 989/1093] no-platform   -            Cent'Anni Café
[ 990/1093] fetch-failed  -            Coco's Bakery
[ 991/1093] no-platform   -            U31
[ 992/1093] no-platform   -            The Coffee Spot
[ 993/1093] no-platform   -            Rush Bowls
[ 994/1093] needs-browser -            The Hamlett
[ 995/1093] no-platform   -            Filibertos
[ 996/1093] no-platform   -            Brick & Bell Plus
[ 997/1093] no-platform   -            Colimas Mexican Grull
[ 998/1093] no-platform   -            Arctic Snacks
[ 999/1093] no-platform   -            Village Inn
[1000/1093] fetch-failed  -            Island Market
[1001/1093] no-platform   -            Kava Lounge
[1002/1093] no-platform   -            Deja Vu
[1003/1093] no-platform   -            Jungle Cart
[1004/1093] no-platform   -            Veladora
[1005/1093] no-platform   -            Villa Fresh Italian Kitchen
[1006/1093] no-platform   -            Tradewinds
[1007/1093] no-platform   -            Jordan
[1008/1093] no-platform   -            Fairbanks
[1009/1093] no-platform   -            Our Green Affair
[1010/1093] no-platform   -            Lion Camp Slush and Snacks
[1011/1093] no-platform   -            Shake Smart
[1012/1093] fetch-failed  -            Kellys Pub
[1013/1093] fetch-failed  -            Mis Dos Gallos Taqueria, Fruit & Deli
[1014/1093] needs-browser slice        Massachusetts Mike's Pizzeria
[1015/1093] no-platform   -            Rift Sand Bar
[1016/1093] no-platform   -            Candelas
[1017/1093] no-platform   -            Nicolosi's Pizza (Mira Lee Way)
[1018/1093] no-platform   -            Rice
[1019/1093] no-platform   -            Ituri Hut
[1020/1093] needs-browser Square Online storefront Prager Brothers Artisan Breads
[1021/1093] no-platform   -            CABETOS Pops
[1022/1093] no-platform   -            The Reading Club
[1023/1093] gated         chownow      Beeside Balcony La Jolla
[1024/1093] no-platform   -            Monster Snacks
[1025/1093] no-platform   -            Antique Row Cafe
[1026/1093] fetch-failed  -            Lefty's Cheesesteaks
[1027/1093] no-platform   -            Time Out Café
[1028/1093] no-platform   -            Copper Kings San Marcos
[1029/1093] no-platform   -            Oodles By The Nood Bar
[1030/1093] no-platform   -            Cocina Del Mar
[1031/1093] no-platform   -            Juice Alchemy
[1032/1093] fetch-failed  -            India Princess
[1033/1093] no-platform   -            La Salsa
[1034/1093] no-platform   -            Sultan Baklava
[1035/1093] no-platform   -            Relic Bakery & Kitchen
[1036/1093] no-platform   -            CHINA CHEF 1
[1037/1093] no-platform   -            Safari Coffee Outpost
[1038/1093] no-platform   -            Oceanside Fish Shop
[1039/1093] no-platform   -            Corbin's Q
[1040/1093] needs-browser -            Yogurt Lounge Serra Mesa
[1041/1093] no-platform   -            Pizza Guys
[1042/1093] no-platform   -            Canyon Inn
[1043/1093] filed         spothopper   Cabo Cantina
[1044/1093] no-platform   -            Mo-Mo Paradise
[1045/1093] too-few       own-jsonld   The Oceanaire Seafood Room
[1046/1093] needs-browser toast        Chef Fei
[1047/1093] fetch-failed  -            Tacos Locos Tasty Mexican Food
[1048/1093] fetch-failed  -            OB Kebab
[1049/1093] fetch-failed  -            OB Garden Café
[1050/1093] needs-browser Square Online storefront Lucha Libre Taco Shop
[1051/1093] no-platform   -            George’s Bar
[1052/1093] needs-browser Square Online (own domain) BCB Coffee
[1053/1093] no-platform   -            Grover's Grill
[1054/1093] no-platform   -            House of Black
[1055/1093] no-platform   -            Creme De La Crepe
[1056/1093] no-platform   -            Border X Brewing
[1057/1093] no-platform   -            Noodles
[1058/1093] fetch-failed  -            Las Pinches Tortas
[1059/1093] no-platform   -            Taco Villa
[1060/1093] needs-browser Square Online storefront Copa Vida
[1061/1093] no-platform   -            Mission Brewing (fka Rough Draft)
[1062/1093] no-platform   -            Aromas
[1063/1093] no-platform   -            Chicken & Crown
[1064/1093] fetch-failed  -            Dryer's Ice Cream Parlor
[1065/1093] no-platform   -            University Towers Kitchen
[1066/1093] no-platform   -            TEC Cafe
[1067/1093] no-platform   -            BCB Coffee Company
[1068/1093] no-platform   -            Sweet Labors
[1069/1093] fetch-failed  -            Trade Restaurant & Lounge
[1070/1093] needs-browser MealKeyWay   Yonny Mini Hotpot
[1071/1093] no-platform   -            Café de Anza
[1072/1093] fetch-failed  -            All Fried Up
[1073/1093] no-platform   -            Mawazo Kitchen
[1074/1093] needs-browser Square Online storefront Cafecito 1806
[1075/1093] no-platform   -            SanSai Japanese Grill
[1076/1093] no-platform   -            Trisler's San Diego Wine Bar
[1077/1093] no-platform   -            Carnitas’ Snack Shack
[1078/1093] no-platform   -            NM Cafe
[1079/1093] no-platform   -            Ground Up Cafe
[1080/1093] no-platform   -            Stony Mountain Bar & Grill
[1081/1093] no-platform   -            Inland Tavern
[1082/1093] fetch-failed  -            In Between
[1083/1093] no-platform   -            The Santaluz Club Dining Room and Events
[1084/1093] needs-browser -            Casa de Freds
[1085/1093] fetch-failed  -            Capriotti's Sandwich Shop
[1086/1093] needs-browser -            Verde Kitchen & Bar
[1087/1093] no-platform   -            HACIENDITA BAKERY
[1088/1093] no-platform   -            Oliva
[1089/1093] no-platform   -            The Grand Tradition
[1090/1093] fetch-failed  -            BunZ
[1091/1093] no-platform   -            Bean Sprouts
[1092/1093] no-platform   -            Mama Kat's Restaurant and Pie Shop
[1093/1093] no-platform   -            Buka - Taste of Nigeria

platform                       attempted         filed       too-few         gated  wrong-branch needs-browser   no-platform  fetch-failed  screened-out
none                                 783             0             0             0             0            51           620           112             0
toast                                 47             2             0             1             8            34             0             0             2
order.online                          46             0             0             0             6            35             0             0             5
Square Online storefront              43             0             0             0             0            43             0             0             0
chownow                               23             0             0             2             6            15             0             0             0
Square Online (own domain)            23             0             0             0             0            23             0             0             0
netwaiter                             21             0            21             0             0             0             0             0             0
MealKeyWay                            17             0             0             0             0            17             0             0             0
slice                                 14             0             0             0             0            13             0             0             1
shopify                               13             1             1             0             0             0             0             0            11
SpotOn                                11             0             0             0             0            11             0             0             0
plain-html                             9             0             0             0             0             9             0             0             0
olo                                    9             0             0             0             0             9             0             0             0
spothopper                             9             1             0             0             0             8             0             0             0
clover                                 8             0             0             0             3             2             0             0             3
HungerRush                             4             0             0             0             0             4             0             0             0
own-jsonld                             3             0             2             0             0             0             0             0             1
ubereats                               2             0             0             0             2             0             0             0             0
menufy                                 2             0             0             0             0             0             0             0             2
popmenu                                2             0             0             0             2             0             0             0             0
GloriaFood widget                      1             0             0             0             0             1             0             0             0
Paytronix                              1             0             0             0             0             1             0             0             0
wix                                    1             1             0             0             0             0             0             0             0
MenuSifu                               1             0             0             0             0             1             0             0             0
TOTAL                               1093             5            24             3            27           277           620           112            25

5 menus, 66 dishes
wrote menus/wip/router-20260904-164430.json
wrote menus/wip/router-20260904-164430.notes.json
