  Tacos El Vaquero — 23 dishes
  Barrio Donas — 18 dishes
  Tommy V's Cucina Italiana — 123 dishes
  Daybreak Island Grill — 10 dishes
  Sushi One N Half — 47 dishes
  TOAST Cafe — 36 dishes
  DASHI — 103 dishes
  Sam's Kitchen — 149 dishes
  BHC Chicken Carlsbad — 55 dishes
  James' Place Prime Seafood Sushi — 29 dishes
  Bistro Europa — 60 dishes
  Juno's Point Loma — 36 dishes
  Scoops La Jolla Cove — 45 dishes
  This Musubi Love — 17 dishes
  University Pizza Shop — 45 dishes
  Fuego Sushi — 98 dishes
  Ryan Bros Cafe NavyBase — 93 dishes
  Cultivate Juice Co — 35 dishes
  Tacos La Union — 12 dishes
  Chads Lakeside Kitchen — 174 dishes
  The Shed Kitchen — 11 dishes
  Stars Restaurant Pizza — 50 dishes
  Cali Rays Sourdough Deli — 68 dishes
  Phở Gà Go — 12 dishes
  In and out Pizzeria — 44 dishes
  Napoli Pizza — 83 dishes
  Mariscos Tone Camarón — 16 dishes
  K DOLCI, LLC — 8 dishes
  Em Coffee House - Mission Valley — 56 dishes
  Hako Sushi Box — 17 dishes
  Em Coffee House- Kearny Mesa — 56 dishes
  Cado — 19 dishes
  And Breakfast Burritos — 20 dishes

Loaded 33 menus (1668 dishes).
Coverage: 6177/13983 restaurants have a menu.
