queue 1257 with a website; routing 1257 at concurrency 4

[   1/1257] no-platform   -            FryYay
[   2/1257] needs-browser chownow      Burger Bench Escondido
[   3/1257] no-platform   -            Taquería Imperial
[   4/1257] fetch-failed  -            Babycakes San Diego
[   5/1257] fetch-failed  -            El Pueblo Mexican Food - Carlsbad
[   6/1257] fetch-failed  -            VG Donut & Bakery
[   7/1257] fetch-failed  -            Public Square Coffee House
[   8/1257] fetch-failed  -            Home Sweet Home Cafe
[   9/1257] fetch-failed  -            The Butcher Shop
[  10/1257] fetch-failed  -            The Pita Guys
[  11/1257] fetch-failed  -            MooTime Creamery
[  12/1257] fetch-failed  -            Tom's Famous Family Restaurant 24
[  13/1257] fetch-failed  -            Wayfarer Bread & Pastry
[  14/1257] fetch-failed  -            Farmer & The Seahorse
[  15/1257] fetch-failed  -            Los Reyes Mexican Restaurant & Cantina
[  16/1257] fetch-failed  -            Golden Egg Omelet House
[  17/1257] fetch-failed  -            TOM's Famous Family Restaurant 22
[  18/1257] fetch-failed  -            Handel’s Homemade Ice Cream
[  19/1257] fetch-failed  -            Por Favor El Cajon
[  20/1257] fetch-failed  -            Loreto's Taco Shop
[  21/1257] fetch-failed  -            Papas & Tacos Mexican Food
[  22/1257] fetch-failed  -            Taco Bar
[  23/1257] fetch-failed  -            Gus's Subs & Pizza Place
[  24/1257] fetch-failed  -            Lanna Thai Cuisine
[  25/1257] fetch-failed  -            Parakeet Cafe - Little Italy
[  26/1257] fetch-failed  -            Plazas Mexican Food
[  27/1257] fetch-failed  -            Red Fox Room and Steakhouse
[  28/1257] fetch-failed  -            Coya Peruvian Secret
[  29/1257] fetch-failed  -            That Mexican Place
[  30/1257] fetch-failed  -            Todo Sushi
[  31/1257] fetch-failed  -            El Real Mexican Food
[  32/1257] fetch-failed  -            Grandma Tofu & BBQ
[  33/1257] fetch-failed  -            Onny's Thai Restaurant
[  34/1257] fetch-failed  -            Anita's Mexican Restaurant & Cantina
[  35/1257] fetch-failed  -            Hanu Korean BBQ
[  36/1257] fetch-failed  -            The Asian Bistro
[  37/1257] fetch-failed  -            Pastalini
[  38/1257] fetch-failed  -            Otay Mandarin Chinese Restaurant
[  39/1257] fetch-failed  -            Sancho's Tacos
[  40/1257] fetch-failed  -            Korean Kitchen Tofu & Galbi
[  41/1257] fetch-failed  -            Panini Kabob Grill - Mission Valley
[  42/1257] fetch-failed  -            Stake Chophouse & Bar
[  43/1257] fetch-failed  -            skybound coffee + dessert lounge
[  44/1257] fetch-failed  -            It's Raw Poke Shop
[  45/1257] fetch-failed  -            Antonio's Mexican Food
[  46/1257] fetch-failed  -            Up2You Cafe
[  47/1257] no-platform   -            Mimi's Cafe
[  48/1257] fetch-failed  -            Urban Crave
[  49/1257] fetch-failed  -            Urban Crave
[  50/1257] fetch-failed  -            Nick's Del Mar
[  51/1257] fetch-failed  -            Boudin SF
[  52/1257] fetch-failed  -            Pancho's Mexican Restaurant
[  53/1257] fetch-failed  -            Better Buzz Coffee Pacific Beach Grand
[  54/1257] fetch-failed  -            La Concha Bakery
[  55/1257] fetch-failed  -            Connie's
[  56/1257] fetch-failed  -            Lucy's Bakery
[  57/1257] fetch-failed  -            Edelweiss Bakery
[  58/1257] fetch-failed  -            Shaks Mediterranean Bistro
[  59/1257] fetch-failed  -            Robertito's Mexican Food
[  60/1257] fetch-failed  -            Muay Thai Kitchen
[  61/1257] fetch-failed  -            Baci Restaurant | Italian
[  62/1257] fetch-failed  -            Nado Republic
[  63/1257] fetch-failed  -            Umai Sushi
[  64/1257] fetch-failed  -            Camp Coffee Company
[  65/1257] fetch-failed  -            Honey's Bistro & Bakery
[  66/1257] fetch-failed  -            Beyer Deli
[  67/1257] fetch-failed  -            Broad Street Dough Co
[  68/1257] fetch-failed  -            Golden Donut
[  69/1257] fetch-failed  -            Portal Coffee
[  70/1257] fetch-failed  -            Handel’s Homemade Ice Cream
[  71/1257] fetch-failed  -            San Luis Mexican Food
[  72/1257] fetch-failed  -            Los Panchos Mexican Grill & Seafood
[  73/1257] fetch-failed  -            Prager Brothers Artisan Breads
[  74/1257] fetch-failed  -            Mi Ranchito Taco Shop
[  75/1257] fetch-failed  -            Dumplings N More
[  76/1257] fetch-failed  -            Superbloom Coffee & Juice
[  77/1257] fetch-failed  -            Maan's Mediterranean Grill
[  78/1257] fetch-failed  -            The Remy
[  79/1257] fetch-failed  -            Penelopes Mexican Food
[  80/1257] fetch-failed  -            Tamarind Thai Restaurant
[  81/1257] fetch-failed  -            Barrio Donas
[  82/1257] fetch-failed  -            The Cowshed
[  83/1257] fetch-failed  -            Clayton's Bakery & Bistro
[  84/1257] fetch-failed  -            Bonchon Chicken
[  85/1257] fetch-failed  -            Red Lobster
[  86/1257] fetch-failed  -            Yingli Restaurant | Chula Vista
[  87/1257] fetch-failed  -            Curry & More - Indian Bistro
[  88/1257] fetch-failed  -            Scoops La Jolla
[  89/1257] fetch-failed  -            3N1 Sports Bar & Grill
[  90/1257] fetch-failed  -            Señor Taquero
[  91/1257] fetch-failed  -            Pacific Beach Ice Cream Co.
[  92/1257] fetch-failed  -            Royal Sweets
[  93/1257] fetch-failed  -            Arizona Chinese Restaurant
[  94/1257] fetch-failed  -            Leucadia Donut Shoppe
[  95/1257] fetch-failed  -            Aiberto's Taco Shop
[  96/1257] fetch-failed  -            Tabu Sushi Bar & Grill Santee
[  97/1257] fetch-failed  -            SOMISOMI
[  98/1257] fetch-failed  -            Camel's Bar and Grill
[  99/1257] fetch-failed  -            Handel's Homemade Ice Cream
[ 100/1257] fetch-failed  -            Lourdes Mexican Food To Go
[ 101/1257] fetch-failed  -            Sushi Factory
[ 102/1257] fetch-failed  -            Bay Park Coffee
[ 103/1257] fetch-failed  -            Hidden Fish
[ 104/1257] fetch-failed  -            Portinos Restaurant
[ 105/1257] fetch-failed  -            Big Front Door
[ 106/1257] fetch-failed  -            El Charro Mexican Food
[ 107/1257] fetch-failed  -            Emma's Mexican Food
[ 108/1257] fetch-failed  -            Sandwich Emporium
[ 109/1257] fetch-failed  -            Rosarito's Mexican Food #1
[ 110/1257] fetch-failed  -            Mary Ettas Cafe
[ 111/1257] fetch-failed  -            Gelato Paradiso
[ 112/1257] fetch-failed  -            il Sogno Italiano
[ 113/1257] fetch-failed  -            Angelito's Fruteria Y Neveria
[ 114/1257] fetch-failed  -            Hanna's Gourmet
[ 115/1257] fetch-failed  -            Valentina
[ 116/1257] fetch-failed  -            Pink Rose Cafe
[ 117/1257] fetch-failed  -            Flora
[ 118/1257] fetch-failed  -            Yogurt Heaven
[ 119/1257] fetch-failed  -            The Art of Espresso
[ 120/1257] fetch-failed  -            Italia Pizza
[ 121/1257] fetch-failed  -            Randy's Donuts
[ 122/1257] fetch-failed  -            Honey Baked Ham
[ 123/1257] fetch-failed  -            Lucy's Bakery
[ 124/1257] fetch-failed  -            Cafe Bella Drive Thru
[ 125/1257] fetch-failed  -            Wahoo's Fish Taco
[ 126/1257] fetch-failed  -            Off The 8 Café
[ 127/1257] fetch-failed  -            @Spacebar Cafe
[ 128/1257] fetch-failed  -            Royal India Express
[ 129/1257] fetch-failed  -            Luna Grill Millenia
[ 130/1257] fetch-failed  -            Solana Sumptuous Cookies
[ 131/1257] fetch-failed  -            Ginza Sushi
[ 132/1257] fetch-failed  -            Surfing Crab Escondido
[ 133/1257] fetch-failed  -            We Olive & Wine Bar
[ 134/1257] fetch-failed  -            Dragon Express
[ 135/1257] fetch-failed  -            Tropifruit Juice Bar
[ 136/1257] fetch-failed  -            Cow-A-Bunga Ice Cream & Coffee
[ 137/1257] fetch-failed  -            Rosemonts Cafe
[ 138/1257] fetch-failed  -            Serrano's Mexican Food
[ 139/1257] fetch-failed  -            Ike's Love & Sandwiches
[ 140/1257] fetch-failed  -            Thai Island@
[ 141/1257] fetch-failed  -            BKK THAI KITCHEN
[ 142/1257] fetch-failed  -            Santos Coffee
[ 143/1257] fetch-failed  -            Palomino's Mexican & Seafood
[ 144/1257] fetch-failed  -            Tak Grill Fresh Mediterranean Food
[ 145/1257] fetch-failed  -            PGA Tour Grill
[ 146/1257] fetch-failed  -            La Colombe Coffee Roasters
[ 147/1257] fetch-failed  -            California's Taco Shop
[ 148/1257] fetch-failed  -            Shozen BBQ
[ 149/1257] fetch-failed  -            Athens Market Taverna
[ 150/1257] fetch-failed  -            Mexico Lindo Restaurant
[ 151/1257] fetch-failed  -            San Diego Sandwich Co
[ 152/1257] fetch-failed  -            Matcha Cafe Maiko - Escondido
[ 153/1257] fetch-failed  -            Flippin' Pizza La Costa
[ 154/1257] fetch-failed  -            Marieta's Mexican Food
[ 155/1257] fetch-failed  -            Madeleine Café & Bakery
[ 156/1257] fetch-failed  -            Eugenio Italian Ristorante & More
[ 157/1257] fetch-failed  -            Cake de Partie
[ 158/1257] fetch-failed  -            Kokoro Restaurant
[ 159/1257] fetch-failed  -            Valerio's 1979
[ 160/1257] fetch-failed  -            Hanna Garden
[ 161/1257] fetch-failed  -            La Mixteca
[ 162/1257] fetch-failed  -            Uncle Biffs California Killer Cookies
[ 163/1257] fetch-failed  -            Handel's Homemade Ice Cream
[ 164/1257] fetch-failed  -            Donuts Plus
[ 165/1257] fetch-failed  -            Silverlake Ramen
[ 166/1257] fetch-failed  -            Bravo Cafe
[ 167/1257] fetch-failed  -            Ortiz Bakery & Restaurant
[ 168/1257] fetch-failed  -            Marlen's Taco Shop
[ 169/1257] fetch-failed  -            Porky's Lechon Barbecue
[ 170/1257] fetch-failed  -            Pizza Mania
[ 171/1257] fetch-failed  -            Flor and Seed Coffee Roasters
[ 172/1257] fetch-failed  -            Crossroads Deli
[ 173/1257] fetch-failed  -            Elixir Espresso & Wine Bar
[ 174/1257] fetch-failed  -            Olive Baking Company
[ 175/1257] fetch-failed  -            Opa Greek Restaurant & Grill
[ 176/1257] fetch-failed  -            KD's Donuts
[ 177/1257] fetch-failed  -            White Labs Brewing Co - San Diego
[ 178/1257] fetch-failed  -            Tropical Juices & Deli
[ 179/1257] fetch-failed  -            Imperial Express
[ 180/1257] fetch-failed  -            Potato Corner
[ 181/1257] fetch-failed  -            The Orient Thai
[ 182/1257] fetch-failed  -            Cielo Rooftop
[ 183/1257] fetch-failed  -            Glazed Coffee & Creamery
[ 184/1257] fetch-failed  -            The Naked Cafe
[ 185/1257] fetch-failed  -            Pegah's Kitchen
[ 186/1257] fetch-failed  -            Kaffee Meister
[ 187/1257] fetch-failed  -            Luna Grill Encinitas
[ 188/1257] fetch-failed  -            The Leucadian
[ 189/1257] fetch-failed  -            Beach + Taco Shack
[ 190/1257] fetch-failed  -            Pancho's Mexican Grill
[ 191/1257] fetch-failed  -            Nothing Bundt Cakes
[ 192/1257] fetch-failed  -            ENO Market & Pizzeria
[ 193/1257] fetch-failed  -            Thyme for Lunch Cafe & Grill
[ 194/1257] fetch-failed  -            SoCal Sushi
[ 195/1257] fetch-failed  -            Phở Hòa Restaurant | Vietnamese
[ 196/1257] fetch-failed  -            Ko-Li Bar
[ 197/1257] fetch-failed  -            IB Thai
[ 198/1257] fetch-failed  -            The Grounds Bean Bar
[ 199/1257] fetch-failed  -            Bistro Pazzo
[ 200/1257] fetch-failed  -            Mesa Agricola
[ 201/1257] fetch-failed  -            Rosarito's Mexican Food #7
[ 202/1257] fetch-failed  -            Que Tortas
[ 203/1257] fetch-failed  -            James Coffee Co
[ 204/1257] fetch-failed  -            Industrial Grind Coffee
[ 205/1257] fetch-failed  -            Seven Seas Roasting Company
[ 206/1257] fetch-failed  -            Pho Hiep & Grill
[ 207/1257] fetch-failed  -            Fat Joe’s O’side
[ 208/1257] fetch-failed  -            YuJing Chinese Restaurant
[ 209/1257] fetch-failed  -            Kaito Sushi
[ 210/1257] fetch-failed  -            Tea Pavilion
[ 211/1257] fetch-failed  -            Donut Factory
[ 212/1257] fetch-failed  -            Chopsticks Chinese Cuisine
[ 213/1257] fetch-failed  -            La Moreliana
[ 214/1257] fetch-failed  -            Vamos a Texcoco
[ 215/1257] fetch-failed  -            Banh Mi Blvd
[ 216/1257] fetch-failed  -            BB's Deli
[ 217/1257] fetch-failed  -            Dot Cafe
[ 218/1257] fetch-failed  -            Bar Kamon
[ 219/1257] fetch-failed  -            Valentinas Taco Shop
[ 220/1257] fetch-failed  -            Blue Pepper Asian Cuisine
[ 221/1257] fetch-failed  -            Memo's Golden Bagel
[ 222/1257] fetch-failed  -            The Reunion
[ 223/1257] fetch-failed  -            Seaview Restaurant
[ 224/1257] fetch-failed  -            Le Macaron French Pastries
[ 225/1257] fetch-failed  -            Rosa's Kitchen
[ 226/1257] fetch-failed  -            Iron Wok
[ 227/1257] fetch-failed  -            Kalei's Kitchenette
[ 228/1257] fetch-failed  -            Eat Your Heart Out II
[ 229/1257] fetch-failed  -            Lime in the Coconut
[ 230/1257] fetch-failed  -            Aaharn Thai @ University City
[ 231/1257] fetch-failed  -            Baja Rick's Cantina
[ 232/1257] fetch-failed  -            Park Blvd Express | Chinese
[ 233/1257] fetch-failed  -            San Diego Blenders
[ 234/1257] fetch-failed  -            Joses Taco Shop
[ 235/1257] fetch-failed  -            JL China House
[ 236/1257] fetch-failed  -            Rock On Pizza
[ 237/1257] fetch-failed  -            Victor's Kafe - Poway
[ 238/1257] fetch-failed  -            Cross Street Chicken and Beer
[ 239/1257] fetch-failed  -            Nanay's Best BBQ
[ 240/1257] fetch-failed  -            Sue's Korean Kitchen
[ 241/1257] fetch-failed  -            Purple Owl Cafe
[ 242/1257] fetch-failed  -            Al Teatro Panini Grill
[ 243/1257] fetch-failed  -            Side Bar
[ 244/1257] fetch-failed  -            Little Ceasar's
[ 245/1257] fetch-failed  -            Black Radish
[ 246/1257] fetch-failed  -            Idego Coffee Roasters
[ 247/1257] fetch-failed  -            Explorers Café
[ 248/1257] fetch-failed  -            Rosarito's Mexican Food #2
[ 249/1257] fetch-failed  -            Criscito Pizza
[ 250/1257] fetch-failed  -            Tacoman
[ 251/1257] fetch-failed  -            Nolberto's Taco Shop
[ 252/1257] fetch-failed  -            Thai Fresh
[ 253/1257] fetch-failed  -            Sweet Revenge Bakery
[ 254/1257] fetch-failed  -            Fan-Fan
[ 255/1257] fetch-failed  -            Surfdog's Java Hot
[ 256/1257] fetch-failed  -            Hino
[ 257/1257] fetch-failed  -            Gotcha
[ 258/1257] fetch-failed  -            The Luau
[ 259/1257] fetch-failed  -            Red Ribbon Bakeshop
[ 260/1257] fetch-failed  -            P B Pub
[ 261/1257] fetch-failed  -            Coral Tree Tea House
[ 262/1257] fetch-failed  -            Prince Hookah Cafe
[ 263/1257] fetch-failed  -            World Famous I Bar
[ 264/1257] fetch-failed  -            Red Ribbon Bakeshop
[ 265/1257] fetch-failed  -            Thai Style
[ 266/1257] fetch-failed  -            Mother's Kitchen
[ 267/1257] fetch-failed  -            Aztec Food Hub
[ 268/1257] fetch-failed  -            Brown Bag Deli
[ 269/1257] fetch-failed  -            Mr. Charlie's
[ 270/1257] fetch-failed  -            The Halal Shack
[ 271/1257] fetch-failed  -            Tony’s Newport Cafe
[ 272/1257] fetch-failed  -            Crispy Chicken n' Tomato
[ 273/1257] fetch-failed  -            Corner Cafe | Chinese
[ 274/1257] fetch-failed  -            Zhang Liang Malatang
[ 275/1257] fetch-failed  -            Donut Stop
[ 276/1257] fetch-failed  -            Gong Cha
[ 277/1257] fetch-failed  -            Stagecoach Inn
[ 278/1257] fetch-failed  -            Taco Time Food Truck
[ 279/1257] fetch-failed  -            Kona Coffee
[ 280/1257] fetch-failed  -            The Elegant Truffle
[ 281/1257] fetch-failed  -            D Wings & Ribs
[ 282/1257] fetch-failed  -            Millport
[ 283/1257] fetch-failed  -            La Perlita Mexican Food
[ 284/1257] fetch-failed  -            Panorama Bar & Grill
[ 285/1257] fetch-failed  -            Thai Thai West Mission
[ 286/1257] fetch-failed  -            Nothing Bundt Cakes
[ 287/1257] fetch-failed  -            Seahorse Coffee
[ 288/1257] fetch-failed  -            The Crack Shack - Pacific Beach
[ 289/1257] fetch-failed  -            The Deli Stop
[ 290/1257] fetch-failed  -            Matoi
[ 291/1257] fetch-failed  -            Bonehead Burger Co.
[ 292/1257] fetch-failed  -            Poki Poki - Encinitas
[ 293/1257] fetch-failed  -            Cargo Cafe
[ 294/1257] fetch-failed  -            Parkys
[ 295/1257] fetch-failed  -            D'Sotos Mexican Food
[ 296/1257] fetch-failed  -            Chin's Gourmet
[ 297/1257] fetch-failed  -            Zhengxin Chicken Steak
[ 298/1257] fetch-failed  -            Elixir Espresso Bar
[ 299/1257] fetch-failed  -            Topside Terrace Kitchen & Bar
[ 300/1257] fetch-failed  -            Shanghai Cuisine
[ 301/1257] fetch-failed  -            Sura BBQ & SHABU
[ 302/1257] fetch-failed  -            Sul & Beans
[ 303/1257] fetch-failed  -            Gor Gai Thai Eatery
[ 304/1257] fetch-failed  -            China Express
[ 305/1257] fetch-failed  -            Pho Olala
[ 306/1257] fetch-failed  -            The Well Cafe
[ 307/1257] fetch-failed  -            The Surf Club Oceanside
[ 308/1257] fetch-failed  -            Hooked On Pokè
[ 309/1257] fetch-failed  -            ZzanG Hotdog & Chicken
[ 310/1257] fetch-failed  -            Hancock Street Cafe
[ 311/1257] fetch-failed  -            The Peruvian Spot
[ 312/1257] fetch-failed  -            The Lean Machine Meal Prep
[ 313/1257] fetch-failed  -            Sweetfin
[ 314/1257] fetch-failed  -            Roots Bowls
[ 315/1257] fetch-failed  -            Deano's Pub
[ 316/1257] fetch-failed  -            Teaspoon
[ 317/1257] fetch-failed  -            Daniel's Taco Shop
[ 318/1257] fetch-failed  -            Le Rendez-Vous French Bakery
[ 319/1257] fetch-failed  -            Chen Golden Palace
[ 320/1257] fetch-failed  -            Pick Up Stix Fresh Asian Flavors
[ 321/1257] fetch-failed  -            Channel 2 Sports Bar
[ 322/1257] fetch-failed  -            Hot or Not Thai
[ 323/1257] fetch-failed  -            Ding Tea Escondido
[ 324/1257] fetch-failed  -            Szechuan Chef Chinese Cuisine
[ 325/1257] fetch-failed  -            Bistro Kaz
[ 326/1257] fetch-failed  -            DaYung's Tea
[ 327/1257] fetch-failed  -            Flippin Pizza Encinitas
[ 328/1257] fetch-failed  -            Tulum Seafood
[ 329/1257] fetch-failed  -            La Central
[ 330/1257] fetch-failed  -            Invita Cafe
[ 331/1257] fetch-failed  -            Vitality Bowls
[ 332/1257] fetch-failed  -            Upper East
[ 333/1257] fetch-failed  -            Long Story Irish Pub
[ 334/1257] fetch-failed  -            Mike Hess Brewing Tasting Room
[ 335/1257] fetch-failed  -            It's A Piece A Cake
[ 336/1257] fetch-failed  -            City Dragon
[ 337/1257] fetch-failed  -            San Diego Eagle
[ 338/1257] fetch-failed  -            Musashiya
[ 339/1257] fetch-failed  -            The Brass Rail
[ 340/1257] fetch-failed  -            Pupusas Express y Mexican Food
[ 341/1257] fetch-failed  -            Sidny's Bagels & Deli
[ 342/1257] fetch-failed  -            Kinchana
[ 343/1257] fetch-failed  -            Goyo's Bakery
[ 344/1257] fetch-failed  -            Rosaria's Pizza 4
[ 345/1257] fetch-failed  -            Okavango Outpost
[ 346/1257] fetch-failed  -            Kaki Sushi
[ 347/1257] fetch-failed  -            Bale French Sandwiches
[ 348/1257] fetch-failed  -            CAFE 160
[ 349/1257] fetch-failed  -            Mosa Tea
[ 350/1257] fetch-failed  -            Taste of Thai
[ 351/1257] fetch-failed  -            African Spices
[ 352/1257] fetch-failed  -            Spoon House
[ 353/1257] fetch-failed  -            Agave Taco Shop
[ 354/1257] fetch-failed  -            Elsa's Kitchen
[ 355/1257] fetch-failed  -            Hoffer's Cigar Bar
[ 356/1257] fetch-failed  -            Mike's Giant New York Pizza
[ 357/1257] fetch-failed  -            Gloria's Taco Shop
[ 358/1257] fetch-failed  -            Mad Munch Grilled Cheezer Co.
[ 359/1257] fetch-failed  -            La Michoacana
[ 360/1257] fetch-failed  -            Achilles Coffee Roasters
[ 361/1257] fetch-failed  -            JNC Pinoy Foodmart
[ 362/1257] fetch-failed  -            Dine with Orcas
[ 363/1257] fetch-failed  -            Novecientos Grados by Tony Hawk
[ 364/1257] fetch-failed  -            Dora
[ 365/1257] fetch-failed  -            Frida's Taqueria
[ 366/1257] fetch-failed  -            Goli
[ 367/1257] fetch-failed  -            Lucky Doughnut
[ 368/1257] fetch-failed  -            Teriyaki Madness
[ 369/1257] fetch-failed  -            Bopomofo Cafe
[ 370/1257] fetch-failed  -            Nobu
[ 371/1257] fetch-failed  -            Cool Down Coffee
[ 372/1257] fetch-failed  -            Thai Ladle
[ 373/1257] fetch-failed  -            Junction Bar & Grill
[ 374/1257] fetch-failed  -            Leos Kitchen
[ 375/1257] fetch-failed  -            Los Kompadres Mexican Food
[ 376/1257] fetch-failed  -            Juice Kaboose
[ 377/1257] fetch-failed  -            Smittys Downtown
[ 378/1257] fetch-failed  -            Pho & Wings
[ 379/1257] fetch-failed  -            Bay City Brewing Co Tasting Room
[ 380/1257] fetch-failed  -            Sammich House Deli & Juice Bar
[ 381/1257] fetch-failed  -            Donut Bros
[ 382/1257] fetch-failed  -            Manzanita Roasting Co
[ 383/1257] fetch-failed  -            Yummy Yummy Juice Bar
[ 384/1257] fetch-failed  -            Urban Bubble
[ 385/1257] fetch-failed  -            Tom's Chinese BBQ
[ 386/1257] fetch-failed  -            Pizzabilities - Alpine
[ 387/1257] fetch-failed  -            La Nacional
[ 388/1257] fetch-failed  -            Deli Belly
[ 389/1257] fetch-failed  -            Tenkatori
[ 390/1257] fetch-failed  -            Hyderabad Cafe
[ 391/1257] fetch-failed  -            Kanpai BBQ & Shabu
[ 392/1257] fetch-failed  -            Roma's Pizza
[ 393/1257] fetch-failed  -            Tasty Pizza Escondido LLC
[ 394/1257] fetch-failed  -            Ma's House
[ 395/1257] fetch-failed  -            Deano's Pub East
[ 396/1257] fetch-failed  -            Juice Stop Encinitas
[ 397/1257] needs-browser chownow      Brigantine Seafood
[ 398/1257] fetch-failed  -            La Banana Fruits - Fruteria
[ 399/1257] fetch-failed  -            Angela's Eccentric Kitchen
[ 400/1257] fetch-failed  -            Leucadia Pizza Point Loma
[ 401/1257] fetch-failed  -            Angry Petes Pizza Point Loma
[ 402/1257] fetch-failed  -            Kind Coffee
[ 403/1257] fetch-failed  -            Star Express
[ 404/1257] fetch-failed  -            Picasso's Naturals
[ 405/1257] fetch-failed  -            Understory Bar
[ 406/1257] fetch-failed  -            Pina Smoothies
[ 407/1257] fetch-failed  -            Nova Easy Kombucha
[ 408/1257] fetch-failed  -            Rad Habits Juice
[ 409/1257] fetch-failed  -            Pho G-Beef
[ 410/1257] fetch-failed  -            Spicy Noodle
[ 411/1257] fetch-failed  -            Bonchon Chicken
[ 412/1257] fetch-failed  -            Ranch House Restaurant
[ 413/1257] fetch-failed  -            Kona Kakes Tropical Cake Bakery
[ 414/1257] fetch-failed  -            Del Sushi
[ 415/1257] fetch-failed  -            Roberto's Taco Shop RB
[ 416/1257] fetch-failed  -            Village Pub
[ 417/1257] fetch-failed  -            U Dessert Eats
[ 418/1257] fetch-failed  -            Tastea
[ 419/1257] fetch-failed  -            Snack Shack
[ 420/1257] fetch-failed  -            Juice Caboose
[ 421/1257] fetch-failed  -            Mariscos y Miches El Patron
[ 422/1257] fetch-failed  -            Granny's Apple Fries
[ 423/1257] fetch-failed  -            Hometown Taste
[ 424/1257] fetch-failed  -            Cali Mex Cocina
[ 425/1257] fetch-failed  -            Burrito King
[ 426/1257] fetch-failed  -            Burekas Box
[ 427/1257] fetch-failed  -            Rocco's Pizza Deli
[ 428/1257] fetch-failed  -            Vica’s Cafe
[ 429/1257] fetch-failed  -            Unique Sandwiches
[ 430/1257] fetch-failed  -            Seven Seas Roasting
[ 431/1257] fetch-failed  -            El Mercadito
[ 432/1257] fetch-failed  -            Cafe 86
[ 433/1257] fetch-failed  -            Bowl To Go
[ 434/1257] fetch-failed  -            Dog Leg Brewing
[ 435/1257] fetch-failed  -            A Louest
[ 436/1257] fetch-failed  -            Gihon Ethiopian Kitchen
[ 437/1257] fetch-failed  -            Cheers
[ 438/1257] fetch-failed  -            Gem Coffee
[ 439/1257] fetch-failed  -            Java Earth Coffee
[ 440/1257] fetch-failed  -            Star Dust Donut Shop
[ 441/1257] fetch-failed  -            Cj Lounge
[ 442/1257] fetch-failed  -            Las Michoacanas
[ 443/1257] fetch-failed  -            Kotobuki
[ 444/1257] fetch-failed  -            Orient Valley Filipino Cuisine
[ 445/1257] fetch-failed  -            Tutti Frutti Frozen Yogurt
[ 446/1257] fetch-failed  -            Chaiwale & Co. Tea Room & Cafe
[ 447/1257] fetch-failed  -            The Pad Thai Stand
[ 448/1257] fetch-failed  -            Bazille at Nordstrom
[ 449/1257] fetch-failed  -            Wah Shing | Chinese Food
[ 450/1257] fetch-failed  -            Kinme Omakase
[ 451/1257] fetch-failed  -            Erika's Mexican Food & Seafood
[ 452/1257] fetch-failed  -            Ten Seconds Yunnan Rice Noodle
[ 453/1257] fetch-failed  -            Sarku Japan
[ 454/1257] fetch-failed  -            The Craft Taco at The Nat
[ 455/1257] fetch-failed  -            R3fresh Juice Bar
[ 456/1257] fetch-failed  -            Castelli & Pizarro Family Vineyards & Winery
[ 457/1257] fetch-failed  -            Bang Bang
[ 458/1257] fetch-failed  -            The Chicken Snack Shack
[ 459/1257] fetch-failed  -            Papa's Pizza
[ 460/1257] fetch-failed  -            Social hookah lounge
[ 461/1257] fetch-failed  -            Jungle Tea
[ 462/1257] fetch-failed  -            Burros and Fries
[ 463/1257] fetch-failed  -            Surf N Sub Deli
[ 464/1257] fetch-failed  -            Hongyuan Kebab
[ 465/1257] fetch-failed  -            Park Commons
[ 466/1257] fetch-failed  -            SusieCakes - Carlsbad
[ 467/1257] fetch-failed  -            Hibisco Tacos and More
[ 468/1257] fetch-failed  -            Tu Thanh
[ 469/1257] fetch-failed  -            Bobalicious
[ 470/1257] fetch-failed  -            China Fun
[ 471/1257] fetch-failed  -            La michoacana Plus San Diego #2
[ 472/1257] fetch-failed  -            Grab & Go - Mission Hills
[ 473/1257] fetch-failed  -            K & K Orient Valley Food Center
[ 474/1257] fetch-failed  -            Tajima Ramen Crown Point
[ 475/1257] fetch-failed  -            Kim's Bar-B-Que
[ 476/1257] needs-browser order.online Wood Ranch Mission Valley
[ 477/1257] fetch-failed  -            DRIFT La Jolla
[ 478/1257] fetch-failed  -            Rambler Coffee
[ 479/1257] fetch-failed  -            PB Oriental
[ 480/1257] fetch-failed  -            Hammer's New York Pizza
[ 481/1257] fetch-failed  -            Landshark Bar & Grill
[ 482/1257] fetch-failed  -            PKI Sushi
[ 483/1257] fetch-failed  -            Leucadia Pizza
[ 484/1257] fetch-failed  -            Modern Times Coffee
[ 485/1257] fetch-failed  -            Bar Ella
[ 486/1257] fetch-failed  -            Del Cerro Pizza
[ 487/1257] fetch-failed  -            Marketplace Grille
[ 488/1257] fetch-failed  -            Prendi E Vai
[ 489/1257] fetch-failed  -            La Familia Callejas mexican food
[ 490/1257] fetch-failed  -            Tous les Jours
[ 491/1257] fetch-failed  -            Bubbles & Brews Cafe
[ 492/1257] fetch-failed  -            Go Greek Authentic Yogurteria
[ 493/1257] fetch-failed  -            Sieu Sieu BBQ
[ 494/1257] fetch-failed  -            El Viejon
[ 495/1257] fetch-failed  -            Cherry Bomb
[ 496/1257] fetch-failed  -            The Pearl Restaurant
[ 497/1257] fetch-failed  -            Casa Fiesta Juice Bar
[ 498/1257] fetch-failed  -            Mariscos La Morena
[ 499/1257] fetch-failed  -            Flour Atelier
[ 500/1257] fetch-failed  -            Happytime Tea
[ 501/1257] fetch-failed  -            Knights' Smokehouse BBQ
[ 502/1257] fetch-failed  -            Möge Tee
[ 503/1257] fetch-failed  -            Imperial Palace
[ 504/1257] fetch-failed  -            Lapper Kitchen + Tap
[ 505/1257] fetch-failed  -            Roppongi
[ 506/1257] fetch-failed  -            Egg Holic
[ 507/1257] fetch-failed  -            Nothing Bundt Cakes
[ 508/1257] fetch-failed  -            Kim's Deli
[ 509/1257] fetch-failed  -            Quick Wok
[ 510/1257] fetch-failed  -            Vinh Long Food To Go
[ 511/1257] fetch-failed  -            Qin West
[ 512/1257] fetch-failed  -            Alpine Pho & Grill
[ 513/1257] fetch-failed  -            Vinya Yoga and Wine Bar
[ 514/1257] fetch-failed  -            Ching's Famous Hopia
[ 515/1257] fetch-failed  -            Casa De Otay – The Casita
[ 516/1257] fetch-failed  -            Taco Loco
[ 517/1257] fetch-failed  -            T. P. Bánh Bao 3
[ 518/1257] fetch-failed  -            Hua Mei Cafe
[ 519/1257] fetch-failed  -            Valerio's 1979
[ 520/1257] fetch-failed  -            LJ Crafted Wines - Wines & Tastings
[ 521/1257] fetch-failed  -            Campus Cafe
[ 522/1257] fetch-failed  -            Yas Lounge
[ 523/1257] fetch-failed  -            Josie's Hideout Saloon
[ 524/1257] fetch-failed  -            Necter Juice Bar
[ 525/1257] fetch-failed  -            Cafe Aero
[ 526/1257] fetch-failed  -            The Pad Thai Stand
[ 527/1257] fetch-failed  -            Gather
[ 528/1257] fetch-failed  -            Presotea
[ 529/1257] fetch-failed  -            D'liteful Chocolat
[ 530/1257] fetch-failed  -            Oakberry Açaí bowls
[ 531/1257] fetch-failed  -            De Kotija Taco Shop LLC
[ 532/1257] fetch-failed  -            Mochinut
[ 533/1257] fetch-failed  -            Creperie Antoinette
[ 534/1257] fetch-failed  -            Trevi Hills Winery
[ 535/1257] fetch-failed  -            Tasty Donuts
[ 536/1257] fetch-failed  -            Bonita Donuts
[ 537/1257] fetch-failed  -            Tree House
[ 538/1257] fetch-failed  -            Fruteria La Capirucha
[ 539/1257] fetch-failed  -            Old Town Eatery
[ 540/1257] fetch-failed  -            Lambers Chinese Bakery
[ 541/1257] fetch-failed  -            Nomada
[ 542/1257] fetch-failed  -            Poke One N Half
[ 543/1257] fetch-failed  -            Ridgewalk Social
[ 544/1257] fetch-failed  -            Cafe Pascale Grill & Deli
[ 545/1257] fetch-failed  -            Jamal's Chicken
[ 546/1257] fetch-failed  -            Sunny Dumpling House
[ 547/1257] fetch-failed  -            Tres Hermanos Locos Tacos
[ 548/1257] fetch-failed  -            Cha Cha Tea Spot
[ 549/1257] fetch-failed  -            Guerrero Taco Shop
[ 550/1257] fetch-failed  -            Off the Vine Gardens Deli And Catering
[ 551/1257] fetch-failed  -            Sydney's
[ 552/1257] fetch-failed  -            Pancho's Mexican Grill
[ 553/1257] fetch-failed  -            Michele Coulon Dessertier
[ 554/1257] fetch-failed  -            Bean Box
[ 555/1257] fetch-failed  -            Bamboo Pho and Sushi
[ 556/1257] fetch-failed  -            Asmara Cafe/restaurant
[ 557/1257] fetch-failed  -            Cluck N Sip
[ 558/1257] fetch-failed  -            Divina Matcha
[ 559/1257] fetch-failed  -            DaYung's Tea
[ 560/1257] fetch-failed  -            Pure Squeeze
[ 561/1257] fetch-failed  -            Playa Azul Mariscos Restaurant
[ 562/1257] fetch-failed  -            Grubz
[ 563/1257] fetch-failed  -            Nothing Bundt Cakes
[ 564/1257] fetch-failed  -            Centerpark Cafe
[ 565/1257] fetch-failed  -            Ohana Nutrition
[ 566/1257] fetch-failed  -            Jaguar Paw
[ 567/1257] fetch-failed  -            Warner Springs Golf Shop & Grill
[ 568/1257] fetch-failed  -            Qualcomm Cafe Q
[ 569/1257] fetch-failed  -            Asia Wok Teppanyaki & Chinese Food
[ 570/1257] fetch-failed  -            56 Thai Cafe
[ 571/1257] fetch-failed  -            Linda's Yogurt & Deli
[ 572/1257] fetch-failed  -            Bivouac Adventure Lodge Coffee Shop
[ 573/1257] fetch-failed  -            All That Shabu
[ 574/1257] fetch-failed  -            The Poke Co.
[ 575/1257] fetch-failed  -            Local Krave PB/Bay Ho
[ 576/1257] fetch-failed  -            Boba Tea Spot
[ 577/1257] fetch-failed  -            Don Roman Taco Shop
[ 578/1257] fetch-failed  -            Monkey Bar
[ 579/1257] fetch-failed  -            Paradise Kabob
[ 580/1257] fetch-failed  -            Cafe X: By Any Beans Necessary
[ 581/1257] fetch-failed  -            Cali Banh Mi
[ 582/1257] fetch-failed  -            La Moreña Mariscos
[ 583/1257] fetch-failed  -            Montebello
[ 584/1257] fetch-failed  -            The Grillery
[ 585/1257] fetch-failed  -            Raspados Shave Ice
[ 586/1257] fetch-failed  -            Ba Le French Sandwich Shop
[ 587/1257] fetch-failed  -            The Golf Bar
[ 588/1257] fetch-failed  -            Refresh Coffee
[ 589/1257] fetch-failed  -            Pita Pit
[ 590/1257] fetch-failed  -            Cargo Cafe - Paseo Del Mar
[ 591/1257] fetch-failed  -            All Things Ube Desserts
[ 592/1257] fetch-failed  -            Tazza D'Oro
[ 593/1257] fetch-failed  -            Pub 1795
[ 594/1257] fetch-failed  -            The Collective
[ 595/1257] fetch-failed  -            Lemongrass
[ 596/1257] fetch-failed  -            Alohana Açaí Bowls
[ 597/1257] fetch-failed  -            Choice Juicery
[ 598/1257] fetch-failed  -            Tandoori Guys
[ 599/1257] fetch-failed  -            5 O'Clock Somewhere Rooftop Bar
[ 600/1257] fetch-failed  -            Suki Hana
[ 601/1257] fetch-failed  -            Cream
[ 602/1257] fetch-failed  -            Route 6 Coffee & Smoothies
[ 603/1257] fetch-failed  -            Johnny Radz Pizza
[ 604/1257] fetch-failed  -            Civic Center Cafe
[ 605/1257] fetch-failed  -            Grab & Go
[ 606/1257] fetch-failed  -            Mike Hess Brewing - Seaport Village Taphouse
[ 607/1257] fetch-failed  -            The Loft at UC San Diego
[ 608/1257] fetch-failed  -            Ziggi's Coffee
[ 609/1257] fetch-failed  -            Seniore's Pizza
[ 610/1257] fetch-failed  -            La Jolla Boba
[ 611/1257] fetch-failed  -            Thorntree Terrace
[ 612/1257] fetch-failed  -            Lady Carolyn’s Pub
[ 613/1257] fetch-failed  -            Shabu Spot
[ 614/1257] fetch-failed  -            Sunright Tea Studio
[ 615/1257] fetch-failed  -            La Pizzeria Arrivederci
[ 616/1257] fetch-failed  -            J & J's Mexican Food
[ 617/1257] fetch-failed  -            Huy Ky Bakery
[ 618/1257] fetch-failed  -            F Street Cafe
[ 619/1257] fetch-failed  -            Enoteca Buona Forchetta
[ 620/1257] fetch-failed  -            Zoo Brew
[ 621/1257] fetch-failed  -            Dockside Casual Seafood Counter
[ 622/1257] fetch-failed  -            Pizza Grande
[ 623/1257] fetch-failed  -            Zest Wine Bistro
[ 624/1257] fetch-failed  -            The MRKT
[ 625/1257] fetch-failed  -            Sandwich Place
[ 626/1257] fetch-failed  -            Healthy Grill Mediterranean
[ 627/1257] fetch-failed  -            Yuki Yuki
[ 628/1257] fetch-failed  -            62 Area Chow Hall
[ 629/1257] fetch-failed  -            Craft Pizza
[ 630/1257] fetch-failed  -            Suki Hana
[ 631/1257] fetch-failed  -            Choice Juicery
[ 632/1257] fetch-failed  -            Nutri Juice
[ 633/1257] fetch-failed  -            Royal Pearl Tea
[ 634/1257] fetch-failed  -            Forum Deli
[ 635/1257] fetch-failed  -            Tapas Bar
[ 636/1257] fetch-failed  -            Treetops Cafe
[ 637/1257] fetch-failed  -            Nicholson Commons
[ 638/1257] fetch-failed  -            Plaza Deli
[ 639/1257] fetch-failed  -            Test Kitchen
[ 640/1257] fetch-failed  -            Madina Market Halal Fast Food
[ 641/1257] fetch-failed  -            Manta Pizza
[ 642/1257] fetch-failed  -            Moniker General
[ 643/1257] fetch-failed  -            Michoacana Mia - SDSU
[ 644/1257] fetch-failed  -            Pure Green
[ 645/1257] fetch-failed  -            Mission + Garnet Food Hall
[ 646/1257] fetch-failed  -            Market One
[ 647/1257] fetch-failed  -            Sip Fresh
[ 648/1257] fetch-failed  -            longball cocktail
[ 649/1257] fetch-failed  -            Blue Bowl Superfoods
[ 650/1257] fetch-failed  -            Coco Bomb
[ 651/1257] fetch-failed  -            Chapters Cafe
[ 652/1257] fetch-failed  -            La Paloma
[ 653/1257] fetch-failed  -            Fresca Deli .
[ 654/1257] fetch-failed  -            Green Leaf Cafe & Catering
[ 655/1257] fetch-failed  -            Showa Ramen
[ 656/1257] fetch-failed  -            Matisse Bistro
[ 657/1257] fetch-failed  -            Prado Perk
[ 658/1257] fetch-failed  -            WUHU TEA & DELI
[ 659/1257] fetch-failed  -            The Lookout at Lake Poway
[ 660/1257] fetch-failed  -            Chester's
[ 661/1257] fetch-failed  -            Surf City Squeeze
[ 662/1257] fetch-failed  -            Mombasa Cooker
[ 663/1257] fetch-failed  -            Mister G Salsa
[ 664/1257] fetch-failed  -            Collette’s Collaborative Collective Cuisine
[ 665/1257] fetch-failed  -            Warung RieRie
[ 666/1257] fetch-failed  -            Poway Social House
[ 667/1257] fetch-failed  -            El Cilantro Mexican Grill
[ 668/1257] fetch-failed  -            Thérapie Bistro
[ 669/1257] fetch-failed  -            FiveO3 Pupusas
[ 670/1257] fetch-failed  -            Unico Juice Shop
[ 671/1257] fetch-failed  -            FLAVORS EXPRESS SDSU
[ 672/1257] fetch-failed  -            Topo's Tacos
[ 673/1257] fetch-failed  -            Chagee
[ 674/1257] fetch-failed  -            The Bean Box 701
[ 675/1257] fetch-failed  -            Junya's Crispy Karaage
[ 676/1257] fetch-failed  -            Lò Bánh Cuốn Tân Định
[ 677/1257] fetch-failed  -            Ramen Station
[ 678/1257] fetch-failed  -            Oriste Fairway Cafe
[ 679/1257] fetch-failed  -            Copa Vida
[ 680/1257] fetch-failed  -            Fallen Empire
[ 681/1257] fetch-failed  -            Finca Casa Blanca
[ 682/1257] fetch-failed  -            El huevo estrellado # 2
[ 683/1257] fetch-failed  -            Boba n More
[ 684/1257] fetch-failed  -            Cargo Cafe - Wateridge
[ 685/1257] fetch-failed  -            Come On In Cafe
[ 686/1257] fetch-failed  -            Cargo Cafe - Gateway
[ 687/1257] fetch-failed  -            Pavilion Dining
[ 688/1257] fetch-failed  -            Bert's Bistro
[ 689/1257] fetch-failed  -            El Camino
[ 690/1257] fetch-failed  -            Bosley Cafe
[ 691/1257] fetch-failed  -            Med Cafe
[ 692/1257] fetch-failed  -            The Waterfront
[ 693/1257] fetch-failed  -            Swami's
[ 694/1257] fetch-failed  -            3 Day Suit Broker
[ 695/1257] fetch-failed  -            Winners Circle
[ 696/1257] fetch-failed  -            Juice Caboose
[ 697/1257] fetch-failed  -            Basic
[ 698/1257] fetch-failed  -            Coin Toss
[ 699/1257] fetch-failed  -            The Caddyshack
[ 700/1257] fetch-failed  -            Poki Poki
[ 701/1257] fetch-failed  -            Filling Station Pub and Grill
[ 702/1257] fetch-failed  -            Fairbanks
[ 703/1257] fetch-failed  -            Hacienda De Vega
[ 704/1257] fetch-failed  -            Taco King
[ 705/1257] fetch-failed  -            Allen's New York Pizza
[ 706/1257] fetch-failed  -            Sushi Freak
[ 707/1257] fetch-failed  -            Thai Basil
[ 708/1257] fetch-failed  -            Crepes
[ 709/1257] fetch-failed  -            GIHON Ethiopian Kitchen
[ 710/1257] fetch-failed  -            Hummus Mediterranean Kitchen
[ 711/1257] fetch-failed  -            Larry's Beach Club
[ 712/1257] fetch-failed  -            I Love Pho
[ 713/1257] fetch-failed  -            Baja Fresh
[ 714/1257] fetch-failed  -            BurgerIM
[ 715/1257] fetch-failed  -            Valerio's Finest Bake Shop
[ 716/1257] fetch-failed  -            Birria El Rey
[ 717/1257] fetch-failed  -            Terrace Lounge
[ 718/1257] fetch-failed  -            Silvia's Pupuseria
[ 719/1257] fetch-failed  -            Citrina Berry Fresh
[ 720/1257] fetch-failed  -            Curbside Eatery & Drinkery
[ 721/1257] fetch-failed  -            Trattoria da Sofia
[ 722/1257] fetch-failed  -            Perfectsubs
[ 723/1257] fetch-failed  -            Karihan Filipino Food
[ 724/1257] fetch-failed  -            Atelier Manna
[ 725/1257] fetch-failed  -            CITRINA BERRY FRESH
[ 726/1257] fetch-failed  -            Akhis Authentic Shawarma & Kebab
[ 727/1257] fetch-failed  -            Beer Company
[ 728/1257] fetch-failed  -            Rito’s Mexican Food
[ 729/1257] fetch-failed  -            Lola Happy Bistro
[ 730/1257] fetch-failed  -            Stella Jean's Ice Cream Kensington
[ 731/1257] fetch-failed  -            Crave
[ 732/1257] fetch-failed  -            Stone Oven
[ 733/1257] fetch-failed  -            Pei Wei
[ 734/1257] fetch-failed  -            Backyard Altar BBQ
[ 735/1257] fetch-failed  -            Golden Spoon Carlsbad Plaza
[ 736/1257] fetch-failed  -            Paris Baguette
[ 737/1257] fetch-failed  -            Cuscatlan Salvadorean Food
[ 738/1257] fetch-failed  -            Purl Tea San Marcos
[ 739/1257] fetch-failed  -            Rare Society
[ 740/1257] fetch-failed  -            Nick's on State
[ 741/1257] fetch-failed  -            Fairbanks
[ 742/1257] fetch-failed  -            Oaks Bar Grill
[ 743/1257] fetch-failed  -            Four Tunas Fish & Bar
[ 744/1257] fetch-failed  -            Bovino
[ 745/1257] fetch-failed  -            Paradisaea
[ 746/1257] fetch-failed  -            Cococabana
[ 747/1257] fetch-failed  -            Everest Himalayan Cuisine
[ 748/1257] fetch-failed  -            Ding Tea Oceanside
[ 749/1257] fetch-failed  -            Gooseberries kafe
[ 750/1257] fetch-failed  -            Board & Brew - Escondido
[ 751/1257] fetch-failed  -            Green Vine Delicatessen
[ 752/1257] fetch-failed  -            China Fun
[ 753/1257] fetch-failed  -            Tacos de Birria El Chinito Jr
[ 754/1257] fetch-failed  -            Taco Lounge Escaya
[ 755/1257] fetch-failed  -            Fiori’s Pizza
[ 756/1257] fetch-failed  -            That Pizza Place - Carlsbad
[ 757/1257] fetch-failed  -            La Sabrosita
[ 758/1257] fetch-failed  -            Darshan Bakery
[ 759/1257] fetch-failed  -            Sabor a Vida Cafe & Deli
[ 760/1257] fetch-failed  -            Friends of Friends
[ 761/1257] fetch-failed  -            Appetite
[ 762/1257] fetch-failed  -            Monserate Winery
[ 763/1257] fetch-failed  -            Golden Corral
[ 764/1257] fetch-failed  -            Vigilante Coffee
[ 765/1257] fetch-failed  -            Agave Birrieria
[ 766/1257] fetch-failed  -            Taco Machin
[ 767/1257] fetch-failed  -            Breakwater Brewing Co.
[ 768/1257] fetch-failed  -            Pho House
[ 769/1257] fetch-failed  -            Tita's Taco Shop
[ 770/1257] fetch-failed  -            Donburi Rice Bowls
[ 771/1257] fetch-failed  -            Chin's Szechwan - Del Mar
[ 772/1257] fetch-failed  -            bcb Cafe
[ 773/1257] fetch-failed  -            Camino Riviera
[ 774/1257] fetch-failed  -            Bubba’s Smokehouse BBQ
[ 775/1257] fetch-failed  -            Nory's Donut & Bakery
[ 776/1257] fetch-failed  -            Mendoza’s Mexican Food
[ 777/1257] fetch-failed  -            Tasty Pho
[ 778/1257] fetch-failed  -            Trebol Mexican Restaurant
[ 779/1257] fetch-failed  -            Draft Republic San Marcos
[ 780/1257] fetch-failed  -            Vinarius Wine Bar & Restaurant
[ 781/1257] fetch-failed  -            Pho Oceanside
[ 782/1257] fetch-failed  -            Village Roots Deli & Taproom
[ 783/1257] fetch-failed  -            El Rinconcito Fruteria
[ 784/1257] fetch-failed  -            Handel's Homemade Ice Cream
[ 785/1257] fetch-failed  -            Su Pan Bakery El Cajon
[ 786/1257] fetch-failed  -            1022 Cafe & Gelateria
[ 787/1257] fetch-failed  -            Tacaliente Mexican Grill
[ 788/1257] fetch-failed  -            Taqueria El Kabron Jr.
[ 789/1257] fetch-failed  -            Panda Imperial Restaurant
[ 790/1257] fetch-failed  -            Balsamico Italian Kitchen
[ 791/1257] fetch-failed  -            Barn Door Public House
[ 792/1257] fetch-failed  -            Higher Grounds Coffee + Café
[ 793/1257] fetch-failed  -            Gelato 101 Solana Beach
[ 794/1257] fetch-failed  -            Napatini Bistro and Wine Bar
[ 795/1257] fetch-failed  -            Paris Baguette
[ 796/1257] fetch-failed  -            Savory Thai Restaurant
[ 797/1257] fetch-failed  -            Truluck's
[ 798/1257] fetch-failed  -            Ju-ichi
[ 799/1257] fetch-failed  -            Backdraft Bar & Grill
[ 800/1257] fetch-failed  -            Cork N Brew
[ 801/1257] fetch-failed  -            Buonasera New York Pizzeria
[ 802/1257] fetch-failed  -            Ocean Thai Cuisine
[ 803/1257] fetch-failed  -            Ono Hawaiian BBQ
[ 804/1257] fetch-failed  -            MOOYAH Burgers, Fries & Shakes
[ 805/1257] fetch-failed  -            Cozy Corner
[ 806/1257] fetch-failed  -            Madeleine
[ 807/1257] fetch-failed  -            Ernes Mexican Food & Breakfast
[ 808/1257] fetch-failed  -            Finca
[ 809/1257] fetch-failed  -            Rancho Grande El Toro Mexican Cuisine
[ 810/1257] fetch-failed  -            HomeState
[ 811/1257] fetch-failed  -            Tacotarian San Diego
[ 812/1257] fetch-failed  -            Caribbean Pleasure
[ 813/1257] fetch-failed  -            House of Pho
[ 814/1257] fetch-failed  -            Prey Brewing Company
[ 815/1257] fetch-failed  -            ZZan Sushi & Soju
[ 816/1257] fetch-failed  -            Graziano's Pizza Oceanside
[ 817/1257] fetch-failed  -            Blanco Cocina + Cantina
[ 818/1257] fetch-failed  -            I QUE BBQ
[ 819/1257] fetch-failed  -            China Fusion - Vista Way
[ 820/1257] fetch-failed  -            Pizza On Tap (P.O.T)
[ 821/1257] fetch-failed  -            Sabores Colombianos
[ 822/1257] fetch-failed  -            NuYo Frozen Yogurt Telegraph Canyon
[ 823/1257] fetch-failed  -            Bambinos Pizzeria & Deli #4
[ 824/1257] fetch-failed  -            Souplantation
[ 825/1257] fetch-failed  -            Sunny Side Solana
[ 826/1257] fetch-failed  -            El After Social Club
[ 827/1257] fetch-failed  -            James Coffee Co.
[ 828/1257] fetch-failed  -            Parakeet Juicery - La Jolla
[ 829/1257] fetch-failed  -            Angry Chickz - Oceanside
[ 830/1257] fetch-failed  -            Old World Meat Company
[ 831/1257] fetch-failed  -            Himalayan Bistro Oceanside
[ 832/1257] fetch-failed  -            Panpan wok
[ 833/1257] fetch-failed  -            HillCrust Pizza
[ 834/1257] fetch-failed  -            The Handmade Chef Meal Prep Co.
[ 835/1257] fetch-failed  -            New York Buffalo Wings
[ 836/1257] fetch-failed  -            Awash Ethiopian Restaurant
[ 837/1257] fetch-failed  -            Sonny’s Pizza
[ 838/1257] fetch-failed  -            Allen's New York Pizza
[ 839/1257] fetch-failed  -            Handel’s Homemade Ice Cream
[ 840/1257] fetch-failed  -            Naked Pizza
[ 841/1257] fetch-failed  -            SugarBears Sweet Provisions
[ 842/1257] fetch-failed  -            EL ENCANTO SD
[ 843/1257] fetch-failed  -            Ryan Bros Coffee City Heights
[ 844/1257] fetch-failed  -            Le Coq
[ 845/1257] fetch-failed  -            Falafel Heights
[ 846/1257] fetch-failed  -            ALOHA GRILL
[ 847/1257] fetch-failed  -            Carnitas Quiroga
[ 848/1257] fetch-failed  -            China bros
[ 849/1257] fetch-failed  -            Aromi Italian Cuisine
[ 850/1257] fetch-failed  -            Sukho Thai Extraordinaire
[ 851/1257] fetch-failed  -            Belinda's Familia Mexican Food Truck
[ 852/1257] fetch-failed  -            AleSmith Brewing Company
[ 853/1257] fetch-failed  -            Jaws Topokki
[ 854/1257] fetch-failed  -            Silverlake Ramen Fashion Valley
[ 855/1257] fetch-failed  -            Finney's Crafthouse
[ 856/1257] fetch-failed  -            The Crimson Cake
[ 857/1257] fetch-failed  -            Sam's Farm Fresh
[ 858/1257] fetch-failed  -            Ascend Coffee Roasters
[ 859/1257] fetch-failed  -            Comstock Bar & Grill
[ 860/1257] fetch-failed  -            Tengu Ramen
[ 861/1257] fetch-failed  -            Baked Thicc
[ 862/1257] fetch-failed  -            Kin Saep
[ 863/1257] fetch-failed  -            Emiliana's Mexican & Deli Food
[ 864/1257] fetch-failed  -            Ascend Coffee Roasters
[ 865/1257] fetch-failed  -            Docent Brewing
[ 866/1257] fetch-failed  -            Smokin J's BBQ & Taphouse
[ 867/1257] fetch-failed  -            Hi!Dumplings
[ 868/1257] too-few       netwaiter    Thai Pasta
[ 869/1257] needs-browser -            Oh My Pho!
[ 870/1257] needs-browser Square Online storefront PB Poke House Oceanside
[ 871/1257] needs-browser spothopper   Players Sports Grill
[ 872/1257] needs-browser order.online El Ranchero
[ 873/1257] no-platform   -            La Mesa Pizzaworks
[ 874/1257] no-platform   -            Sorianos Pizzeria
[ 875/1257] no-platform   -            Great Wok of China
[ 876/1257] no-platform   -            Merenda
[ 877/1257] screened-out  shopify      Trident Coffee Pacific Beach
[ 878/1257] no-platform   -            Urban Location Boba Tea House San Diego
[ 879/1257] no-platform   -            Charli's Landing
[ 880/1257] no-platform   -            Sound by the Sea
[ 881/1257] no-platform   -            Leu Leu
[ 882/1257] no-platform   -            Thai Table Time
[ 883/1257] needs-browser MealKeyWay   Ocean Buffet
[ 884/1257] no-platform   -            Gintaro Sushi
[ 885/1257] no-platform   -            Good Source Coffee
[ 886/1257] no-platform   -            Los Armando's Mexican Food
[ 887/1257] no-platform   -            Eclipse Chocolat
[ 888/1257] needs-browser Square Online (own domain) Beach City Smoothies
[ 889/1257] needs-browser plain-html   Chef’s Wok & Dumplings
[ 890/1257] no-platform   -            Green Cheek Beer Co.
[ 891/1257] no-platform   -            Los Cucos Mexican Food
[ 892/1257] no-platform   -            Flame Broiler
[ 893/1257] no-platform   -            Two Hands Corn Dog Mira Mesa
[ 894/1257] no-platform   -            Good Omen Coffee Co
[ 895/1257] no-platform   -            UT-HO Boba & Baguette
[ 896/1257] no-platform   -            Burtech Family Vineyard Tasting Room
[ 897/1257] no-platform   -            Pietro's Cucina Italiana
[ 898/1257] no-platform   -            Paris Baguette
[ 899/1257] needs-browser -            Morena Provisions
[ 900/1257] filed         toast        Baikohken Ramen
[ 901/1257] no-platform   -            The Alley Otay Mesa
[ 902/1257] no-platform   -            El Flako's Wrangler Barbecue
[ 903/1257] no-platform   -            Buffalo Wild Wings GO
[ 904/1257] no-platform   -            Tacos el Niño Santana
[ 905/1257] no-platform   -            Saigon Star Restaurant
[ 906/1257] needs-browser MealKeyWay   Pho Tan
[ 907/1257] needs-browser order.online Burrito Leo's Mexican Food
[ 908/1257] no-platform   -            Diego's Taco Shop
[ 909/1257] no-platform   -            IZOLA
[ 910/1257] too-few       netwaiter    Wings mix
[ 911/1257] no-platform   -            Fish Boon
[ 912/1257] no-platform   -            CTZN
[ 913/1257] no-platform   -            TAKARAMONO SUSHI
[ 914/1257] no-platform   -            La Casa Verde
[ 915/1257] needs-browser chownow      Burger Bench Vista
[ 916/1257] no-platform   -            Simply Fresh Thai
[ 917/1257] no-platform   -            Pho Nam Cali
[ 918/1257] needs-browser slice        The Sizzling Pizza
[ 919/1257] no-platform   -            Pei Wei
[ 920/1257] no-platform   -            Photo House
[ 921/1257] no-platform   -            Chocolate Bash
[ 922/1257] needs-browser order.online EsKiNiTa
[ 923/1257] no-platform   -            The Grove at Governor Pointe
[ 924/1257] no-platform   -            La Mesita Mexican Food
[ 925/1257] no-platform   -            Little Victory Wine Bar
[ 926/1257] screened-out  clover       Mission Baja Tacos
[ 927/1257] no-platform   -            T&T Tacos & Tequila Grill & Cantina
[ 928/1257] no-platform   -            Banzai Bowls
[ 929/1257] no-platform   -            Fleurette
[ 930/1257] no-platform   -            Alborz Restaurant
[ 931/1257] needs-browser -            LA MALQUERIDA BY DOLCHE
[ 932/1257] needs-browser slice        West Coast Pizza Company
[ 933/1257] no-platform   -            Buca di Beppo Italian Restaurant
[ 934/1257] needs-browser order.online Scoops Ocean Beach
[ 935/1257] no-platform   -            The Honor Bar
[ 936/1257] fetch-failed  -            the Koffie Co
[ 937/1257] no-platform   -            Acai Republic - Oceanside
[ 938/1257] needs-browser olo          Panini Kabob Grill - Park 12
[ 939/1257] needs-browser -            BRGR SHACK
[ 940/1257] no-platform   -            tiger!tiger!
[ 941/1257] no-platform   -            Banzai Bowls
[ 942/1257] no-platform   -            Piedra Santa
[ 943/1257] fetch-failed  -            Kona Craft Cafe
[ 944/1257] fetch-failed  -            Top of the Bagel
[ 945/1257] fetch-failed  -            Mandarin Wok Restaurant
[ 946/1257] fetch-failed  -            Rocko's Family Restaurant
[ 947/1257] fetch-failed  -            QUICK BITES CAFE / Best Sandwiches
[ 948/1257] fetch-failed  -            CinKuni (Italian & Japanese Cuisine)
[ 949/1257] fetch-failed  -            Kiiro Sushi Izakaya
[ 950/1257] fetch-failed  -            Mali's Deli
[ 951/1257] fetch-failed  -            Thai Thai Melrose Restaurant
[ 952/1257] fetch-failed  -            Breakers
[ 953/1257] fetch-failed  -            MAKE Cafe
[ 954/1257] fetch-failed  -            Monserate Winery
[ 955/1257] fetch-failed  -            Troy's Greek Restaurant
[ 956/1257] fetch-failed  -            Campland Cantina
[ 957/1257] fetch-failed  -            Olive Branch Eatery
[ 958/1257] fetch-failed  -            The Great Greek Mediterranean Grill - Oceanside, CA
[ 959/1257] fetch-failed  -            Rubio's Coastal Grill
[ 960/1257] fetch-failed  -            Cocina 35 brunch
[ 961/1257] fetch-failed  -            Rubio's Coastal Grill
[ 962/1257] fetch-failed  -            Mr. Buffalo Fries
[ 963/1257] fetch-failed  -            Rubio's Coastal Grill
[ 964/1257] fetch-failed  -            PanPan Wok
[ 965/1257] fetch-failed  -            LA PLACE DELI
[ 966/1257] fetch-failed  -            Ocean Thai Cuisine
[ 967/1257] fetch-failed  -            Bueno Wine & Goods
[ 968/1257] fetch-failed  -            Captain Sam's Fish & Chicken
[ 969/1257] fetch-failed  -            Pop's Pizza
[ 970/1257] fetch-failed  -            Las Ricas Tortas
[ 971/1257] fetch-failed  -            iWok Chinese Kitchen
[ 972/1257] fetch-failed  -            Jolie
[ 973/1257] no-platform   -            Pha Khao Lao Cuisine
[ 974/1257] fetch-failed  -            Little Hidden Bakery
[ 975/1257] fetch-failed  -            Slurp
[ 976/1257] fetch-failed  -            Pizza Guys
[ 977/1257] fetch-failed  -            Luigi's New York Giant Pizza
[ 978/1257] fetch-failed  -            Charoen Krung Thai Cuisine
[ 979/1257] fetch-failed  -            Mi Tierra Super Taco
[ 980/1257] fetch-failed  -            Brites Soft Serve
[ 981/1257] fetch-failed  -            Una Mas on Adams
[ 982/1257] fetch-failed  -            Uncle Feras Middle Eastern Restaurant
[ 983/1257] fetch-failed  -            PanPan Wok
[ 984/1257] fetch-failed  -            Little Sisters Pizza
[ 985/1257] fetch-failed  -            chance's coffee
[ 986/1257] fetch-failed  -            Fortuna Ristorante Italiano
[ 987/1257] fetch-failed  -            Chin's Szechwan - Point Loma
[ 988/1257] fetch-failed  -            Urban Teri Kitchen
[ 989/1257] fetch-failed  -            Between Us
[ 990/1257] fetch-failed  -            Halal Burger Co.
[ 991/1257] fetch-failed  -            Le Charcuterie Bar
[ 992/1257] fetch-failed  -            Little Kiki Katsu & More
[ 993/1257] fetch-failed  -            Juice Holler
[ 994/1257] fetch-failed  -            Dark Horse Coffee Roasters
[ 995/1257] fetch-failed  -            Agave Birrieria
[ 996/1257] fetch-failed  -            Café Alessie
[ 997/1257] fetch-failed  -            Leona's Cucina Italiana
[ 998/1257] fetch-failed  -            North Park Creamery
[ 999/1257] fetch-failed  -            The Jetty
[1000/1257] fetch-failed  -            Pop Pops Paleta
[1001/1257] fetch-failed  -            The Kitchen at Torrey Heights
[1002/1257] fetch-failed  -            Coffee Bean
[1003/1257] fetch-failed  -            Mein St. Asian Kitchen
[1004/1257] fetch-failed  -            PanPan wok
[1005/1257] fetch-failed  -            Pokeport Oceanside
[1006/1257] fetch-failed  -            Oriental Cafe | Chinese
[1007/1257] fetch-failed  -            Thai Thae Cuisine
[1008/1257] fetch-failed  -            Falafel California
[1009/1257] fetch-failed  -            El Papas Fritas Taco Shop
[1010/1257] fetch-failed  -            La Costa Wine
[1011/1257] fetch-failed  -            Queenstown Del Mar
[1012/1257] fetch-failed  -            Ono Hawaiian BBQ
[1013/1257] fetch-failed  -            Noodle & Bun
[1014/1257] fetch-failed  -            Poki Poki - Escondido
[1015/1257] fetch-failed  -            Eat Crispy Burger Oceanside
[1016/1257] fetch-failed  -            Christophe Rull Patisserie
[1017/1257] fetch-failed  -            Chef Budda Blasian Soul Food LLC
[1018/1257] fetch-failed  -            For The Win - San Diego
[1019/1257] fetch-failed  -            KABOB SHACK - EASTLAKE
[1020/1257] fetch-failed  -            Chopsticks Inn Restaurant
[1021/1257] fetch-failed  -            Egg Tuck
[1022/1257] fetch-failed  -            Arteazen Handcrafted Tea
[1023/1257] fetch-failed  -            Love Letters Pizza
[1024/1257] fetch-failed  -            Dumplings N More
[1025/1257] fetch-failed  -            Zuma San Diego
[1026/1257] fetch-failed  -            Torta Time
[1027/1257] fetch-failed  -            Antique Thai
[1028/1257] fetch-failed  -            TACO CENTRO
[1029/1257] fetch-failed  -            Khyber Pass Zarparan Restaurant | Afghan
[1030/1257] fetch-failed  -            Hilltop Cafe
[1031/1257] fetch-failed  -            Board & Brew - Downtown San Diego
[1032/1257] fetch-failed  -            ZZan Sushi & Soju
[1033/1257] fetch-failed  -            NOIR Sushi and Sake Fusion Lounge
[1034/1257] fetch-failed  -            The Poke Tea House
[1035/1257] fetch-failed  -            ROBATA-X Sushi & Izakaya
[1036/1257] fetch-failed  -            Huckleberry's Breakfast & Lunch
[1037/1257] fetch-failed  -            Dimassi's Mediterranean Buffet
[1038/1257] fetch-failed  -            Barrel Riot
[1039/1257] fetch-failed  -            Peppoli's Pizza & Philly Steaks
[1040/1257] fetch-failed  -            Dalu Hawaiian BBQ
[1041/1257] fetch-failed  -            Sabroso taco savor a mi tierra
[1042/1257] fetch-failed  -            Beach City Smoothies - Oceanside
[1043/1257] fetch-failed  -            La Jollita
[1044/1257] fetch-failed  -            Scena Fusion Kitchen & Bar
[1045/1257] fetch-failed  -            Mevan Coffee & Desserts & Brunch
[1046/1257] fetch-failed  -            Bodega Market
[1047/1257] fetch-failed  -            Daisy Deli
[1048/1257] fetch-failed  -            24 Suns
[1049/1257] fetch-failed  -            Jalisco Cantina
[1050/1257] fetch-failed  -            Hazel & Jade Bakery
[1051/1257] fetch-failed  -            Ichitaru Ramen Carlsbad
[1052/1257] fetch-failed  -            Lotho Deli
[1053/1257] fetch-failed  -            The Cakery Cafe
[1054/1257] fetch-failed  -            Market St Pizzeria
[1055/1257] fetch-failed  -            Crest Taco
[1056/1257] fetch-failed  -            Pompei Pizza
[1057/1257] fetch-failed  -            Diego’s Street Tacos
[1058/1257] fetch-failed  -            Colosseo Cucina Italiana
[1059/1257] fetch-failed  -            Quarter Deck Inn Cocktails
[1060/1257] fetch-failed  -            Sourpuss Donuts
[1061/1257] fetch-failed  -            Hanna Garden
[1062/1257] fetch-failed  -            Pho Luu Escondido - Vietnamese Cuisine
[1063/1257] fetch-failed  -            Parakeet Cafe - Nautilus
[1064/1257] fetch-failed  -            UT-HO Boba & Baguette
[1065/1257] fetch-failed  -            Mexico City Cuisine-CoLab
[1066/1257] fetch-failed  -            Taconora Pacific Beach
[1067/1257] fetch-failed  -            Pastalini
[1068/1257] fetch-failed  -            Better Blendz
[1069/1257] fetch-failed  -            Little While
[1070/1257] fetch-failed  -            Borrego Rooftop
[1071/1257] fetch-failed  -            Side Street Bowls & Smoothies
[1072/1257] fetch-failed  -            I Love Bagels
[1073/1257] fetch-failed  -            Okama Ramen and Grill
[1074/1257] fetch-failed  -            Sono North Park
[1075/1257] fetch-failed  -            SD giant pizza
[1076/1257] fetch-failed  -            Mantra Raja
[1077/1257] fetch-failed  -            The Morning Grove
[1078/1257] fetch-failed  -            Blank Slate
[1079/1257] fetch-failed  -            Krak Boba
[1080/1257] fetch-failed  -            Barrio Food Hub
[1081/1257] fetch-failed  -            Bubble & Butter
[1082/1257] fetch-failed  -            Monserate Winery
[1083/1257] fetch-failed  -            Double Standard
[1084/1257] fetch-failed  -            La Fresita Y Mas
[1085/1257] fetch-failed  -            Gaslamp Coffee Bar
[1086/1257] fetch-failed  -            Cala La Jolla Café
[1087/1257] fetch-failed  -            Saffron Pizza Kitchen
[1088/1257] fetch-failed  -            Habibi Mediterranean Grill
[1089/1257] fetch-failed  -            Grandson Steaks
[1090/1257] fetch-failed  -            One of Us
[1091/1257] fetch-failed  -            Brown Cup Cafe & Lounge
[1092/1257] fetch-failed  -            Gold Coffee Shop
[1093/1257] fetch-failed  -            Crave & Feast
[1094/1257] fetch-failed  -            Los Mexas
[1095/1257] fetch-failed  -            Sola Cafe and Deli
[1096/1257] fetch-failed  -            Empanada Kitchen
[1097/1257] fetch-failed  -            The Encore Sushi
[1098/1257] fetch-failed  -            The Spot taco shop
[1099/1257] fetch-failed  -            Native Foods
[1100/1257] fetch-failed  -            Badas burgers
[1101/1257] fetch-failed  -            Saigon Alley Kitchen & Bar
[1102/1257] fetch-failed  -            Joyee Noodle House(UTC)
[1103/1257] fetch-failed  -            Blackmarket Bakery
[1104/1257] fetch-failed  -            Doc Holliday's
[1105/1257] fetch-failed  -            Old Gallery Coffee House
[1106/1257] fetch-failed  -            Al's Cafe in the village
[1107/1257] fetch-failed  -            Yesenia's Mexican Food & Ice Cream
[1108/1257] fetch-failed  -            Thai Table Time
[1109/1257] fetch-failed  -            Cocina Tex Mex Restaurant
[1110/1257] fetch-failed  -            Copa Vida
[1111/1257] fetch-failed  -            Taqueria By El Prieto
[1112/1257] fetch-failed  -            El Flako's Wrangler Barbecue
[1113/1257] fetch-failed  -            Kasi
[1114/1257] fetch-failed  -            Fish Restaurant
[1115/1257] fetch-failed  -            Baba's Pizza
[1116/1257] fetch-failed  -            Mirch Masala 2 Go
[1117/1257] fetch-failed  -            El Dorado
[1118/1257] fetch-failed  -            Sammy's Woodfire Pizza and Grille
[1119/1257] fetch-failed  -            Cafe Virtuoso
[1120/1257] fetch-failed  -            Cafe Fresh
[1121/1257] fetch-failed  -            The Greenspot Salad Company
[1122/1257] fetch-failed  -            Nami
[1123/1257] fetch-failed  -            Soda & Swine
[1124/1257] fetch-failed  -            Slater's 50/50
[1125/1257] fetch-failed  -            Island Market
[1126/1257] fetch-failed  -            Blue Water Grill
[1127/1257] fetch-failed  -            Deli Belly
[1128/1257] fetch-failed  -            Pegah’s Kitchen
[1129/1257] fetch-failed  -            Rancho Cafe
[1130/1257] fetch-failed  -            Ming Ky
[1131/1257] fetch-failed  -            Empanada Kitchen
[1132/1257] fetch-failed  -            Hanaoka
[1133/1257] fetch-failed  -            Lofty Coffee
[1134/1257] fetch-failed  -            Greenbrier Inn
[1135/1257] fetch-failed  -            Underwater Cantina
[1136/1257] fetch-failed  -            Cent'Anni Café
[1137/1257] fetch-failed  -            Lagoon Terrace
[1138/1257] fetch-failed  -            Nékter Juice Bar
[1139/1257] fetch-failed  -            Our Green Affair
[1140/1257] fetch-failed  -            Taste of Hong Kong
[1141/1257] fetch-failed  -            Rush Bowls
[1142/1257] fetch-failed  -            Green Fork
[1143/1257] fetch-failed  -            SPACE
[1144/1257] fetch-failed  -            Escondido Joe's
[1145/1257] fetch-failed  -            Coco's Bakery
[1146/1257] fetch-failed  -            The Coffee Spot
[1147/1257] fetch-failed  -            Pizzicato
[1148/1257] fetch-failed  -            2GOOD2B Bakery & Cafe
[1149/1257] fetch-failed  -            Slater's 50/50
[1150/1257] fetch-failed  -            Chippy's Diner
[1151/1257] fetch-failed  -            Mikko Sushi
[1152/1257] fetch-failed  -            Tango Restaurant & Lounge
[1153/1257] fetch-failed  -            U31
[1154/1257] fetch-failed  -            Toast Gastrobrunch
[1155/1257] fetch-failed  -            Filibertos
[1156/1257] fetch-failed  -            Cafe Bella
[1157/1257] fetch-failed  -            The Hamlett
[1158/1257] fetch-failed  -            Ground Up Cafe
[1159/1257] fetch-failed  -            India Princess
[1160/1257] fetch-failed  -            Brick & Bell Plus
[1161/1257] fetch-failed  -            Colimas Mexican Grull
[1162/1257] fetch-failed  -            Arctic Snacks
[1163/1257] fetch-failed  -            Village Inn
[1164/1257] fetch-failed  -            Kava Lounge
[1165/1257] fetch-failed  -            Deja Vu
[1166/1257] fetch-failed  -            Kellys Pub
[1167/1257] fetch-failed  -            Veladora
[1168/1257] fetch-failed  -            Jungle Cart
[1169/1257] fetch-failed  -            Villa Fresh Italian Kitchen
[1170/1257] fetch-failed  -            Tradewinds
[1171/1257] fetch-failed  -            Jordan
[1172/1257] fetch-failed  -            Fairbanks
[1173/1257] fetch-failed  -            Our Green Affair
[1174/1257] fetch-failed  -            Lion Camp Slush and Snacks
[1175/1257] fetch-failed  -            Shake Smart
[1176/1257] fetch-failed  -            Massachusetts Mike's Pizzeria
[1177/1257] fetch-failed  -            Mis Dos Gallos Taqueria, Fruit & Deli
[1178/1257] fetch-failed  -            Rift Sand Bar
[1179/1257] fetch-failed  -            Candelas
[1180/1257] fetch-failed  -            Rice
[1181/1257] fetch-failed  -            Ituri Hut
[1182/1257] fetch-failed  -            Prager Brothers Artisan Breads
[1183/1257] fetch-failed  -            The Reading Club
[1184/1257] fetch-failed  -            CABETOS Pops
[1185/1257] fetch-failed  -            Monster Snacks
[1186/1257] fetch-failed  -            Beeside Balcony La Jolla
[1187/1257] fetch-failed  -            Antique Row Cafe
[1188/1257] fetch-failed  -            Time Out Café
[1189/1257] fetch-failed  -            Lefty's Cheesesteaks
[1190/1257] fetch-failed  -            Copper Kings San Marcos
[1191/1257] fetch-failed  -            Oodles By The Nood Bar
[1192/1257] fetch-failed  -            Sultan Baklava
[1193/1257] fetch-failed  -            Cocina Del Mar
[1194/1257] fetch-failed  -            Juice Alchemy
[1195/1257] fetch-failed  -            La Salsa
[1196/1257] fetch-failed  -            Relic Bakery & Kitchen
[1197/1257] fetch-failed  -            Oceanside Fish Shop
[1198/1257] fetch-failed  -            CHINA CHEF 1
[1199/1257] fetch-failed  -            Tacos Locos Tasty Mexican Food
[1200/1257] fetch-failed  -            Safari Coffee Outpost
[1201/1257] fetch-failed  -            Pizza Guys
[1202/1257] fetch-failed  -            Corbin's Q
[1203/1257] fetch-failed  -            Nicolosi's Pizza (Mira Lee Way)
[1204/1257] fetch-failed  -            Taco Club
[1205/1257] fetch-failed  -            Canyon Inn
[1206/1257] fetch-failed  -            Cabo Cantina
[1207/1257] fetch-failed  -            Mo-Mo Paradise
[1208/1257] fetch-failed  -            Chef Fei
[1209/1257] fetch-failed  -            The Oceanaire Seafood Room
[1210/1257] fetch-failed  -            Lucha Libre Taco Shop
[1211/1257] fetch-failed  -            Carnitas’ Snack Shack
[1212/1257] fetch-failed  -            OB Kebab
[1213/1257] fetch-failed  -            OB Garden Café
[1214/1257] fetch-failed  -            George’s Bar
[1215/1257] fetch-failed  -            BCB Coffee
[1216/1257] fetch-failed  -            Grover's Grill
[1217/1257] fetch-failed  -            Creme De La Crepe
[1218/1257] fetch-failed  -            House of Black
[1219/1257] fetch-failed  -            Border X Brewing
[1220/1257] fetch-failed  -            Noodles
[1221/1257] fetch-failed  -            Taco Villa
[1222/1257] fetch-failed  -            Las Pinches Tortas
[1223/1257] fetch-failed  -            Copa Vida
[1224/1257] fetch-failed  -            All Fried Up
[1225/1257] fetch-failed  -            Mission Brewing (fka Rough Draft)
[1226/1257] fetch-failed  -            Aromas
[1227/1257] fetch-failed  -            Chicken & Crown
[1228/1257] fetch-failed  -            Dryer's Ice Cream Parlor
[1229/1257] fetch-failed  -            University Towers Kitchen
[1230/1257] fetch-failed  -            TEC Cafe
[1231/1257] fetch-failed  -            BCB Coffee Company
[1232/1257] fetch-failed  -            Sweet Labors
[1233/1257] fetch-failed  -            Trade Restaurant & Lounge
[1234/1257] fetch-failed  -            Yonny Mini Hotpot
[1235/1257] fetch-failed  -            Café de Anza
[1236/1257] fetch-failed  -            Cafecito 1806
[1237/1257] fetch-failed  -            Mawazo Kitchen
[1238/1257] fetch-failed  -            Trisler's San Diego Wine Bar
[1239/1257] fetch-failed  -            SanSai Japanese Grill
[1240/1257] fetch-failed  -            Stony Mountain Bar & Grill
[1241/1257] fetch-failed  -            The Santaluz Club Dining Room and Events
[1242/1257] fetch-failed  -            NM Cafe
[1243/1257] fetch-failed  -            Inland Tavern
[1244/1257] fetch-failed  -            In Between
[1245/1257] fetch-failed  -            Casa de Freds
[1246/1257] fetch-failed  -            Capriotti's Sandwich Shop
[1247/1257] fetch-failed  -            HACIENDITA BAKERY
[1248/1257] fetch-failed  -            Verde Kitchen & Bar
[1249/1257] fetch-failed  -            Mama Kat's Restaurant and Pie Shop
[1250/1257] fetch-failed  -            Bean Sprouts
[1251/1257] fetch-failed  -            The Grand Tradition
[1252/1257] fetch-failed  -            Oliva
[1253/1257] fetch-failed  -            BunZ
[1254/1257] fetch-failed  -            Buka - Taste of Nigeria
[1255/1257] fetch-failed  -            FurnSaj Bakery & Restaurant
[1256/1257] fetch-failed  -            ChickenHeadz
[1257/1257] fetch-failed  -            Yogurt Lounge Serra Mesa

platform                       attempted         filed       too-few         gated  wrong-branch needs-browser   no-platform  fetch-failed  screened-out
none                                1235             0             0             0             0             4            55          1176             0
order.online                           5             0             0             0             0             5             0             0             0
chownow                                3             0             0             0             0             3             0             0             0
netwaiter                              2             0             2             0             0             0             0             0             0
MealKeyWay                             2             0             0             0             0             2             0             0             0
slice                                  2             0             0             0             0             2             0             0             0
Square Online storefront               1             0             0             0             0             1             0             0             0
spothopper                             1             0             0             0             0             1             0             0             0
shopify                                1             0             0             0             0             0             0             0             1
Square Online (own domain)             1             0             0             0             0             1             0             0             0
plain-html                             1             0             0             0             0             1             0             0             0
toast                                  1             1             0             0             0             0             0             0             0
clover                                 1             0             0             0             0             0             0             0             1
olo                                    1             0             0             0             0             1             0             0             0
TOTAL                               1257             1             2             0             0            21            55          1176             2

1 menus, 61 dishes
wrote menus/wip/router-20260904-112437.json
wrote menus/wip/router-20260904-112437.notes.json
