queue 1016 with a website; routing 1016 at concurrency 4

[   1/1016] needs-browser chownow      Burger Bench Escondido
[   2/1016] no-platform   -            Mimi's Cafe
[   3/1016] no-platform   -            Taquería Imperial
[   4/1016] fetch-failed  -            Public Square Coffee House
[   5/1016] screened-out  order.online Wood Ranch Mission Valley
[   6/1016] needs-browser chownow      Brigantine Seafood
[   7/1016] no-platform   -            VG Donut & Bakery
[   8/1016] needs-browser Square Online storefront Wayfarer Bread & Pastry
[   9/1016] needs-browser order.online Tom's Famous Family Restaurant 24
[  10/1016] no-platform   -            Farmer & The Seahorse
[  11/1016] needs-browser order.online TOM's Famous Family Restaurant 22
[  12/1016] gated         chownow      Handel’s Homemade Ice Cream
[  13/1016] needs-browser plain-html   Por Favor El Cajon
[  14/1016] no-platform   -            Loreto's Taco Shop
[  15/1016] needs-browser toast        MooTime Creamery
[  16/1016] no-platform   -            Taco Bar
[  17/1016] fetch-failed  -            Home Sweet Home Cafe
[  18/1016] needs-browser plain-html   Papas & Tacos Mexican Food
[  19/1016] fetch-failed  -            Plazas Mexican Food
[  20/1016] needs-browser chownow      Parakeet Cafe - Little Italy
[  21/1016] no-platform   -            Red Fox Room and Steakhouse
[  22/1016] needs-browser GloriaFood widget That Mexican Place
[  23/1016] no-platform   -            Todo Sushi
[  24/1016] no-platform   -            El Real Mexican Food
[  25/1016] needs-browser toast        Coya Peruvian Secret
[  26/1016] screened-out  order.online Grandma Tofu & BBQ
[  27/1016] no-platform   -            Anita's Mexican Restaurant & Cantina
[  28/1016] needs-browser toast        Lanna Thai Cuisine
[  29/1016] needs-browser slice        Pastalini
[  30/1016] no-platform   -            Otay Mandarin Chinese Restaurant
[  31/1016] no-platform   -            Hanu Korean BBQ
[  32/1016] needs-browser olo          Panini Kabob Grill - Mission Valley
[  33/1016] fetch-failed  -            Los Reyes Mexican Restaurant & Cantina
[  34/1016] needs-browser toast        The Asian Bistro
[  35/1016] needs-browser Square Online storefront skybound coffee + dessert lounge
[  36/1016] needs-browser order.online Sancho's Tacos
[  37/1016] no-platform   -            It's Raw Poke Shop
[  38/1016] needs-browser Square Online (own domain) Up2You Cafe
[  39/1016] no-platform   -            Antonio's Mexican Food
[  40/1016] needs-browser toast        Stake Chophouse & Bar
[  41/1016] no-platform   -            Boudin SF
[  42/1016] needs-browser plain-html   Nick's Del Mar
[  43/1016] needs-browser plain-html   Pancho's Mexican Restaurant
[  44/1016] needs-browser olo          Better Buzz Coffee Pacific Beach Grand
[  45/1016] fetch-failed  -            La Concha Bakery
[  46/1016] no-platform   -            Urban Crave
[  47/1016] no-platform   -            Lucy's Bakery
[  48/1016] no-platform   -            Urban Crave
[  49/1016] too-few       netwaiter    Connie's
[  50/1016] no-platform   -            Muay Thai Kitchen
[  51/1016] no-platform   -            Baci Restaurant | Italian
[  52/1016] needs-browser toast        Nado Republic
[  53/1016] needs-browser order.online Robertito's Mexican Food
[  54/1016] needs-browser Square Online (own domain) Camp Coffee Company
[  55/1016] needs-browser -            Beyer Deli
[  56/1016] needs-browser Square Online (own domain) Portal Coffee
[  57/1016] no-platform   -            Umai Sushi
[  58/1016] no-platform   -            Golden Donut
[  59/1016] gated         chownow      Handel’s Homemade Ice Cream
[  60/1016] needs-browser Square Online storefront Prager Brothers Artisan Breads
[  61/1016] fetch-failed  -            Mi Ranchito Taco Shop
[  62/1016] needs-browser toast        Shaks Mediterranean Bistro
[  63/1016] needs-browser spothopper   Los Panchos Mexican Grill & Seafood
[  64/1016] needs-browser MealKeyWay   Dumplings N More
[  65/1016] needs-browser spothopper   Penelopes Mexican Food
[  66/1016] needs-browser Square Online storefront Maan's Mediterranean Grill
[  67/1016] no-platform   -            Superbloom Coffee & Juice
[  68/1016] needs-browser Square Online (own domain) Barrio Donas
[  69/1016] fetch-failed  -            Bonchon Chicken
[  70/1016] needs-browser toast        The Remy
[  71/1016] no-platform   -            The Cowshed
[  72/1016] no-platform   -            Red Lobster
[  73/1016] needs-browser spothopper   Curry & More - Indian Bistro
[  74/1016] no-platform   -            Yingli Restaurant | Chula Vista
[  75/1016] needs-browser spothopper   3N1 Sports Bar & Grill
[  76/1016] needs-browser order.online Scoops La Jolla
[  77/1016] no-platform   -            Señor Taquero
[  78/1016] screened-out  clover       Royal Sweets
[  79/1016] too-few       netwaiter    Aiberto's Taco Shop
[  80/1016] fetch-failed  -            Leucadia Donut Shoppe
[  81/1016] fetch-failed  -            Edelweiss Bakery
[  82/1016] fetch-failed  -            Pacific Beach Ice Cream Co.
[  83/1016] no-platform   -            SOMISOMI
[  84/1016] needs-browser toast        Tabu Sushi Bar & Grill Santee
[  85/1016] fetch-failed  -            Arizona Chinese Restaurant
[  86/1016] gated         chownow      Handel's Homemade Ice Cream
[  87/1016] wrong-branch  order.online Lourdes Mexican Food To Go
[  88/1016] no-platform   -            Hidden Fish
[  89/1016] needs-browser Square Online storefront Portinos Restaurant
[  90/1016] needs-browser Square Online storefront Bay Park Coffee
[  91/1016] no-platform   -            Big Front Door
[  92/1016] no-platform   -            Sushi Factory
[  93/1016] no-platform   -            Emma's Mexican Food
[  94/1016] needs-browser -            Rosarito's Mexican Food #1
[  95/1016] no-platform   -            El Charro Mexican Food
[  96/1016] needs-browser spothopper   il Sogno Italiano
[  97/1016] too-few       netwaiter    Mary Ettas Cafe
[  98/1016] no-platform   -            Hanna's Gourmet
[  99/1016] needs-browser Square Online storefront Sandwich Emporium
[ 100/1016] needs-browser order.online Gelato Paradiso
[ 101/1016] no-platform   -            Angelito's Fruteria Y Neveria
[ 102/1016] needs-browser Square Online storefront Pink Rose Cafe
[ 103/1016] needs-browser toast        Valentina
[ 104/1016] no-platform   -            Flora
[ 105/1016] needs-browser slice        Italia Pizza
[ 106/1016] screened-out  order.online Yogurt Heaven
[ 107/1016] no-platform   -            Honey Baked Ham
[ 108/1016] no-platform   -            Lucy's Bakery
[ 109/1016] needs-browser olo          Randy's Donuts
[ 110/1016] no-platform   -            Cafe Bella Drive Thru
[ 111/1016] fetch-failed  -            Camel's Bar and Grill
[ 112/1016] no-platform   -            Off The 8 Café
[ 113/1016] no-platform   -            Wahoo's Fish Taco
[ 114/1016] needs-browser olo          Luna Grill Millenia
[ 115/1016] no-platform   -            Royal India Express
[ 116/1016] needs-browser Square Online (own domain) Solana Sumptuous Cookies
[ 117/1016] screened-out  menufy       Ginza Sushi
[ 118/1016] needs-browser MealKeyWay   Surfing Crab Escondido
[ 119/1016] fetch-failed  -            We Olive & Wine Bar
[ 120/1016] no-platform   -            Tropifruit Juice Bar
[ 121/1016] no-platform   -            Dragon Express
[ 122/1016] no-platform   -            Cow-A-Bunga Ice Cream & Coffee
[ 123/1016] needs-browser Square Online (own domain) Serrano's Mexican Food
[ 124/1016] no-platform   -            Ike's Love & Sandwiches
[ 125/1016] fetch-failed  -            Thai Island@
[ 126/1016] needs-browser spothopper   Santos Coffee
[ 127/1016] needs-browser toast        Rosemonts Cafe
[ 128/1016] fetch-failed  -            The Art of Espresso
[ 129/1016] fetch-failed  -            Palomino's Mexican & Seafood
[ 130/1016] no-platform   -            BKK THAI KITCHEN
[ 131/1016] screened-out  shopify      La Colombe Coffee Roasters
[ 132/1016] no-platform   -            Shozen BBQ
[ 133/1016] no-platform   -            Athens Market Taverna
[ 134/1016] needs-browser order.online San Diego Sandwich Co
[ 135/1016] no-platform   -            Mexico Lindo Restaurant
[ 136/1016] needs-browser Square Online (own domain) Matcha Cafe Maiko - Escondido
[ 137/1016] no-platform   -            PGA Tour Grill
[ 138/1016] needs-browser -            Marieta's Mexican Food
[ 139/1016] needs-browser HungerRush   Flippin' Pizza La Costa
[ 140/1016] no-platform   -            Eugenio Italian Ristorante & More
[ 141/1016] fetch-failed  -            @Spacebar Cafe
[ 142/1016] no-platform   -            Cake de Partie
[ 143/1016] screened-out  own-jsonld   Hanna Garden
[ 144/1016] no-platform   -            Uncle Biffs California Killer Cookies
[ 145/1016] no-platform   -            La Mixteca
[ 146/1016] no-platform   -            Donuts Plus
[ 147/1016] gated         chownow      Handel's Homemade Ice Cream
[ 148/1016] no-platform   -            Kokoro Restaurant
[ 149/1016] no-platform   -            Silverlake Ramen
[ 150/1016] no-platform   -            Pizza Mania
[ 151/1016] no-platform   -            Valerio's 1979
[ 152/1016] no-platform   -            Bravo Cafe
[ 153/1016] needs-browser Square Online storefront Crossroads Deli
[ 154/1016] filed         shopify      Flor and Seed Coffee Roasters
[ 155/1016] needs-browser Square Online (own domain) Elixir Espresso & Wine Bar
[ 156/1016] needs-browser SpotOn       Porky's Lechon Barbecue
[ 157/1016] too-few       netwaiter    Opa Greek Restaurant & Grill
[ 158/1016] fetch-failed  -            Tak Grill Fresh Mediterranean Food
[ 159/1016] no-platform   -            Imperial Express
[ 160/1016] fetch-failed  -            Potato Corner
[ 161/1016] fetch-failed  -            Cielo Rooftop
[ 162/1016] no-platform   -            KD's Donuts
[ 163/1016] no-platform   -            The Orient Thai
[ 164/1016] no-platform   -            Kaffee Meister
[ 165/1016] needs-browser olo          Luna Grill Encinitas
[ 166/1016] no-platform   -            White Labs Brewing Co - San Diego
[ 167/1016] no-platform   -            The Leucadian
[ 168/1016] needs-browser toast        The Naked Cafe
[ 169/1016] no-platform   -            Beach + Taco Shack
[ 170/1016] no-platform   -            Nothing Bundt Cakes
[ 171/1016] needs-browser Square Online storefront Thyme for Lunch Cafe & Grill
[ 172/1016] no-platform   -            ENO Market & Pizzeria
[ 173/1016] no-platform   -            Glazed Coffee & Creamery
[ 174/1016] no-platform   -            Phở Hòa Restaurant | Vietnamese
[ 175/1016] no-platform   -            SoCal Sushi
[ 176/1016] no-platform   -            Ko-Li Bar
[ 177/1016] screened-out  menufy       IB Thai
[ 178/1016] needs-browser Square Online storefront Mesa Agricola
[ 179/1016] needs-browser Square Online (own domain) Industrial Grind Coffee
[ 180/1016] no-platform   -            Que Tortas
[ 181/1016] screened-out  shopify      James Coffee Co
[ 182/1016] needs-browser chownow      Pho Hiep & Grill
[ 183/1016] no-platform   -            Kaito Sushi
[ 184/1016] screened-out  shopify      Seven Seas Roasting Company
[ 185/1016] fetch-failed  -            Donut Factory
[ 186/1016] no-platform   -            The Grounds Bean Bar
[ 187/1016] no-platform   -            Chopsticks Chinese Cuisine
[ 188/1016] no-platform   -            YuJing Chinese Restaurant
[ 189/1016] no-platform   -            La Moreliana
[ 190/1016] needs-browser -            Banh Mi Blvd
[ 191/1016] needs-browser toast        Fat Joe’s O’side
[ 192/1016] no-platform   -            Tea Pavilion
[ 193/1016] needs-browser Square Online (own domain) Dot Cafe
[ 194/1016] fetch-failed  -            Valentinas Taco Shop
[ 195/1016] no-platform   -            Blue Pepper Asian Cuisine
[ 196/1016] fetch-failed  -            Memo's Golden Bagel
[ 197/1016] needs-browser -            Seaview Restaurant
[ 198/1016] needs-browser order.online Le Macaron French Pastries
[ 199/1016] fetch-failed  -            The Reunion
[ 200/1016] needs-browser order.online BB's Deli
[ 201/1016] fetch-failed  -            Eat Your Heart Out II
[ 202/1016] needs-browser SpotOn       Kalei's Kitchenette
[ 203/1016] needs-browser MealKeyWay   Iron Wok
[ 204/1016] needs-browser toast        Lime in the Coconut
[ 205/1016] no-platform   -            San Diego Blenders
[ 206/1016] filed         toast        Baja Rick's Cantina
[ 207/1016] fetch-failed  -            Bistro Pazzo
[ 208/1016] no-platform   -            Joses Taco Shop
[ 209/1016] needs-browser slice        Rock On Pizza
[ 210/1016] needs-browser Square Online storefront Sue's Korean Kitchen
[ 211/1016] fetch-failed  -            Al Teatro Panini Grill
[ 212/1016] no-platform   -            Nanay's Best BBQ
[ 213/1016] no-platform   -            Black Radish
[ 214/1016] fetch-failed  -            Idego Coffee Roasters
[ 215/1016] no-platform   -            Little Ceasar's
[ 216/1016] needs-browser Square Online storefront Tacoman
[ 217/1016] no-platform   -            Explorers Café
[ 218/1016] fetch-failed  -            Rosarito's Mexican Food #2
[ 219/1016] no-platform   -            Criscito Pizza
[ 220/1016] too-few       netwaiter    Nolberto's Taco Shop
[ 221/1016] fetch-failed  -            Bar Kamon
[ 222/1016] no-platform   -            Sweet Revenge Bakery
[ 223/1016] no-platform   -            Surfdog's Java Hot
[ 224/1016] no-platform   -            Red Ribbon Bakeshop
[ 225/1016] fetch-failed  -            Thai Fresh
[ 226/1016] no-platform   -            Hino
[ 227/1016] no-platform   -            The Luau
[ 228/1016] no-platform   -            Coral Tree Tea House
[ 229/1016] fetch-failed  -            P B Pub
[ 230/1016] needs-browser Square Online storefront Fan-Fan
[ 231/1016] fetch-failed  -            Prince Hookah Cafe
[ 232/1016] no-platform   -            Red Ribbon Bakeshop
[ 233/1016] no-platform   -            World Famous I Bar
[ 234/1016] no-platform   -            Mother's Kitchen
[ 235/1016] no-platform   -            Thai Style
[ 236/1016] no-platform   -            Aztec Food Hub
[ 237/1016] fetch-failed  -            Gotcha
[ 238/1016] no-platform   -            Brown Bag Deli
[ 239/1016] no-platform   -            The Halal Shack
[ 240/1016] fetch-failed  -            Victor's Kafe - Poway
[ 241/1016] no-platform   -            Corner Cafe | Chinese
[ 242/1016] needs-browser plain-html   Donut Stop
[ 243/1016] needs-browser toast        Mr. Charlie's
[ 244/1016] no-platform   -            Crispy Chicken n' Tomato
[ 245/1016] no-platform   -            Gong Cha
[ 246/1016] no-platform   -            Zhang Liang Malatang
[ 247/1016] no-platform   -            Taco Time Food Truck
[ 248/1016] no-platform   -            The Elegant Truffle
[ 249/1016] no-platform   -            Kona Coffee
[ 250/1016] needs-browser SpotOn       D Wings & Ribs
[ 251/1016] no-platform   -            Millport
[ 252/1016] no-platform   -            Nothing Bundt Cakes
[ 253/1016] no-platform   -            La Perlita Mexican Food
[ 254/1016] needs-browser -            Panorama Bar & Grill
[ 255/1016] no-platform   -            Seahorse Coffee
[ 256/1016] no-platform   -            The Deli Stop
[ 257/1016] fetch-failed  -            Stagecoach Inn
[ 258/1016] wrong-branch  toast        The Crack Shack - Pacific Beach
[ 259/1016] needs-browser Square Online storefront Cargo Cafe
[ 260/1016] needs-browser order.online Poki Poki - Encinitas
[ 261/1016] needs-browser MealKeyWay   Zhengxin Chicken Steak
[ 262/1016] no-platform   -            Chin's Gourmet
[ 263/1016] needs-browser toast        Matoi
[ 264/1016] no-platform   -            Parkys
[ 265/1016] needs-browser Square Online (own domain) Elixir Espresso Bar
[ 266/1016] fetch-failed  -            Topside Terrace Kitchen & Bar
[ 267/1016] needs-browser toast        Bonehead Burger Co.
[ 268/1016] no-platform   -            Shanghai Cuisine
[ 269/1016] needs-browser chownow      Gor Gai Thai Eatery
[ 270/1016] fetch-failed  -            Pho Olala
[ 271/1016] needs-browser Square Online storefront Sul & Beans
[ 272/1016] needs-browser Square Online storefront ZzanG Hotdog & Chicken
[ 273/1016] no-platform   -            The Peruvian Spot
[ 274/1016] no-platform   -            The Lean Machine Meal Prep
[ 275/1016] no-platform   -            China Express
[ 276/1016] no-platform   -            Hancock Street Cafe
[ 277/1016] screened-out  clover       Hooked On Pokè
[ 278/1016] fetch-failed  -            Tony’s Newport Cafe
[ 279/1016] needs-browser olo          Sweetfin
[ 280/1016] no-platform   -            Teaspoon
[ 281/1016] needs-browser order.online Daniel's Taco Shop
[ 282/1016] fetch-failed  -            Roots Bowls
[ 283/1016] no-platform   -            Pick Up Stix Fresh Asian Flavors
[ 284/1016] no-platform   -            Channel 2 Sports Bar
[ 285/1016] no-platform   -            Chen Golden Palace
[ 286/1016] needs-browser SpotOn       Hot or Not Thai
[ 287/1016] needs-browser MealKeyWay   Szechuan Chef Chinese Cuisine
[ 288/1016] needs-browser -            Bistro Kaz
[ 289/1016] fetch-failed  -            Deano's Pub
[ 290/1016] needs-browser HungerRush   Flippin Pizza Encinitas
[ 291/1016] needs-browser order.online DaYung's Tea
[ 292/1016] no-platform   -            La Central
[ 293/1016] fetch-failed  -            Le Rendez-Vous French Bakery
[ 294/1016] no-platform   -            Vitality Bowls
[ 295/1016] no-platform   -            Mike Hess Brewing Tasting Room
[ 296/1016] fetch-failed  -            Long Story Irish Pub
[ 297/1016] needs-browser toast        Upper East
[ 298/1016] fetch-failed  -            Tulum Seafood
[ 299/1016] no-platform   -            It's A Piece A Cake
[ 300/1016] no-platform   -            San Diego Eagle
[ 301/1016] no-platform   -            City Dragon
[ 302/1016] no-platform   -            The Brass Rail
[ 303/1016] no-platform   -            Musashiya
[ 304/1016] no-platform   -            Sidny's Bagels & Deli
[ 305/1016] too-few       netwaiter    Goyo's Bakery
[ 306/1016] no-platform   -            Okavango Outpost
[ 307/1016] no-platform   -            CAFE 160
[ 308/1016] fetch-failed  -            Rosaria's Pizza 4
[ 309/1016] no-platform   -            Kaki Sushi
[ 310/1016] no-platform   -            Bale French Sandwiches
[ 311/1016] no-platform   -            African Spices
[ 312/1016] needs-browser order.online Taste of Thai
[ 313/1016] fetch-failed  -            Spoon House
[ 314/1016] needs-browser order.online Elsa's Kitchen
[ 315/1016] no-platform   -            Hoffer's Cigar Bar
[ 316/1016] needs-browser Square Online storefront Mad Munch Grilled Cheezer Co.
[ 317/1016] no-platform   -            Gloria's Taco Shop
[ 318/1016] screened-out  slice        Mike's Giant New York Pizza
[ 319/1016] screened-out  toast        Agave Taco Shop
[ 320/1016] fetch-failed  -            Kinchana
[ 321/1016] wrong-branch  toast        Achilles Coffee Roasters
[ 322/1016] no-platform   -            La Michoacana
[ 323/1016] needs-browser plain-html   JNC Pinoy Foodmart
[ 324/1016] fetch-failed  -            Mosa Tea
[ 325/1016] no-platform   -            Nobu
[ 326/1016] needs-browser toast        Dora
[ 327/1016] no-platform   -            Bopomofo Cafe
[ 328/1016] no-platform   -            Cool Down Coffee
[ 329/1016] screened-out  order.online Frida's Taqueria
[ 330/1016] no-platform   -            Novecientos Grados by Tony Hawk
[ 331/1016] needs-browser chownow      Leos Kitchen
[ 332/1016] needs-browser Square Online storefront Goli
[ 333/1016] needs-browser chownow      Juice Kaboose
[ 334/1016] no-platform   -            Teriyaki Madness
[ 335/1016] no-platform   -            Smittys Downtown
[ 336/1016] wrong-branch  clover       Manzanita Roasting Co
[ 337/1016] needs-browser toast        Thai Ladle
[ 338/1016] no-platform   -            Tom's Chinese BBQ
[ 339/1016] no-platform   -            Urban Bubble
[ 340/1016] needs-browser toast        Junction Bar & Grill
[ 341/1016] no-platform   -            La Nacional
[ 342/1016] no-platform   -            Pizzabilities - Alpine
[ 343/1016] needs-browser Square Online storefront Tasty Pizza Escondido LLC
[ 344/1016] needs-browser order.online Donut Bros
[ 345/1016] wrong-branch  clover       Hyderabad Cafe
[ 346/1016] needs-browser order.online Deli Belly
[ 347/1016] needs-browser MealKeyWay   Ma's House
[ 348/1016] too-few       netwaiter    Roma's Pizza
[ 349/1016] no-platform   -            Juice Stop Encinitas
[ 350/1016] no-platform   -            Angela's Eccentric Kitchen
[ 351/1016] no-platform   -            Kind Coffee
[ 352/1016] needs-browser SpotOn       La Banana Fruits - Fruteria
[ 353/1016] too-few       netwaiter    Star Express
[ 354/1016] no-platform   -            Picasso's Naturals
[ 355/1016] no-platform   -            Nova Easy Kombucha
[ 356/1016] needs-browser Square Online (own domain) Rad Habits Juice
[ 357/1016] needs-browser toast        Understory Bar
[ 358/1016] fetch-failed  -            Bonchon Chicken
[ 359/1016] needs-browser MealKeyWay   Spicy Noodle
[ 360/1016] no-platform   -            Village Pub
[ 361/1016] no-platform   -            Tastea
[ 362/1016] no-platform   -            Del Sushi
[ 363/1016] needs-browser toast        Angry Petes Pizza Point Loma
[ 364/1016] needs-browser SpotOn       Mariscos y Miches El Patron
[ 365/1016] needs-browser chownow      Juice Caboose
[ 366/1016] no-platform   -            Burrito King
[ 367/1016] no-platform   -            Hometown Taste
[ 368/1016] fetch-failed  -            Deano's Pub East
[ 369/1016] screened-out  shopify      Seven Seas Roasting
[ 370/1016] fetch-failed  -            El Mercadito
[ 371/1016] needs-browser Square Online storefront Dog Leg Brewing
[ 372/1016] no-platform   -            Unique Sandwiches
[ 373/1016] no-platform   -            Granny's Apple Fries
[ 374/1016] no-platform   -            Bowl To Go
[ 375/1016] needs-browser toast        Burekas Box
[ 376/1016] needs-browser toast        A Louest
[ 377/1016] no-platform   -            Gihon Ethiopian Kitchen
[ 378/1016] no-platform   -            Star Dust Donut Shop
[ 379/1016] no-platform   -            Java Earth Coffee
[ 380/1016] fetch-failed  -            Gem Coffee
[ 381/1016] no-platform   -            Las Michoacanas
[ 382/1016] no-platform   -            Cj Lounge
[ 383/1016] needs-browser -            Tutti Frutti Frozen Yogurt
[ 384/1016] needs-browser toast        Kinme Omakase
[ 385/1016] fetch-failed  -            Vica’s Cafe
[ 386/1016] wrong-branch  order.online The Pad Thai Stand
[ 387/1016] no-platform   -            Erika's Mexican Food & Seafood
[ 388/1016] needs-browser MealKeyWay   Ten Seconds Yunnan Rice Noodle
[ 389/1016] fetch-failed  -            Orient Valley Filipino Cuisine
[ 390/1016] needs-browser Square Online (own domain) The Craft Taco at The Nat
[ 391/1016] needs-browser Square Online (own domain) Castelli & Pizarro Family Vineyards & Winery
[ 392/1016] fetch-failed  -            Jungle Tea
[ 393/1016] fetch-failed  -            Cheers
[ 394/1016] no-platform   -            Social hookah lounge
[ 395/1016] fetch-failed  -            R3fresh Juice Bar
[ 396/1016] fetch-failed  -            Bang Bang
[ 397/1016] fetch-failed  -            Bobalicious
[ 398/1016] no-platform   -            Sarku Japan
[ 399/1016] wrong-branch  clover       Burros and Fries
[ 400/1016] no-platform   -            Hongyuan Kebab
[ 401/1016] no-platform   -            China Fun
[ 402/1016] no-platform   -            Park Commons
[ 403/1016] no-platform   -            SusieCakes - Carlsbad
[ 404/1016] needs-browser slice        Papa's Pizza
[ 405/1016] wrong-branch  order.online La michoacana Plus San Diego #2
[ 406/1016] too-few       netwaiter    Kim's Bar-B-Que
[ 407/1016] too-few       netwaiter    K & K Orient Valley Food Center
[ 408/1016] no-platform   -            PKI Sushi
[ 409/1016] no-platform   -            PB Oriental
[ 410/1016] needs-browser slice        Del Cerro Pizza
[ 411/1016] needs-browser -            Modern Times Coffee
[ 412/1016] needs-browser order.online Tous les Jours
[ 413/1016] needs-browser toast        Grab & Go - Mission Hills
[ 414/1016] no-platform   -            Leucadia Pizza
[ 415/1016] no-platform   -            Bubbles & Brews Cafe
[ 416/1016] no-platform   -            Cherry Bomb
[ 417/1016] needs-browser -            Sieu Sieu BBQ
[ 418/1016] needs-browser toast        Go Greek Authentic Yogurteria
[ 419/1016] no-platform   -            Landshark Bar & Grill
[ 420/1016] fetch-failed  -            Mariscos La Morena
[ 421/1016] no-platform   -            The Pearl Restaurant
[ 422/1016] wrong-branch  toast        El Viejon
[ 423/1016] needs-browser Square Online storefront Flour Atelier
[ 424/1016] no-platform   -            Lapper Kitchen + Tap
[ 425/1016] no-platform   -            Imperial Palace
[ 426/1016] needs-browser plain-html   Roppongi
[ 427/1016] no-platform   -            Vinya Yoga and Wine Bar
[ 428/1016] no-platform   -            Kim's Deli
[ 429/1016] no-platform   -            Nothing Bundt Cakes
[ 430/1016] needs-browser order.online Qin West
[ 431/1016] screened-out  shopify      Casa De Otay – The Casita
[ 432/1016] needs-browser toast        Taco Loco
[ 433/1016] too-few       own-jsonld   Vinh Long Food To Go
[ 434/1016] no-platform   -            Campus Cafe
[ 435/1016] no-platform   -            Ching's Famous Hopia
[ 436/1016] no-platform   -            Josie's Hideout Saloon
[ 437/1016] fetch-failed  -            Happytime Tea
[ 438/1016] no-platform   -            Necter Juice Bar
[ 439/1016] no-platform   -            Cafe Aero
[ 440/1016] no-platform   -            Gather
[ 441/1016] no-platform   -            LJ Crafted Wines - Wines & Tastings
[ 442/1016] no-platform   -            Presotea
[ 443/1016] no-platform   -            D'liteful Chocolat
[ 444/1016] wrong-branch  order.online The Pad Thai Stand
[ 445/1016] fetch-failed  -            Oakberry Açaí bowls
[ 446/1016] no-platform   -            De Kotija Taco Shop LLC
[ 447/1016] no-platform   -            Creperie Antoinette
[ 448/1016] fetch-failed  -            Bonita Donuts
[ 449/1016] needs-browser order.online Mochinut
[ 450/1016] no-platform   -            Valerio's 1979
[ 451/1016] no-platform   -            Tasty Donuts
[ 452/1016] no-platform   -            Trevi Hills Winery
[ 453/1016] no-platform   -            Old Town Eatery
[ 454/1016] no-platform   -            Lambers Chinese Bakery
[ 455/1016] wrong-branch  toast        Tree House
[ 456/1016] no-platform   -            Jamal's Chicken
[ 457/1016] no-platform   -            Sydney's
[ 458/1016] needs-browser order.online Poke One N Half
[ 459/1016] needs-browser chownow      Off the Vine Gardens Deli And Catering
[ 460/1016] no-platform   -            Cha Cha Tea Spot
[ 461/1016] no-platform   -            Tres Hermanos Locos Tacos
[ 462/1016] too-few       netwaiter    Guerrero Taco Shop
[ 463/1016] needs-browser Square Online (own domain) Cafe Pascale Grill & Deli
[ 464/1016] needs-browser Square Online storefront Bean Box
[ 465/1016] no-platform   -            Sunny Dumpling House
[ 466/1016] needs-browser -            Pure Squeeze
[ 467/1016] no-platform   -            DaYung's Tea
[ 468/1016] needs-browser -            Cluck N Sip
[ 469/1016] fetch-failed  -            Yas Lounge
[ 470/1016] needs-browser toast        Nomada
[ 471/1016] needs-browser toast        Divina Matcha
[ 472/1016] no-platform   -            Nothing Bundt Cakes
[ 473/1016] no-platform   -            Ohana Nutrition
[ 474/1016] too-few       netwaiter    Playa Azul Mariscos Restaurant
[ 475/1016] no-platform   -            Jaguar Paw
[ 476/1016] no-platform   -            Qualcomm Cafe Q
[ 477/1016] no-platform   -            Linda's Yogurt & Deli
[ 478/1016] no-platform   -            Asia Wok Teppanyaki & Chinese Food
[ 479/1016] no-platform   -            All That Shabu
[ 480/1016] no-platform   -            Bivouac Adventure Lodge Coffee Shop
[ 481/1016] fetch-failed  -            Grubz
[ 482/1016] needs-browser Square Online storefront Montebello
[ 483/1016] no-platform   -            Cali Banh Mi
[ 484/1016] no-platform   -            The Grillery
[ 485/1016] no-platform   -            The Golf Bar
[ 486/1016] needs-browser toast        56 Thai Cafe
[ 487/1016] fetch-failed  -            Tazza D'Oro
[ 488/1016] needs-browser Square Online storefront Cargo Cafe - Paseo Del Mar
[ 489/1016] fetch-failed  -            Warner Springs Golf Shop & Grill
[ 490/1016] no-platform   -            All Things Ube Desserts
[ 491/1016] too-few       netwaiter    Ba Le French Sandwich Shop
[ 492/1016] no-platform   -            Pub 1795
[ 493/1016] no-platform   -            5 O'Clock Somewhere Rooftop Bar
[ 494/1016] wrong-branch  toast        Boba Tea Spot
[ 495/1016] needs-browser MealKeyWay   Suki Hana
[ 496/1016] fetch-failed  -            Route 6 Coffee & Smoothies
[ 497/1016] no-platform   -            Mike Hess Brewing - Seaport Village Taphouse
[ 498/1016] no-platform   -            The Loft at UC San Diego
[ 499/1016] needs-browser toast        Pita Pit
[ 500/1016] needs-browser Paytronix    Ziggi's Coffee
[ 501/1016] fetch-failed  -            Shabu Spot
[ 502/1016] needs-browser toast        Grab & Go
[ 503/1016] needs-browser order.online La Pizzeria Arrivederci
[ 504/1016] too-few       netwaiter    J & J's Mexican Food
[ 505/1016] no-platform   -            Sunright Tea Studio
[ 506/1016] no-platform   -            Huy Ky Bakery
[ 507/1016] wrong-branch  toast        Enoteca Buona Forchetta
[ 508/1016] wrong-branch  toast        Johnny Radz Pizza
[ 509/1016] no-platform   -            F Street Cafe
[ 510/1016] too-few       netwaiter    Pizza Grande
[ 511/1016] no-platform   -            Dockside Casual Seafood Counter
[ 512/1016] no-platform   -            Zoo Brew
[ 513/1016] wrong-branch  popmenu      Alohana Açaí Bowls
[ 514/1016] needs-browser toast        Zest Wine Bistro
[ 515/1016] no-platform   -            The MRKT
[ 516/1016] no-platform   -            Craft Pizza
[ 517/1016] no-platform   -            62 Area Chow Hall
[ 518/1016] too-few       netwaiter    Sandwich Place
[ 519/1016] fetch-failed  -            Suki Hana
[ 520/1016] no-platform   -            Forum Deli
[ 521/1016] needs-browser MealKeyWay   Yuki Yuki
[ 522/1016] no-platform   -            Test Kitchen
[ 523/1016] no-platform   -            Plaza Deli
[ 524/1016] no-platform   -            Moniker General
[ 525/1016] wrong-branch  toast        Tapas Bar
[ 526/1016] no-platform   -            Michoacana Mia - SDSU
[ 527/1016] no-platform   -            Madina Market Halal Fast Food
[ 528/1016] no-platform   -            Pure Green
[ 529/1016] no-platform   -            Manta Pizza
[ 530/1016] no-platform   -            Blue Bowl Superfoods
[ 531/1016] no-platform   -            Sip Fresh
[ 532/1016] needs-browser -            Market One
[ 533/1016] fetch-failed  -            Royal Pearl Tea
[ 534/1016] no-platform   -            longball cocktail
[ 535/1016] needs-browser -            Fresca Deli .
[ 536/1016] no-platform   -            La Paloma
[ 537/1016] no-platform   -            Chester's
[ 538/1016] no-platform   -            Showa Ramen
[ 539/1016] no-platform   -            The Lookout at Lake Poway
[ 540/1016] no-platform   -            Prado Perk
[ 541/1016] no-platform   -            Mombasa Cooker
[ 542/1016] wrong-branch  toast        Coco Bomb
[ 543/1016] needs-browser order.online WUHU TEA & DELI
[ 544/1016] fetch-failed  -            Mister G Salsa
[ 545/1016] no-platform   -            Collette’s Collaborative Collective Cuisine
[ 546/1016] no-platform   -            Surf City Squeeze
[ 547/1016] no-platform   -            FiveO3 Pupusas
[ 548/1016] fetch-failed  -            Unico Juice Shop
[ 549/1016] no-platform   -            Topo's Tacos
[ 550/1016] no-platform   -            Thérapie Bistro
[ 551/1016] no-platform   -            El Cilantro Mexican Grill
[ 552/1016] needs-browser Square Online storefront The Bean Box 701
[ 553/1016] no-platform   -            FLAVORS EXPRESS SDSU
[ 554/1016] fetch-failed  -            Healthy Grill Mediterranean
[ 555/1016] no-platform   -            Chagee
[ 556/1016] needs-browser Square Online storefront Ramen Station
[ 557/1016] no-platform   -            Lò Bánh Cuốn Tân Định
[ 558/1016] fetch-failed  -            El huevo estrellado # 2
[ 559/1016] needs-browser SpotOn       Oriste Fairway Cafe
[ 560/1016] no-platform   -            Finca Casa Blanca
[ 561/1016] no-platform   -            Boba n More
[ 562/1016] no-platform   -            Bert's Bistro
[ 563/1016] needs-browser Square Online storefront Cargo Cafe - Wateridge
[ 564/1016] needs-browser Square Online storefront Cargo Cafe - Gateway
[ 565/1016] fetch-failed  -            Med Cafe
[ 566/1016] no-platform   -            El Camino
[ 567/1016] no-platform   -            Bosley Cafe
[ 568/1016] needs-browser -            Swami's
[ 569/1016] no-platform   -            3 Day Suit Broker
[ 570/1016] needs-browser chownow      Juice Caboose
[ 571/1016] no-platform   -            Nékter Juice Bar
[ 572/1016] no-platform   -            Basic
[ 573/1016] no-platform   -            The Caddyshack
[ 574/1016] needs-browser Square Online storefront Copa Vida
[ 575/1016] no-platform   -            Filling Station Pub and Grill
[ 576/1016] no-platform   -            Fairbanks
[ 577/1016] no-platform   -            Allen's New York Pizza
[ 578/1016] no-platform   -            Coin Toss
[ 579/1016] needs-browser Square Online storefront Sushi Freak
[ 580/1016] needs-browser order.online Poki Poki
[ 581/1016] no-platform   -            Thai Basil
[ 582/1016] needs-browser Square Online (own domain) Crepes
[ 583/1016] no-platform   -            Hacienda De Vega
[ 584/1016] no-platform   -            GIHON Ethiopian Kitchen
[ 585/1016] no-platform   -            Baja Fresh
[ 586/1016] needs-browser order.online Hummus Mediterranean Kitchen
[ 587/1016] no-platform   -            Winners Circle
[ 588/1016] no-platform   -            Birria El Rey
[ 589/1016] no-platform   -            Curbside Eatery & Drinkery
[ 590/1016] no-platform   -            I Love Pho
[ 591/1016] no-platform   -            Karihan Filipino Food
[ 592/1016] needs-browser toast        Trattoria da Sofia
[ 593/1016] no-platform   -            Beer Company
[ 594/1016] needs-browser -            Stella Jean's Ice Cream Kensington
[ 595/1016] needs-browser SpotOn       CITRINA BERRY FRESH
[ 596/1016] no-platform   -            Crave
[ 597/1016] no-platform   -            Terrace Lounge
[ 598/1016] no-platform   -            Stone Oven
[ 599/1016] no-platform   -            Valerio's Finest Bake Shop
[ 600/1016] needs-browser -            Golden Spoon Carlsbad Plaza
[ 601/1016] needs-browser Square Online storefront Purl Tea San Marcos
[ 602/1016] no-platform   -            Pei Wei
[ 603/1016] no-platform   -            Rare Society
[ 604/1016] no-platform   -            Paris Baguette
[ 605/1016] no-platform   -            Fairbanks
[ 606/1016] no-platform   -            Bovino
[ 607/1016] needs-browser toast        Paradisaea
[ 608/1016] needs-browser plain-html   Nick's on State
[ 609/1016] no-platform   -            Tacos de Birria El Chinito Jr
[ 610/1016] no-platform   -            Green Vine Delicatessen
[ 611/1016] no-platform   -            Oaks Bar Grill
[ 612/1016] no-platform   -            China Fun
[ 613/1016] no-platform   -            La Sabrosita
[ 614/1016] needs-browser slice        Fiori’s Pizza
[ 615/1016] screened-out  shopify      Vigilante Coffee
[ 616/1016] screened-out  toast        Agave Birrieria
[ 617/1016] needs-browser order.online Sabor a Vida Cafe & Deli
[ 618/1016] no-platform   -            Breakwater Brewing Co.
[ 619/1016] no-platform   -            Pho House
[ 620/1016] needs-browser chownow      Donburi Rice Bowls
[ 621/1016] fetch-failed  -            Gooseberries kafe
[ 622/1016] wrong-branch  toast        Taco Lounge Escaya
[ 623/1016] no-platform   -            Camino Riviera
[ 624/1016] wrong-branch  toast        Chin's Szechwan - Del Mar
[ 625/1016] needs-browser toast        bcb Cafe
[ 626/1016] no-platform   -            Mendoza’s Mexican Food
[ 627/1016] needs-browser SpotOn       Tasty Pho
[ 628/1016] needs-browser toast        Tita's Taco Shop
[ 629/1016] no-platform   -            Vinarius Wine Bar & Restaurant
[ 630/1016] no-platform   -            Draft Republic San Marcos
[ 631/1016] wrong-branch  toast        Bubba’s Smokehouse BBQ
[ 632/1016] no-platform   -            Pho Oceanside
[ 633/1016] gated         chownow      Handel's Homemade Ice Cream
[ 634/1016] too-few       netwaiter    Su Pan Bakery El Cajon
[ 635/1016] needs-browser -            Tacaliente Mexican Grill
[ 636/1016] needs-browser order.online El Rinconcito Fruteria
[ 637/1016] no-platform   -            Panda Imperial Restaurant
[ 638/1016] no-platform   -            Gelato 101 Solana Beach
[ 639/1016] needs-browser toast        1022 Cafe & Gelateria
[ 640/1016] filed         toast        Napatini Bistro and Wine Bar
[ 641/1016] no-platform   -            Paris Baguette
[ 642/1016] fetch-failed  -            Truluck's
[ 643/1016] no-platform   -            Backdraft Bar & Grill
[ 644/1016] fetch-failed  -            Nory's Donut & Bakery
[ 645/1016] fetch-failed  -            Cork N Brew
[ 646/1016] no-platform   -            Ocean Thai Cuisine
[ 647/1016] needs-browser HungerRush   Buonasera New York Pizzeria
[ 648/1016] no-platform   -            Ono Hawaiian BBQ
[ 649/1016] no-platform   -            MOOYAH Burgers, Fries & Shakes
[ 650/1016] wrong-branch  toast        Cozy Corner
[ 651/1016] no-platform   -            Ernes Mexican Food & Breakfast
[ 652/1016] no-platform   -            Finca
[ 653/1016] no-platform   -            Rancho Grande El Toro Mexican Cuisine
[ 654/1016] no-platform   -            Tacotarian San Diego
[ 655/1016] no-platform   -            Caribbean Pleasure
[ 656/1016] fetch-failed  -            Savory Thai Restaurant
[ 657/1016] needs-browser Square Online storefront House of Pho
[ 658/1016] fetch-failed  -            Ju-ichi
[ 659/1016] no-platform   -            Graziano's Pizza Oceanside
[ 660/1016] no-platform   -            ZZan Sushi & Soju
[ 661/1016] screened-out  shopify      Ascend Coffee Roasters
[ 662/1016] no-platform   -            China Fusion - Vista Way
[ 663/1016] needs-browser -            NuYo Frozen Yogurt Telegraph Canyon
[ 664/1016] wrong-branch  toast        Madeleine
[ 665/1016] needs-browser SpotOn       Souplantation
[ 666/1016] no-platform   -            Bambinos Pizzeria & Deli #4
[ 667/1016] no-platform   -            Blanco Cocina + Cantina
[ 668/1016] fetch-failed  -            Sunny Side Solana
[ 669/1016] screened-out  shopify      James Coffee Co.
[ 670/1016] needs-browser chownow      Parakeet Juicery - La Jolla
[ 671/1016] no-platform   -            Old World Meat Company
[ 672/1016] needs-browser clover       Himalayan Bistro Oceanside
[ 673/1016] no-platform   -            El After Social Club
[ 674/1016] no-platform   -            Panpan wok
[ 675/1016] fetch-failed  -            New York Buffalo Wings
[ 676/1016] no-platform   -            Sonny’s Pizza
[ 677/1016] needs-browser slice        Allen's New York Pizza
[ 678/1016] needs-browser toast        Prey Brewing Company
[ 679/1016] needs-browser slice        HillCrust Pizza
[ 680/1016] gated         chownow      Handel’s Homemade Ice Cream
[ 681/1016] no-platform   -            EL ENCANTO SD
[ 682/1016] needs-browser clover       Ryan Bros Coffee City Heights
[ 683/1016] no-platform   -            Le Coq
[ 684/1016] needs-browser toast        Naked Pizza
[ 685/1016] no-platform   -            China bros
[ 686/1016] needs-browser -            Sukho Thai Extraordinaire
[ 687/1016] no-platform   -            Belinda's Familia Mexican Food Truck
[ 688/1016] wrong-branch  toast        ALOHA GRILL
[ 689/1016] needs-browser toast        Angry Chickz - Oceanside
[ 690/1016] no-platform   -            Jaws Topokki
[ 691/1016] no-platform   -            AleSmith Brewing Company
[ 692/1016] gated         chownow      Finney's Crafthouse
[ 693/1016] no-platform   -            The Crimson Cake
[ 694/1016] no-platform   -            Sam's Farm Fresh
[ 695/1016] needs-browser MealKeyWay   Tengu Ramen
[ 696/1016] no-platform   -            Comstock Bar & Grill
[ 697/1016] no-platform   -            Emiliana's Mexican & Deli Food
[ 698/1016] no-platform   -            Kin Saep
[ 699/1016] screened-out  shopify      Ascend Coffee Roasters
[ 700/1016] needs-browser toast        Docent Brewing
[ 701/1016] needs-browser MealKeyWay   Hi!Dumplings
[ 702/1016] needs-browser Square Online storefront PB Poke House Oceanside
[ 703/1016] wrong-branch  ubereats     SugarBears Sweet Provisions
[ 704/1016] needs-browser order.online El Ranchero
[ 705/1016] too-few       netwaiter    Thai Pasta
[ 706/1016] needs-browser spothopper   Players Sports Grill
[ 707/1016] no-platform   -            La Mesa Pizzaworks
[ 708/1016] no-platform   -            Great Wok of China
[ 709/1016] needs-browser toast        Smokin J's BBQ & Taphouse
[ 710/1016] no-platform   -            Charli's Landing
[ 711/1016] no-platform   -            Gintaro Sushi
[ 712/1016] no-platform   -            Urban Location Boba Tea House San Diego
[ 713/1016] no-platform   -            Merenda
[ 714/1016] screened-out  shopify      Trident Coffee Pacific Beach
[ 715/1016] no-platform   -            Eclipse Chocolat
[ 716/1016] no-platform   -            Sound by the Sea
[ 717/1016] no-platform   -            Good Source Coffee
[ 718/1016] no-platform   -            Thai Table Time
[ 719/1016] needs-browser MealKeyWay   Ocean Buffet
[ 720/1016] no-platform   -            Los Armando's Mexican Food
[ 721/1016] no-platform   -            Green Cheek Beer Co.
[ 722/1016] needs-browser Square Online (own domain) Beach City Smoothies
[ 723/1016] no-platform   -            Leu Leu
[ 724/1016] needs-browser plain-html   Chef’s Wok & Dumplings
[ 725/1016] no-platform   -            Los Cucos Mexican Food
[ 726/1016] no-platform   -            Flame Broiler
[ 727/1016] no-platform   -            Two Hands Corn Dog Mira Mesa
[ 728/1016] no-platform   -            UT-HO Boba & Baguette
[ 729/1016] no-platform   -            Burtech Family Vineyard Tasting Room
[ 730/1016] no-platform   -            Pietro's Cucina Italiana
[ 731/1016] no-platform   -            Paris Baguette
[ 732/1016] no-platform   -            Good Omen Coffee Co
[ 733/1016] no-platform   -            El Flako's Wrangler Barbecue
[ 734/1016] no-platform   -            The Alley Otay Mesa
[ 735/1016] no-platform   -            Buffalo Wild Wings GO
[ 736/1016] no-platform   -            Tacos el Niño Santana
[ 737/1016] no-platform   -            Saigon Star Restaurant
[ 738/1016] no-platform   -            Diego's Taco Shop
[ 739/1016] needs-browser order.online Burrito Leo's Mexican Food
[ 740/1016] needs-browser MealKeyWay   Pho Tan
[ 741/1016] no-platform   -            IZOLA
[ 742/1016] too-few       netwaiter    Wings mix
[ 743/1016] needs-browser toast        CTZN
[ 744/1016] no-platform   -            TAKARAMONO SUSHI
[ 745/1016] needs-browser chownow      Burger Bench Vista
[ 746/1016] no-platform   -            Pei Wei
[ 747/1016] no-platform   -            La Casa Verde
[ 748/1016] no-platform   -            Simply Fresh Thai
[ 749/1016] no-platform   -            Pho Nam Cali
[ 750/1016] no-platform   -            Photo House
[ 751/1016] no-platform   -            La Mesita Mexican Food
[ 752/1016] no-platform   -            Chocolate Bash
[ 753/1016] needs-browser order.online EsKiNiTa
[ 754/1016] no-platform   -            Little Victory Wine Bar
[ 755/1016] screened-out  clover       Mission Baja Tacos
[ 756/1016] no-platform   -            T&T Tacos & Tequila Grill & Cantina
[ 757/1016] no-platform   -            Alborz Restaurant
[ 758/1016] needs-browser toast        Fleurette
[ 759/1016] no-platform   -            Banzai Bowls
[ 760/1016] no-platform   -            Buca di Beppo Italian Restaurant
[ 761/1016] needs-browser slice        West Coast Pizza Company
[ 762/1016] no-platform   -            The Honor Bar
[ 763/1016] fetch-failed  -            the Koffie Co
[ 764/1016] no-platform   -            Acai Republic - Oceanside
[ 765/1016] needs-browser olo          Panini Kabob Grill - Park 12
[ 766/1016] no-platform   -            tiger!tiger!
[ 767/1016] fetch-failed  -            Kona Craft Cafe
[ 768/1016] no-platform   -            Piedra Santa
[ 769/1016] no-platform   -            Pha Khao Lao Cuisine
[ 770/1016] no-platform   -            Banzai Bowls
[ 771/1016] no-platform   -            Rocko's Family Restaurant
[ 772/1016] fetch-failed  -            Top of the Bagel
[ 773/1016] fetch-failed  -            Mandarin Wok Restaurant
[ 774/1016] no-platform   -            Kiiro Sushi Izakaya
[ 775/1016] no-platform   -            Thai Thai Melrose Restaurant
[ 776/1016] needs-browser slice        Pop's Pizza
[ 777/1016] no-platform   -            MAKE Cafe
[ 778/1016] needs-browser toast        Breakers
[ 779/1016] no-platform   -            Troy's Greek Restaurant
[ 780/1016] needs-browser toast        QUICK BITES CAFE / Best Sandwiches
[ 781/1016] gated         chownow      CinKuni (Italian & Japanese Cuisine)
[ 782/1016] no-platform   -            Monserate Winery
[ 783/1016] no-platform   -            Olive Branch Eatery
[ 784/1016] no-platform   -            Campland Cantina
[ 785/1016] no-platform   -            Rubio's Coastal Grill
[ 786/1016] no-platform   -            Rubio's Coastal Grill
[ 787/1016] no-platform   -            Mr. Buffalo Fries
[ 788/1016] no-platform   -            PanPan Wok
[ 789/1016] wrong-branch  toast        The Great Greek Mediterranean Grill - Oceanside, CA
[ 790/1016] no-platform   -            Cocina 35 brunch
[ 791/1016] no-platform   -            Ocean Thai Cuisine
[ 792/1016] no-platform   -            Bueno Wine & Goods
[ 793/1016] no-platform   -            Rubio's Coastal Grill
[ 794/1016] no-platform   -            Las Ricas Tortas
[ 795/1016] too-few       netwaiter    LA PLACE DELI
[ 796/1016] needs-browser Square Online storefront iWok Chinese Kitchen
[ 797/1016] needs-browser Square Online (own domain) Slurp
[ 798/1016] needs-browser slice        Little Sisters Pizza
[ 799/1016] no-platform   -            Little Hidden Bakery
[ 800/1016] needs-browser toast        Jolie
[ 801/1016] no-platform   -            Mi Tierra Super Taco
[ 802/1016] no-platform   -            Una Mas on Adams
[ 803/1016] no-platform   -            Pizza Guys
[ 804/1016] needs-browser toast        Brites Soft Serve
[ 805/1016] no-platform   -            PanPan Wok
[ 806/1016] no-platform   -            Fortuna Ristorante Italiano
[ 807/1016] no-platform   -            chance's coffee
[ 808/1016] needs-browser order.online Halal Burger Co.
[ 809/1016] wrong-branch  toast        Chin's Szechwan - Point Loma
[ 810/1016] needs-browser Square Online (own domain) Le Charcuterie Bar
[ 811/1016] no-platform   -            Dark Horse Coffee Roasters
[ 812/1016] no-platform   -            Juice Holler
[ 813/1016] screened-out  toast        Agave Birrieria
[ 814/1016] no-platform   -            Leona's Cucina Italiana
[ 815/1016] no-platform   -            North Park Creamery
[ 816/1016] needs-browser HungerRush   Pop Pops Paleta
[ 817/1016] needs-browser olo          Coffee Bean
[ 818/1016] needs-browser toast        Between Us
[ 819/1016] needs-browser Square Online (own domain) Beach City Smoothies - Oceanside
[ 820/1016] no-platform   -            PanPan wok
[ 821/1016] needs-browser Square Online storefront Mein St. Asian Kitchen
[ 822/1016] no-platform   -            Oriental Cafe | Chinese
[ 823/1016] no-platform   -            Pokeport Oceanside
[ 824/1016] no-platform   -            La Costa Wine
[ 825/1016] no-platform   -            Queenstown Del Mar
[ 826/1016] no-platform   -            El Papas Fritas Taco Shop
[ 827/1016] no-platform   -            Thai Thae Cuisine
[ 828/1016] no-platform   -            Ono Hawaiian BBQ
[ 829/1016] no-platform   -            Noodle & Bun
[ 830/1016] no-platform   -            Poki Poki - Escondido
[ 831/1016] needs-browser Square Online (own domain) Chef Budda Blasian Soul Food LLC
[ 832/1016] screened-out  order.online La Fresita Y Mas
[ 833/1016] no-platform   -            KABOB SHACK - EASTLAKE
[ 834/1016] no-platform   -            For The Win - San Diego
[ 835/1016] no-platform   -            Christophe Rull Patisserie
[ 836/1016] no-platform   -            Chopsticks Inn Restaurant
[ 837/1016] no-platform   -            Egg Tuck
[ 838/1016] no-platform   -            Arteazen Handcrafted Tea
[ 839/1016] needs-browser MealKeyWay   Dumplings N More
[ 840/1016] no-platform   -            Love Letters Pizza
[ 841/1016] fetch-failed  -            Antique Thai
[ 842/1016] needs-browser order.online Torta Time
[ 843/1016] no-platform   -            Khyber Pass Zarparan Restaurant | Afghan
[ 844/1016] no-platform   -            Uncle Feras Middle Eastern Restaurant
[ 845/1016] no-platform   -            Hilltop Cafe
[ 846/1016] no-platform   -            Board & Brew - Downtown San Diego
[ 847/1016] no-platform   -            ZZan Sushi & Soju
[ 848/1016] no-platform   -            The Poke Tea House
[ 849/1016] no-platform   -            ROBATA-X Sushi & Izakaya
[ 850/1016] needs-browser toast        NOIR Sushi and Sake Fusion Lounge
[ 851/1016] no-platform   -            Huckleberry's Breakfast & Lunch
[ 852/1016] wrong-branch  toast        TACO CENTRO
[ 853/1016] no-platform   -            Barrel Riot
[ 854/1016] needs-browser olo          Dimassi's Mediterranean Buffet
[ 855/1016] no-platform   -            Dalu Hawaiian BBQ
[ 856/1016] no-platform   -            Sabroso taco savor a mi tierra
[ 857/1016] no-platform   -            Zuma San Diego
[ 858/1016] needs-browser toast        La Jollita
[ 859/1016] no-platform   -            Mevan Coffee & Desserts & Brunch
[ 860/1016] no-platform   -            Bodega Market
[ 861/1016] no-platform   -            Scena Fusion Kitchen & Bar
[ 862/1016] no-platform   -            24 Suns
[ 863/1016] no-platform   -            Jalisco Cantina
[ 864/1016] no-platform   -            Peppoli's Pizza & Philly Steaks
[ 865/1016] no-platform   -            Hazel & Jade Bakery
[ 866/1016] no-platform   -            Ichitaru Ramen Carlsbad
[ 867/1016] needs-browser Square Online (own domain) The Cakery Cafe
[ 868/1016] no-platform   -            Lotho Deli
[ 869/1016] needs-browser -            Pompei Pizza
[ 870/1016] needs-browser SpotOn       Crest Taco
[ 871/1016] fetch-failed  -            Quarter Deck Inn Cocktails
[ 872/1016] filed         wix          Sourpuss Donuts
[ 873/1016] needs-browser toast        Colosseo Cucina Italiana
[ 874/1016] needs-browser MealKeyWay   Pho Luu Escondido - Vietnamese Cuisine
[ 875/1016] screened-out  own-jsonld   Hanna Garden
[ 876/1016] needs-browser chownow      Parakeet Cafe - Nautilus
[ 877/1016] no-platform   -            UT-HO Boba & Baguette
[ 878/1016] no-platform   -            Taconora Pacific Beach
[ 879/1016] no-platform   -            Mexico City Cuisine-CoLab
[ 880/1016] needs-browser slice        Pastalini
[ 881/1016] no-platform   -            Thai Table Time
[ 882/1016] needs-browser toast        Market St Pizzeria
[ 883/1016] no-platform   -            Little While
[ 884/1016] no-platform   -            I Love Bagels
[ 885/1016] no-platform   -            Side Street Bowls & Smoothies
[ 886/1016] no-platform   -            Borrego Rooftop
[ 887/1016] no-platform   -            Sono North Park
[ 888/1016] fetch-failed  -            Daisy Deli
[ 889/1016] no-platform   -            The Morning Grove
[ 890/1016] no-platform   -            Krak Boba
[ 891/1016] no-platform   -            Mantra Raja
[ 892/1016] wrong-branch  toast        Blank Slate
[ 893/1016] no-platform   -            Barrio Food Hub
[ 894/1016] no-platform   -            Monserate Winery
[ 895/1016] no-platform   -            El Flako's Wrangler Barbecue
[ 896/1016] no-platform   -            Gaslamp Coffee Bar
[ 897/1016] needs-browser toast        One of Us
[ 898/1016] no-platform   -            Grandson Steaks
[ 899/1016] no-platform   -            Crave & Feast
[ 900/1016] needs-browser Square Online storefront Empanada Kitchen
[ 901/1016] needs-browser toast        Okama Ramen and Grill
[ 902/1016] no-platform   -            The Encore Sushi
[ 903/1016] no-platform   -            Badas burgers
[ 904/1016] no-platform   -            Native Foods
[ 905/1016] needs-browser MenuSifu     Joyee Noodle House(UTC)
[ 906/1016] wrong-branch  toast        Saigon Alley Kitchen & Bar
[ 907/1016] no-platform   -            Doc Holliday's
[ 908/1016] no-platform   -            Kasi
[ 909/1016] wrong-branch  toast        Gold Coffee Shop
[ 910/1016] wrong-branch  toast        Cala La Jolla Café
[ 911/1016] needs-browser Square Online storefront Copa Vida
[ 912/1016] needs-browser -            Sammy's Woodfire Pizza and Grille
[ 913/1016] no-platform   -            El Dorado
[ 914/1016] no-platform   -            Baba's Pizza
[ 915/1016] screened-out  order.online Fish Restaurant
[ 916/1016] no-platform   -            Soda & Swine
[ 917/1016] no-platform   -            Cafe Fresh
[ 918/1016] needs-browser order.online Deli Belly
[ 919/1016] fetch-failed  -            Rancho Cafe
[ 920/1016] wrong-branch  toast        Blue Water Grill
[ 921/1016] no-platform   -            Pegah’s Kitchen
[ 922/1016] needs-browser Square Online storefront Empanada Kitchen
[ 923/1016] screened-out  shopify      Lofty Coffee
[ 924/1016] no-platform   -            Trisler's San Diego Wine Bar
[ 925/1016] no-platform   -            Our Green Affair
[ 926/1016] fetch-failed  -            Coco's Bakery
[ 927/1016] no-platform   -            Cent'Anni Café
[ 928/1016] fetch-failed  -            Island Market
[ 929/1016] no-platform   -            U31
[ 930/1016] no-platform   -            Rush Bowls
[ 931/1016] needs-browser -            The Hamlett
[ 932/1016] no-platform   -            Filibertos
[ 933/1016] wrong-branch  toast        The Coffee Spot
[ 934/1016] no-platform   -            Brick & Bell Plus
[ 935/1016] no-platform   -            Village Inn
[ 936/1016] no-platform   -            India Princess
[ 937/1016] no-platform   -            Kava Lounge
[ 938/1016] no-platform   -            Jungle Cart
[ 939/1016] no-platform   -            Veladora
[ 940/1016] no-platform   -            Villa Fresh Italian Kitchen
[ 941/1016] no-platform   -            Jordan
[ 942/1016] no-platform   -            Fairbanks
[ 943/1016] no-platform   -            Deja Vu
[ 944/1016] no-platform   -            Shake Smart
[ 945/1016] fetch-failed  -            Mis Dos Gallos Taqueria, Fruit & Deli
[ 946/1016] no-platform   -            Nicolosi's Pizza (Mira Lee Way)
[ 947/1016] needs-browser Square Online storefront Prager Brothers Artisan Breads
[ 948/1016] needs-browser slice        Massachusetts Mike's Pizzeria
[ 949/1016] no-platform   -            CABETOS Pops
[ 950/1016] no-platform   -            The Reading Club
[ 951/1016] wrong-branch  toast        Beeside Balcony La Jolla
[ 952/1016] fetch-failed  -            Kellys Pub
[ 953/1016] no-platform   -            Time Out Café
[ 954/1016] fetch-failed  -            Lefty's Cheesesteaks
[ 955/1016] no-platform   -            Juice Alchemy
[ 956/1016] no-platform   -            La Salsa
[ 957/1016] no-platform   -            Relic Bakery & Kitchen
[ 958/1016] no-platform   -            Monster Snacks
[ 959/1016] needs-browser toast        Sultan Baklava
[ 960/1016] wrong-branch  toast        Oceanside Fish Shop
[ 961/1016] no-platform   -            CHINA CHEF 1
[ 962/1016] no-platform   -            Safari Coffee Outpost
[ 963/1016] needs-browser -            Yogurt Lounge Serra Mesa
[ 964/1016] no-platform   -            Canyon Inn
[ 965/1016] filed         spothopper   Cabo Cantina
[ 966/1016] no-platform   -            Mo-Mo Paradise
[ 967/1016] no-platform   -            Pizza Guys
[ 968/1016] too-few       own-jsonld   The Oceanaire Seafood Room
[ 969/1016] needs-browser Square Online storefront Lucha Libre Taco Shop
[ 970/1016] fetch-failed  -            Tacos Locos Tasty Mexican Food
[ 971/1016] fetch-failed  -            OB Kebab
[ 972/1016] fetch-failed  -            OB Garden Café
[ 973/1016] no-platform   -            George’s Bar
[ 974/1016] needs-browser Square Online (own domain) BCB Coffee
[ 975/1016] no-platform   -            Grover's Grill
[ 976/1016] wrong-branch  toast        Chef Fei
[ 977/1016] no-platform   -            House of Black
[ 978/1016] no-platform   -            Creme De La Crepe
[ 979/1016] no-platform   -            Border X Brewing
[ 980/1016] no-platform   -            Noodles
[ 981/1016] fetch-failed  -            Las Pinches Tortas
[ 982/1016] no-platform   -            Taco Villa
[ 983/1016] needs-browser Square Online storefront Copa Vida
[ 984/1016] no-platform   -            Mission Brewing (fka Rough Draft)
[ 985/1016] no-platform   -            Aromas
[ 986/1016] no-platform   -            Chicken & Crown
[ 987/1016] fetch-failed  -            Dryer's Ice Cream Parlor
[ 988/1016] no-platform   -            University Towers Kitchen
[ 989/1016] no-platform   -            TEC Cafe
[ 990/1016] needs-browser toast        BCB Coffee Company
[ 991/1016] no-platform   -            Sweet Labors
[ 992/1016] fetch-failed  -            All Fried Up
[ 993/1016] fetch-failed  -            Trade Restaurant & Lounge
[ 994/1016] wrong-branch  toast        Carnitas’ Snack Shack
[ 995/1016] no-platform   -            Café de Anza
[ 996/1016] no-platform   -            Mawazo Kitchen
[ 997/1016] needs-browser MealKeyWay   Yonny Mini Hotpot
[ 998/1016] needs-browser Square Online storefront Cafecito 1806
[ 999/1016] fetch-failed  -            The Waterfront
[1000/1016] no-platform   -            SanSai Japanese Grill
[1001/1016] no-platform   -            NM Cafe
[1002/1016] no-platform   -            The Santaluz Club Dining Room and Events
[1003/1016] no-platform   -            Stony Mountain Bar & Grill
[1004/1016] no-platform   -            Inland Tavern
[1005/1016] fetch-failed  -            In Between
[1006/1016] fetch-failed  -            Capriotti's Sandwich Shop
[1007/1016] needs-browser -            Casa de Freds
[1008/1016] needs-browser -            Verde Kitchen & Bar
[1009/1016] no-platform   -            HACIENDITA BAKERY
[1010/1016] no-platform   -            The Grand Tradition
[1011/1016] no-platform   -            Mama Kat's Restaurant and Pie Shop
[1012/1016] fetch-failed  -            BunZ
[1013/1016] no-platform   -            Oliva
[1014/1016] no-platform   -            Bean Sprouts
[1015/1016] no-platform   -            Ground Up Cafe
[1016/1016] no-platform   -            Buka - Taste of Nigeria

platform                       attempted         filed       too-few         gated  wrong-branch needs-browser   no-platform  fetch-failed  screened-out
none                                 669             0             0             0             0            26           535           108             0
toast                                 93             2             0             0            28            60             0             0             3
Square Online storefront              43             0             0             0             0            43             0             0             0
order.online                          42             0             0             0             4            32             0             0             6
Square Online (own domain)            23             0             0             0             0            23             0             0             0
chownow                               22             0             0             8             0            14             0             0             0
netwaiter                             20             0            20             0             0             0             0             0             0
MealKeyWay                            17             0             0             0             0            17             0             0             0
slice                                 14             0             0             0             0            13             0             0             1
shopify                               12             1             0             0             0             0             0             0            11
SpotOn                                11             0             0             0             0            11             0             0             0
plain-html                             9             0             0             0             0             9             0             0             0
olo                                    9             0             0             0             0             9             0             0             0
spothopper                             8             1             0             0             0             7             0             0             0
clover                                 8             0             0             0             3             2             0             0             3
HungerRush                             4             0             0             0             0             4             0             0             0
own-jsonld                             4             0             2             0             0             0             0             0             2
menufy                                 2             0             0             0             0             0             0             0             2
GloriaFood widget                      1             0             0             0             0             1             0             0             0
Paytronix                              1             0             0             0             0             1             0             0             0
popmenu                                1             0             0             0             1             0             0             0             0
ubereats                               1             0             0             0             1             0             0             0             0
wix                                    1             1             0             0             0             0             0             0             0
MenuSifu                               1             0             0             0             0             1             0             0             0
TOTAL                               1016             5            22             8            37           273           535           108            28

5 menus, 28 dishes
wrote menus/wip/router-20260904-235056.json
wrote menus/wip/router-20260904-235056.notes.json
