queue 1022 with a website; routing 1022 at concurrency 4

[   1/1022] needs-browser chownow      Burger Bench Escondido
[   2/1022] no-platform   -            Taquería Imperial
[   3/1022] no-platform   -            Mimi's Cafe
[   4/1022] needs-browser chownow      Brigantine Seafood
[   5/1022] screened-out  order.online Wood Ranch Mission Valley
[   6/1022] fetch-failed  -            Public Square Coffee House
[   7/1022] wrong-branch  order.online El Pueblo Mexican Food - Carlsbad
[   8/1022] no-platform   -            Home Sweet Home Cafe
[   9/1022] no-platform   -            VG Donut & Bakery
[  10/1022] no-platform   -            Farmer & The Seahorse
[  11/1022] needs-browser order.online Tom's Famous Family Restaurant 24
[  12/1022] no-platform   -            Los Reyes Mexican Restaurant & Cantina
[  13/1022] needs-browser Square Online storefront Wayfarer Bread & Pastry
[  14/1022] needs-browser plain-html   Por Favor El Cajon
[  15/1022] no-platform   -            Loreto's Taco Shop
[  16/1022] gated         chownow      Handel’s Homemade Ice Cream
[  17/1022] needs-browser order.online TOM's Famous Family Restaurant 22
[  18/1022] no-platform   -            Taco Bar
[  19/1022] needs-browser chownow      Parakeet Cafe - Little Italy
[  20/1022] fetch-failed  -            Plazas Mexican Food
[  21/1022] needs-browser plain-html   Papas & Tacos Mexican Food
[  22/1022] needs-browser toast        Coya Peruvian Secret
[  23/1022] needs-browser GloriaFood widget That Mexican Place
[  24/1022] no-platform   -            Todo Sushi
[  25/1022] no-platform   -            El Real Mexican Food
[  26/1022] needs-browser toast        MooTime Creamery
[  27/1022] no-platform   -            Anita's Mexican Restaurant & Cantina
[  28/1022] screened-out  order.online Grandma Tofu & BBQ
[  29/1022] needs-browser toast        Lanna Thai Cuisine
[  30/1022] needs-browser slice        Pastalini
[  31/1022] no-platform   -            Otay Mandarin Chinese Restaurant
[  32/1022] no-platform   -            Hanu Korean BBQ
[  33/1022] needs-browser olo          Panini Kabob Grill - Mission Valley
[  34/1022] no-platform   -            Red Fox Room and Steakhouse
[  35/1022] needs-browser Square Online storefront skybound coffee + dessert lounge
[  36/1022] needs-browser order.online Sancho's Tacos
[  37/1022] no-platform   -            It's Raw Poke Shop
[  38/1022] needs-browser toast        The Asian Bistro
[  39/1022] no-platform   -            Antonio's Mexican Food
[  40/1022] needs-browser Square Online (own domain) Up2You Cafe
[  41/1022] needs-browser toast        Stake Chophouse & Bar
[  42/1022] no-platform   -            Boudin SF
[  43/1022] needs-browser plain-html   Pancho's Mexican Restaurant
[  44/1022] needs-browser plain-html   Nick's Del Mar
[  45/1022] fetch-failed  -            La Concha Bakery
[  46/1022] no-platform   -            Urban Crave
[  47/1022] needs-browser olo          Better Buzz Coffee Pacific Beach Grand
[  48/1022] no-platform   -            Lucy's Bakery
[  49/1022] no-platform   -            Edelweiss Bakery
[  50/1022] no-platform   -            Urban Crave
[  51/1022] too-few       netwaiter    Connie's
[  52/1022] no-platform   -            Muay Thai Kitchen
[  53/1022] no-platform   -            Baci Restaurant | Italian
[  54/1022] needs-browser toast        Nado Republic
[  55/1022] needs-browser Square Online (own domain) Camp Coffee Company
[  56/1022] needs-browser -            Beyer Deli
[  57/1022] no-platform   -            Umai Sushi
[  58/1022] needs-browser Square Online (own domain) Portal Coffee
[  59/1022] needs-browser order.online Robertito's Mexican Food
[  60/1022] no-platform   -            Golden Donut
[  61/1022] needs-browser Square Online storefront Prager Brothers Artisan Breads
[  62/1022] fetch-failed  -            Mi Ranchito Taco Shop
[  63/1022] gated         chownow      Handel’s Homemade Ice Cream
[  64/1022] needs-browser spothopper   Los Panchos Mexican Grill & Seafood
[  65/1022] needs-browser MealKeyWay   Dumplings N More
[  66/1022] needs-browser spothopper   Penelopes Mexican Food
[  67/1022] needs-browser Square Online storefront Maan's Mediterranean Grill
[  68/1022] no-platform   -            Superbloom Coffee & Juice
[  69/1022] needs-browser toast        The Remy
[  70/1022] needs-browser Square Online (own domain) Barrio Donas
[  71/1022] no-platform   -            The Cowshed
[  72/1022] fetch-failed  -            Bonchon Chicken
[  73/1022] needs-browser spothopper   Curry & More - Indian Bistro
[  74/1022] no-platform   -            Yingli Restaurant | Chula Vista
[  75/1022] needs-browser spothopper   3N1 Sports Bar & Grill
[  76/1022] needs-browser toast        Shaks Mediterranean Bistro
[  77/1022] no-platform   -            Red Lobster
[  78/1022] no-platform   -            Pacific Beach Ice Cream Co.
[  79/1022] needs-browser chownow      Arizona Chinese Restaurant
[  80/1022] needs-browser order.online Scoops La Jolla
[  81/1022] fetch-failed  -            Leucadia Donut Shoppe
[  82/1022] no-platform   -            Señor Taquero
[  83/1022] too-few       netwaiter    Aiberto's Taco Shop
[  84/1022] no-platform   -            Camel's Bar and Grill
[  85/1022] no-platform   -            SOMISOMI
[  86/1022] gated         chownow      Handel's Homemade Ice Cream
[  87/1022] wrong-branch  order.online Lourdes Mexican Food To Go
[  88/1022] no-platform   -            Hidden Fish
[  89/1022] fetch-failed  -            Bay Park Coffee
[  90/1022] screened-out  clover       Royal Sweets
[  91/1022] no-platform   -            Big Front Door
[  92/1022] no-platform   -            Sushi Factory
[  93/1022] needs-browser toast        Tabu Sushi Bar & Grill Santee
[  94/1022] needs-browser Square Online storefront Portinos Restaurant
[  95/1022] no-platform   -            Emma's Mexican Food
[  96/1022] no-platform   -            El Charro Mexican Food
[  97/1022] too-few       netwaiter    Mary Ettas Cafe
[  98/1022] no-platform   -            Rosarito's Mexican Food #1
[  99/1022] needs-browser spothopper   il Sogno Italiano
[ 100/1022] needs-browser Square Online storefront Sandwich Emporium
[ 101/1022] needs-browser order.online Gelato Paradiso
[ 102/1022] no-platform   -            Hanna's Gourmet
[ 103/1022] needs-browser Square Online storefront Pink Rose Cafe
[ 104/1022] no-platform   -            Flora
[ 105/1022] needs-browser -            Yogurt Heaven
[ 106/1022] no-platform   -            The Art of Espresso
[ 107/1022] needs-browser slice        Italia Pizza
[ 108/1022] needs-browser toast        Valentina
[ 109/1022] no-platform   -            Angelito's Fruteria Y Neveria
[ 110/1022] no-platform   -            Lucy's Bakery
[ 111/1022] no-platform   -            Honey Baked Ham
[ 112/1022] needs-browser plain-html   @Spacebar Cafe
[ 113/1022] no-platform   -            Off The 8 Café
[ 114/1022] no-platform   -            Cafe Bella Drive Thru
[ 115/1022] needs-browser olo          Luna Grill Millenia
[ 116/1022] needs-browser Square Online (own domain) Solana Sumptuous Cookies
[ 117/1022] needs-browser olo          Randy's Donuts
[ 118/1022] no-platform   -            Royal India Express
[ 119/1022] fetch-failed  -            We Olive & Wine Bar
[ 120/1022] needs-browser MealKeyWay   Surfing Crab Escondido
[ 121/1022] screened-out  menufy       Ginza Sushi
[ 122/1022] no-platform   -            Tropifruit Juice Bar
[ 123/1022] no-platform   -            Cow-A-Bunga Ice Cream & Coffee
[ 124/1022] no-platform   -            Dragon Express
[ 125/1022] needs-browser Square Online (own domain) Serrano's Mexican Food
[ 126/1022] no-platform   -            Ike's Love & Sandwiches
[ 127/1022] fetch-failed  -            Thai Island@
[ 128/1022] needs-browser spothopper   Santos Coffee
[ 129/1022] no-platform   -            Tak Grill Fresh Mediterranean Food
[ 130/1022] fetch-failed  -            Palomino's Mexican & Seafood
[ 131/1022] no-platform   -            BKK THAI KITCHEN
[ 132/1022] needs-browser toast        Rosemonts Cafe
[ 133/1022] no-platform   -            Athens Market Taverna
[ 134/1022] screened-out  shopify      La Colombe Coffee Roasters
[ 135/1022] no-platform   -            Shozen BBQ
[ 136/1022] no-platform   -            Mexico Lindo Restaurant
[ 137/1022] needs-browser Square Online (own domain) Matcha Cafe Maiko - Escondido
[ 138/1022] needs-browser order.online San Diego Sandwich Co
[ 139/1022] no-platform   -            PGA Tour Grill
[ 140/1022] no-platform   -            Wahoo's Fish Taco
[ 141/1022] needs-browser -            Marieta's Mexican Food
[ 142/1022] no-platform   -            Eugenio Italian Ristorante & More
[ 143/1022] needs-browser HungerRush   Flippin' Pizza La Costa
[ 144/1022] no-platform   -            Cake de Partie
[ 145/1022] no-platform   -            Uncle Biffs California Killer Cookies
[ 146/1022] no-platform   -            La Mixteca
[ 147/1022] screened-out  own-jsonld   Hanna Garden
[ 148/1022] no-platform   -            Donuts Plus
[ 149/1022] no-platform   -            Silverlake Ramen
[ 150/1022] gated         chownow      Handel's Homemade Ice Cream
[ 151/1022] no-platform   -            Pizza Mania
[ 152/1022] no-platform   -            Bravo Cafe
[ 153/1022] filed         shopify      Flor and Seed Coffee Roasters
[ 154/1022] needs-browser SpotOn       Porky's Lechon Barbecue
[ 155/1022] needs-browser Square Online storefront Crossroads Deli
[ 156/1022] needs-browser Square Online (own domain) Elixir Espresso & Wine Bar
[ 157/1022] too-few       netwaiter    Opa Greek Restaurant & Grill
[ 158/1022] no-platform   -            Kokoro Restaurant
[ 159/1022] no-platform   -            Imperial Express
[ 160/1022] fetch-failed  -            Potato Corner
[ 161/1022] no-platform   -            KD's Donuts
[ 162/1022] no-platform   -            The Orient Thai
[ 163/1022] fetch-failed  -            Cielo Rooftop
[ 164/1022] fetch-failed  -            Valerio's 1979
[ 165/1022] no-platform   -            Kaffee Meister
[ 166/1022] needs-browser olo          Luna Grill Encinitas
[ 167/1022] no-platform   -            White Labs Brewing Co - San Diego
[ 168/1022] no-platform   -            The Leucadian
[ 169/1022] needs-browser toast        The Naked Cafe
[ 170/1022] needs-browser Square Online storefront Thyme for Lunch Cafe & Grill
[ 171/1022] no-platform   -            ENO Market & Pizzeria
[ 172/1022] no-platform   -            Beach + Taco Shack
[ 173/1022] needs-browser -            SoCal Sushi
[ 174/1022] no-platform   -            Nothing Bundt Cakes
[ 175/1022] no-platform   -            Glazed Coffee & Creamery
[ 176/1022] screened-out  menufy       IB Thai
[ 177/1022] no-platform   -            Phở Hòa Restaurant | Vietnamese
[ 178/1022] no-platform   -            Ko-Li Bar
[ 179/1022] needs-browser Square Online storefront Mesa Agricola
[ 180/1022] needs-browser Square Online (own domain) Industrial Grind Coffee
[ 181/1022] no-platform   -            Que Tortas
[ 182/1022] screened-out  shopify      James Coffee Co
[ 183/1022] screened-out  shopify      Seven Seas Roasting Company
[ 184/1022] needs-browser chownow      Pho Hiep & Grill
[ 185/1022] no-platform   -            Kaito Sushi
[ 186/1022] fetch-failed  -            Donut Factory
[ 187/1022] no-platform   -            Chopsticks Chinese Cuisine
[ 188/1022] no-platform   -            The Grounds Bean Bar
[ 189/1022] needs-browser toast        Fat Joe’s O’side
[ 190/1022] no-platform   -            YuJing Chinese Restaurant
[ 191/1022] needs-browser -            Banh Mi Blvd
[ 192/1022] no-platform   -            Tea Pavilion
[ 193/1022] needs-browser Square Online (own domain) Dot Cafe
[ 194/1022] no-platform   -            La Moreliana
[ 195/1022] fetch-failed  -            Valentinas Taco Shop
[ 196/1022] no-platform   -            Blue Pepper Asian Cuisine
[ 197/1022] fetch-failed  -            Memo's Golden Bagel
[ 198/1022] fetch-failed  -            The Reunion
[ 199/1022] needs-browser order.online BB's Deli
[ 200/1022] needs-browser -            Seaview Restaurant
[ 201/1022] needs-browser order.online Le Macaron French Pastries
[ 202/1022] needs-browser SpotOn       Kalei's Kitchenette
[ 203/1022] fetch-failed  -            Eat Your Heart Out II
[ 204/1022] needs-browser MealKeyWay   Iron Wok
[ 205/1022] needs-browser toast        Lime in the Coconut
[ 206/1022] no-platform   -            San Diego Blenders
[ 207/1022] fetch-failed  -            Bistro Pazzo
[ 208/1022] filed         toast        Baja Rick's Cantina
[ 209/1022] no-platform   -            Joses Taco Shop
[ 210/1022] needs-browser slice        Rock On Pizza
[ 211/1022] needs-browser clover       Purple Owl Cafe
[ 212/1022] no-platform   -            Nanay's Best BBQ
[ 213/1022] needs-browser Square Online storefront Sue's Korean Kitchen
[ 214/1022] fetch-failed  -            Al Teatro Panini Grill
[ 215/1022] no-platform   -            Black Radish
[ 216/1022] fetch-failed  -            Idego Coffee Roasters
[ 217/1022] no-platform   -            Little Ceasar's
[ 218/1022] needs-browser Square Online storefront Tacoman
[ 219/1022] fetch-failed  -            Rosarito's Mexican Food #2
[ 220/1022] no-platform   -            Explorers Café
[ 221/1022] no-platform   -            Criscito Pizza
[ 222/1022] too-few       netwaiter    Nolberto's Taco Shop
[ 223/1022] no-platform   -            Sweet Revenge Bakery
[ 224/1022] fetch-failed  -            Bar Kamon
[ 225/1022] no-platform   -            Surfdog's Java Hot
[ 226/1022] fetch-failed  -            Thai Fresh
[ 227/1022] no-platform   -            The Luau
[ 228/1022] no-platform   -            Hino
[ 229/1022] no-platform   -            Red Ribbon Bakeshop
[ 230/1022] no-platform   -            Coral Tree Tea House
[ 231/1022] no-platform   -            World Famous I Bar
[ 232/1022] fetch-failed  -            P B Pub
[ 233/1022] fetch-failed  -            Prince Hookah Cafe
[ 234/1022] no-platform   -            Red Ribbon Bakeshop
[ 235/1022] fetch-failed  -            Victor's Kafe - Poway
[ 236/1022] no-platform   -            Mother's Kitchen
[ 237/1022] no-platform   -            Thai Style
[ 238/1022] no-platform   -            Brown Bag Deli
[ 239/1022] needs-browser toast        Mr. Charlie's
[ 240/1022] no-platform   -            Aztec Food Hub
[ 241/1022] no-platform   -            The Halal Shack
[ 242/1022] no-platform   -            Corner Cafe | Chinese
[ 243/1022] no-platform   -            Crispy Chicken n' Tomato
[ 244/1022] no-platform   -            Tony’s Newport Cafe
[ 245/1022] needs-browser plain-html   Donut Stop
[ 246/1022] needs-browser Square Online storefront Fan-Fan
[ 247/1022] no-platform   -            Zhang Liang Malatang
[ 248/1022] no-platform   -            Taco Time Food Truck
[ 249/1022] no-platform   -            Gong Cha
[ 250/1022] no-platform   -            The Elegant Truffle
[ 251/1022] needs-browser SpotOn       D Wings & Ribs
[ 252/1022] no-platform   -            Kona Coffee
[ 253/1022] no-platform   -            Millport
[ 254/1022] needs-browser -            Panorama Bar & Grill
[ 255/1022] no-platform   -            Nothing Bundt Cakes
[ 256/1022] no-platform   -            La Perlita Mexican Food
[ 257/1022] no-platform   -            Seahorse Coffee
[ 258/1022] fetch-failed  -            Stagecoach Inn
[ 259/1022] needs-browser toast        Matoi
[ 260/1022] wrong-branch  toast        The Crack Shack - Pacific Beach
[ 261/1022] no-platform   -            The Deli Stop
[ 262/1022] needs-browser Square Online storefront Cargo Cafe
[ 263/1022] no-platform   -            Parkys
[ 264/1022] needs-browser order.online Poki Poki - Encinitas
[ 265/1022] needs-browser MealKeyWay   Zhengxin Chicken Steak
[ 266/1022] needs-browser Square Online (own domain) Elixir Espresso Bar
[ 267/1022] no-platform   -            Chin's Gourmet
[ 268/1022] fetch-failed  -            Topside Terrace Kitchen & Bar
[ 269/1022] no-platform   -            Shanghai Cuisine
[ 270/1022] needs-browser Square Online storefront Sul & Beans
[ 271/1022] needs-browser chownow      Gor Gai Thai Eatery
[ 272/1022] no-platform   -            China Express
[ 273/1022] needs-browser Square Online storefront ZzanG Hotdog & Chicken
[ 274/1022] no-platform   -            The Peruvian Spot
[ 275/1022] fetch-failed  -            Pho Olala
[ 276/1022] needs-browser toast        Bonehead Burger Co.
[ 277/1022] no-platform   -            The Lean Machine Meal Prep
[ 278/1022] no-platform   -            Hancock Street Cafe
[ 279/1022] screened-out  clover       Hooked On Pokè
[ 280/1022] needs-browser olo          Sweetfin
[ 281/1022] no-platform   -            Gotcha
[ 282/1022] no-platform   -            Teaspoon
[ 283/1022] needs-browser order.online Daniel's Taco Shop
[ 284/1022] no-platform   -            Pick Up Stix Fresh Asian Flavors
[ 285/1022] fetch-failed  -            Roots Bowls
[ 286/1022] no-platform   -            Channel 2 Sports Bar
[ 287/1022] fetch-failed  -            Deano's Pub
[ 288/1022] needs-browser SpotOn       Hot or Not Thai
[ 289/1022] no-platform   -            Chen Golden Palace
[ 290/1022] needs-browser MealKeyWay   Szechuan Chef Chinese Cuisine
[ 291/1022] needs-browser -            Bistro Kaz
[ 292/1022] needs-browser HungerRush   Flippin Pizza Encinitas
[ 293/1022] needs-browser order.online DaYung's Tea
[ 294/1022] no-platform   -            La Central
[ 295/1022] fetch-failed  -            Le Rendez-Vous French Bakery
[ 296/1022] fetch-failed  -            Long Story Irish Pub
[ 297/1022] no-platform   -            Mike Hess Brewing Tasting Room
[ 298/1022] fetch-failed  -            Tulum Seafood
[ 299/1022] no-platform   -            It's A Piece A Cake
[ 300/1022] fetch-failed  -            Rosaria's Pizza 4
[ 301/1022] no-platform   -            City Dragon
[ 302/1022] no-platform   -            San Diego Eagle
[ 303/1022] no-platform   -            Musashiya
[ 304/1022] no-platform   -            The Brass Rail
[ 305/1022] no-platform   -            Vitality Bowls
[ 306/1022] no-platform   -            Sidny's Bagels & Deli
[ 307/1022] needs-browser toast        Upper East
[ 308/1022] too-few       netwaiter    Goyo's Bakery
[ 309/1022] no-platform   -            Okavango Outpost
[ 310/1022] no-platform   -            Kaki Sushi
[ 311/1022] no-platform   -            CAFE 160
[ 312/1022] no-platform   -            Bale French Sandwiches
[ 313/1022] needs-browser order.online Taste of Thai
[ 314/1022] fetch-failed  -            Kinchana
[ 315/1022] no-platform   -            African Spices
[ 316/1022] fetch-failed  -            Spoon House
[ 317/1022] no-platform   -            Hoffer's Cigar Bar
[ 318/1022] no-platform   -            Gloria's Taco Shop
[ 319/1022] needs-browser order.online Elsa's Kitchen
[ 320/1022] needs-browser Square Online storefront Mad Munch Grilled Cheezer Co.
[ 321/1022] screened-out  toast        Agave Taco Shop
[ 322/1022] screened-out  slice        Mike's Giant New York Pizza
[ 323/1022] fetch-failed  -            Mosa Tea
[ 324/1022] wrong-branch  toast        Achilles Coffee Roasters
[ 325/1022] no-platform   -            La Michoacana
[ 326/1022] needs-browser plain-html   JNC Pinoy Foodmart
[ 327/1022] needs-browser toast        Dora
[ 328/1022] no-platform   -            Nobu
[ 329/1022] no-platform   -            Novecientos Grados by Tony Hawk
[ 330/1022] screened-out  order.online Frida's Taqueria
[ 331/1022] no-platform   -            Cool Down Coffee
[ 332/1022] no-platform   -            Bopomofo Cafe
[ 333/1022] no-platform   -            Teriyaki Madness
[ 334/1022] needs-browser chownow      Juice Kaboose
[ 335/1022] needs-browser chownow      Leos Kitchen
[ 336/1022] needs-browser toast        Thai Ladle
[ 337/1022] no-platform   -            Smittys Downtown
[ 338/1022] wrong-branch  clover       Manzanita Roasting Co
[ 339/1022] needs-browser toast        Junction Bar & Grill
[ 340/1022] no-platform   -            Pizzabilities - Alpine
[ 341/1022] needs-browser order.online Donut Bros
[ 342/1022] no-platform   -            Tom's Chinese BBQ
[ 343/1022] no-platform   -            Urban Bubble
[ 344/1022] no-platform   -            La Nacional
[ 345/1022] needs-browser Square Online storefront Tasty Pizza Escondido LLC
[ 346/1022] too-few       netwaiter    Roma's Pizza
[ 347/1022] needs-browser order.online Deli Belly
[ 348/1022] needs-browser MealKeyWay   Ma's House
[ 349/1022] wrong-branch  clover       Hyderabad Cafe
[ 350/1022] no-platform   -            Juice Stop Encinitas
[ 351/1022] no-platform   -            Angela's Eccentric Kitchen
[ 352/1022] no-platform   -            Kind Coffee
[ 353/1022] needs-browser SpotOn       La Banana Fruits - Fruteria
[ 354/1022] no-platform   -            Picasso's Naturals
[ 355/1022] fetch-failed  -            Deano's Pub East
[ 356/1022] needs-browser toast        Understory Bar
[ 357/1022] too-few       netwaiter    Star Express
[ 358/1022] no-platform   -            Nova Easy Kombucha
[ 359/1022] needs-browser Square Online (own domain) Rad Habits Juice
[ 360/1022] fetch-failed  -            Bonchon Chicken
[ 361/1022] needs-browser MealKeyWay   Spicy Noodle
[ 362/1022] no-platform   -            Village Pub
[ 363/1022] no-platform   -            Tastea
[ 364/1022] needs-browser SpotOn       Mariscos y Miches El Patron
[ 365/1022] no-platform   -            Del Sushi
[ 366/1022] needs-browser toast        Angry Petes Pizza Point Loma
[ 367/1022] needs-browser chownow      Juice Caboose
[ 368/1022] no-platform   -            Hometown Taste
[ 369/1022] no-platform   -            Burrito King
[ 370/1022] no-platform   -            Granny's Apple Fries
[ 371/1022] screened-out  shopify      Seven Seas Roasting
[ 372/1022] needs-browser Square Online storefront Dog Leg Brewing
[ 373/1022] no-platform   -            Unique Sandwiches
[ 374/1022] needs-browser -            Bowl To Go
[ 375/1022] fetch-failed  -            El Mercadito
[ 376/1022] needs-browser toast        Burekas Box
[ 377/1022] fetch-failed  -            Gem Coffee
[ 378/1022] no-platform   -            Gihon Ethiopian Kitchen
[ 379/1022] needs-browser toast        A Louest
[ 380/1022] no-platform   -            Star Dust Donut Shop
[ 381/1022] no-platform   -            Java Earth Coffee
[ 382/1022] no-platform   -            Las Michoacanas
[ 383/1022] fetch-failed  -            Vica’s Cafe
[ 384/1022] no-platform   -            Cj Lounge
[ 385/1022] needs-browser -            Tutti Frutti Frozen Yogurt
[ 386/1022] wrong-branch  order.online The Pad Thai Stand
[ 387/1022] needs-browser Square Online storefront Goli
[ 388/1022] needs-browser MealKeyWay   Ten Seconds Yunnan Rice Noodle
[ 389/1022] needs-browser Square Online (own domain) The Craft Taco at The Nat
[ 390/1022] needs-browser toast        Kinme Omakase
[ 391/1022] fetch-failed  -            Orient Valley Filipino Cuisine
[ 392/1022] fetch-failed  -            Jungle Tea
[ 393/1022] no-platform   -            Erika's Mexican Food & Seafood
[ 394/1022] needs-browser Square Online (own domain) Castelli & Pizarro Family Vineyards & Winery
[ 395/1022] no-platform   -            Sarku Japan
[ 396/1022] fetch-failed  -            R3fresh Juice Bar
[ 397/1022] no-platform   -            Social hookah lounge
[ 398/1022] fetch-failed  -            Bang Bang
[ 399/1022] wrong-branch  clover       Burros and Fries
[ 400/1022] needs-browser slice        Papa's Pizza
[ 401/1022] no-platform   -            SusieCakes - Carlsbad
[ 402/1022] fetch-failed  -            Bobalicious
[ 403/1022] no-platform   -            Hongyuan Kebab
[ 404/1022] no-platform   -            Park Commons
[ 405/1022] no-platform   -            China Fun
[ 406/1022] too-few       netwaiter    Kim's Bar-B-Que
[ 407/1022] wrong-branch  order.online La michoacana Plus San Diego #2
[ 408/1022] fetch-failed  -            Cheers
[ 409/1022] no-platform   -            PB Oriental
[ 410/1022] no-platform   -            PKI Sushi
[ 411/1022] too-few       netwaiter    K & K Orient Valley Food Center
[ 412/1022] needs-browser -            Modern Times Coffee
[ 413/1022] needs-browser slice        Del Cerro Pizza
[ 414/1022] no-platform   -            Leucadia Pizza
[ 415/1022] needs-browser order.online Tous les Jours
[ 416/1022] needs-browser toast        Grab & Go - Mission Hills
[ 417/1022] no-platform   -            Bubbles & Brews Cafe
[ 418/1022] needs-browser toast        Go Greek Authentic Yogurteria
[ 419/1022] no-platform   -            Cherry Bomb
[ 420/1022] fetch-failed  -            Mariscos La Morena
[ 421/1022] no-platform   -            Landshark Bar & Grill
[ 422/1022] no-platform   -            The Pearl Restaurant
[ 423/1022] no-platform   -            Sieu Sieu BBQ
[ 424/1022] wrong-branch  toast        El Viejon
[ 425/1022] needs-browser Square Online storefront Flour Atelier
[ 426/1022] no-platform   -            Imperial Palace
[ 427/1022] no-platform   -            Lapper Kitchen + Tap
[ 428/1022] needs-browser plain-html   Roppongi
[ 429/1022] no-platform   -            Kim's Deli
[ 430/1022] no-platform   -            Nothing Bundt Cakes
[ 431/1022] needs-browser order.online Qin West
[ 432/1022] no-platform   -            Vinya Yoga and Wine Bar
[ 433/1022] too-few       own-jsonld   Vinh Long Food To Go
[ 434/1022] screened-out  shopify      Casa De Otay – The Casita
[ 435/1022] no-platform   -            Campus Cafe
[ 436/1022] needs-browser -            Ching's Famous Hopia
[ 437/1022] needs-browser toast        Taco Loco
[ 438/1022] fetch-failed  -            Happytime Tea
[ 439/1022] no-platform   -            Necter Juice Bar
[ 440/1022] no-platform   -            LJ Crafted Wines - Wines & Tastings
[ 441/1022] no-platform   -            Josie's Hideout Saloon
[ 442/1022] no-platform   -            Gather
[ 443/1022] no-platform   -            Cafe Aero
[ 444/1022] no-platform   -            Presotea
[ 445/1022] no-platform   -            D'liteful Chocolat
[ 446/1022] fetch-failed  -            Oakberry Açaí bowls
[ 447/1022] no-platform   -            De Kotija Taco Shop LLC
[ 448/1022] fetch-failed  -            Bonita Donuts
[ 449/1022] wrong-branch  order.online The Pad Thai Stand
[ 450/1022] no-platform   -            Creperie Antoinette
[ 451/1022] needs-browser order.online Mochinut
[ 452/1022] no-platform   -            Trevi Hills Winery
[ 453/1022] no-platform   -            Tasty Donuts
[ 454/1022] wrong-branch  toast        Tree House
[ 455/1022] needs-browser -            Lambers Chinese Bakery
[ 456/1022] no-platform   -            Valerio's 1979
[ 457/1022] no-platform   -            Old Town Eatery
[ 458/1022] needs-browser order.online Poke One N Half
[ 459/1022] no-platform   -            Jamal's Chicken
[ 460/1022] no-platform   -            Sunny Dumpling House
[ 461/1022] no-platform   -            Cha Cha Tea Spot
[ 462/1022] too-few       netwaiter    Guerrero Taco Shop
[ 463/1022] no-platform   -            Sydney's
[ 464/1022] needs-browser chownow      Off the Vine Gardens Deli And Catering
[ 465/1022] needs-browser Square Online (own domain) Cafe Pascale Grill & Deli
[ 466/1022] needs-browser Square Online storefront Bean Box
[ 467/1022] no-platform   -            Tres Hermanos Locos Tacos
[ 468/1022] needs-browser -            Pure Squeeze
[ 469/1022] no-platform   -            DaYung's Tea
[ 470/1022] needs-browser -            Cluck N Sip
[ 471/1022] needs-browser -            Divina Matcha
[ 472/1022] too-few       netwaiter    Playa Azul Mariscos Restaurant
[ 473/1022] no-platform   -            Nothing Bundt Cakes
[ 474/1022] needs-browser toast        Nomada
[ 475/1022] no-platform   -            Qualcomm Cafe Q
[ 476/1022] no-platform   -            Ohana Nutrition
[ 477/1022] no-platform   -            Jaguar Paw
[ 478/1022] fetch-failed  -            Yas Lounge
[ 479/1022] no-platform   -            Linda's Yogurt & Deli
[ 480/1022] no-platform   -            Asia Wok Teppanyaki & Chinese Food
[ 481/1022] no-platform   -            Bivouac Adventure Lodge Coffee Shop
[ 482/1022] no-platform   -            All That Shabu
[ 483/1022] fetch-failed  -            Grubz
[ 484/1022] fetch-failed  -            Warner Springs Golf Shop & Grill
[ 485/1022] needs-browser Square Online storefront Montebello
[ 486/1022] no-platform   -            The Golf Bar
[ 487/1022] no-platform   -            Cali Banh Mi
[ 488/1022] needs-browser toast        56 Thai Cafe
[ 489/1022] no-platform   -            The Grillery
[ 490/1022] too-few       netwaiter    Ba Le French Sandwich Shop
[ 491/1022] needs-browser Square Online storefront Cargo Cafe - Paseo Del Mar
[ 492/1022] fetch-failed  -            Tazza D'Oro
[ 493/1022] no-platform   -            All Things Ube Desserts
[ 494/1022] no-platform   -            Pub 1795
[ 495/1022] no-platform   -            5 O'Clock Somewhere Rooftop Bar
[ 496/1022] wrong-branch  toast        Boba Tea Spot
[ 497/1022] fetch-failed  -            Route 6 Coffee & Smoothies
[ 498/1022] needs-browser -            Johnny Radz Pizza
[ 499/1022] needs-browser MealKeyWay   Suki Hana
[ 500/1022] no-platform   -            Mike Hess Brewing - Seaport Village Taphouse
[ 501/1022] wrong-branch  popmenu      Alohana Açaí Bowls
[ 502/1022] needs-browser toast        Pita Pit
[ 503/1022] fetch-failed  -            Shabu Spot
[ 504/1022] no-platform   -            The Loft at UC San Diego
[ 505/1022] needs-browser Paytronix    Ziggi's Coffee
[ 506/1022] needs-browser toast        Grab & Go
[ 507/1022] too-few       netwaiter    J & J's Mexican Food
[ 508/1022] no-platform   -            Sunright Tea Studio
[ 509/1022] needs-browser order.online La Pizzeria Arrivederci
[ 510/1022] no-platform   -            Huy Ky Bakery
[ 511/1022] no-platform   -            Zoo Brew
[ 512/1022] no-platform   -            Dockside Casual Seafood Counter
[ 513/1022] too-few       netwaiter    Pizza Grande
[ 514/1022] no-platform   -            F Street Cafe
[ 515/1022] wrong-branch  toast        Enoteca Buona Forchetta
[ 516/1022] no-platform   -            The MRKT
[ 517/1022] too-few       netwaiter    Sandwich Place
[ 518/1022] needs-browser toast        Zest Wine Bistro
[ 519/1022] needs-browser MealKeyWay   Yuki Yuki
[ 520/1022] no-platform   -            62 Area Chow Hall
[ 521/1022] fetch-failed  -            Suki Hana
[ 522/1022] no-platform   -            Craft Pizza
[ 523/1022] no-platform   -            Royal Pearl Tea
[ 524/1022] no-platform   -            Test Kitchen
[ 525/1022] no-platform   -            Forum Deli
[ 526/1022] no-platform   -            Madina Market Halal Fast Food
[ 527/1022] no-platform   -            Manta Pizza
[ 528/1022] wrong-branch  toast        Tapas Bar
[ 529/1022] no-platform   -            Moniker General
[ 530/1022] no-platform   -            Plaza Deli
[ 531/1022] no-platform   -            Pure Green
[ 532/1022] needs-browser -            Market One
[ 533/1022] no-platform   -            Michoacana Mia - SDSU
[ 534/1022] no-platform   -            Blue Bowl Superfoods
[ 535/1022] no-platform   -            longball cocktail
[ 536/1022] no-platform   -            La Paloma
[ 537/1022] needs-browser -            Fresca Deli .
[ 538/1022] no-platform   -            Sip Fresh
[ 539/1022] no-platform   -            Showa Ramen
[ 540/1022] needs-browser order.online WUHU TEA & DELI
[ 541/1022] no-platform   -            The Lookout at Lake Poway
[ 542/1022] no-platform   -            Chester's
[ 543/1022] no-platform   -            Collette’s Collaborative Collective Cuisine
[ 544/1022] no-platform   -            Surf City Squeeze
[ 545/1022] fetch-failed  -            Mister G Salsa
[ 546/1022] no-platform   -            Mombasa Cooker
[ 547/1022] no-platform   -            Thérapie Bistro
[ 548/1022] wrong-branch  toast        Coco Bomb
[ 549/1022] no-platform   -            FiveO3 Pupusas
[ 550/1022] no-platform   -            El Cilantro Mexican Grill
[ 551/1022] fetch-failed  -            Unico Juice Shop
[ 552/1022] no-platform   -            Topo's Tacos
[ 553/1022] needs-browser Square Online storefront The Bean Box 701
[ 554/1022] no-platform   -            Prado Perk
[ 555/1022] no-platform   -            FLAVORS EXPRESS SDSU
[ 556/1022] no-platform   -            Chagee
[ 557/1022] needs-browser Square Online storefront Ramen Station
[ 558/1022] needs-browser SpotOn       Oriste Fairway Cafe
[ 559/1022] no-platform   -            Lò Bánh Cuốn Tân Định
[ 560/1022] no-platform   -            Finca Casa Blanca
[ 561/1022] fetch-failed  -            El huevo estrellado # 2
[ 562/1022] no-platform   -            Boba n More
[ 563/1022] needs-browser Square Online storefront Cargo Cafe - Wateridge
[ 564/1022] needs-browser Square Online storefront Cargo Cafe - Gateway
[ 565/1022] fetch-failed  -            Healthy Grill Mediterranean
[ 566/1022] no-platform   -            Bert's Bistro
[ 567/1022] fetch-failed  -            Med Cafe
[ 568/1022] no-platform   -            El Camino
[ 569/1022] no-platform   -            The Crimson Cake
[ 570/1022] no-platform   -            Bosley Cafe
[ 571/1022] no-platform   -            Nicolosi's Pizza (Mira Lee Way)
[ 572/1022] needs-browser MealKeyWay   Tengu Ramen
[ 573/1022] no-platform   -            Jaws Topokki
[ 574/1022] needs-browser Square Online storefront Copa Vida
[ 575/1022] gated         chownow      Finney's Crafthouse
[ 576/1022] no-platform   -            Belinda's Familia Mexican Food Truck
[ 577/1022] needs-browser -            Sukho Thai Extraordinaire
[ 578/1022] no-platform   -            AleSmith Brewing Company
[ 579/1022] needs-browser Square Online storefront Prager Brothers Artisan Breads
[ 580/1022] no-platform   -            The Reading Club
[ 581/1022] no-platform   -            China bros
[ 582/1022] no-platform   -            CABETOS Pops
[ 583/1022] needs-browser clover       Ryan Bros Coffee City Heights
[ 584/1022] no-platform   -            Le Coq
[ 585/1022] no-platform   -            EL ENCANTO SD
[ 586/1022] no-platform   -            Monster Snacks
[ 587/1022] needs-browser toast        Smokin J's BBQ & Taphouse
[ 588/1022] wrong-branch  toast        Beeside Balcony La Jolla
[ 589/1022] gated         chownow      Handel’s Homemade Ice Cream
[ 590/1022] wrong-branch  toast        ALOHA GRILL
[ 591/1022] needs-browser slice        Allen's New York Pizza
[ 592/1022] needs-browser toast        Naked Pizza
[ 593/1022] fetch-failed  -            New York Buffalo Wings
[ 594/1022] no-platform   -            Time Out Café
[ 595/1022] no-platform   -            Panpan wok
[ 596/1022] no-platform   -            Sonny’s Pizza
[ 597/1022] fetch-failed  -            Lefty's Cheesesteaks
[ 598/1022] needs-browser clover       Himalayan Bistro Oceanside
[ 599/1022] no-platform   -            Old World Meat Company
[ 600/1022] needs-browser slice        HillCrust Pizza
[ 601/1022] needs-browser chownow      Parakeet Juicery - La Jolla
[ 602/1022] screened-out  shopify      James Coffee Co.
[ 603/1022] no-platform   -            Juice Alchemy
[ 604/1022] needs-browser toast        Sultan Baklava
[ 605/1022] fetch-failed  -            Sunny Side Solana
[ 606/1022] no-platform   -            El After Social Club
[ 607/1022] needs-browser SpotOn       Souplantation
[ 608/1022] needs-browser -            NuYo Frozen Yogurt Telegraph Canyon
[ 609/1022] no-platform   -            La Salsa
[ 610/1022] wrong-branch  ubereats     SugarBears Sweet Provisions
[ 611/1022] no-platform   -            China Fusion - Vista Way
[ 612/1022] no-platform   -            Bambinos Pizzeria & Deli #4
[ 613/1022] no-platform   -            Relic Bakery & Kitchen
[ 614/1022] screened-out  shopify      Ascend Coffee Roasters
[ 615/1022] no-platform   -            ZZan Sushi & Soju
[ 616/1022] no-platform   -            Graziano's Pizza Oceanside
[ 617/1022] needs-browser Square Online storefront House of Pho
[ 618/1022] no-platform   -            Blanco Cocina + Cantina
[ 619/1022] wrong-branch  toast        Oceanside Fish Shop
[ 620/1022] no-platform   -            Tacotarian San Diego
[ 621/1022] no-platform   -            Caribbean Pleasure
[ 622/1022] no-platform   -            Rancho Grande El Toro Mexican Cuisine
[ 623/1022] no-platform   -            Finca
[ 624/1022] no-platform   -            CHINA CHEF 1
[ 625/1022] no-platform   -            Safari Coffee Outpost
[ 626/1022] needs-browser toast        Angry Chickz - Oceanside
[ 627/1022] no-platform   -            Ernes Mexican Food & Breakfast
[ 628/1022] no-platform   -            Pizza Guys
[ 629/1022] needs-browser toast        Prey Brewing Company
[ 630/1022] wrong-branch  toast        Cozy Corner
[ 631/1022] no-platform   -            MOOYAH Burgers, Fries & Shakes
[ 632/1022] no-platform   -            Ocean Thai Cuisine
[ 633/1022] no-platform   -            Ono Hawaiian BBQ
[ 634/1022] fetch-failed  -            Cork N Brew
[ 635/1022] no-platform   -            Backdraft Bar & Grill
[ 636/1022] needs-browser HungerRush   Buonasera New York Pizzeria
[ 637/1022] fetch-failed  -            Truluck's
[ 638/1022] fetch-failed  -            Tacos Locos Tasty Mexican Food
[ 639/1022] wrong-branch  toast        Madeleine
[ 640/1022] no-platform   -            Paris Baguette
[ 641/1022] wrong-branch  order.online Yogurt Lounge Serra Mesa
[ 642/1022] filed         toast        Napatini Bistro and Wine Bar
[ 643/1022] no-platform   -            Gelato 101 Solana Beach
[ 644/1022] filed         toast        Barn Door Public House
[ 645/1022] no-platform   -            Olive Branch Eatery
[ 646/1022] fetch-failed  -            Ju-ichi
[ 647/1022] fetch-failed  -            Savory Thai Restaurant
[ 648/1022] too-few       netwaiter    Su Pan Bakery El Cajon
[ 649/1022] needs-browser toast        1022 Cafe & Gelateria
[ 650/1022] no-platform   -            Canyon Inn
[ 651/1022] gated         chownow      Handel's Homemade Ice Cream
[ 652/1022] no-platform   -            Pho Oceanside
[ 653/1022] needs-browser toast        Higher Grounds Coffee + Café
[ 654/1022] needs-browser toast        Tacaliente Mexican Grill
[ 655/1022] filed         spothopper   Cabo Cantina
[ 656/1022] no-platform   -            Vinarius Wine Bar & Restaurant
[ 657/1022] needs-browser order.online El Rinconcito Fruteria
[ 658/1022] no-platform   -            Draft Republic San Marcos
[ 659/1022] no-platform   -            Mo-Mo Paradise
[ 660/1022] needs-browser SpotOn       Tasty Pho
[ 661/1022] no-platform   -            Mendoza’s Mexican Food
[ 662/1022] too-few       own-jsonld   The Oceanaire Seafood Room
[ 663/1022] no-platform   -            Camino Riviera
[ 664/1022] wrong-branch  toast        Bubba’s Smokehouse BBQ
[ 665/1022] wrong-branch  toast        Lucha Libre Taco Shop
[ 666/1022] fetch-failed  -            OB Kebab
[ 667/1022] fetch-failed  -            OB Garden Café
[ 668/1022] wrong-branch  toast        Chef Fei
[ 669/1022] no-platform   -            George’s Bar
[ 670/1022] fetch-failed  -            Nory's Donut & Bakery
[ 671/1022] needs-browser toast        bcb Cafe
[ 672/1022] wrong-branch  toast        Chin's Szechwan - Del Mar
[ 673/1022] needs-browser chownow      Donburi Rice Bowls
[ 674/1022] no-platform   -            Pho House
[ 675/1022] no-platform   -            Breakwater Brewing Co.
[ 676/1022] screened-out  shopify      Vigilante Coffee
[ 677/1022] screened-out  toast        Agave Birrieria
[ 678/1022] needs-browser Square Online (own domain) BCB Coffee
[ 679/1022] no-platform   -            La Sabrosita
[ 680/1022] needs-browser order.online Sabor a Vida Cafe & Deli
[ 681/1022] no-platform   -            Grover's Grill
[ 682/1022] no-platform   -            House of Black
[ 683/1022] no-platform   -            Creme De La Crepe
[ 684/1022] needs-browser toast        Tita's Taco Shop
[ 685/1022] no-platform   -            China Fun
[ 686/1022] no-platform   -            Tacos de Birria El Chinito Jr
[ 687/1022] needs-browser slice        Fiori’s Pizza
[ 688/1022] no-platform   -            Green Vine Delicatessen
[ 689/1022] no-platform   -            Border X Brewing
[ 690/1022] needs-browser toast        Paradisaea
[ 691/1022] no-platform   -            Bovino
[ 692/1022] no-platform   -            Fairbanks
[ 693/1022] no-platform   -            Noodles
[ 694/1022] wrong-branch  toast        Taco Lounge Escaya
[ 695/1022] wrong-branch  toast        Carnitas’ Snack Shack
[ 696/1022] fetch-failed  -            Las Pinches Tortas
[ 697/1022] no-platform   -            Taco Villa
[ 698/1022] no-platform   -            Oaks Bar Grill
[ 699/1022] no-platform   -            Rare Society
[ 700/1022] needs-browser Square Online storefront Purl Tea San Marcos
[ 701/1022] needs-browser -            Golden Spoon Carlsbad Plaza
[ 702/1022] needs-browser plain-html   Nick's on State
[ 703/1022] fetch-failed  -            Gooseberries kafe
[ 704/1022] no-platform   -            Crave
[ 705/1022] no-platform   -            Paris Baguette
[ 706/1022] no-platform   -            Stone Oven
[ 707/1022] no-platform   -            Pei Wei
[ 708/1022] no-platform   -            Beer Company
[ 709/1022] needs-browser SpotOn       CITRINA BERRY FRESH
[ 710/1022] needs-browser Square Online storefront Copa Vida
[ 711/1022] no-platform   -            Karihan Filipino Food
[ 712/1022] needs-browser toast        Stella Jean's Ice Cream Kensington
[ 713/1022] no-platform   -            Curbside Eatery & Drinkery
[ 714/1022] no-platform   -            Mission Brewing (fka Rough Draft)
[ 715/1022] no-platform   -            Birria El Rey
[ 716/1022] needs-browser toast        Trattoria da Sofia
[ 717/1022] no-platform   -            Aromas
[ 718/1022] no-platform   -            Baja Fresh
[ 719/1022] no-platform   -            I Love Pho
[ 720/1022] no-platform   -            Valerio's Finest Bake Shop
[ 721/1022] no-platform   -            Terrace Lounge
[ 722/1022] needs-browser order.online Hummus Mediterranean Kitchen
[ 723/1022] needs-browser Square Online (own domain) Crepes
[ 724/1022] no-platform   -            GIHON Ethiopian Kitchen
[ 725/1022] no-platform   -            Thai Basil
[ 726/1022] needs-browser Square Online storefront Sushi Freak
[ 727/1022] fetch-failed  -            All Fried Up
[ 728/1022] no-platform   -            Allen's New York Pizza
[ 729/1022] no-platform   -            Chicken & Crown
[ 730/1022] fetch-failed  -            Dryer's Ice Cream Parlor
[ 731/1022] no-platform   -            University Towers Kitchen
[ 732/1022] no-platform   -            Fairbanks
[ 733/1022] no-platform   -            Hacienda De Vega
[ 734/1022] no-platform   -            TEC Cafe
[ 735/1022] fetch-failed  -            Trade Restaurant & Lounge
[ 736/1022] no-platform   -            Sweet Labors
[ 737/1022] no-platform   -            Filling Station Pub and Grill
[ 738/1022] no-platform   -            The Caddyshack
[ 739/1022] needs-browser MealKeyWay   Yonny Mini Hotpot
[ 740/1022] needs-browser order.online Poki Poki
[ 741/1022] no-platform   -            Café de Anza
[ 742/1022] no-platform   -            Basic
[ 743/1022] no-platform   -            Mawazo Kitchen
[ 744/1022] needs-browser Square Online storefront Cafecito 1806
[ 745/1022] no-platform   -            Panda Imperial Restaurant
[ 746/1022] no-platform   -            Coin Toss
[ 747/1022] needs-browser toast        BCB Coffee Company
[ 748/1022] no-platform   -            Rubio's Coastal Grill
[ 749/1022] no-platform   -            Rubio's Coastal Grill
[ 750/1022] no-platform   -            Mr. Buffalo Fries
[ 751/1022] no-platform   -            PanPan Wok
[ 752/1022] no-platform   -            Rubio's Coastal Grill
[ 753/1022] no-platform   -            Cocina 35 brunch
[ 754/1022] wrong-branch  toast        The Great Greek Mediterranean Grill - Oceanside, CA
[ 755/1022] no-platform   -            Ocean Thai Cuisine
[ 756/1022] too-few       netwaiter    LA PLACE DELI
[ 757/1022] no-platform   -            Bueno Wine & Goods
[ 758/1022] needs-browser Square Online storefront iWok Chinese Kitchen
[ 759/1022] no-platform   -            Las Ricas Tortas
[ 760/1022] needs-browser slice        Little Sisters Pizza
[ 761/1022] no-platform   -            Little Hidden Bakery
[ 762/1022] needs-browser Square Online (own domain) Slurp
[ 763/1022] needs-browser toast        Jolie
[ 764/1022] no-platform   -            Mi Tierra Super Taco
[ 765/1022] no-platform   -            Una Mas on Adams
[ 766/1022] no-platform   -            Pizza Guys
[ 767/1022] needs-browser toast        Brites Soft Serve
[ 768/1022] no-platform   -            PanPan Wok
[ 769/1022] no-platform   -            Fortuna Ristorante Italiano
[ 770/1022] no-platform   -            chance's coffee
[ 771/1022] filed         clover       Urban Teri Kitchen
[ 772/1022] wrong-branch  toast        Chin's Szechwan - Point Loma
[ 773/1022] needs-browser Square Online (own domain) Le Charcuterie Bar
[ 774/1022] needs-browser order.online Halal Burger Co.
[ 775/1022] no-platform   -            Juice Holler
[ 776/1022] no-platform   -            Dark Horse Coffee Roasters
[ 777/1022] screened-out  toast        Agave Birrieria
[ 778/1022] no-platform   -            Leona's Cucina Italiana
[ 779/1022] no-platform   -            Uncle Feras Middle Eastern Restaurant
[ 780/1022] no-platform   -            North Park Creamery
[ 781/1022] needs-browser toast        Between Us
[ 782/1022] needs-browser Square Online (own domain) Beach City Smoothies - Oceanside
[ 783/1022] no-platform   -            PanPan wok
[ 784/1022] needs-browser olo          Coffee Bean
[ 785/1022] needs-browser Square Online storefront Mein St. Asian Kitchen
[ 786/1022] needs-browser HungerRush   Pop Pops Paleta
[ 787/1022] no-platform   -            Oriental Cafe | Chinese
[ 788/1022] no-platform   -            Pokeport Oceanside
[ 789/1022] no-platform   -            Queenstown Del Mar
[ 790/1022] no-platform   -            La Costa Wine
[ 791/1022] no-platform   -            El Papas Fritas Taco Shop
[ 792/1022] no-platform   -            Ono Hawaiian BBQ
[ 793/1022] no-platform   -            Noodle & Bun
[ 794/1022] no-platform   -            Thai Thae Cuisine
[ 795/1022] no-platform   -            Poki Poki - Escondido
[ 796/1022] needs-browser Square Online (own domain) Chef Budda Blasian Soul Food LLC
[ 797/1022] no-platform   -            KABOB SHACK - EASTLAKE
[ 798/1022] no-platform   -            Chopsticks Inn Restaurant
[ 799/1022] screened-out  order.online La Fresita Y Mas
[ 800/1022] no-platform   -            Egg Tuck
[ 801/1022] no-platform   -            Arteazen Handcrafted Tea
[ 802/1022] no-platform   -            For The Win - San Diego
[ 803/1022] needs-browser MealKeyWay   Dumplings N More
[ 804/1022] no-platform   -            Love Letters Pizza
[ 805/1022] fetch-failed  -            Antique Thai
[ 806/1022] no-platform   -            Christophe Rull Patisserie
[ 807/1022] no-platform   -            Khyber Pass Zarparan Restaurant | Afghan
[ 808/1022] needs-browser order.online Torta Time
[ 809/1022] no-platform   -            Hilltop Cafe
[ 810/1022] no-platform   -            Board & Brew - Downtown San Diego
[ 811/1022] no-platform   -            ZZan Sushi & Soju
[ 812/1022] no-platform   -            The Poke Tea House
[ 813/1022] no-platform   -            ROBATA-X Sushi & Izakaya
[ 814/1022] wrong-branch  toast        TACO CENTRO
[ 815/1022] no-platform   -            Huckleberry's Breakfast & Lunch
[ 816/1022] needs-browser toast        NOIR Sushi and Sake Fusion Lounge
[ 817/1022] no-platform   -            Barrel Riot
[ 818/1022] needs-browser olo          Dimassi's Mediterranean Buffet
[ 819/1022] no-platform   -            Dalu Hawaiian BBQ
[ 820/1022] no-platform   -            Sabroso taco savor a mi tierra
[ 821/1022] needs-browser -            Habibi Mediterranean Grill
[ 822/1022] no-platform   -            Zuma San Diego
[ 823/1022] no-platform   -            Mevan Coffee & Desserts & Brunch
[ 824/1022] no-platform   -            Bodega Market
[ 825/1022] no-platform   -            Scena Fusion Kitchen & Bar
[ 826/1022] needs-browser toast        La Jollita
[ 827/1022] no-platform   -            24 Suns
[ 828/1022] no-platform   -            Peppoli's Pizza & Philly Steaks
[ 829/1022] no-platform   -            Jalisco Cantina
[ 830/1022] no-platform   -            Hazel & Jade Bakery
[ 831/1022] needs-browser Square Online (own domain) The Cakery Cafe
[ 832/1022] no-platform   -            Ichitaru Ramen Carlsbad
[ 833/1022] no-platform   -            Lotho Deli
[ 834/1022] needs-browser SpotOn       Crest Taco
[ 835/1022] needs-browser toast        Colosseo Cucina Italiana
[ 836/1022] fetch-failed  -            Quarter Deck Inn Cocktails
[ 837/1022] filed         wix          Sourpuss Donuts
[ 838/1022] needs-browser toast        Pompei Pizza
[ 839/1022] screened-out  own-jsonld   Hanna Garden
[ 840/1022] needs-browser MealKeyWay   Pho Luu Escondido - Vietnamese Cuisine
[ 841/1022] needs-browser chownow      Parakeet Cafe - Nautilus
[ 842/1022] needs-browser toast        Market St Pizzeria
[ 843/1022] no-platform   -            UT-HO Boba & Baguette
[ 844/1022] no-platform   -            Taconora Pacific Beach
[ 845/1022] no-platform   -            Thai Table Time
[ 846/1022] needs-browser slice        Pastalini
[ 847/1022] no-platform   -            Mexico City Cuisine-CoLab
[ 848/1022] no-platform   -            Little While
[ 849/1022] no-platform   -            Side Street Bowls & Smoothies
[ 850/1022] no-platform   -            I Love Bagels
[ 851/1022] fetch-failed  -            Daisy Deli
[ 852/1022] no-platform   -            Sono North Park
[ 853/1022] no-platform   -            Borrego Rooftop
[ 854/1022] no-platform   -            The Morning Grove
[ 855/1022] no-platform   -            Mantra Raja
[ 856/1022] no-platform   -            Krak Boba
[ 857/1022] no-platform   -            Barrio Food Hub
[ 858/1022] wrong-branch  toast        Blank Slate
[ 859/1022] no-platform   -            Gaslamp Coffee Bar
[ 860/1022] no-platform   -            Monserate Winery
[ 861/1022] no-platform   -            El Flako's Wrangler Barbecue
[ 862/1022] needs-browser toast        One of Us
[ 863/1022] needs-browser toast        Grandson Steaks
[ 864/1022] no-platform   -            Crave & Feast
[ 865/1022] needs-browser toast        Okama Ramen and Grill
[ 866/1022] needs-browser Square Online storefront Empanada Kitchen
[ 867/1022] no-platform   -            The Encore Sushi
[ 868/1022] no-platform   -            Badas burgers
[ 869/1022] no-platform   -            Native Foods
[ 870/1022] needs-browser MenuSifu     Joyee Noodle House(UTC)
[ 871/1022] no-platform   -            Doc Holliday's
[ 872/1022] wrong-branch  toast        Saigon Alley Kitchen & Bar
[ 873/1022] no-platform   -            Kasi
[ 874/1022] wrong-branch  toast        Cala La Jolla Café
[ 875/1022] needs-browser Square Online storefront Copa Vida
[ 876/1022] no-platform   -            Troy's Greek Restaurant
[ 877/1022] no-platform   -            Monserate Winery
[ 878/1022] no-platform   -            MAKE Cafe
[ 879/1022] no-platform   -            Campland Cantina
[ 880/1022] screened-out  order.online Fish Restaurant
[ 881/1022] wrong-branch  toast        Gold Coffee Shop
[ 882/1022] no-platform   -            Baba's Pizza
[ 883/1022] no-platform   -            Thai Thai Melrose Restaurant
[ 884/1022] needs-browser toast        Breakers
[ 885/1022] no-platform   -            Rocko's Family Restaurant
[ 886/1022] no-platform   -            Kiiro Sushi Izakaya
[ 887/1022] no-platform   -            El Dorado
[ 888/1022] no-platform   -            Pha Khao Lao Cuisine
[ 889/1022] needs-browser -            Sammy's Woodfire Pizza and Grille
[ 890/1022] needs-browser slice        Pop's Pizza
[ 891/1022] no-platform   -            Piedra Santa
[ 892/1022] gated         chownow      CinKuni (Italian & Japanese Cuisine)
[ 893/1022] no-platform   -            Soda & Swine
[ 894/1022] no-platform   -            Cafe Fresh
[ 895/1022] needs-browser -            Blue Water Grill
[ 896/1022] no-platform   -            tiger!tiger!
[ 897/1022] needs-browser toast        QUICK BITES CAFE / Best Sandwiches
[ 898/1022] needs-browser olo          Panini Kabob Grill - Park 12
[ 899/1022] no-platform   -            Acai Republic - Oceanside
[ 900/1022] needs-browser order.online Deli Belly
[ 901/1022] fetch-failed  -            Rancho Cafe
[ 902/1022] no-platform   -            Banzai Bowls
[ 903/1022] fetch-failed  -            the Koffie Co
[ 904/1022] needs-browser Square Online storefront Empanada Kitchen
[ 905/1022] screened-out  shopify      Lofty Coffee
[ 906/1022] no-platform   -            Pegah’s Kitchen
[ 907/1022] no-platform   -            The Honor Bar
[ 908/1022] no-platform   -            Buca di Beppo Italian Restaurant
[ 909/1022] fetch-failed  -            Island Market
[ 910/1022] no-platform   -            Trisler's San Diego Wine Bar
[ 911/1022] no-platform   -            Cent'Anni Café
[ 912/1022] no-platform   -            Nékter Juice Bar
[ 913/1022] no-platform   -            Our Green Affair
[ 914/1022] needs-browser slice        West Coast Pizza Company
[ 915/1022] needs-browser toast        Fleurette
[ 916/1022] no-platform   -            Alborz Restaurant
[ 917/1022] no-platform   -            T&T Tacos & Tequila Grill & Cantina
[ 918/1022] screened-out  clover       Mission Baja Tacos
[ 919/1022] no-platform   -            Little Victory Wine Bar
[ 920/1022] fetch-failed  -            Mandarin Wok Restaurant
[ 921/1022] fetch-failed  -            Top of the Bagel
[ 922/1022] no-platform   -            La Mesita Mexican Food
[ 923/1022] no-platform   -            Photo House
[ 924/1022] no-platform   -            Banzai Bowls
[ 925/1022] no-platform   -            Simply Fresh Thai
[ 926/1022] fetch-failed  -            Coco's Bakery
[ 927/1022] no-platform   -            Rush Bowls
[ 928/1022] no-platform   -            Chocolate Bash
[ 929/1022] no-platform   -            La Casa Verde
[ 930/1022] no-platform   -            U31
[ 931/1022] wrong-branch  toast        The Coffee Spot
[ 932/1022] needs-browser order.online EsKiNiTa
[ 933/1022] no-platform   -            Pho Nam Cali
[ 934/1022] needs-browser -            The Hamlett
[ 935/1022] no-platform   -            Filibertos
[ 936/1022] needs-browser chownow      Burger Bench Vista
[ 937/1022] no-platform   -            TAKARAMONO SUSHI
[ 938/1022] no-platform   -            Brick & Bell Plus
[ 939/1022] no-platform   -            India Princess
[ 940/1022] fetch-failed  -            Kona Craft Cafe
[ 941/1022] no-platform   -            IZOLA
[ 942/1022] needs-browser MealKeyWay   Pho Tan
[ 943/1022] no-platform   -            Saigon Star Restaurant
[ 944/1022] no-platform   -            Pei Wei
[ 945/1022] too-few       netwaiter    Wings mix
[ 946/1022] no-platform   -            Tacos el Niño Santana
[ 947/1022] no-platform   -            Village Inn
[ 948/1022] no-platform   -            Kava Lounge
[ 949/1022] no-platform   -            Diego's Taco Shop
[ 950/1022] no-platform   -            Buffalo Wild Wings GO
[ 951/1022] needs-browser order.online Burrito Leo's Mexican Food
[ 952/1022] no-platform   -            El Flako's Wrangler Barbecue
[ 953/1022] no-platform   -            The Alley Otay Mesa
[ 954/1022] no-platform   -            Pietro's Cucina Italiana
[ 955/1022] no-platform   -            Jungle Cart
[ 956/1022] no-platform   -            Deja Vu
[ 957/1022] no-platform   -            Burtech Family Vineyard Tasting Room
[ 958/1022] no-platform   -            Veladora
[ 959/1022] no-platform   -            Paris Baguette
[ 960/1022] no-platform   -            Villa Fresh Italian Kitchen
[ 961/1022] no-platform   -            UT-HO Boba & Baguette
[ 962/1022] no-platform   -            Two Hands Corn Dog Mira Mesa
[ 963/1022] no-platform   -            Los Cucos Mexican Food
[ 964/1022] no-platform   -            Flame Broiler
[ 965/1022] fetch-failed  -            Kellys Pub
[ 966/1022] no-platform   -            Good Omen Coffee Co
[ 967/1022] no-platform   -            Green Cheek Beer Co.
[ 968/1022] no-platform   -            Jordan
[ 969/1022] no-platform   -            Los Armando's Mexican Food
[ 970/1022] needs-browser Square Online (own domain) Beach City Smoothies
[ 971/1022] no-platform   -            Good Source Coffee
[ 972/1022] no-platform   -            Thai Table Time
[ 973/1022] needs-browser plain-html   Chef’s Wok & Dumplings
[ 974/1022] needs-browser MealKeyWay   Ocean Buffet
[ 975/1022] no-platform   -            Fairbanks
[ 976/1022] no-platform   -            Sound by the Sea
[ 977/1022] no-platform   -            Urban Location Boba Tea House San Diego
[ 978/1022] needs-browser toast        CTZN
[ 979/1022] screened-out  shopify      Trident Coffee Pacific Beach
[ 980/1022] no-platform   -            Merenda
[ 981/1022] needs-browser toast        Leu Leu
[ 982/1022] no-platform   -            La Mesa Pizzaworks
[ 983/1022] no-platform   -            Great Wok of China
[ 984/1022] needs-browser spothopper   Players Sports Grill
[ 985/1022] no-platform   -            Charli's Landing
[ 986/1022] no-platform   -            Eclipse Chocolat
[ 987/1022] needs-browser order.online El Ranchero
[ 988/1022] too-few       netwaiter    Thai Pasta
[ 989/1022] fetch-failed  -            Mis Dos Gallos Taqueria, Fruit & Deli
[ 990/1022] no-platform   -            Shake Smart
[ 991/1022] needs-browser Square Online storefront PB Poke House Oceanside
[ 992/1022] needs-browser slice        Massachusetts Mike's Pizzeria
[ 993/1022] needs-browser MealKeyWay   Hi!Dumplings
[ 994/1022] screened-out  shopify      Ascend Coffee Roasters
[ 995/1022] no-platform   -            Kin Saep
[ 996/1022] no-platform   -            Emiliana's Mexican & Deli Food
[ 997/1022] no-platform   -            Gintaro Sushi
[ 998/1022] no-platform   -            Sam's Farm Fresh
[ 999/1022] needs-browser toast        Docent Brewing
[1000/1022] no-platform   -            Comstock Bar & Grill
[1001/1022] needs-browser chownow      Juice Caboose
[1002/1022] needs-browser -            Swami's
[1003/1022] no-platform   -            3 Day Suit Broker
[1004/1022] fetch-failed  -            The Waterfront
[1005/1022] needs-browser -            Verde Kitchen & Bar
[1006/1022] no-platform   -            Mama Kat's Restaurant and Pie Shop
[1007/1022] no-platform   -            Buka - Taste of Nigeria
[1008/1022] no-platform   -            SanSai Japanese Grill
[1009/1022] no-platform   -            HACIENDITA BAKERY
[1010/1022] fetch-failed  -            Capriotti's Sandwich Shop
[1011/1022] no-platform   -            Stony Mountain Bar & Grill
[1012/1022] no-platform   -            The Santaluz Club Dining Room and Events
[1013/1022] no-platform   -            NM Cafe
[1014/1022] no-platform   -            Inland Tavern
[1015/1022] fetch-failed  -            BunZ
[1016/1022] fetch-failed  -            In Between
[1017/1022] no-platform   -            Oliva
[1018/1022] no-platform   -            The Grand Tradition
[1019/1022] needs-browser -            Casa de Freds
[1020/1022] no-platform   -            Bean Sprouts
[1021/1022] no-platform   -            Winners Circle
[1022/1022] no-platform   -            Ground Up Cafe

platform                       attempted         filed       too-few         gated  wrong-branch needs-browser   no-platform  fetch-failed  screened-out
none                                 667             0             0             0             0            29           540            98             0
toast                                 98             3             0             0            27            65             0             0             3
order.online                          43             0             0             0             6            32             0             0             5
Square Online storefront              41             0             0             0             0            41             0             0             0
chownow                               23             0             0             8             0            15             0             0             0
Square Online (own domain)            23             0             0             0             0            23             0             0             0
netwaiter                             20             0            20             0             0             0             0             0             0
MealKeyWay                            17             0             0             0             0            17             0             0             0
slice                                 14             0             0             0             0            13             0             0             1
shopify                               12             1             0             0             0             0             0             0            11
SpotOn                                11             0             0             0             0            11             0             0             0
plain-html                            10             0             0             0             0            10             0             0             0
clover                                10             1             0             0             3             3             0             0             3
olo                                    9             0             0             0             0             9             0             0             0
spothopper                             8             1             0             0             0             7             0             0             0
HungerRush                             4             0             0             0             0             4             0             0             0
own-jsonld                             4             0             2             0             0             0             0             0             2
menufy                                 2             0             0             0             0             0             0             0             2
GloriaFood widget                      1             0             0             0             0             1             0             0             0
popmenu                                1             0             0             0             1             0             0             0             0
Paytronix                              1             0             0             0             0             1             0             0             0
ubereats                               1             0             0             0             1             0             0             0             0
wix                                    1             1             0             0             0             0             0             0             0
MenuSifu                               1             0             0             0             0             1             0             0             0
TOTAL                               1022             7            22             8            38           282           540            98            27

7 menus, 108 dishes
wrote menus/wip/router-20260904-215602.json
wrote menus/wip/router-20260904-215602.notes.json
