queue 1057 with a website; routing 1057 at concurrency 4

[   1/1057] no-platform   -            FryYay
[   2/1057] needs-browser chownow      Burger Bench Escondido
[   3/1057] no-platform   -            Mimi's Cafe
[   4/1057] needs-browser chownow      Brigantine Seafood
[   5/1057] screened-out  order.online Wood Ranch Mission Valley
[   6/1057] fetch-failed  -            Public Square Coffee House
[   7/1057] no-platform   -            Taquería Imperial
[   8/1057] no-platform   -            VG Donut & Bakery
[   9/1057] wrong-branch  order.online El Pueblo Mexican Food - Carlsbad
[  10/1057] needs-browser Square Online storefront Wayfarer Bread & Pastry
[  11/1057] no-platform   -            Farmer & The Seahorse
[  12/1057] needs-browser order.online Tom's Famous Family Restaurant 24
[  13/1057] needs-browser order.online TOM's Famous Family Restaurant 22
[  14/1057] wrong-branch  chownow      Handel’s Homemade Ice Cream
[  15/1057] needs-browser plain-html   Por Favor El Cajon
[  16/1057] no-platform   -            Loreto's Taco Shop
[  17/1057] needs-browser toast        MooTime Creamery
[  18/1057] no-platform   -            Taco Bar
[  19/1057] fetch-failed  -            Gus's Subs & Pizza Place
[  20/1057] needs-browser plain-html   Papas & Tacos Mexican Food
[  21/1057] needs-browser chownow      Parakeet Cafe - Little Italy
[  22/1057] fetch-failed  -            Plazas Mexican Food
[  23/1057] fetch-failed  -            Home Sweet Home Cafe
[  24/1057] needs-browser toast        Coya Peruvian Secret
[  25/1057] needs-browser GloriaFood widget That Mexican Place
[  26/1057] no-platform   -            Todo Sushi
[  27/1057] no-platform   -            El Real Mexican Food
[  28/1057] screened-out  order.online Grandma Tofu & BBQ
[  29/1057] no-platform   -            Anita's Mexican Restaurant & Cantina
[  30/1057] fetch-failed  -            Red Fox Room and Steakhouse
[  31/1057] needs-browser toast        Lanna Thai Cuisine
[  32/1057] needs-browser slice        Pastalini
[  33/1057] no-platform   -            Hanu Korean BBQ
[  34/1057] fetch-failed  -            Los Reyes Mexican Restaurant & Cantina
[  35/1057] no-platform   -            Otay Mandarin Chinese Restaurant
[  36/1057] needs-browser olo          Panini Kabob Grill - Mission Valley
[  37/1057] needs-browser Square Online storefront skybound coffee + dessert lounge
[  38/1057] no-platform   -            It's Raw Poke Shop
[  39/1057] needs-browser toast        Stake Chophouse & Bar
[  40/1057] needs-browser order.online Sancho's Tacos
[  41/1057] needs-browser toast        The Asian Bistro
[  42/1057] needs-browser Square Online (own domain) Up2You Cafe
[  43/1057] no-platform   -            Antonio's Mexican Food
[  44/1057] no-platform   -            Boudin SF
[  45/1057] needs-browser plain-html   Nick's Del Mar
[  46/1057] no-platform   -            Urban Crave
[  47/1057] fetch-failed  -            La Concha Bakery
[  48/1057] needs-browser olo          Better Buzz Coffee Pacific Beach Grand
[  49/1057] no-platform   -            Urban Crave
[  50/1057] needs-browser plain-html   Pancho's Mexican Restaurant
[  51/1057] no-platform   -            Lucy's Bakery
[  52/1057] too-few       netwaiter    Connie's
[  53/1057] no-platform   -            Muay Thai Kitchen
[  54/1057] no-platform   -            Baci Restaurant | Italian
[  55/1057] needs-browser order.online Robertito's Mexican Food
[  56/1057] needs-browser toast        Nado Republic
[  57/1057] needs-browser Square Online (own domain) Camp Coffee Company
[  58/1057] needs-browser -            Beyer Deli
[  59/1057] needs-browser Square Online (own domain) Portal Coffee
[  60/1057] no-platform   -            Umai Sushi
[  61/1057] fetch-failed  -            Edelweiss Bakery
[  62/1057] fetch-failed  -            Los Panchos Mexican Grill & Seafood
[  63/1057] fetch-failed  -            Prager Brothers Artisan Breads
[  64/1057] fetch-failed  -            Mi Ranchito Taco Shop
[  65/1057] no-platform   -            Golden Donut
[  66/1057] fetch-failed  -            Dumplings N More
[  67/1057] fetch-failed  -            Maan's Mediterranean Grill
[  68/1057] fetch-failed  -            Handel’s Homemade Ice Cream
[  69/1057] fetch-failed  -            The Remy
[  70/1057] fetch-failed  -            Superbloom Coffee & Juice
[  71/1057] fetch-failed  -            The Cowshed
[  72/1057] fetch-failed  -            Bonchon Chicken
[  73/1057] fetch-failed  -            Red Lobster
[  74/1057] fetch-failed  -            Yingli Restaurant | Chula Vista
[  75/1057] fetch-failed  -            Barrio Donas
[  76/1057] fetch-failed  -            Penelopes Mexican Food
[  77/1057] fetch-failed  -            3N1 Sports Bar & Grill
[  78/1057] fetch-failed  -            Scoops La Jolla
[  79/1057] fetch-failed  -            Pacific Beach Ice Cream Co.
[  80/1057] fetch-failed  -            Royal Sweets
[  81/1057] fetch-failed  -            Señor Taquero
[  82/1057] fetch-failed  -            Arizona Chinese Restaurant
[  83/1057] fetch-failed  -            Aiberto's Taco Shop
[  84/1057] fetch-failed  -            Leucadia Donut Shoppe
[  85/1057] fetch-failed  -            Tabu Sushi Bar & Grill Santee
[  86/1057] fetch-failed  -            SOMISOMI
[  87/1057] fetch-failed  -            Curry & More - Indian Bistro
[  88/1057] fetch-failed  -            Handel's Homemade Ice Cream
[  89/1057] fetch-failed  -            Lourdes Mexican Food To Go
[  90/1057] fetch-failed  -            Sushi Factory
[  91/1057] needs-browser Square Online storefront Bay Park Coffee
[  92/1057] no-platform   -            Hidden Fish
[  93/1057] no-platform   -            Big Front Door
[  94/1057] needs-browser Square Online storefront Portinos Restaurant
[  95/1057] fetch-failed  -            Camel's Bar and Grill
[  96/1057] no-platform   -            Emma's Mexican Food
[  97/1057] needs-browser -            Rosarito's Mexican Food #1
[  98/1057] no-platform   -            El Charro Mexican Food
[  99/1057] needs-browser spothopper   il Sogno Italiano
[ 100/1057] needs-browser Square Online storefront Sandwich Emporium
[ 101/1057] needs-browser toast        Shaks Mediterranean Bistro
[ 102/1057] too-few       netwaiter    Mary Ettas Cafe
[ 103/1057] needs-browser order.online Gelato Paradiso
[ 104/1057] no-platform   -            Angelito's Fruteria Y Neveria
[ 105/1057] no-platform   -            Hanna's Gourmet
[ 106/1057] needs-browser toast        Valentina
[ 107/1057] no-platform   -            Flora
[ 108/1057] needs-browser -            Yogurt Heaven
[ 109/1057] needs-browser Square Online storefront Pink Rose Cafe
[ 110/1057] needs-browser slice        Italia Pizza
[ 111/1057] no-platform   -            Lucy's Bakery
[ 112/1057] no-platform   -            Honey Baked Ham
[ 113/1057] no-platform   -            Cafe Bella Drive Thru
[ 114/1057] needs-browser olo          Randy's Donuts
[ 115/1057] no-platform   -            Off The 8 Café
[ 116/1057] no-platform   -            Royal India Express
[ 117/1057] needs-browser olo          Luna Grill Millenia
[ 118/1057] needs-browser Square Online (own domain) Solana Sumptuous Cookies
[ 119/1057] screened-out  menufy       Ginza Sushi
[ 120/1057] needs-browser MealKeyWay   Surfing Crab Escondido
[ 121/1057] no-platform   -            Wahoo's Fish Taco
[ 122/1057] fetch-failed  -            We Olive & Wine Bar
[ 123/1057] no-platform   -            Tropifruit Juice Bar
[ 124/1057] no-platform   -            Cow-A-Bunga Ice Cream & Coffee
[ 125/1057] no-platform   -            Dragon Express
[ 126/1057] needs-browser Square Online (own domain) Serrano's Mexican Food
[ 127/1057] no-platform   -            Ike's Love & Sandwiches
[ 128/1057] fetch-failed  -            Thai Island@
[ 129/1057] needs-browser spothopper   Santos Coffee
[ 130/1057] needs-browser toast        Rosemonts Cafe
[ 131/1057] no-platform   -            BKK THAI KITCHEN
[ 132/1057] fetch-failed  -            Palomino's Mexican & Seafood
[ 133/1057] no-platform   -            PGA Tour Grill
[ 134/1057] fetch-failed  -            The Art of Espresso
[ 135/1057] no-platform   -            Shozen BBQ
[ 136/1057] no-platform   -            Athens Market Taverna
[ 137/1057] screened-out  shopify      La Colombe Coffee Roasters
[ 138/1057] no-platform   -            Mexico Lindo Restaurant
[ 139/1057] needs-browser order.online San Diego Sandwich Co
[ 140/1057] needs-browser Square Online (own domain) Matcha Cafe Maiko - Escondido
[ 141/1057] needs-browser -            Marieta's Mexican Food
[ 142/1057] fetch-failed  -            @Spacebar Cafe
[ 143/1057] no-platform   -            Eugenio Italian Ristorante & More
[ 144/1057] needs-browser HungerRush   Flippin' Pizza La Costa
[ 145/1057] no-platform   -            Cake de Partie
[ 146/1057] screened-out  own-jsonld   Hanna Garden
[ 147/1057] no-platform   -            Uncle Biffs California Killer Cookies
[ 148/1057] no-platform   -            Valerio's 1979
[ 149/1057] no-platform   -            La Mixteca
[ 150/1057] gated         chownow      Handel's Homemade Ice Cream
[ 151/1057] no-platform   -            Silverlake Ramen
[ 152/1057] needs-browser -            Bravo Cafe
[ 153/1057] no-platform   -            Pizza Mania
[ 154/1057] no-platform   -            Kokoro Restaurant
[ 155/1057] filed         shopify      Flor and Seed Coffee Roasters
[ 156/1057] needs-browser SpotOn       Porky's Lechon Barbecue
[ 157/1057] needs-browser Square Online (own domain) Elixir Espresso & Wine Bar
[ 158/1057] needs-browser Square Online storefront Crossroads Deli
[ 159/1057] too-few       netwaiter    Opa Greek Restaurant & Grill
[ 160/1057] no-platform   -            KD's Donuts
[ 161/1057] fetch-failed  -            Tak Grill Fresh Mediterranean Food
[ 162/1057] fetch-failed  -            Potato Corner
[ 163/1057] no-platform   -            Imperial Express
[ 164/1057] fetch-failed  -            Cielo Rooftop
[ 165/1057] no-platform   -            The Orient Thai
[ 166/1057] no-platform   -            White Labs Brewing Co - San Diego
[ 167/1057] no-platform   -            Kaffee Meister
[ 168/1057] needs-browser olo          Luna Grill Encinitas
[ 169/1057] needs-browser toast        The Naked Cafe
[ 170/1057] no-platform   -            The Leucadian
[ 171/1057] no-platform   -            Nothing Bundt Cakes
[ 172/1057] no-platform   -            Beach + Taco Shack
[ 173/1057] no-platform   -            ENO Market & Pizzeria
[ 174/1057] no-platform   -            Glazed Coffee & Creamery
[ 175/1057] needs-browser Square Online storefront Thyme for Lunch Cafe & Grill
[ 176/1057] screened-out  menufy       IB Thai
[ 177/1057] no-platform   -            Phở Hòa Restaurant | Vietnamese
[ 178/1057] no-platform   -            SoCal Sushi
[ 179/1057] needs-browser Square Online storefront Mesa Agricola
[ 180/1057] no-platform   -            Ko-Li Bar
[ 181/1057] needs-browser Square Online (own domain) Industrial Grind Coffee
[ 182/1057] no-platform   -            Que Tortas
[ 183/1057] no-platform   -            The Grounds Bean Bar
[ 184/1057] screened-out  shopify      James Coffee Co
[ 185/1057] needs-browser chownow      Pho Hiep & Grill
[ 186/1057] no-platform   -            Kaito Sushi
[ 187/1057] screened-out  shopify      Seven Seas Roasting Company
[ 188/1057] no-platform   -            Chopsticks Chinese Cuisine
[ 189/1057] no-platform   -            Donuts Plus
[ 190/1057] fetch-failed  -            Donut Factory
[ 191/1057] no-platform   -            YuJing Chinese Restaurant
[ 192/1057] needs-browser toast        Fat Joe’s O’side
[ 193/1057] needs-browser -            Banh Mi Blvd
[ 194/1057] needs-browser Square Online (own domain) Dot Cafe
[ 195/1057] no-platform   -            La Moreliana
[ 196/1057] needs-browser order.online BB's Deli
[ 197/1057] no-platform   -            Tea Pavilion
[ 198/1057] fetch-failed  -            Valentinas Taco Shop
[ 199/1057] fetch-failed  -            Memo's Golden Bagel
[ 200/1057] needs-browser -            Seaview Restaurant
[ 201/1057] fetch-failed  -            The Reunion
[ 202/1057] no-platform   -            Blue Pepper Asian Cuisine
[ 203/1057] needs-browser SpotOn       Kalei's Kitchenette
[ 204/1057] fetch-failed  -            Eat Your Heart Out II
[ 205/1057] needs-browser order.online Le Macaron French Pastries
[ 206/1057] needs-browser MealKeyWay   Iron Wok
[ 207/1057] needs-browser toast        Lime in the Coconut
[ 208/1057] no-platform   -            San Diego Blenders
[ 209/1057] fetch-failed  -            Bistro Pazzo
[ 210/1057] no-platform   -            Joses Taco Shop
[ 211/1057] filed         toast        Baja Rick's Cantina
[ 212/1057] needs-browser slice        Rock On Pizza
[ 213/1057] no-platform   -            Nanay's Best BBQ
[ 214/1057] no-platform   -            Purple Owl Cafe
[ 215/1057] fetch-failed  -            Al Teatro Panini Grill
[ 216/1057] needs-browser Square Online storefront Sue's Korean Kitchen
[ 217/1057] no-platform   -            Black Radish
[ 218/1057] fetch-failed  -            Idego Coffee Roasters
[ 219/1057] no-platform   -            Little Ceasar's
[ 220/1057] no-platform   -            Explorers Café
[ 221/1057] needs-browser Square Online storefront Tacoman
[ 222/1057] fetch-failed  -            Rosarito's Mexican Food #2
[ 223/1057] no-platform   -            Criscito Pizza
[ 224/1057] too-few       netwaiter    Nolberto's Taco Shop
[ 225/1057] fetch-failed  -            Bar Kamon
[ 226/1057] needs-browser Square Online storefront Fan-Fan
[ 227/1057] no-platform   -            Sweet Revenge Bakery
[ 228/1057] no-platform   -            Surfdog's Java Hot
[ 229/1057] no-platform   -            Hino
[ 230/1057] fetch-failed  -            Thai Fresh
[ 231/1057] no-platform   -            Red Ribbon Bakeshop
[ 232/1057] no-platform   -            The Luau
[ 233/1057] no-platform   -            Coral Tree Tea House
[ 234/1057] fetch-failed  -            P B Pub
[ 235/1057] fetch-failed  -            Prince Hookah Cafe
[ 236/1057] no-platform   -            Red Ribbon Bakeshop
[ 237/1057] no-platform   -            World Famous I Bar
[ 238/1057] no-platform   -            Thai Style
[ 239/1057] no-platform   -            Mother's Kitchen
[ 240/1057] no-platform   -            Brown Bag Deli
[ 241/1057] no-platform   -            The Halal Shack
[ 242/1057] no-platform   -            Aztec Food Hub
[ 243/1057] needs-browser toast        Mr. Charlie's
[ 244/1057] no-platform   -            Crispy Chicken n' Tomato
[ 245/1057] no-platform   -            Corner Cafe | Chinese
[ 246/1057] no-platform   -            Tony’s Newport Cafe
[ 247/1057] needs-browser plain-html   Donut Stop
[ 248/1057] fetch-failed  -            Victor's Kafe - Poway
[ 249/1057] no-platform   -            Zhang Liang Malatang
[ 250/1057] no-platform   -            Taco Time Food Truck
[ 251/1057] no-platform   -            Kona Coffee
[ 252/1057] no-platform   -            The Elegant Truffle
[ 253/1057] needs-browser SpotOn       D Wings & Ribs
[ 254/1057] no-platform   -            Millport
[ 255/1057] no-platform   -            Gong Cha
[ 256/1057] no-platform   -            Nothing Bundt Cakes
[ 257/1057] needs-browser -            Panorama Bar & Grill
[ 258/1057] no-platform   -            Gotcha
[ 259/1057] no-platform   -            La Perlita Mexican Food
[ 260/1057] no-platform   -            The Deli Stop
[ 261/1057] no-platform   -            Seahorse Coffee
[ 262/1057] fetch-failed  -            Stagecoach Inn
[ 263/1057] needs-browser Square Online storefront Cargo Cafe
[ 264/1057] needs-browser order.online Poki Poki - Encinitas
[ 265/1057] wrong-branch  toast        The Crack Shack - Pacific Beach
[ 266/1057] needs-browser toast        Matoi
[ 267/1057] needs-browser MealKeyWay   Zhengxin Chicken Steak
[ 268/1057] no-platform   -            Parkys
[ 269/1057] fetch-failed  -            Topside Terrace Kitchen & Bar
[ 270/1057] needs-browser Square Online (own domain) Elixir Espresso Bar
[ 271/1057] no-platform   -            Shanghai Cuisine
[ 272/1057] needs-browser Square Online storefront Sul & Beans
[ 273/1057] needs-browser chownow      Gor Gai Thai Eatery
[ 274/1057] no-platform   -            Chin's Gourmet
[ 275/1057] fetch-failed  -            Pho Olala
[ 276/1057] needs-browser Square Online storefront ZzanG Hotdog & Chicken
[ 277/1057] needs-browser -            Hancock Street Cafe
[ 278/1057] no-platform   -            The Lean Machine Meal Prep
[ 279/1057] no-platform   -            The Peruvian Spot
[ 280/1057] no-platform   -            China Express
[ 281/1057] needs-browser olo          Sweetfin
[ 282/1057] needs-browser toast        Bonehead Burger Co.
[ 283/1057] screened-out  clover       Hooked On Pokè
[ 284/1057] no-platform   -            Teaspoon
[ 285/1057] needs-browser order.online Daniel's Taco Shop
[ 286/1057] no-platform   -            Channel 2 Sports Bar
[ 287/1057] no-platform   -            Pick Up Stix Fresh Asian Flavors
[ 288/1057] fetch-failed  -            Roots Bowls
[ 289/1057] fetch-failed  -            Deano's Pub
[ 290/1057] needs-browser SpotOn       Hot or Not Thai
[ 291/1057] no-platform   -            Chen Golden Palace
[ 292/1057] needs-browser MealKeyWay   Szechuan Chef Chinese Cuisine
[ 293/1057] needs-browser -            Bistro Kaz
[ 294/1057] needs-browser HungerRush   Flippin Pizza Encinitas
[ 295/1057] fetch-failed  -            Le Rendez-Vous French Bakery
[ 296/1057] no-platform   -            La Central
[ 297/1057] needs-browser order.online DaYung's Tea
[ 298/1057] no-platform   -            Mike Hess Brewing Tasting Room
[ 299/1057] no-platform   -            Vitality Bowls
[ 300/1057] fetch-failed  -            Long Story Irish Pub
[ 301/1057] fetch-failed  -            Rosaria's Pizza 4
[ 302/1057] no-platform   -            It's A Piece A Cake
[ 303/1057] no-platform   -            City Dragon
[ 304/1057] no-platform   -            San Diego Eagle
[ 305/1057] no-platform   -            Musashiya
[ 306/1057] no-platform   -            The Brass Rail
[ 307/1057] no-platform   -            Sidny's Bagels & Deli
[ 308/1057] fetch-failed  -            Tulum Seafood
[ 309/1057] needs-browser toast        Upper East
[ 310/1057] too-few       netwaiter    Goyo's Bakery
[ 311/1057] no-platform   -            CAFE 160
[ 312/1057] no-platform   -            Okavango Outpost
[ 313/1057] no-platform   -            Kaki Sushi
[ 314/1057] no-platform   -            Bale French Sandwiches
[ 315/1057] fetch-failed  -            Spoon House
[ 316/1057] needs-browser order.online Taste of Thai
[ 317/1057] needs-browser order.online Elsa's Kitchen
[ 318/1057] no-platform   -            African Spices
[ 319/1057] no-platform   -            Hoffer's Cigar Bar
[ 320/1057] needs-browser Square Online storefront Mad Munch Grilled Cheezer Co.
[ 321/1057] fetch-failed  -            Kinchana
[ 322/1057] no-platform   -            Gloria's Taco Shop
[ 323/1057] screened-out  slice        Mike's Giant New York Pizza
[ 324/1057] fetch-failed  -            Mosa Tea
[ 325/1057] screened-out  toast        Agave Taco Shop
[ 326/1057] needs-browser plain-html   JNC Pinoy Foodmart
[ 327/1057] wrong-branch  toast        Achilles Coffee Roasters
[ 328/1057] needs-browser toast        Dora
[ 329/1057] no-platform   -            La Michoacana
[ 330/1057] screened-out  order.online Frida's Taqueria
[ 331/1057] no-platform   -            Nobu
[ 332/1057] no-platform   -            Novecientos Grados by Tony Hawk
[ 333/1057] fetch-failed  -            Cool Down Coffee
[ 334/1057] fetch-failed  -            Goli
[ 335/1057] fetch-failed  -            Juice Kaboose
[ 336/1057] fetch-failed  -            Junction Bar & Grill
[ 337/1057] fetch-failed  -            Leos Kitchen
[ 338/1057] fetch-failed  -            Smittys Downtown
[ 339/1057] fetch-failed  -            Manzanita Roasting Co
[ 340/1057] no-platform   -            Teriyaki Madness
[ 341/1057] fetch-failed  -            Tom's Chinese BBQ
[ 342/1057] fetch-failed  -            Deli Belly
[ 343/1057] fetch-failed  -            La Nacional
[ 344/1057] fetch-failed  -            Urban Bubble
[ 345/1057] fetch-failed  -            Pizzabilities - Alpine
[ 346/1057] fetch-failed  -            Tasty Pizza Escondido LLC
[ 347/1057] fetch-failed  -            Roma's Pizza
[ 348/1057] fetch-failed  -            Hyderabad Cafe
[ 349/1057] fetch-failed  -            Ma's House
[ 350/1057] fetch-failed  -            Donut Bros
[ 351/1057] no-platform   -            Bopomofo Cafe
[ 352/1057] no-platform   -            Angela's Eccentric Kitchen
[ 353/1057] no-platform   -            Juice Stop Encinitas
[ 354/1057] needs-browser SpotOn       La Banana Fruits - Fruteria
[ 355/1057] no-platform   -            Kind Coffee
[ 356/1057] needs-browser toast        Thai Ladle
[ 357/1057] too-few       netwaiter    Star Express
[ 358/1057] no-platform   -            Picasso's Naturals
[ 359/1057] no-platform   -            Nova Easy Kombucha
[ 360/1057] fetch-failed  -            Deano's Pub East
[ 361/1057] needs-browser Square Online (own domain) Rad Habits Juice
[ 362/1057] fetch-failed  -            Bonchon Chicken
[ 363/1057] needs-browser MealKeyWay   Spicy Noodle
[ 364/1057] no-platform   -            Village Pub
[ 365/1057] needs-browser toast        Angry Petes Pizza Point Loma
[ 366/1057] no-platform   -            Tastea
[ 367/1057] needs-browser chownow      Juice Caboose
[ 368/1057] needs-browser SpotOn       Mariscos y Miches El Patron
[ 369/1057] no-platform   -            Del Sushi
[ 370/1057] no-platform   -            Hometown Taste
[ 371/1057] no-platform   -            Burrito King
[ 372/1057] needs-browser toast        Understory Bar
[ 373/1057] screened-out  shopify      Seven Seas Roasting
[ 374/1057] no-platform   -            Unique Sandwiches
[ 375/1057] needs-browser -            Bowl To Go
[ 376/1057] needs-browser Square Online storefront Dog Leg Brewing
[ 377/1057] fetch-failed  -            El Mercadito
[ 378/1057] no-platform   -            Granny's Apple Fries
[ 379/1057] no-platform   -            Star Dust Donut Shop
[ 380/1057] no-platform   -            Gihon Ethiopian Kitchen
[ 381/1057] needs-browser toast        A Louest
[ 382/1057] wrong-branch  toast        Burekas Box
[ 383/1057] no-platform   -            Java Earth Coffee
[ 384/1057] fetch-failed  -            Gem Coffee
[ 385/1057] no-platform   -            Las Michoacanas
[ 386/1057] no-platform   -            Cj Lounge
[ 387/1057] needs-browser -            Tutti Frutti Frozen Yogurt
[ 388/1057] fetch-failed  -            Orient Valley Filipino Cuisine
[ 389/1057] fetch-failed  -            Vica’s Cafe
[ 390/1057] no-platform   -            Erika's Mexican Food & Seafood
[ 391/1057] needs-browser toast        Kinme Omakase
[ 392/1057] wrong-branch  order.online The Pad Thai Stand
[ 393/1057] needs-browser MealKeyWay   Ten Seconds Yunnan Rice Noodle
[ 394/1057] no-platform   -            Social hookah lounge
[ 395/1057] needs-browser Square Online (own domain) The Craft Taco at The Nat
[ 396/1057] needs-browser Square Online (own domain) Castelli & Pizarro Family Vineyards & Winery
[ 397/1057] no-platform   -            R3fresh Juice Bar
[ 398/1057] fetch-failed  -            Jungle Tea
[ 399/1057] fetch-failed  -            Bang Bang
[ 400/1057] wrong-branch  clover       Burros and Fries
[ 401/1057] fetch-failed  -            Bobalicious
[ 402/1057] fetch-failed  -            Cheers
[ 403/1057] no-platform   -            Sarku Japan
[ 404/1057] no-platform   -            Park Commons
[ 405/1057] needs-browser slice        Papa's Pizza
[ 406/1057] no-platform   -            Hongyuan Kebab
[ 407/1057] no-platform   -            China Fun
[ 408/1057] no-platform   -            Tu Thanh
[ 409/1057] no-platform   -            SusieCakes - Carlsbad
[ 410/1057] wrong-branch  order.online La michoacana Plus San Diego #2
[ 411/1057] too-few       netwaiter    K & K Orient Valley Food Center
[ 412/1057] too-few       netwaiter    Kim's Bar-B-Que
[ 413/1057] no-platform   -            DRIFT La Jolla
[ 414/1057] needs-browser toast        Grab & Go - Mission Hills
[ 415/1057] no-platform   -            PKI Sushi
[ 416/1057] no-platform   -            PB Oriental
[ 417/1057] no-platform   -            Leucadia Pizza
[ 418/1057] needs-browser slice        Del Cerro Pizza
[ 419/1057] no-platform   -            Marketplace Grille
[ 420/1057] needs-browser -            Modern Times Coffee
[ 421/1057] gated         toast        Rambler Coffee
[ 422/1057] no-platform   -            Landshark Bar & Grill
[ 423/1057] no-platform   -            Prendi E Vai
[ 424/1057] needs-browser toast        Go Greek Authentic Yogurteria
[ 425/1057] needs-browser order.online Tous les Jours
[ 426/1057] no-platform   -            Bubbles & Brews Cafe
[ 427/1057] needs-browser -            Sieu Sieu BBQ
[ 428/1057] no-platform   -            Cherry Bomb
[ 429/1057] no-platform   -            Casa Fiesta Juice Bar
[ 430/1057] no-platform   -            The Pearl Restaurant
[ 431/1057] wrong-branch  toast        El Viejon
[ 432/1057] fetch-failed  -            Mariscos La Morena
[ 433/1057] needs-browser Square Online storefront Flour Atelier
[ 434/1057] no-platform   -            Bar Ella
[ 435/1057] no-platform   -            Knights' Smokehouse BBQ
[ 436/1057] no-platform   -            Möge Tee
[ 437/1057] no-platform   -            Lapper Kitchen + Tap
[ 438/1057] no-platform   -            Imperial Palace
[ 439/1057] needs-browser plain-html   Roppongi
[ 440/1057] no-platform   -            Nothing Bundt Cakes
[ 441/1057] no-platform   -            Quick Wok
[ 442/1057] wrong-branch  toast        Egg Holic
[ 443/1057] no-platform   -            Vinya Yoga and Wine Bar
[ 444/1057] no-platform   -            Kim's Deli
[ 445/1057] needs-browser order.online Qin West
[ 446/1057] screened-out  shopify      Casa De Otay – The Casita
[ 447/1057] too-few       own-jsonld   Vinh Long Food To Go
[ 448/1057] fetch-failed  -            Happytime Tea
[ 449/1057] needs-browser -            Ching's Famous Hopia
[ 450/1057] fetch-failed  -            Hammer's New York Pizza
[ 451/1057] no-platform   -            Hua Mei Cafe
[ 452/1057] no-platform   -            T. P. Bánh Bao 3
[ 453/1057] no-platform   -            Campus Cafe
[ 454/1057] needs-browser toast        Taco Loco
[ 455/1057] no-platform   -            Necter Juice Bar
[ 456/1057] no-platform   -            Cafe Aero
[ 457/1057] no-platform   -            LJ Crafted Wines - Wines & Tastings
[ 458/1057] no-platform   -            Gather
[ 459/1057] no-platform   -            Josie's Hideout Saloon
[ 460/1057] no-platform   -            Presotea
[ 461/1057] wrong-branch  order.online The Pad Thai Stand
[ 462/1057] fetch-failed  -            Oakberry Açaí bowls
[ 463/1057] no-platform   -            De Kotija Taco Shop LLC
[ 464/1057] fetch-failed  -            Bonita Donuts
[ 465/1057] no-platform   -            D'liteful Chocolat
[ 466/1057] no-platform   -            Creperie Antoinette
[ 467/1057] needs-browser order.online Mochinut
[ 468/1057] no-platform   -            Valerio's 1979
[ 469/1057] no-platform   -            Trevi Hills Winery
[ 470/1057] no-platform   -            Tasty Donuts
[ 471/1057] needs-browser -            Lambers Chinese Bakery
[ 472/1057] needs-browser order.online Poke One N Half
[ 473/1057] no-platform   -            Old Town Eatery
[ 474/1057] wrong-branch  toast        Tree House
[ 475/1057] no-platform   -            Jamal's Chicken
[ 476/1057] no-platform   -            Cha Cha Tea Spot
[ 477/1057] no-platform   -            Sunny Dumpling House
[ 478/1057] needs-browser chownow      Off the Vine Gardens Deli And Catering
[ 479/1057] needs-browser Square Online (own domain) Cafe Pascale Grill & Deli
[ 480/1057] too-few       netwaiter    Guerrero Taco Shop
[ 481/1057] no-platform   -            Sydney's
[ 482/1057] needs-browser Square Online storefront Bean Box
[ 483/1057] no-platform   -            Tres Hermanos Locos Tacos
[ 484/1057] needs-browser -            Cluck N Sip
[ 485/1057] no-platform   -            DaYung's Tea
[ 486/1057] needs-browser -            Pure Squeeze
[ 487/1057] fetch-failed  -            Yas Lounge
[ 488/1057] too-few       netwaiter    Playa Azul Mariscos Restaurant
[ 489/1057] needs-browser toast        Nomada
[ 490/1057] no-platform   -            Nothing Bundt Cakes
[ 491/1057] no-platform   -            Jaguar Paw
[ 492/1057] no-platform   -            Ohana Nutrition
[ 493/1057] needs-browser toast        Divina Matcha
[ 494/1057] no-platform   -            Qualcomm Cafe Q
[ 495/1057] no-platform   -            Linda's Yogurt & Deli
[ 496/1057] no-platform   -            Asia Wok Teppanyaki & Chinese Food
[ 497/1057] no-platform   -            All That Shabu
[ 498/1057] no-platform   -            Bivouac Adventure Lodge Coffee Shop
[ 499/1057] needs-browser toast        56 Thai Cafe
[ 500/1057] fetch-failed  -            Grubz
[ 501/1057] needs-browser Square Online storefront Montebello
[ 502/1057] no-platform   -            Cali Banh Mi
[ 503/1057] no-platform   -            The Golf Bar
[ 504/1057] no-platform   -            The Grillery
[ 505/1057] fetch-failed  -            Tazza D'Oro
[ 506/1057] too-few       netwaiter    Ba Le French Sandwich Shop
[ 507/1057] needs-browser Square Online storefront Cargo Cafe - Paseo Del Mar
[ 508/1057] no-platform   -            All Things Ube Desserts
[ 509/1057] no-platform   -            Pub 1795
[ 510/1057] fetch-failed  -            Warner Springs Golf Shop & Grill
[ 511/1057] wrong-branch  toast        Boba Tea Spot
[ 512/1057] fetch-failed  -            Route 6 Coffee & Smoothies
[ 513/1057] needs-browser MealKeyWay   Suki Hana
[ 514/1057] no-platform   -            5 O'Clock Somewhere Rooftop Bar
[ 515/1057] needs-browser Paytronix    Ziggi's Coffee
[ 516/1057] no-platform   -            Mike Hess Brewing - Seaport Village Taphouse
[ 517/1057] needs-browser toast        Grab & Go
[ 518/1057] no-platform   -            The Loft at UC San Diego
[ 519/1057] needs-browser order.online La Pizzeria Arrivederci
[ 520/1057] fetch-failed  -            Shabu Spot
[ 521/1057] needs-browser toast        Pita Pit
[ 522/1057] too-few       netwaiter    J & J's Mexican Food
[ 523/1057] no-platform   -            Sunright Tea Studio
[ 524/1057] no-platform   -            Huy Ky Bakery
[ 525/1057] wrong-branch  toast        Enoteca Buona Forchetta
[ 526/1057] no-platform   -            Zoo Brew
[ 527/1057] wrong-branch  toast        Johnny Radz Pizza
[ 528/1057] wrong-branch  popmenu      Alohana Açaí Bowls
[ 529/1057] no-platform   -            F Street Cafe
[ 530/1057] too-few       netwaiter    Pizza Grande
[ 531/1057] no-platform   -            Dockside Casual Seafood Counter
[ 532/1057] needs-browser toast        Zest Wine Bistro
[ 533/1057] no-platform   -            The MRKT
[ 534/1057] no-platform   -            Craft Pizza
[ 535/1057] too-few       netwaiter    Sandwich Place
[ 536/1057] fetch-failed  -            Suki Hana
[ 537/1057] no-platform   -            Royal Pearl Tea
[ 538/1057] no-platform   -            62 Area Chow Hall
[ 539/1057] needs-browser MealKeyWay   Yuki Yuki
[ 540/1057] no-platform   -            Forum Deli
[ 541/1057] no-platform   -            Manta Pizza
[ 542/1057] no-platform   -            Test Kitchen
[ 543/1057] no-platform   -            Moniker General
[ 544/1057] wrong-branch  toast        Tapas Bar
[ 545/1057] no-platform   -            Plaza Deli
[ 546/1057] no-platform   -            Madina Market Halal Fast Food
[ 547/1057] no-platform   -            Pure Green
[ 548/1057] fetch-failed  -            Healthy Grill Mediterranean
[ 549/1057] fetch-failed  -            Coco Bomb
[ 550/1057] fetch-failed  -            Blue Bowl Superfoods
[ 551/1057] fetch-failed  -            Market One
[ 552/1057] fetch-failed  -            La Paloma
[ 553/1057] fetch-failed  -            Showa Ramen
[ 554/1057] fetch-failed  -            Fresca Deli .
[ 555/1057] fetch-failed  -            The Lookout at Lake Poway
[ 556/1057] fetch-failed  -            Prado Perk
[ 557/1057] fetch-failed  -            Chester's
[ 558/1057] fetch-failed  -            Sip Fresh
[ 559/1057] no-platform   -            Michoacana Mia - SDSU
[ 560/1057] fetch-failed  -            Collette’s Collaborative Collective Cuisine
[ 561/1057] fetch-failed  -            Surf City Squeeze
[ 562/1057] fetch-failed  -            Mister G Salsa
[ 563/1057] fetch-failed  -            FiveO3 Pupusas
[ 564/1057] fetch-failed  -            El Cilantro Mexican Grill
[ 565/1057] fetch-failed  -            Thérapie Bistro
[ 566/1057] fetch-failed  -            Unico Juice Shop
[ 567/1057] fetch-failed  -            Topo's Tacos
[ 568/1057] fetch-failed  -            FLAVORS EXPRESS SDSU
[ 569/1057] fetch-failed  -            The Bean Box 701
[ 570/1057] fetch-failed  -            Chagee
[ 571/1057] fetch-failed  -            Oriste Fairway Cafe
[ 572/1057] no-platform   -            longball cocktail
[ 573/1057] fetch-failed  -            Ramen Station
[ 574/1057] fetch-failed  -            Copa Vida
[ 575/1057] fetch-failed  -            Finca Casa Blanca
[ 576/1057] fetch-failed  -            Mombasa Cooker
[ 577/1057] fetch-failed  -            Boba n More
[ 578/1057] fetch-failed  -            El huevo estrellado # 2
[ 579/1057] fetch-failed  -            Cargo Cafe - Gateway
[ 580/1057] fetch-failed  -            Bert's Bistro
[ 581/1057] fetch-failed  -            El Camino
[ 582/1057] fetch-failed  -            Bosley Cafe
[ 583/1057] fetch-failed  -            Med Cafe
[ 584/1057] fetch-failed  -            Lò Bánh Cuốn Tân Định
[ 585/1057] fetch-failed  -            WUHU TEA & DELI
[ 586/1057] fetch-failed  -            3 Day Suit Broker
[ 587/1057] fetch-failed  -            Winners Circle
[ 588/1057] fetch-failed  -            Juice Caboose
[ 589/1057] fetch-failed  -            Basic
[ 590/1057] fetch-failed  -            Coin Toss
[ 591/1057] fetch-failed  -            The Caddyshack
[ 592/1057] fetch-failed  -            Poki Poki
[ 593/1057] fetch-failed  -            Filling Station Pub and Grill
[ 594/1057] fetch-failed  -            Fairbanks
[ 595/1057] fetch-failed  -            Allen's New York Pizza
[ 596/1057] fetch-failed  -            Hacienda De Vega
[ 597/1057] fetch-failed  -            Sushi Freak
[ 598/1057] fetch-failed  -            Thai Basil
[ 599/1057] fetch-failed  -            Crepes
[ 600/1057] fetch-failed  -            The Waterfront
[ 601/1057] fetch-failed  -            Hummus Mediterranean Kitchen
[ 602/1057] fetch-failed  -            I Love Pho
[ 603/1057] fetch-failed  -            Baja Fresh
[ 604/1057] fetch-failed  -            Valerio's Finest Bake Shop
[ 605/1057] fetch-failed  -            Birria El Rey
[ 606/1057] fetch-failed  -            Terrace Lounge
[ 607/1057] fetch-failed  -            Curbside Eatery & Drinkery
[ 608/1057] fetch-failed  -            Trattoria da Sofia
[ 609/1057] fetch-failed  -            Karihan Filipino Food
[ 610/1057] fetch-failed  -            CITRINA BERRY FRESH
[ 611/1057] fetch-failed  -            Beer Company
[ 612/1057] fetch-failed  -            Stella Jean's Ice Cream Kensington
[ 613/1057] fetch-failed  -            Stone Oven
[ 614/1057] fetch-failed  -            Crave
[ 615/1057] fetch-failed  -            Backyard Altar BBQ
[ 616/1057] fetch-failed  -            Pei Wei
[ 617/1057] fetch-failed  -            Cargo Cafe - Wateridge
[ 618/1057] fetch-failed  -            Paris Baguette
[ 619/1057] fetch-failed  -            Purl Tea San Marcos
[ 620/1057] fetch-failed  -            Rare Society
[ 621/1057] fetch-failed  -            Nick's on State
[ 622/1057] fetch-failed  -            Oaks Bar Grill
[ 623/1057] fetch-failed  -            Fairbanks
[ 624/1057] fetch-failed  -            Swami's
[ 625/1057] fetch-failed  -            Paradisaea
[ 626/1057] fetch-failed  -            Cococabana
[ 627/1057] fetch-failed  -            Everest Himalayan Cuisine
[ 628/1057] fetch-failed  -            GIHON Ethiopian Kitchen
[ 629/1057] fetch-failed  -            Golden Spoon Carlsbad Plaza
[ 630/1057] fetch-failed  -            Green Vine Delicatessen
[ 631/1057] fetch-failed  -            Bovino
[ 632/1057] fetch-failed  -            China Fun
[ 633/1057] fetch-failed  -            Taco Lounge Escaya
[ 634/1057] fetch-failed  -            Fiori’s Pizza
[ 635/1057] fetch-failed  -            That Pizza Place - Carlsbad
[ 636/1057] fetch-failed  -            Gooseberries kafe
[ 637/1057] fetch-failed  -            Sabor a Vida Cafe & Deli
[ 638/1057] fetch-failed  -            Appetite
[ 639/1057] fetch-failed  -            Monserate Winery
[ 640/1057] fetch-failed  -            Golden Corral
[ 641/1057] fetch-failed  -            Vigilante Coffee
[ 642/1057] fetch-failed  -            Agave Birrieria
[ 643/1057] fetch-failed  -            Breakwater Brewing Co.
[ 644/1057] fetch-failed  -            Pho House
[ 645/1057] fetch-failed  -            Board & Brew - Escondido
[ 646/1057] fetch-failed  -            Donburi Rice Bowls
[ 647/1057] fetch-failed  -            Chin's Szechwan - Del Mar
[ 648/1057] fetch-failed  -            bcb Cafe
[ 649/1057] fetch-failed  -            Camino Riviera
[ 650/1057] fetch-failed  -            Bubba’s Smokehouse BBQ
[ 651/1057] fetch-failed  -            Tacos de Birria El Chinito Jr
[ 652/1057] fetch-failed  -            Mendoza’s Mexican Food
[ 653/1057] fetch-failed  -            Tasty Pho
[ 654/1057] fetch-failed  -            Draft Republic San Marcos
[ 655/1057] fetch-failed  -            Vinarius Wine Bar & Restaurant
[ 656/1057] fetch-failed  -            Pho Oceanside
[ 657/1057] fetch-failed  -            La Sabrosita
[ 658/1057] fetch-failed  -            Handel's Homemade Ice Cream
[ 659/1057] fetch-failed  -            Su Pan Bakery El Cajon
[ 660/1057] fetch-failed  -            1022 Cafe & Gelateria
[ 661/1057] fetch-failed  -            Tacaliente Mexican Grill
[ 662/1057] fetch-failed  -            Tita's Taco Shop
[ 663/1057] fetch-failed  -            Panda Imperial Restaurant
[ 664/1057] fetch-failed  -            Barn Door Public House
[ 665/1057] fetch-failed  -            Higher Grounds Coffee + Café
[ 666/1057] fetch-failed  -            Gelato 101 Solana Beach
[ 667/1057] fetch-failed  -            Napatini Bistro and Wine Bar
[ 668/1057] fetch-failed  -            Paris Baguette
[ 669/1057] fetch-failed  -            Nory's Donut & Bakery
[ 670/1057] fetch-failed  -            Truluck's
[ 671/1057] fetch-failed  -            Taqueria El Kabron Jr.
[ 672/1057] no-platform   -            Backdraft Bar & Grill
[ 673/1057] fetch-failed  -            Cork N Brew
[ 674/1057] fetch-failed  -            El Rinconcito Fruteria
[ 675/1057] no-platform   -            Ocean Thai Cuisine
[ 676/1057] needs-browser HungerRush   Buonasera New York Pizzeria
[ 677/1057] no-platform   -            Ono Hawaiian BBQ
[ 678/1057] no-platform   -            MOOYAH Burgers, Fries & Shakes
[ 679/1057] wrong-branch  toast        Cozy Corner
[ 680/1057] no-platform   -            Ernes Mexican Food & Breakfast
[ 681/1057] no-platform   -            Finca
[ 682/1057] no-platform   -            Rancho Grande El Toro Mexican Cuisine
[ 683/1057] no-platform   -            Tacotarian San Diego
[ 684/1057] fetch-failed  -            Savory Thai Restaurant
[ 685/1057] fetch-failed  -            Ju-ichi
[ 686/1057] needs-browser Square Online storefront House of Pho
[ 687/1057] no-platform   -            Caribbean Pleasure
[ 688/1057] no-platform   -            ZZan Sushi & Soju
[ 689/1057] no-platform   -            Graziano's Pizza Oceanside
[ 690/1057] screened-out  shopify      Ascend Coffee Roasters
[ 691/1057] no-platform   -            China Fusion - Vista Way
[ 692/1057] needs-browser -            NuYo Frozen Yogurt Telegraph Canyon
[ 693/1057] no-platform   -            Blanco Cocina + Cantina
[ 694/1057] wrong-branch  toast        Madeleine
[ 695/1057] no-platform   -            Bambinos Pizzeria & Deli #4
[ 696/1057] fetch-failed  -            Sunny Side Solana
[ 697/1057] screened-out  shopify      James Coffee Co.
[ 698/1057] needs-browser SpotOn       Souplantation
[ 699/1057] needs-browser chownow      Parakeet Juicery - La Jolla
[ 700/1057] no-platform   -            Old World Meat Company
[ 701/1057] no-platform   -            El After Social Club
[ 702/1057] no-platform   -            Panpan wok
[ 703/1057] needs-browser clover       Himalayan Bistro Oceanside
[ 704/1057] fetch-failed  -            New York Buffalo Wings
[ 705/1057] no-platform   -            Sonny’s Pizza
[ 706/1057] needs-browser slice        Allen's New York Pizza
[ 707/1057] needs-browser toast        Prey Brewing Company
[ 708/1057] needs-browser slice        HillCrust Pizza
[ 709/1057] gated         chownow      Handel’s Homemade Ice Cream
[ 710/1057] no-platform   -            EL ENCANTO SD
[ 711/1057] needs-browser clover       Ryan Bros Coffee City Heights
[ 712/1057] no-platform   -            Le Coq
[ 713/1057] needs-browser toast        Naked Pizza
[ 714/1057] no-platform   -            China bros
[ 715/1057] needs-browser toast        Angry Chickz - Oceanside
[ 716/1057] needs-browser -            Sukho Thai Extraordinaire
[ 717/1057] gated         toast        Aromi Italian Cuisine
[ 718/1057] wrong-branch  toast        ALOHA GRILL
[ 719/1057] no-platform   -            Belinda's Familia Mexican Food Truck
[ 720/1057] no-platform   -            Jaws Topokki
[ 721/1057] no-platform   -            AleSmith Brewing Company
[ 722/1057] gated         chownow      Finney's Crafthouse
[ 723/1057] needs-browser MealKeyWay   Tengu Ramen
[ 724/1057] no-platform   -            The Crimson Cake
[ 725/1057] no-platform   -            Sam's Farm Fresh
[ 726/1057] no-platform   -            Comstock Bar & Grill
[ 727/1057] no-platform   -            Emiliana's Mexican & Deli Food
[ 728/1057] needs-browser -            Baked Thicc
[ 729/1057] wrong-branch  ubereats     SugarBears Sweet Provisions
[ 730/1057] screened-out  shopify      Ascend Coffee Roasters
[ 731/1057] needs-browser MealKeyWay   Hi!Dumplings
[ 732/1057] no-platform   -            Kin Saep
[ 733/1057] needs-browser Square Online storefront PB Poke House Oceanside
[ 734/1057] needs-browser toast        Docent Brewing
[ 735/1057] too-few       netwaiter    Thai Pasta
[ 736/1057] needs-browser spothopper   Players Sports Grill
[ 737/1057] needs-browser order.online El Ranchero
[ 738/1057] no-platform   -            La Mesa Pizzaworks
[ 739/1057] no-platform   -            Great Wok of China
[ 740/1057] needs-browser toast        Smokin J's BBQ & Taphouse
[ 741/1057] no-platform   -            Charli's Landing
[ 742/1057] no-platform   -            Merenda
[ 743/1057] screened-out  shopify      Trident Coffee Pacific Beach
[ 744/1057] no-platform   -            Urban Location Boba Tea House San Diego
[ 745/1057] no-platform   -            Gintaro Sushi
[ 746/1057] no-platform   -            Eclipse Chocolat
[ 747/1057] no-platform   -            Sound by the Sea
[ 748/1057] needs-browser toast        Leu Leu
[ 749/1057] no-platform   -            Thai Table Time
[ 750/1057] needs-browser MealKeyWay   Ocean Buffet
[ 751/1057] no-platform   -            Los Armando's Mexican Food
[ 752/1057] no-platform   -            Good Source Coffee
[ 753/1057] no-platform   -            Green Cheek Beer Co.
[ 754/1057] needs-browser Square Online (own domain) Beach City Smoothies
[ 755/1057] needs-browser plain-html   Chef’s Wok & Dumplings
[ 756/1057] no-platform   -            Flame Broiler
[ 757/1057] no-platform   -            Two Hands Corn Dog Mira Mesa
[ 758/1057] no-platform   -            Los Cucos Mexican Food
[ 759/1057] no-platform   -            Good Omen Coffee Co
[ 760/1057] no-platform   -            Burtech Family Vineyard Tasting Room
[ 761/1057] no-platform   -            Paris Baguette
[ 762/1057] no-platform   -            UT-HO Boba & Baguette
[ 763/1057] no-platform   -            Pietro's Cucina Italiana
[ 764/1057] no-platform   -            El Flako's Wrangler Barbecue
[ 765/1057] no-platform   -            The Alley Otay Mesa
[ 766/1057] no-platform   -            Buffalo Wild Wings GO
[ 767/1057] no-platform   -            Tacos el Niño Santana
[ 768/1057] no-platform   -            Saigon Star Restaurant
[ 769/1057] needs-browser MealKeyWay   Pho Tan
[ 770/1057] needs-browser order.online Burrito Leo's Mexican Food
[ 771/1057] no-platform   -            Diego's Taco Shop
[ 772/1057] no-platform   -            IZOLA
[ 773/1057] needs-browser toast        CTZN
[ 774/1057] filed         own-jsonld   Fish Boon
[ 775/1057] too-few       netwaiter    Wings mix
[ 776/1057] no-platform   -            Pei Wei
[ 777/1057] needs-browser chownow      Burger Bench Vista
[ 778/1057] no-platform   -            TAKARAMONO SUSHI
[ 779/1057] no-platform   -            La Casa Verde
[ 780/1057] no-platform   -            Simply Fresh Thai
[ 781/1057] no-platform   -            Photo House
[ 782/1057] no-platform   -            La Mesita Mexican Food
[ 783/1057] needs-browser order.online EsKiNiTa
[ 784/1057] no-platform   -            Pho Nam Cali
[ 785/1057] no-platform   -            Chocolate Bash
[ 786/1057] no-platform   -            Little Victory Wine Bar
[ 787/1057] screened-out  clover       Mission Baja Tacos
[ 788/1057] no-platform   -            Alborz Restaurant
[ 789/1057] no-platform   -            T&T Tacos & Tequila Grill & Cantina
[ 790/1057] needs-browser toast        Fleurette
[ 791/1057] needs-browser slice        West Coast Pizza Company
[ 792/1057] no-platform   -            Banzai Bowls
[ 793/1057] no-platform   -            Buca di Beppo Italian Restaurant
[ 794/1057] needs-browser order.online Scoops Ocean Beach
[ 795/1057] no-platform   -            The Honor Bar
[ 796/1057] fetch-failed  -            the Koffie Co
[ 797/1057] no-platform   -            Acai Republic - Oceanside
[ 798/1057] needs-browser olo          Panini Kabob Grill - Park 12
[ 799/1057] no-platform   -            tiger!tiger!
[ 800/1057] fetch-failed  -            Kona Craft Cafe
[ 801/1057] no-platform   -            Piedra Santa
[ 802/1057] no-platform   -            Pha Khao Lao Cuisine
[ 803/1057] no-platform   -            Banzai Bowls
[ 804/1057] no-platform   -            Rocko's Family Restaurant
[ 805/1057] needs-browser slice        Pop's Pizza
[ 806/1057] fetch-failed  -            Top of the Bagel
[ 807/1057] no-platform   -            Kiiro Sushi Izakaya
[ 808/1057] no-platform   -            Thai Thai Melrose Restaurant
[ 809/1057] fetch-failed  -            Mandarin Wok Restaurant
[ 810/1057] needs-browser toast        Breakers
[ 811/1057] no-platform   -            MAKE Cafe
[ 812/1057] no-platform   -            Troy's Greek Restaurant
[ 813/1057] needs-browser toast        QUICK BITES CAFE / Best Sandwiches
[ 814/1057] needs-browser chownow      CinKuni (Italian & Japanese Cuisine)
[ 815/1057] no-platform   -            Olive Branch Eatery
[ 816/1057] no-platform   -            Monserate Winery
[ 817/1057] no-platform   -            Campland Cantina
[ 818/1057] no-platform   -            Rubio's Coastal Grill
[ 819/1057] no-platform   -            Mr. Buffalo Fries
[ 820/1057] no-platform   -            Rubio's Coastal Grill
[ 821/1057] no-platform   -            PanPan Wok
[ 822/1057] no-platform   -            Cocina 35 brunch
[ 823/1057] no-platform   -            Ocean Thai Cuisine
[ 824/1057] wrong-branch  toast        The Great Greek Mediterranean Grill - Oceanside, CA
[ 825/1057] too-few       netwaiter    LA PLACE DELI
[ 826/1057] no-platform   -            Rubio's Coastal Grill
[ 827/1057] no-platform   -            Bueno Wine & Goods
[ 828/1057] needs-browser Square Online storefront iWok Chinese Kitchen
[ 829/1057] no-platform   -            Las Ricas Tortas
[ 830/1057] needs-browser Square Online (own domain) Slurp
[ 831/1057] needs-browser slice        Little Sisters Pizza
[ 832/1057] no-platform   -            Little Hidden Bakery
[ 833/1057] no-platform   -            Mi Tierra Super Taco
[ 834/1057] no-platform   -            Una Mas on Adams
[ 835/1057] needs-browser toast        Jolie
[ 836/1057] no-platform   -            Pizza Guys
[ 837/1057] no-platform   -            chance's coffee
[ 838/1057] no-platform   -            PanPan Wok
[ 839/1057] no-platform   -            Fortuna Ristorante Italiano
[ 840/1057] no-platform   -            Urban Teri Kitchen
[ 841/1057] wrong-branch  toast        Chin's Szechwan - Point Loma
[ 842/1057] no-platform   -            Uncle Feras Middle Eastern Restaurant
[ 843/1057] needs-browser toast        Brites Soft Serve
[ 844/1057] needs-browser Square Online (own domain) Le Charcuterie Bar
[ 845/1057] needs-browser order.online Halal Burger Co.
[ 846/1057] no-platform   -            Juice Holler
[ 847/1057] no-platform   -            Dark Horse Coffee Roasters
[ 848/1057] filed         toast        Little Kiki Katsu & More
[ 849/1057] no-platform   -            North Park Creamery
[ 850/1057] screened-out  toast        Agave Birrieria
[ 851/1057] no-platform   -            Leona's Cucina Italiana
[ 852/1057] needs-browser olo          Coffee Bean
[ 853/1057] needs-browser HungerRush   Pop Pops Paleta
[ 854/1057] no-platform   -            PanPan wok
[ 855/1057] needs-browser Square Online (own domain) Beach City Smoothies - Oceanside
[ 856/1057] needs-browser Square Online storefront Mein St. Asian Kitchen
[ 857/1057] no-platform   -            Oriental Cafe | Chinese
[ 858/1057] no-platform   -            Pokeport Oceanside
[ 859/1057] needs-browser toast        Between Us
[ 860/1057] no-platform   -            La Costa Wine
[ 861/1057] no-platform   -            Queenstown Del Mar
[ 862/1057] no-platform   -            El Papas Fritas Taco Shop
[ 863/1057] no-platform   -            Noodle & Bun
[ 864/1057] no-platform   -            Ono Hawaiian BBQ
[ 865/1057] no-platform   -            Thai Thae Cuisine
[ 866/1057] no-platform   -            Poki Poki - Escondido
[ 867/1057] needs-browser Square Online (own domain) Chef Budda Blasian Soul Food LLC
[ 868/1057] no-platform   -            KABOB SHACK - EASTLAKE
[ 869/1057] no-platform   -            Chopsticks Inn Restaurant
[ 870/1057] no-platform   -            For The Win - San Diego
[ 871/1057] no-platform   -            Egg Tuck
[ 872/1057] screened-out  order.online La Fresita Y Mas
[ 873/1057] no-platform   -            Arteazen Handcrafted Tea
[ 874/1057] no-platform   -            Love Letters Pizza
[ 875/1057] needs-browser MealKeyWay   Dumplings N More
[ 876/1057] no-platform   -            Christophe Rull Patisserie
[ 877/1057] fetch-failed  -            Antique Thai
[ 878/1057] no-platform   -            Khyber Pass Zarparan Restaurant | Afghan
[ 879/1057] no-platform   -            Hilltop Cafe
[ 880/1057] needs-browser order.online Torta Time
[ 881/1057] no-platform   -            ZZan Sushi & Soju
[ 882/1057] no-platform   -            Board & Brew - Downtown San Diego
[ 883/1057] no-platform   -            The Poke Tea House
[ 884/1057] no-platform   -            TACO CENTRO
[ 885/1057] no-platform   -            ROBATA-X Sushi & Izakaya
[ 886/1057] needs-browser olo          Dimassi's Mediterranean Buffet
[ 887/1057] needs-browser toast        NOIR Sushi and Sake Fusion Lounge
[ 888/1057] no-platform   -            Huckleberry's Breakfast & Lunch
[ 889/1057] no-platform   -            Barrel Riot
[ 890/1057] no-platform   -            Dalu Hawaiian BBQ
[ 891/1057] no-platform   -            Sabroso taco savor a mi tierra
[ 892/1057] needs-browser -            Habibi Mediterranean Grill
[ 893/1057] no-platform   -            Scena Fusion Kitchen & Bar
[ 894/1057] no-platform   -            Mevan Coffee & Desserts & Brunch
[ 895/1057] no-platform   -            Zuma San Diego
[ 896/1057] no-platform   -            Bodega Market
[ 897/1057] needs-browser toast        La Jollita
[ 898/1057] no-platform   -            24 Suns
[ 899/1057] no-platform   -            Peppoli's Pizza & Philly Steaks
[ 900/1057] no-platform   -            Jalisco Cantina
[ 901/1057] no-platform   -            Hazel & Jade Bakery
[ 902/1057] needs-browser Square Online (own domain) The Cakery Cafe
[ 903/1057] no-platform   -            Ichitaru Ramen Carlsbad
[ 904/1057] no-platform   -            Lotho Deli
[ 905/1057] needs-browser SpotOn       Crest Taco
[ 906/1057] needs-browser toast        Colosseo Cucina Italiana
[ 907/1057] fetch-failed  -            Quarter Deck Inn Cocktails
[ 908/1057] filed         wix          Sourpuss Donuts
[ 909/1057] needs-browser toast        Pompei Pizza
[ 910/1057] screened-out  own-jsonld   Hanna Garden
[ 911/1057] needs-browser toast        Market St Pizzeria
[ 912/1057] no-platform   -            UT-HO Boba & Baguette
[ 913/1057] needs-browser MealKeyWay   Pho Luu Escondido - Vietnamese Cuisine
[ 914/1057] no-platform   -            Taconora Pacific Beach
[ 915/1057] no-platform   -            Mexico City Cuisine-CoLab
[ 916/1057] needs-browser slice        Pastalini
[ 917/1057] needs-browser chownow      Parakeet Cafe - Nautilus
[ 918/1057] no-platform   -            Thai Table Time
[ 919/1057] no-platform   -            Little While
[ 920/1057] no-platform   -            Side Street Bowls & Smoothies
[ 921/1057] no-platform   -            I Love Bagels
[ 922/1057] no-platform   -            Sono North Park
[ 923/1057] no-platform   -            Borrego Rooftop
[ 924/1057] no-platform   -            The Morning Grove
[ 925/1057] no-platform   -            Mantra Raja
[ 926/1057] fetch-failed  -            Daisy Deli
[ 927/1057] no-platform   -            Krak Boba
[ 928/1057] no-platform   -            Barrio Food Hub
[ 929/1057] wrong-branch  toast        Blank Slate
[ 930/1057] no-platform   -            Gaslamp Coffee Bar
[ 931/1057] no-platform   -            Monserate Winery
[ 932/1057] no-platform   -            El Flako's Wrangler Barbecue
[ 933/1057] needs-browser toast        One of Us
[ 934/1057] needs-browser toast        Grandson Steaks
[ 935/1057] no-platform   -            Crave & Feast
[ 936/1057] needs-browser toast        Okama Ramen and Grill
[ 937/1057] needs-browser Square Online storefront Empanada Kitchen
[ 938/1057] no-platform   -            The Encore Sushi
[ 939/1057] no-platform   -            Badas burgers
[ 940/1057] no-platform   -            Native Foods
[ 941/1057] needs-browser MenuSifu     Joyee Noodle House(UTC)
[ 942/1057] no-platform   -            Doc Holliday's
[ 943/1057] wrong-branch  toast        Saigon Alley Kitchen & Bar
[ 944/1057] wrong-branch  toast        Cala La Jolla Café
[ 945/1057] no-platform   -            Kasi
[ 946/1057] no-platform   -            Baba's Pizza
[ 947/1057] needs-browser Square Online storefront Copa Vida
[ 948/1057] needs-browser -            Sammy's Woodfire Pizza and Grille
[ 949/1057] no-platform   -            El Dorado
[ 950/1057] wrong-branch  toast        Gold Coffee Shop
[ 951/1057] no-platform   -            Soda & Swine
[ 952/1057] no-platform   -            Cafe Fresh
[ 953/1057] needs-browser order.online Deli Belly
[ 954/1057] wrong-branch  toast        Blue Water Grill
[ 955/1057] fetch-failed  -            Rancho Cafe
[ 956/1057] needs-browser Square Online storefront Empanada Kitchen
[ 957/1057] no-platform   -            Pegah’s Kitchen
[ 958/1057] screened-out  shopify      Lofty Coffee
[ 959/1057] no-platform   -            Nékter Juice Bar
[ 960/1057] fetch-failed  -            Island Market
[ 961/1057] no-platform   -            Our Green Affair
[ 962/1057] fetch-failed  -            Coco's Bakery
[ 963/1057] no-platform   -            Cent'Anni Café
[ 964/1057] no-platform   -            Rush Bowls
[ 965/1057] wrong-branch  toast        The Coffee Spot
[ 966/1057] no-platform   -            U31
[ 967/1057] needs-browser -            The Hamlett
[ 968/1057] no-platform   -            Filibertos
[ 969/1057] no-platform   -            Brick & Bell Plus
[ 970/1057] no-platform   -            Village Inn
[ 971/1057] no-platform   -            Kava Lounge
[ 972/1057] needs-browser order.online Fish Restaurant
[ 973/1057] fetch-failed  -            Kellys Pub
[ 974/1057] fetch-failed  -            Jungle Cart
[ 975/1057] fetch-failed  -            Veladora
[ 976/1057] fetch-failed  -            Villa Fresh Italian Kitchen
[ 977/1057] fetch-failed  -            Jordan
[ 978/1057] fetch-failed  -            Fairbanks
[ 979/1057] fetch-failed  -            Shake Smart
[ 980/1057] fetch-failed  -            Massachusetts Mike's Pizzeria
[ 981/1057] fetch-failed  -            Mis Dos Gallos Taqueria, Fruit & Deli
[ 982/1057] fetch-failed  -            India Princess
[ 983/1057] no-platform   -            Deja Vu
[ 984/1057] fetch-failed  -            Nicolosi's Pizza (Mira Lee Way)
[ 985/1057] fetch-failed  -            The Reading Club
[ 986/1057] fetch-failed  -            CABETOS Pops
[ 987/1057] fetch-failed  -            Monster Snacks
[ 988/1057] fetch-failed  -            Beeside Balcony La Jolla
[ 989/1057] fetch-failed  -            Antique Row Cafe
[ 990/1057] fetch-failed  -            Time Out Café
[ 991/1057] fetch-failed  -            Copper Kings San Marcos
[ 992/1057] fetch-failed  -            Oodles By The Nood Bar
[ 993/1057] fetch-failed  -            Sultan Baklava
[ 994/1057] fetch-failed  -            Cocina Del Mar
[ 995/1057] fetch-failed  -            Juice Alchemy
[ 996/1057] fetch-failed  -            La Salsa
[ 997/1057] fetch-failed  -            Prager Brothers Artisan Breads
[ 998/1057] fetch-failed  -            Relic Bakery & Kitchen
[ 999/1057] fetch-failed  -            CHINA CHEF 1
[1000/1057] fetch-failed  -            Lefty's Cheesesteaks
[1001/1057] fetch-failed  -            Safari Coffee Outpost
[1002/1057] fetch-failed  -            Oceanside Fish Shop
[1003/1057] fetch-failed  -            Tacos Locos Tasty Mexican Food
[1004/1057] fetch-failed  -            Corbin's Q
[1005/1057] fetch-failed  -            Canyon Inn
[1006/1057] fetch-failed  -            Cabo Cantina
[1007/1057] fetch-failed  -            Mo-Mo Paradise
[1008/1057] fetch-failed  -            Chef Fei
[1009/1057] fetch-failed  -            The Oceanaire Seafood Room
[1010/1057] fetch-failed  -            Lucha Libre Taco Shop
[1011/1057] fetch-failed  -            Pizza Guys
[1012/1057] fetch-failed  -            OB Kebab
[1013/1057] fetch-failed  -            OB Garden Café
[1014/1057] fetch-failed  -            George’s Bar
[1015/1057] fetch-failed  -            BCB Coffee
[1016/1057] fetch-failed  -            Grover's Grill
[1017/1057] fetch-failed  -            Creme De La Crepe
[1018/1057] fetch-failed  -            House of Black
[1019/1057] fetch-failed  -            Border X Brewing
[1020/1057] fetch-failed  -            Noodles
[1021/1057] fetch-failed  -            Taco Villa
[1022/1057] fetch-failed  -            Las Pinches Tortas
[1023/1057] fetch-failed  -            Yogurt Lounge Serra Mesa
[1024/1057] fetch-failed  -            All Fried Up
[1025/1057] fetch-failed  -            Mission Brewing (fka Rough Draft)
[1026/1057] fetch-failed  -            Aromas
[1027/1057] fetch-failed  -            Chicken & Crown
[1028/1057] fetch-failed  -            Dryer's Ice Cream Parlor
[1029/1057] fetch-failed  -            University Towers Kitchen
[1030/1057] fetch-failed  -            TEC Cafe
[1031/1057] fetch-failed  -            BCB Coffee Company
[1032/1057] fetch-failed  -            Sweet Labors
[1033/1057] fetch-failed  -            Copa Vida
[1034/1057] fetch-failed  -            Yonny Mini Hotpot
[1035/1057] fetch-failed  -            Café de Anza
[1036/1057] fetch-failed  -            Cafecito 1806
[1037/1057] fetch-failed  -            Carnitas’ Snack Shack
[1038/1057] fetch-failed  -            Trade Restaurant & Lounge
[1039/1057] fetch-failed  -            SanSai Japanese Grill
[1040/1057] fetch-failed  -            Stony Mountain Bar & Grill
[1041/1057] fetch-failed  -            The Santaluz Club Dining Room and Events
[1042/1057] fetch-failed  -            NM Cafe
[1043/1057] fetch-failed  -            Inland Tavern
[1044/1057] fetch-failed  -            In Between
[1045/1057] fetch-failed  -            Casa de Freds
[1046/1057] fetch-failed  -            Capriotti's Sandwich Shop
[1047/1057] fetch-failed  -            HACIENDITA BAKERY
[1048/1057] fetch-failed  -            Mawazo Kitchen
[1049/1057] fetch-failed  -            Verde Kitchen & Bar
[1050/1057] fetch-failed  -            Bean Sprouts
[1051/1057] fetch-failed  -            Mama Kat's Restaurant and Pie Shop
[1052/1057] fetch-failed  -            The Grand Tradition
[1053/1057] fetch-failed  -            Oliva
[1054/1057] fetch-failed  -            BunZ
[1055/1057] fetch-failed  -            Buka - Taste of Nigeria
[1056/1057] fetch-failed  -            Trisler's San Diego Wine Bar
[1057/1057] no-platform   -            Ground Up Cafe

platform                       attempted         filed       too-few         gated  wrong-branch needs-browser   no-platform  fetch-failed  screened-out
none                                 778             0             0             0             0            24           423           331             0
toast                                 79             2             0             2            21            52             0             0             2
order.online                          34             0             0             0             4            26             0             0             4
Square Online storefront              28             0             0             0             0            28             0             0             0
Square Online (own domain)            20             0             0             0             0            20             0             0             0
netwaiter                             17             0            17             0             0             0             0             0             0
chownow                               15             0             0             3             1            11             0             0             0
MealKeyWay                            14             0             0             0             0            14             0             0             0
slice                                 12             0             0             0             0            11             0             0             1
shopify                               11             1             0             0             0             0             0             0            10
olo                                    9             0             0             0             0             9             0             0             0
plain-html                             8             0             0             0             0             8             0             0             0
SpotOn                                 8             0             0             0             0             8             0             0             0
clover                                 5             0             0             0             1             2             0             0             2
HungerRush                             4             0             0             0             0             4             0             0             0
own-jsonld                             4             1             1             0             0             0             0             0             2
spothopper                             3             0             0             0             0             3             0             0             0
menufy                                 2             0             0             0             0             0             0             0             2
GloriaFood widget                      1             0             0             0             0             1             0             0             0
Paytronix                              1             0             0             0             0             1             0             0             0
popmenu                                1             0             0             0             1             0             0             0             0
ubereats                               1             0             0             0             1             0             0             0             0
wix                                    1             1             0             0             0             0             0             0             0
MenuSifu                               1             0             0             0             0             1             0             0             0
TOTAL                               1057             5            18             5            29           223           423           331            23

5 menus, 69 dishes
wrote menus/wip/router-20260904-181159.json
wrote menus/wip/router-20260904-181159.notes.json
