queue 1133 with a website; routing 1133 at concurrency 4

[   1/1133] no-platform   -            FryYay
[   2/1133] needs-browser chownow      Burger Bench Escondido
[   3/1133] no-platform   -            Mimi's Cafe
[   4/1133] no-platform   -            Taquería Imperial
[   5/1133] screened-out  order.online Wood Ranch Mission Valley
[   6/1133] needs-browser chownow      Brigantine Seafood
[   7/1133] no-platform   -            VG Donut & Bakery
[   8/1133] fetch-failed  -            Public Square Coffee House
[   9/1133] wrong-branch  order.online El Pueblo Mexican Food - Carlsbad
[  10/1133] needs-browser order.online Tom's Famous Family Restaurant 24
[  11/1133] needs-browser Square Online storefront Wayfarer Bread & Pastry
[  12/1133] no-platform   -            Farmer & The Seahorse
[  13/1133] needs-browser order.online TOM's Famous Family Restaurant 22
[  14/1133] wrong-branch  chownow      Handel’s Homemade Ice Cream
[  15/1133] needs-browser plain-html   Por Favor El Cajon
[  16/1133] no-platform   -            Loreto's Taco Shop
[  17/1133] needs-browser plain-html   Papas & Tacos Mexican Food
[  18/1133] no-platform   -            Taco Bar
[  19/1133] fetch-failed  -            Gus's Subs & Pizza Place
[  20/1133] fetch-failed  -            Home Sweet Home Cafe
[  21/1133] needs-browser chownow      Parakeet Cafe - Little Italy
[  22/1133] fetch-failed  -            Plazas Mexican Food
[  23/1133] needs-browser toast        MooTime Creamery
[  24/1133] needs-browser toast        Lanna Thai Cuisine
[  25/1133] needs-browser toast        Coya Peruvian Secret
[  26/1133] needs-browser GloriaFood widget That Mexican Place
[  27/1133] no-platform   -            Todo Sushi
[  28/1133] no-platform   -            El Real Mexican Food
[  29/1133] no-platform   -            Anita's Mexican Restaurant & Cantina
[  30/1133] screened-out  order.online Grandma Tofu & BBQ
[  31/1133] fetch-failed  -            Los Reyes Mexican Restaurant & Cantina
[  32/1133] no-platform   -            Hanu Korean BBQ
[  33/1133] needs-browser slice        Pastalini
[  34/1133] no-platform   -            Otay Mandarin Chinese Restaurant
[  35/1133] needs-browser olo          Panini Kabob Grill - Mission Valley
[  36/1133] needs-browser toast        The Asian Bistro
[  37/1133] needs-browser Square Online storefront skybound coffee + dessert lounge
[  38/1133] needs-browser order.online Sancho's Tacos
[  39/1133] needs-browser toast        Stake Chophouse & Bar
[  40/1133] no-platform   -            Antonio's Mexican Food
[  41/1133] needs-browser Square Online (own domain) Up2You Cafe
[  42/1133] no-platform   -            It's Raw Poke Shop
[  43/1133] needs-browser plain-html   Nick's Del Mar
[  44/1133] no-platform   -            Urban Crave
[  45/1133] no-platform   -            Boudin SF
[  46/1133] no-platform   -            Urban Crave
[  47/1133] fetch-failed  -            La Concha Bakery
[  48/1133] needs-browser olo          Better Buzz Coffee Pacific Beach Grand
[  49/1133] too-few       netwaiter    Connie's
[  50/1133] no-platform   -            Lucy's Bakery
[  51/1133] needs-browser plain-html   Pancho's Mexican Restaurant
[  52/1133] needs-browser order.online Robertito's Mexican Food
[  53/1133] no-platform   -            Muay Thai Kitchen
[  54/1133] no-platform   -            Baci Restaurant | Italian
[  55/1133] needs-browser toast        Nado Republic
[  56/1133] no-platform   -            Umai Sushi
[  57/1133] no-platform   -            Red Fox Room and Steakhouse
[  58/1133] needs-browser -            Beyer Deli
[  59/1133] needs-browser Square Online (own domain) Camp Coffee Company
[  60/1133] needs-browser Square Online (own domain) Portal Coffee
[  61/1133] needs-browser toast        Shaks Mediterranean Bistro
[  62/1133] no-platform   -            Golden Donut
[  63/1133] wrong-branch  chownow      Handel’s Homemade Ice Cream
[  64/1133] no-platform   -            San Luis Mexican Food
[  65/1133] needs-browser spothopper   Los Panchos Mexican Grill & Seafood
[  66/1133] fetch-failed  -            Mi Ranchito Taco Shop
[  67/1133] wrong-branch  ubereats     Broad Street Dough Co
[  68/1133] needs-browser Square Online storefront Prager Brothers Artisan Breads
[  69/1133] needs-browser Square Online storefront Maan's Mediterranean Grill
[  70/1133] no-platform   -            Superbloom Coffee & Juice
[  71/1133] needs-browser MealKeyWay   Dumplings N More
[  72/1133] needs-browser spothopper   Penelopes Mexican Food
[  73/1133] needs-browser Square Online (own domain) Barrio Donas
[  74/1133] no-platform   -            The Cowshed
[  75/1133] fetch-failed  -            Bonchon Chicken
[  76/1133] needs-browser toast        The Remy
[  77/1133] needs-browser toast        Clayton's Bakery & Bistro
[  78/1133] no-platform   -            Yingli Restaurant | Chula Vista
[  79/1133] needs-browser spothopper   Curry & More - Indian Bistro
[  80/1133] no-platform   -            Red Lobster
[  81/1133] needs-browser spothopper   3N1 Sports Bar & Grill
[  82/1133] needs-browser order.online Scoops La Jolla
[  83/1133] no-platform   -            Señor Taquero
[  84/1133] fetch-failed  -            Edelweiss Bakery
[  85/1133] too-few       netwaiter    Aiberto's Taco Shop
[  86/1133] fetch-failed  -            Leucadia Donut Shoppe
[  87/1133] screened-out  clover       Royal Sweets
[  88/1133] needs-browser toast        Tabu Sushi Bar & Grill Santee
[  89/1133] no-platform   -            SOMISOMI
[  90/1133] fetch-failed  -            Pacific Beach Ice Cream Co.
[  91/1133] wrong-branch  chownow      Handel's Homemade Ice Cream
[  92/1133] wrong-branch  order.online Lourdes Mexican Food To Go
[  93/1133] fetch-failed  -            Arizona Chinese Restaurant
[  94/1133] no-platform   -            Hidden Fish
[  95/1133] no-platform   -            Sushi Factory
[  96/1133] needs-browser Square Online storefront Bay Park Coffee
[  97/1133] no-platform   -            Big Front Door
[  98/1133] needs-browser Square Online storefront Portinos Restaurant
[  99/1133] no-platform   -            Emma's Mexican Food
[ 100/1133] needs-browser -            Rosarito's Mexican Food #1
[ 101/1133] no-platform   -            El Charro Mexican Food
[ 102/1133] too-few       netwaiter    Mary Ettas Cafe
[ 103/1133] needs-browser spothopper   il Sogno Italiano
[ 104/1133] needs-browser Square Online storefront Sandwich Emporium
[ 105/1133] needs-browser order.online Gelato Paradiso
[ 106/1133] no-platform   -            Hanna's Gourmet
[ 107/1133] no-platform   -            Angelito's Fruteria Y Neveria
[ 108/1133] needs-browser Square Online storefront Pink Rose Cafe
[ 109/1133] needs-browser -            Yogurt Heaven
[ 110/1133] no-platform   -            Flora
[ 111/1133] needs-browser slice        Italia Pizza
[ 112/1133] needs-browser toast        Valentina
[ 113/1133] no-platform   -            Honey Baked Ham
[ 114/1133] no-platform   -            Lucy's Bakery
[ 115/1133] needs-browser olo          Randy's Donuts
[ 116/1133] no-platform   -            Cafe Bella Drive Thru
[ 117/1133] fetch-failed  -            Camel's Bar and Grill
[ 118/1133] no-platform   -            Off The 8 Café
[ 119/1133] no-platform   -            Royal India Express
[ 120/1133] needs-browser olo          Luna Grill Millenia
[ 121/1133] needs-browser Square Online (own domain) Solana Sumptuous Cookies
[ 122/1133] no-platform   -            Wahoo's Fish Taco
[ 123/1133] needs-browser MealKeyWay   Surfing Crab Escondido
[ 124/1133] fetch-failed  -            We Olive & Wine Bar
[ 125/1133] screened-out  menufy       Ginza Sushi
[ 126/1133] no-platform   -            Tropifruit Juice Bar
[ 127/1133] no-platform   -            Dragon Express
[ 128/1133] no-platform   -            Cow-A-Bunga Ice Cream & Coffee
[ 129/1133] needs-browser Square Online (own domain) Serrano's Mexican Food
[ 130/1133] no-platform   -            Ike's Love & Sandwiches
[ 131/1133] fetch-failed  -            Thai Island@
[ 132/1133] needs-browser spothopper   Santos Coffee
[ 133/1133] needs-browser toast        Rosemonts Cafe
[ 134/1133] no-platform   -            BKK THAI KITCHEN
[ 135/1133] fetch-failed  -            Palomino's Mexican & Seafood
[ 136/1133] screened-out  shopify      La Colombe Coffee Roasters
[ 137/1133] fetch-failed  -            The Art of Espresso
[ 138/1133] no-platform   -            Shozen BBQ
[ 139/1133] no-platform   -            Athens Market Taverna
[ 140/1133] needs-browser order.online San Diego Sandwich Co
[ 141/1133] no-platform   -            Mexico Lindo Restaurant
[ 142/1133] needs-browser Square Online (own domain) Matcha Cafe Maiko - Escondido
[ 143/1133] no-platform   -            PGA Tour Grill
[ 144/1133] needs-browser HungerRush   Flippin' Pizza La Costa
[ 145/1133] needs-browser -            Marieta's Mexican Food
[ 146/1133] no-platform   -            Eugenio Italian Ristorante & More
[ 147/1133] no-platform   -            Cake de Partie
[ 148/1133] fetch-failed  -            @Spacebar Cafe
[ 149/1133] screened-out  own-jsonld   Hanna Garden
[ 150/1133] no-platform   -            Uncle Biffs California Killer Cookies
[ 151/1133] no-platform   -            Valerio's 1979
[ 152/1133] no-platform   -            Donuts Plus
[ 153/1133] no-platform   -            La Mixteca
[ 154/1133] no-platform   -            Silverlake Ramen
[ 155/1133] wrong-branch  chownow      Handel's Homemade Ice Cream
[ 156/1133] no-platform   -            Pizza Mania
[ 157/1133] no-platform   -            Bravo Cafe
[ 158/1133] needs-browser Square Online storefront Crossroads Deli
[ 159/1133] filed         shopify      Flor and Seed Coffee Roasters
[ 160/1133] needs-browser SpotOn       Porky's Lechon Barbecue
[ 161/1133] no-platform   -            Kokoro Restaurant
[ 162/1133] needs-browser Square Online (own domain) Elixir Espresso & Wine Bar
[ 163/1133] too-few       netwaiter    Opa Greek Restaurant & Grill
[ 164/1133] no-platform   -            KD's Donuts
[ 165/1133] no-platform   -            Imperial Express
[ 166/1133] fetch-failed  -            Potato Corner
[ 167/1133] fetch-failed  -            Tak Grill Fresh Mediterranean Food
[ 168/1133] fetch-failed  -            Cielo Rooftop
[ 169/1133] no-platform   -            The Orient Thai
[ 170/1133] no-platform   -            White Labs Brewing Co - San Diego
[ 171/1133] no-platform   -            Kaffee Meister
[ 172/1133] needs-browser toast        The Naked Cafe
[ 173/1133] needs-browser olo          Luna Grill Encinitas
[ 174/1133] no-platform   -            The Leucadian
[ 175/1133] no-platform   -            Beach + Taco Shack
[ 176/1133] no-platform   -            ENO Market & Pizzeria
[ 177/1133] no-platform   -            Nothing Bundt Cakes
[ 178/1133] needs-browser Square Online storefront Thyme for Lunch Cafe & Grill
[ 179/1133] no-platform   -            Glazed Coffee & Creamery
[ 180/1133] needs-browser -            Phở Hòa Restaurant | Vietnamese
[ 181/1133] needs-browser -            SoCal Sushi
[ 182/1133] screened-out  menufy       IB Thai
[ 183/1133] fetch-failed  -            Olive Baking Company
[ 184/1133] fetch-failed  -            Mesa Agricola
[ 185/1133] fetch-failed  -            Que Tortas
[ 186/1133] fetch-failed  -            Bistro Pazzo
[ 187/1133] fetch-failed  -            Rosarito's Mexican Food #7
[ 188/1133] no-platform   -            Ko-Li Bar
[ 189/1133] fetch-failed  -            Pho Hiep & Grill
[ 190/1133] fetch-failed  -            James Coffee Co
[ 191/1133] fetch-failed  -            Industrial Grind Coffee
[ 192/1133] fetch-failed  -            Fat Joe’s O’side
[ 193/1133] fetch-failed  -            Kaito Sushi
[ 194/1133] fetch-failed  -            Chopsticks Chinese Cuisine
[ 195/1133] fetch-failed  -            Donut Factory
[ 196/1133] fetch-failed  -            YuJing Chinese Restaurant
[ 197/1133] fetch-failed  -            Tea Pavilion
[ 198/1133] fetch-failed  -            La Moreliana
[ 199/1133] fetch-failed  -            Banh Mi Blvd
[ 200/1133] needs-browser Square Online (own domain) Dot Cafe
[ 201/1133] screened-out  shopify      Seven Seas Roasting Company
[ 202/1133] fetch-failed  -            Valentinas Taco Shop
[ 203/1133] no-platform   -            Blue Pepper Asian Cuisine
[ 204/1133] fetch-failed  -            Memo's Golden Bagel
[ 205/1133] needs-browser -            Seaview Restaurant
[ 206/1133] fetch-failed  -            The Reunion
[ 207/1133] no-platform   -            The Grounds Bean Bar
[ 208/1133] needs-browser order.online BB's Deli
[ 209/1133] needs-browser order.online Le Macaron French Pastries
[ 210/1133] needs-browser SpotOn       Kalei's Kitchenette
[ 211/1133] fetch-failed  -            Eat Your Heart Out II
[ 212/1133] needs-browser MealKeyWay   Iron Wok
[ 213/1133] needs-browser toast        Lime in the Coconut
[ 214/1133] no-platform   -            Park Blvd Express | Chinese
[ 215/1133] no-platform   -            Joses Taco Shop
[ 216/1133] fetch-failed  -            Bar Kamon
[ 217/1133] needs-browser slice        Rock On Pizza
[ 218/1133] no-platform   -            San Diego Blenders
[ 219/1133] fetch-failed  -            Purple Owl Cafe
[ 220/1133] fetch-failed  -            Victor's Kafe - Poway
[ 221/1133] no-platform   -            Baja Rick's Cantina
[ 222/1133] fetch-failed  -            Nanay's Best BBQ
[ 223/1133] fetch-failed  -            Sue's Korean Kitchen
[ 224/1133] fetch-failed  -            Side Bar
[ 225/1133] fetch-failed  -            Little Ceasar's
[ 226/1133] fetch-failed  -            Black Radish
[ 227/1133] fetch-failed  -            Al Teatro Panini Grill
[ 228/1133] fetch-failed  -            Idego Coffee Roasters
[ 229/1133] fetch-failed  -            Explorers Café
[ 230/1133] fetch-failed  -            Tacoman
[ 231/1133] fetch-failed  -            Rosarito's Mexican Food #2
[ 232/1133] fetch-failed  -            Criscito Pizza
[ 233/1133] fetch-failed  -            Nolberto's Taco Shop
[ 234/1133] fetch-failed  -            Thai Fresh
[ 235/1133] fetch-failed  -            Sweet Revenge Bakery
[ 236/1133] fetch-failed  -            Fan-Fan
[ 237/1133] fetch-failed  -            The Luau
[ 238/1133] fetch-failed  -            Surfdog's Java Hot
[ 239/1133] fetch-failed  -            Red Ribbon Bakeshop
[ 240/1133] fetch-failed  -            Gotcha
[ 241/1133] fetch-failed  -            Hino
[ 242/1133] fetch-failed  -            Prince Hookah Cafe
[ 243/1133] fetch-failed  -            P B Pub
[ 244/1133] fetch-failed  -            Coral Tree Tea House
[ 245/1133] fetch-failed  -            World Famous I Bar
[ 246/1133] fetch-failed  -            Red Ribbon Bakeshop
[ 247/1133] fetch-failed  -            Thai Style
[ 248/1133] fetch-failed  -            Mother's Kitchen
[ 249/1133] fetch-failed  -            Mr. Charlie's
[ 250/1133] fetch-failed  -            Aztec Food Hub
[ 251/1133] fetch-failed  -            The Halal Shack
[ 252/1133] fetch-failed  -            Crispy Chicken n' Tomato
[ 253/1133] fetch-failed  -            Brown Bag Deli
[ 254/1133] fetch-failed  -            Corner Cafe | Chinese
[ 255/1133] fetch-failed  -            Zhang Liang Malatang
[ 256/1133] fetch-failed  -            Tony’s Newport Cafe
[ 257/1133] fetch-failed  -            Gong Cha
[ 258/1133] fetch-failed  -            Taco Time Food Truck
[ 259/1133] fetch-failed  -            Donut Stop
[ 260/1133] fetch-failed  -            Stagecoach Inn
[ 261/1133] fetch-failed  -            Kona Coffee
[ 262/1133] fetch-failed  -            Nothing Bundt Cakes
[ 263/1133] fetch-failed  -            The Elegant Truffle
[ 264/1133] fetch-failed  -            D Wings & Ribs
[ 265/1133] fetch-failed  -            La Perlita Mexican Food
[ 266/1133] fetch-failed  -            Panorama Bar & Grill
[ 267/1133] fetch-failed  -            Millport
[ 268/1133] fetch-failed  -            Seahorse Coffee
[ 269/1133] fetch-failed  -            The Crack Shack - Pacific Beach
[ 270/1133] fetch-failed  -            The Deli Stop
[ 271/1133] fetch-failed  -            Bonehead Burger Co.
[ 272/1133] fetch-failed  -            Matoi
[ 273/1133] fetch-failed  -            Cargo Cafe
[ 274/1133] fetch-failed  -            Poki Poki - Encinitas
[ 275/1133] fetch-failed  -            Chin's Gourmet
[ 276/1133] fetch-failed  -            D'Sotos Mexican Food
[ 277/1133] fetch-failed  -            Parkys
[ 278/1133] fetch-failed  -            Zhengxin Chicken Steak
[ 279/1133] fetch-failed  -            Sura BBQ & SHABU
[ 280/1133] fetch-failed  -            Topside Terrace Kitchen & Bar
[ 281/1133] fetch-failed  -            Elixir Espresso Bar
[ 282/1133] fetch-failed  -            Shanghai Cuisine
[ 283/1133] fetch-failed  -            Sul & Beans
[ 284/1133] fetch-failed  -            Pho Olala
[ 285/1133] fetch-failed  -            China Express
[ 286/1133] fetch-failed  -            Gor Gai Thai Eatery
[ 287/1133] fetch-failed  -            The Well Cafe
[ 288/1133] fetch-failed  -            The Surf Club Oceanside
[ 289/1133] fetch-failed  -            Hancock Street Cafe
[ 290/1133] fetch-failed  -            ZzanG Hotdog & Chicken
[ 291/1133] fetch-failed  -            Hooked On Pokè
[ 292/1133] fetch-failed  -            The Lean Machine Meal Prep
[ 293/1133] fetch-failed  -            The Peruvian Spot
[ 294/1133] fetch-failed  -            Roots Bowls
[ 295/1133] fetch-failed  -            Sweetfin
[ 296/1133] fetch-failed  -            Daniel's Taco Shop
[ 297/1133] fetch-failed  -            Deano's Pub
[ 298/1133] fetch-failed  -            Teaspoon
[ 299/1133] fetch-failed  -            Pick Up Stix Fresh Asian Flavors
[ 300/1133] fetch-failed  -            Chen Golden Palace
[ 301/1133] fetch-failed  -            Le Rendez-Vous French Bakery
[ 302/1133] fetch-failed  -            Channel 2 Sports Bar
[ 303/1133] fetch-failed  -            Hot or Not Thai
[ 304/1133] fetch-failed  -            Szechuan Chef Chinese Cuisine
[ 305/1133] fetch-failed  -            Rosaria's Pizza 4
[ 306/1133] fetch-failed  -            Bistro Kaz
[ 307/1133] fetch-failed  -            DaYung's Tea
[ 308/1133] fetch-failed  -            Tulum Seafood
[ 309/1133] fetch-failed  -            Flippin Pizza Encinitas
[ 310/1133] fetch-failed  -            Vitality Bowls
[ 311/1133] fetch-failed  -            La Central
[ 312/1133] fetch-failed  -            Upper East
[ 313/1133] fetch-failed  -            Long Story Irish Pub
[ 314/1133] fetch-failed  -            Mike Hess Brewing Tasting Room
[ 315/1133] fetch-failed  -            City Dragon
[ 316/1133] fetch-failed  -            It's A Piece A Cake
[ 317/1133] fetch-failed  -            Musashiya
[ 318/1133] fetch-failed  -            The Brass Rail
[ 319/1133] fetch-failed  -            Goyo's Bakery
[ 320/1133] fetch-failed  -            San Diego Eagle
[ 321/1133] fetch-failed  -            Kinchana
[ 322/1133] fetch-failed  -            Sidny's Bagels & Deli
[ 323/1133] fetch-failed  -            CAFE 160
[ 324/1133] fetch-failed  -            Kaki Sushi
[ 325/1133] fetch-failed  -            Okavango Outpost
[ 326/1133] fetch-failed  -            Mosa Tea
[ 327/1133] fetch-failed  -            Bale French Sandwiches
[ 328/1133] fetch-failed  -            Taste of Thai
[ 329/1133] fetch-failed  -            African Spices
[ 330/1133] fetch-failed  -            Spoon House
[ 331/1133] fetch-failed  -            Elsa's Kitchen
[ 332/1133] fetch-failed  -            Agave Taco Shop
[ 333/1133] fetch-failed  -            Hoffer's Cigar Bar
[ 334/1133] fetch-failed  -            Gloria's Taco Shop
[ 335/1133] fetch-failed  -            Mike's Giant New York Pizza
[ 336/1133] fetch-failed  -            La Michoacana
[ 337/1133] fetch-failed  -            JNC Pinoy Foodmart
[ 338/1133] fetch-failed  -            Mad Munch Grilled Cheezer Co.
[ 339/1133] fetch-failed  -            Achilles Coffee Roasters
[ 340/1133] fetch-failed  -            Dine with Orcas
[ 341/1133] fetch-failed  -            Dora
[ 342/1133] fetch-failed  -            Novecientos Grados by Tony Hawk
[ 343/1133] fetch-failed  -            Bopomofo Cafe
[ 344/1133] fetch-failed  -            Teriyaki Madness
[ 345/1133] fetch-failed  -            Nobu
[ 346/1133] fetch-failed  -            Frida's Taqueria
[ 347/1133] fetch-failed  -            Thai Ladle
[ 348/1133] fetch-failed  -            Goli
[ 349/1133] fetch-failed  -            Lucky Doughnut
[ 350/1133] fetch-failed  -            Cool Down Coffee
[ 351/1133] fetch-failed  -            Los Kompadres Mexican Food
[ 352/1133] fetch-failed  -            Leos Kitchen
[ 353/1133] fetch-failed  -            Junction Bar & Grill
[ 354/1133] fetch-failed  -            Manzanita Roasting Co
[ 355/1133] fetch-failed  -            Juice Kaboose
[ 356/1133] fetch-failed  -            Smittys Downtown
[ 357/1133] fetch-failed  -            Donut Bros
[ 358/1133] fetch-failed  -            Urban Bubble
[ 359/1133] fetch-failed  -            Tom's Chinese BBQ
[ 360/1133] fetch-failed  -            Deli Belly
[ 361/1133] fetch-failed  -            Pizzabilities - Alpine
[ 362/1133] fetch-failed  -            Tenkatori
[ 363/1133] fetch-failed  -            La Nacional
[ 364/1133] fetch-failed  -            Roma's Pizza
[ 365/1133] fetch-failed  -            Hyderabad Cafe
[ 366/1133] fetch-failed  -            Tasty Pizza Escondido LLC
[ 367/1133] fetch-failed  -            Ma's House
[ 368/1133] fetch-failed  -            Deano's Pub East
[ 369/1133] fetch-failed  -            Juice Stop Encinitas
[ 370/1133] fetch-failed  -            Angela's Eccentric Kitchen
[ 371/1133] fetch-failed  -            Angry Petes Pizza Point Loma
[ 372/1133] fetch-failed  -            La Banana Fruits - Fruteria
[ 373/1133] fetch-failed  -            Kind Coffee
[ 374/1133] fetch-failed  -            Leucadia Pizza Point Loma
[ 375/1133] fetch-failed  -            Star Express
[ 376/1133] fetch-failed  -            Picasso's Naturals
[ 377/1133] fetch-failed  -            Understory Bar
[ 378/1133] fetch-failed  -            Pho G-Beef
[ 379/1133] fetch-failed  -            Nova Easy Kombucha
[ 380/1133] fetch-failed  -            Spicy Noodle
[ 381/1133] fetch-failed  -            Rad Habits Juice
[ 382/1133] fetch-failed  -            Bonchon Chicken
[ 383/1133] fetch-failed  -            Ranch House Restaurant
[ 384/1133] fetch-failed  -            Del Sushi
[ 385/1133] fetch-failed  -            Kona Kakes Tropical Cake Bakery
[ 386/1133] fetch-failed  -            Village Pub
[ 387/1133] fetch-failed  -            Tastea
[ 388/1133] fetch-failed  -            U Dessert Eats
[ 389/1133] fetch-failed  -            Mariscos y Miches El Patron
[ 390/1133] fetch-failed  -            Juice Caboose
[ 391/1133] fetch-failed  -            Granny's Apple Fries
[ 392/1133] fetch-failed  -            Hometown Taste
[ 393/1133] fetch-failed  -            Burrito King
[ 394/1133] fetch-failed  -            Burekas Box
[ 395/1133] fetch-failed  -            Rocco's Pizza Deli
[ 396/1133] fetch-failed  -            Vica’s Cafe
[ 397/1133] fetch-failed  -            Dog Leg Brewing
[ 398/1133] fetch-failed  -            Seven Seas Roasting
[ 399/1133] fetch-failed  -            Unique Sandwiches
[ 400/1133] fetch-failed  -            El Mercadito
[ 401/1133] fetch-failed  -            Bowl To Go
[ 402/1133] fetch-failed  -            Gem Coffee
[ 403/1133] fetch-failed  -            Java Earth Coffee
[ 404/1133] fetch-failed  -            A Louest
[ 405/1133] fetch-failed  -            Gihon Ethiopian Kitchen
[ 406/1133] fetch-failed  -            Cheers
[ 407/1133] fetch-failed  -            Orient Valley Filipino Cuisine
[ 408/1133] fetch-failed  -            Star Dust Donut Shop
[ 409/1133] fetch-failed  -            Tutti Frutti Frozen Yogurt
[ 410/1133] fetch-failed  -            Las Michoacanas
[ 411/1133] fetch-failed  -            Cj Lounge
[ 412/1133] fetch-failed  -            The Pad Thai Stand
[ 413/1133] fetch-failed  -            Kinme Omakase
[ 414/1133] fetch-failed  -            Erika's Mexican Food & Seafood
[ 415/1133] fetch-failed  -            Ten Seconds Yunnan Rice Noodle
[ 416/1133] fetch-failed  -            The Craft Taco at The Nat
[ 417/1133] fetch-failed  -            Sarku Japan
[ 418/1133] fetch-failed  -            Social hookah lounge
[ 419/1133] fetch-failed  -            R3fresh Juice Bar
[ 420/1133] fetch-failed  -            Papa's Pizza
[ 421/1133] fetch-failed  -            Castelli & Pizarro Family Vineyards & Winery
[ 422/1133] fetch-failed  -            Jungle Tea
[ 423/1133] fetch-failed  -            Bang Bang
[ 424/1133] fetch-failed  -            Burros and Fries
[ 425/1133] fetch-failed  -            Park Commons
[ 426/1133] fetch-failed  -            Hongyuan Kebab
[ 427/1133] fetch-failed  -            SusieCakes - Carlsbad
[ 428/1133] fetch-failed  -            Tu Thanh
[ 429/1133] fetch-failed  -            Bobalicious
[ 430/1133] fetch-failed  -            La michoacana Plus San Diego #2
[ 431/1133] fetch-failed  -            China Fun
[ 432/1133] fetch-failed  -            Grab & Go - Mission Hills
[ 433/1133] fetch-failed  -            Kim's Bar-B-Que
[ 434/1133] fetch-failed  -            Tajima Ramen Crown Point
[ 435/1133] fetch-failed  -            K & K Orient Valley Food Center
[ 436/1133] fetch-failed  -            Rambler Coffee
[ 437/1133] fetch-failed  -            PB Oriental
[ 438/1133] fetch-failed  -            DRIFT La Jolla
[ 439/1133] fetch-failed  -            Hammer's New York Pizza
[ 440/1133] fetch-failed  -            PKI Sushi
[ 441/1133] fetch-failed  -            Landshark Bar & Grill
[ 442/1133] fetch-failed  -            Del Cerro Pizza
[ 443/1133] fetch-failed  -            Leucadia Pizza
[ 444/1133] fetch-failed  -            Marketplace Grille
[ 445/1133] fetch-failed  -            Bar Ella
[ 446/1133] fetch-failed  -            Modern Times Coffee
[ 447/1133] fetch-failed  -            Prendi E Vai
[ 448/1133] fetch-failed  -            Bubbles & Brews Cafe
[ 449/1133] fetch-failed  -            Tous les Jours
[ 450/1133] fetch-failed  -            Go Greek Authentic Yogurteria
[ 451/1133] fetch-failed  -            Sieu Sieu BBQ
[ 452/1133] fetch-failed  -            El Viejon
[ 453/1133] fetch-failed  -            Cherry Bomb
[ 454/1133] fetch-failed  -            Mariscos La Morena
[ 455/1133] fetch-failed  -            Casa Fiesta Juice Bar
[ 456/1133] fetch-failed  -            The Pearl Restaurant
[ 457/1133] fetch-failed  -            Flour Atelier
[ 458/1133] fetch-failed  -            Happytime Tea
[ 459/1133] fetch-failed  -            Möge Tee
[ 460/1133] fetch-failed  -            Knights' Smokehouse BBQ
[ 461/1133] fetch-failed  -            Lapper Kitchen + Tap
[ 462/1133] fetch-failed  -            Imperial Palace
[ 463/1133] fetch-failed  -            Roppongi
[ 464/1133] fetch-failed  -            Egg Holic
[ 465/1133] fetch-failed  -            Nothing Bundt Cakes
[ 466/1133] fetch-failed  -            Kim's Deli
[ 467/1133] fetch-failed  -            Vinh Long Food To Go
[ 468/1133] fetch-failed  -            Quick Wok
[ 469/1133] fetch-failed  -            Qin West
[ 470/1133] fetch-failed  -            Vinya Yoga and Wine Bar
[ 471/1133] fetch-failed  -            Ching's Famous Hopia
[ 472/1133] fetch-failed  -            Taco Loco
[ 473/1133] fetch-failed  -            T. P. Bánh Bao 3
[ 474/1133] fetch-failed  -            Casa De Otay – The Casita
[ 475/1133] fetch-failed  -            Campus Cafe
[ 476/1133] fetch-failed  -            Cafe Aero
[ 477/1133] fetch-failed  -            Yas Lounge
[ 478/1133] fetch-failed  -            Hua Mei Cafe
[ 479/1133] fetch-failed  -            Necter Juice Bar
[ 480/1133] fetch-failed  -            LJ Crafted Wines - Wines & Tastings
[ 481/1133] fetch-failed  -            Josie's Hideout Saloon
[ 482/1133] fetch-failed  -            Valerio's 1979
[ 483/1133] fetch-failed  -            The Pad Thai Stand
[ 484/1133] fetch-failed  -            Gather
[ 485/1133] fetch-failed  -            D'liteful Chocolat
[ 486/1133] fetch-failed  -            Presotea
[ 487/1133] fetch-failed  -            Oakberry Açaí bowls
[ 488/1133] fetch-failed  -            De Kotija Taco Shop LLC
[ 489/1133] fetch-failed  -            Creperie Antoinette
[ 490/1133] fetch-failed  -            Mochinut
[ 491/1133] fetch-failed  -            Trevi Hills Winery
[ 492/1133] fetch-failed  -            Tree House
[ 493/1133] fetch-failed  -            Bonita Donuts
[ 494/1133] fetch-failed  -            Tasty Donuts
[ 495/1133] fetch-failed  -            Old Town Eatery
[ 496/1133] fetch-failed  -            Poke One N Half
[ 497/1133] fetch-failed  -            Jamal's Chicken
[ 498/1133] fetch-failed  -            Nomada
[ 499/1133] fetch-failed  -            Lambers Chinese Bakery
[ 500/1133] fetch-failed  -            Cafe Pascale Grill & Deli
[ 501/1133] fetch-failed  -            Cha Cha Tea Spot
[ 502/1133] fetch-failed  -            Tres Hermanos Locos Tacos
[ 503/1133] fetch-failed  -            Off the Vine Gardens Deli And Catering
[ 504/1133] fetch-failed  -            Sunny Dumpling House
[ 505/1133] fetch-failed  -            Guerrero Taco Shop
[ 506/1133] fetch-failed  -            Sydney's
[ 507/1133] fetch-failed  -            Cluck N Sip
[ 508/1133] fetch-failed  -            Bean Box
[ 509/1133] fetch-failed  -            Pure Squeeze
[ 510/1133] fetch-failed  -            Divina Matcha
[ 511/1133] fetch-failed  -            DaYung's Tea
[ 512/1133] fetch-failed  -            Grubz
[ 513/1133] fetch-failed  -            Playa Azul Mariscos Restaurant
[ 514/1133] fetch-failed  -            Nothing Bundt Cakes
[ 515/1133] fetch-failed  -            Jaguar Paw
[ 516/1133] fetch-failed  -            Ohana Nutrition
[ 517/1133] fetch-failed  -            Warner Springs Golf Shop & Grill
[ 518/1133] fetch-failed  -            Qualcomm Cafe Q
[ 519/1133] fetch-failed  -            56 Thai Cafe
[ 520/1133] fetch-failed  -            Asia Wok Teppanyaki & Chinese Food
[ 521/1133] fetch-failed  -            Linda's Yogurt & Deli
[ 522/1133] fetch-failed  -            All That Shabu
[ 523/1133] fetch-failed  -            Bivouac Adventure Lodge Coffee Shop
[ 524/1133] fetch-failed  -            The Poke Co.
[ 525/1133] fetch-failed  -            Boba Tea Spot
[ 526/1133] fetch-failed  -            Paradise Kabob
[ 527/1133] fetch-failed  -            Cali Banh Mi
[ 528/1133] fetch-failed  -            Montebello
[ 529/1133] fetch-failed  -            The Grillery
[ 530/1133] fetch-failed  -            The Golf Bar
[ 531/1133] fetch-failed  -            Ba Le French Sandwich Shop
[ 532/1133] fetch-failed  -            Tazza D'Oro
[ 533/1133] fetch-failed  -            All Things Ube Desserts
[ 534/1133] fetch-failed  -            Pita Pit
[ 535/1133] fetch-failed  -            Cargo Cafe - Paseo Del Mar
[ 536/1133] fetch-failed  -            Pub 1795
[ 537/1133] fetch-failed  -            Alohana Açaí Bowls
[ 538/1133] fetch-failed  -            5 O'Clock Somewhere Rooftop Bar
[ 539/1133] fetch-failed  -            Suki Hana
[ 540/1133] fetch-failed  -            Johnny Radz Pizza
[ 541/1133] fetch-failed  -            The Loft at UC San Diego
[ 542/1133] fetch-failed  -            Route 6 Coffee & Smoothies
[ 543/1133] fetch-failed  -            Grab & Go
[ 544/1133] fetch-failed  -            Ziggi's Coffee
[ 545/1133] fetch-failed  -            Mike Hess Brewing - Seaport Village Taphouse
[ 546/1133] fetch-failed  -            La Jolla Boba
[ 547/1133] fetch-failed  -            Sunright Tea Studio
[ 548/1133] fetch-failed  -            La Pizzeria Arrivederci
[ 549/1133] fetch-failed  -            J & J's Mexican Food
[ 550/1133] fetch-failed  -            Shabu Spot
[ 551/1133] fetch-failed  -            Huy Ky Bakery
[ 552/1133] fetch-failed  -            F Street Cafe
[ 553/1133] fetch-failed  -            Enoteca Buona Forchetta
[ 554/1133] fetch-failed  -            Pizza Grande
[ 555/1133] fetch-failed  -            Zoo Brew
[ 556/1133] fetch-failed  -            Zest Wine Bistro
[ 557/1133] fetch-failed  -            Dockside Casual Seafood Counter
[ 558/1133] fetch-failed  -            The MRKT
[ 559/1133] fetch-failed  -            Yuki Yuki
[ 560/1133] fetch-failed  -            Healthy Grill Mediterranean
[ 561/1133] fetch-failed  -            Suki Hana
[ 562/1133] fetch-failed  -            62 Area Chow Hall
[ 563/1133] fetch-failed  -            Sandwich Place
[ 564/1133] fetch-failed  -            Craft Pizza
[ 565/1133] fetch-failed  -            Forum Deli
[ 566/1133] fetch-failed  -            Royal Pearl Tea
[ 567/1133] fetch-failed  -            Tapas Bar
[ 568/1133] fetch-failed  -            Plaza Deli
[ 569/1133] fetch-failed  -            Test Kitchen
[ 570/1133] fetch-failed  -            Michoacana Mia - SDSU
[ 571/1133] fetch-failed  -            Moniker General
[ 572/1133] fetch-failed  -            Madina Market Halal Fast Food
[ 573/1133] fetch-failed  -            Manta Pizza
[ 574/1133] fetch-failed  -            Pure Green
[ 575/1133] fetch-failed  -            Coco Bomb
[ 576/1133] fetch-failed  -            Market One
[ 577/1133] fetch-failed  -            Sip Fresh
[ 578/1133] fetch-failed  -            longball cocktail
[ 579/1133] fetch-failed  -            Chapters Cafe
[ 580/1133] fetch-failed  -            Blue Bowl Superfoods
[ 581/1133] fetch-failed  -            La Paloma
[ 582/1133] fetch-failed  -            Showa Ramen
[ 583/1133] fetch-failed  -            Fresca Deli .
[ 584/1133] fetch-failed  -            The Lookout at Lake Poway
[ 585/1133] fetch-failed  -            Chester's
[ 586/1133] fetch-failed  -            Prado Perk
[ 587/1133] fetch-failed  -            WUHU TEA & DELI
[ 588/1133] fetch-failed  -            Mombasa Cooker
[ 589/1133] fetch-failed  -            Collette’s Collaborative Collective Cuisine
[ 590/1133] fetch-failed  -            Surf City Squeeze
[ 591/1133] fetch-failed  -            Thérapie Bistro
[ 592/1133] fetch-failed  -            Mister G Salsa
[ 593/1133] fetch-failed  -            FiveO3 Pupusas
[ 594/1133] fetch-failed  -            El Cilantro Mexican Grill
[ 595/1133] fetch-failed  -            Unico Juice Shop
[ 596/1133] fetch-failed  -            FLAVORS EXPRESS SDSU
[ 597/1133] fetch-failed  -            Topo's Tacos
[ 598/1133] fetch-failed  -            Chagee
[ 599/1133] fetch-failed  -            The Bean Box 701
[ 600/1133] fetch-failed  -            Lò Bánh Cuốn Tân Định
[ 601/1133] fetch-failed  -            Ramen Station
[ 602/1133] fetch-failed  -            Oriste Fairway Cafe
[ 603/1133] fetch-failed  -            Finca Casa Blanca
[ 604/1133] fetch-failed  -            Copa Vida
[ 605/1133] fetch-failed  -            Boba n More
[ 606/1133] fetch-failed  -            El huevo estrellado # 2
[ 607/1133] fetch-failed  -            Cargo Cafe - Wateridge
[ 608/1133] fetch-failed  -            Bert's Bistro
[ 609/1133] fetch-failed  -            Cargo Cafe - Gateway
[ 610/1133] fetch-failed  -            El Camino
[ 611/1133] fetch-failed  -            Bosley Cafe
[ 612/1133] fetch-failed  -            Med Cafe
[ 613/1133] fetch-failed  -            Our Green Affair
[ 614/1133] fetch-failed  -            Swami's
[ 615/1133] fetch-failed  -            3 Day Suit Broker
[ 616/1133] fetch-failed  -            Winners Circle
[ 617/1133] fetch-failed  -            Juice Caboose
[ 618/1133] fetch-failed  -            Basic
[ 619/1133] fetch-failed  -            Coin Toss
[ 620/1133] fetch-failed  -            The Caddyshack
[ 621/1133] fetch-failed  -            Poki Poki
[ 622/1133] fetch-failed  -            Filling Station Pub and Grill
[ 623/1133] fetch-failed  -            Fairbanks
[ 624/1133] fetch-failed  -            Hacienda De Vega
[ 625/1133] fetch-failed  -            Taco King
[ 626/1133] fetch-failed  -            Allen's New York Pizza
[ 627/1133] fetch-failed  -            Sushi Freak
[ 628/1133] fetch-failed  -            Thai Basil
[ 629/1133] fetch-failed  -            Crepes
[ 630/1133] fetch-failed  -            GIHON Ethiopian Kitchen
[ 631/1133] fetch-failed  -            Hummus Mediterranean Kitchen
[ 632/1133] fetch-failed  -            I Love Pho
[ 633/1133] fetch-failed  -            Baja Fresh
[ 634/1133] fetch-failed  -            BurgerIM
[ 635/1133] fetch-failed  -            Valerio's Finest Bake Shop
[ 636/1133] fetch-failed  -            Birria El Rey
[ 637/1133] fetch-failed  -            Terrace Lounge
[ 638/1133] fetch-failed  -            Silvia's Pupuseria
[ 639/1133] fetch-failed  -            Citrina Berry Fresh
[ 640/1133] fetch-failed  -            Curbside Eatery & Drinkery
[ 641/1133] fetch-failed  -            Trattoria da Sofia
[ 642/1133] fetch-failed  -            Karihan Filipino Food
[ 643/1133] fetch-failed  -            Atelier Manna
[ 644/1133] fetch-failed  -            CITRINA BERRY FRESH
[ 645/1133] fetch-failed  -            Beer Company
[ 646/1133] fetch-failed  -            Rito’s Mexican Food
[ 647/1133] fetch-failed  -            Stella Jean's Ice Cream Kensington
[ 648/1133] fetch-failed  -            Crave
[ 649/1133] fetch-failed  -            Backyard Altar BBQ
[ 650/1133] fetch-failed  -            Stone Oven
[ 651/1133] fetch-failed  -            Pei Wei
[ 652/1133] fetch-failed  -            Golden Spoon Carlsbad Plaza
[ 653/1133] fetch-failed  -            Paris Baguette
[ 654/1133] fetch-failed  -            Purl Tea San Marcos
[ 655/1133] fetch-failed  -            Rare Society
[ 656/1133] fetch-failed  -            Nick's on State
[ 657/1133] fetch-failed  -            Oaks Bar Grill
[ 658/1133] fetch-failed  -            Fairbanks
[ 659/1133] fetch-failed  -            Bovino
[ 660/1133] fetch-failed  -            Paradisaea
[ 661/1133] fetch-failed  -            Cococabana
[ 662/1133] fetch-failed  -            Everest Himalayan Cuisine
[ 663/1133] fetch-failed  -            Ding Tea Oceanside
[ 664/1133] fetch-failed  -            Gooseberries kafe
[ 665/1133] fetch-failed  -            Board & Brew - Escondido
[ 666/1133] fetch-failed  -            Green Vine Delicatessen
[ 667/1133] fetch-failed  -            Tacos de Birria El Chinito Jr
[ 668/1133] fetch-failed  -            China Fun
[ 669/1133] fetch-failed  -            Taco Lounge Escaya
[ 670/1133] fetch-failed  -            Fiori’s Pizza
[ 671/1133] fetch-failed  -            That Pizza Place - Carlsbad
[ 672/1133] fetch-failed  -            La Sabrosita
[ 673/1133] fetch-failed  -            Darshan Bakery
[ 674/1133] fetch-failed  -            Sabor a Vida Cafe & Deli
[ 675/1133] fetch-failed  -            Friends of Friends
[ 676/1133] fetch-failed  -            Appetite
[ 677/1133] fetch-failed  -            Monserate Winery
[ 678/1133] fetch-failed  -            Golden Corral
[ 679/1133] fetch-failed  -            Vigilante Coffee
[ 680/1133] fetch-failed  -            Agave Birrieria
[ 681/1133] fetch-failed  -            Taco Machin
[ 682/1133] fetch-failed  -            Breakwater Brewing Co.
[ 683/1133] fetch-failed  -            Tita's Taco Shop
[ 684/1133] fetch-failed  -            Pho House
[ 685/1133] fetch-failed  -            Donburi Rice Bowls
[ 686/1133] fetch-failed  -            Chin's Szechwan - Del Mar
[ 687/1133] fetch-failed  -            bcb Cafe
[ 688/1133] fetch-failed  -            Camino Riviera
[ 689/1133] fetch-failed  -            Bubba’s Smokehouse BBQ
[ 690/1133] fetch-failed  -            Nory's Donut & Bakery
[ 691/1133] fetch-failed  -            Mendoza’s Mexican Food
[ 692/1133] fetch-failed  -            Tasty Pho
[ 693/1133] fetch-failed  -            Trebol Mexican Restaurant
[ 694/1133] fetch-failed  -            Draft Republic San Marcos
[ 695/1133] fetch-failed  -            Vinarius Wine Bar & Restaurant
[ 696/1133] fetch-failed  -            Pho Oceanside
[ 697/1133] fetch-failed  -            Village Roots Deli & Taproom
[ 698/1133] fetch-failed  -            El Rinconcito Fruteria
[ 699/1133] fetch-failed  -            Handel's Homemade Ice Cream
[ 700/1133] fetch-failed  -            Su Pan Bakery El Cajon
[ 701/1133] fetch-failed  -            1022 Cafe & Gelateria
[ 702/1133] fetch-failed  -            Tacaliente Mexican Grill
[ 703/1133] fetch-failed  -            Taqueria El Kabron Jr.
[ 704/1133] fetch-failed  -            Panda Imperial Restaurant
[ 705/1133] fetch-failed  -            Balsamico Italian Kitchen
[ 706/1133] no-platform   -            Gelato 101 Solana Beach
[ 707/1133] no-platform   -            Napatini Bistro and Wine Bar
[ 708/1133] gated         toast        Barn Door Public House
[ 709/1133] fetch-failed  -            Truluck's
[ 710/1133] no-platform   -            Paris Baguette
[ 711/1133] no-platform   -            Backdraft Bar & Grill
[ 712/1133] fetch-failed  -            Cork N Brew
[ 713/1133] needs-browser HungerRush   Buonasera New York Pizzeria
[ 714/1133] no-platform   -            Ocean Thai Cuisine
[ 715/1133] no-platform   -            Ono Hawaiian BBQ
[ 716/1133] no-platform   -            MOOYAH Burgers, Fries & Shakes
[ 717/1133] needs-browser toast        Higher Grounds Coffee + Café
[ 718/1133] fetch-failed  -            Savory Thai Restaurant
[ 719/1133] no-platform   -            Ernes Mexican Food & Breakfast
[ 720/1133] fetch-failed  -            Ju-ichi
[ 721/1133] no-platform   -            Rancho Grande El Toro Mexican Cuisine
[ 722/1133] no-platform   -            Finca
[ 723/1133] no-platform   -            Tacotarian San Diego
[ 724/1133] needs-browser chownow      Cozy Corner
[ 725/1133] needs-browser plain-html   HomeState
[ 726/1133] needs-browser Square Online storefront House of Pho
[ 727/1133] no-platform   -            ZZan Sushi & Soju
[ 728/1133] no-platform   -            Graziano's Pizza Oceanside
[ 729/1133] no-platform   -            Caribbean Pleasure
[ 730/1133] needs-browser -            I QUE BBQ
[ 731/1133] screened-out  shopify      Ascend Coffee Roasters
[ 732/1133] no-platform   -            Blanco Cocina + Cantina
[ 733/1133] needs-browser -            Pizza On Tap (P.O.T)
[ 734/1133] no-platform   -            China Fusion - Vista Way
[ 735/1133] no-platform   -            Madeleine
[ 736/1133] needs-browser -            Sabores Colombianos
[ 737/1133] needs-browser -            NuYo Frozen Yogurt Telegraph Canyon
[ 738/1133] fetch-failed  -            Sunny Side Solana
[ 739/1133] needs-browser SpotOn       Souplantation
[ 740/1133] no-platform   -            Bambinos Pizzeria & Deli #4
[ 741/1133] screened-out  shopify      James Coffee Co.
[ 742/1133] no-platform   -            El After Social Club
[ 743/1133] needs-browser chownow      Parakeet Juicery - La Jolla
[ 744/1133] no-platform   -            Old World Meat Company
[ 745/1133] no-platform   -            Panpan wok
[ 746/1133] needs-browser -            HillCrust Pizza
[ 747/1133] no-platform   -            Prey Brewing Company
[ 748/1133] fetch-failed  -            New York Buffalo Wings
[ 749/1133] needs-browser -            The Handmade Chef Meal Prep Co.
[ 750/1133] needs-browser clover       Himalayan Bistro Oceanside
[ 751/1133] needs-browser -            Awash Ethiopian Restaurant
[ 752/1133] no-platform   -            Sonny’s Pizza
[ 753/1133] needs-browser -            Naked Pizza
[ 754/1133] needs-browser slice        Allen's New York Pizza
[ 755/1133] wrong-branch  chownow      Handel’s Homemade Ice Cream
[ 756/1133] needs-browser clover       Ryan Bros Coffee City Heights
[ 757/1133] no-platform   -            EL ENCANTO SD
[ 758/1133] needs-browser -            ALOHA GRILL
[ 759/1133] needs-browser -            Carnitas Quiroga
[ 760/1133] no-platform   -            Le Coq
[ 761/1133] no-platform   -            China bros
[ 762/1133] needs-browser -            Sukho Thai Extraordinaire
[ 763/1133] no-platform   -            Aromi Italian Cuisine
[ 764/1133] no-platform   -            Belinda's Familia Mexican Food Truck
[ 765/1133] no-platform   -            Jaws Topokki
[ 766/1133] no-platform   -            AleSmith Brewing Company
[ 767/1133] gated         chownow      Finney's Crafthouse
[ 768/1133] needs-browser MealKeyWay   Tengu Ramen
[ 769/1133] no-platform   -            The Crimson Cake
[ 770/1133] no-platform   -            Sam's Farm Fresh
[ 771/1133] needs-browser toast        Angry Chickz - Oceanside
[ 772/1133] no-platform   -            Comstock Bar & Grill
[ 773/1133] no-platform   -            Emiliana's Mexican & Deli Food
[ 774/1133] needs-browser -            Baked Thicc
[ 775/1133] no-platform   -            Docent Brewing
[ 776/1133] no-platform   -            Kin Saep
[ 777/1133] needs-browser toast        Smokin J's BBQ & Taphouse
[ 778/1133] screened-out  shopify      Ascend Coffee Roasters
[ 779/1133] needs-browser MealKeyWay   Hi!Dumplings
[ 780/1133] needs-browser Square Online storefront PB Poke House Oceanside
[ 781/1133] wrong-branch  ubereats     SugarBears Sweet Provisions
[ 782/1133] needs-browser spothopper   Players Sports Grill
[ 783/1133] too-few       netwaiter    Thai Pasta
[ 784/1133] no-platform   -            La Mesa Pizzaworks
[ 785/1133] needs-browser order.online El Ranchero
[ 786/1133] no-platform   -            Great Wok of China
[ 787/1133] no-platform   -            Merenda
[ 788/1133] no-platform   -            Charli's Landing
[ 789/1133] no-platform   -            Urban Location Boba Tea House San Diego
[ 790/1133] screened-out  shopify      Trident Coffee Pacific Beach
[ 791/1133] no-platform   -            Gintaro Sushi
[ 792/1133] no-platform   -            Leu Leu
[ 793/1133] no-platform   -            Eclipse Chocolat
[ 794/1133] no-platform   -            Good Source Coffee
[ 795/1133] no-platform   -            Sound by the Sea
[ 796/1133] no-platform   -            Thai Table Time
[ 797/1133] no-platform   -            Los Armando's Mexican Food
[ 798/1133] needs-browser MealKeyWay   Ocean Buffet
[ 799/1133] no-platform   -            Green Cheek Beer Co.
[ 800/1133] needs-browser Square Online (own domain) Beach City Smoothies
[ 801/1133] needs-browser plain-html   Chef’s Wok & Dumplings
[ 802/1133] no-platform   -            Two Hands Corn Dog Mira Mesa
[ 803/1133] no-platform   -            Los Cucos Mexican Food
[ 804/1133] no-platform   -            Flame Broiler
[ 805/1133] no-platform   -            UT-HO Boba & Baguette
[ 806/1133] no-platform   -            Burtech Family Vineyard Tasting Room
[ 807/1133] no-platform   -            Pietro's Cucina Italiana
[ 808/1133] no-platform   -            Good Omen Coffee Co
[ 809/1133] no-platform   -            Paris Baguette
[ 810/1133] no-platform   -            El Flako's Wrangler Barbecue
[ 811/1133] no-platform   -            The Alley Otay Mesa
[ 812/1133] no-platform   -            Buffalo Wild Wings GO
[ 813/1133] no-platform   -            Tacos el Niño Santana
[ 814/1133] no-platform   -            Saigon Star Restaurant
[ 815/1133] needs-browser MealKeyWay   Pho Tan
[ 816/1133] no-platform   -            Diego's Taco Shop
[ 817/1133] needs-browser order.online Burrito Leo's Mexican Food
[ 818/1133] no-platform   -            CTZN
[ 819/1133] no-platform   -            IZOLA
[ 820/1133] too-few       netwaiter    Wings mix
[ 821/1133] no-platform   -            Fish Boon
[ 822/1133] no-platform   -            TAKARAMONO SUSHI
[ 823/1133] needs-browser chownow      Burger Bench Vista
[ 824/1133] no-platform   -            La Casa Verde
[ 825/1133] no-platform   -            Simply Fresh Thai
[ 826/1133] no-platform   -            Pei Wei
[ 827/1133] no-platform   -            Photo House
[ 828/1133] no-platform   -            Chocolate Bash
[ 829/1133] no-platform   -            La Mesita Mexican Food
[ 830/1133] needs-browser order.online EsKiNiTa
[ 831/1133] no-platform   -            Kona Craft Cafe
[ 832/1133] no-platform   -            Pho Nam Cali
[ 833/1133] no-platform   -            Little Victory Wine Bar
[ 834/1133] screened-out  clover       Mission Baja Tacos
[ 835/1133] no-platform   -            Fleurette
[ 836/1133] no-platform   -            Alborz Restaurant
[ 837/1133] needs-browser slice        West Coast Pizza Company
[ 838/1133] no-platform   -            Banzai Bowls
[ 839/1133] needs-browser order.online Scoops Ocean Beach
[ 840/1133] no-platform   -            Buca di Beppo Italian Restaurant
[ 841/1133] no-platform   -            Mandarin Wok Restaurant
[ 842/1133] fetch-failed  -            the Koffie Co
[ 843/1133] no-platform   -            The Honor Bar
[ 844/1133] no-platform   -            Acai Republic - Oceanside
[ 845/1133] needs-browser olo          Panini Kabob Grill - Park 12
[ 846/1133] no-platform   -            T&T Tacos & Tequila Grill & Cantina
[ 847/1133] no-platform   -            Piedra Santa
[ 848/1133] no-platform   -            tiger!tiger!
[ 849/1133] needs-browser -            QUICK BITES CAFE / Best Sandwiches
[ 850/1133] no-platform   -            Rocko's Family Restaurant
[ 851/1133] no-platform   -            Pha Khao Lao Cuisine
[ 852/1133] no-platform   -            Top of the Bagel
[ 853/1133] no-platform   -            Kiiro Sushi Izakaya
[ 854/1133] needs-browser -            Mali's Deli
[ 855/1133] no-platform   -            Thai Thai Melrose Restaurant
[ 856/1133] no-platform   -            Breakers
[ 857/1133] no-platform   -            MAKE Cafe
[ 858/1133] no-platform   -            Banzai Bowls
[ 859/1133] no-platform   -            Troy's Greek Restaurant
[ 860/1133] needs-browser chownow      CinKuni (Italian & Japanese Cuisine)
[ 861/1133] needs-browser slice        Pop's Pizza
[ 862/1133] no-platform   -            Monserate Winery
[ 863/1133] no-platform   -            Olive Branch Eatery
[ 864/1133] no-platform   -            Campland Cantina
[ 865/1133] no-platform   -            Rubio's Coastal Grill
[ 866/1133] no-platform   -            Rubio's Coastal Grill
[ 867/1133] no-platform   -            Mr. Buffalo Fries
[ 868/1133] wrong-branch  toast        The Great Greek Mediterranean Grill - Oceanside, CA
[ 869/1133] no-platform   -            PanPan Wok
[ 870/1133] no-platform   -            Cocina 35 brunch
[ 871/1133] no-platform   -            Ocean Thai Cuisine
[ 872/1133] no-platform   -            Rubio's Coastal Grill
[ 873/1133] no-platform   -            Bueno Wine & Goods
[ 874/1133] too-few       netwaiter    LA PLACE DELI
[ 875/1133] needs-browser Square Online storefront iWok Chinese Kitchen
[ 876/1133] no-platform   -            Las Ricas Tortas
[ 877/1133] needs-browser slice        Little Sisters Pizza
[ 878/1133] no-platform   -            Little Hidden Bakery
[ 879/1133] needs-browser Square Online (own domain) Slurp
[ 880/1133] wrong-branch  order.online Captain Sam's Fish & Chicken
[ 881/1133] no-platform   -            Mi Tierra Super Taco
[ 882/1133] no-platform   -            Una Mas on Adams
[ 883/1133] no-platform   -            Pizza Guys
[ 884/1133] needs-browser toast        Brites Soft Serve
[ 885/1133] needs-browser toast        Jolie
[ 886/1133] no-platform   -            chance's coffee
[ 887/1133] no-platform   -            Fortuna Ristorante Italiano
[ 888/1133] no-platform   -            PanPan Wok
[ 889/1133] no-platform   -            Urban Teri Kitchen
[ 890/1133] needs-browser order.online Halal Burger Co.
[ 891/1133] needs-browser Square Online (own domain) Le Charcuterie Bar
[ 892/1133] wrong-branch  toast        Chin's Szechwan - Point Loma
[ 893/1133] no-platform   -            Uncle Feras Middle Eastern Restaurant
[ 894/1133] no-platform   -            Juice Holler
[ 895/1133] no-platform   -            Dark Horse Coffee Roasters
[ 896/1133] needs-browser toast        Little Kiki Katsu & More
[ 897/1133] needs-browser toast        Agave Birrieria
[ 898/1133] no-platform   -            North Park Creamery
[ 899/1133] no-platform   -            Leona's Cucina Italiana
[ 900/1133] needs-browser HungerRush   Pop Pops Paleta
[ 901/1133] needs-browser Square Online (own domain) Beach City Smoothies - Oceanside
[ 902/1133] needs-browser olo          Coffee Bean
[ 903/1133] no-platform   -            Between Us
[ 904/1133] no-platform   -            PanPan wok
[ 905/1133] needs-browser Square Online storefront Mein St. Asian Kitchen
[ 906/1133] no-platform   -            Oriental Cafe | Chinese
[ 907/1133] no-platform   -            Pokeport Oceanside
[ 908/1133] no-platform   -            La Costa Wine
[ 909/1133] no-platform   -            Queenstown Del Mar
[ 910/1133] no-platform   -            El Papas Fritas Taco Shop
[ 911/1133] no-platform   -            Noodle & Bun
[ 912/1133] no-platform   -            Ono Hawaiian BBQ
[ 913/1133] no-platform   -            Thai Thae Cuisine
[ 914/1133] no-platform   -            Poki Poki - Escondido
[ 915/1133] needs-browser Square Online (own domain) Chef Budda Blasian Soul Food LLC
[ 916/1133] no-platform   -            KABOB SHACK - EASTLAKE
[ 917/1133] no-platform   -            Chopsticks Inn Restaurant
[ 918/1133] no-platform   -            Egg Tuck
[ 919/1133] no-platform   -            Christophe Rull Patisserie
[ 920/1133] screened-out  order.online La Fresita Y Mas
[ 921/1133] no-platform   -            For The Win - San Diego
[ 922/1133] no-platform   -            Arteazen Handcrafted Tea
[ 923/1133] needs-browser MealKeyWay   Dumplings N More
[ 924/1133] fetch-failed  -            Antique Thai
[ 925/1133] no-platform   -            Love Letters Pizza
[ 926/1133] no-platform   -            Khyber Pass Zarparan Restaurant | Afghan
[ 927/1133] needs-browser order.online Torta Time
[ 928/1133] no-platform   -            Hilltop Cafe
[ 929/1133] no-platform   -            Board & Brew - Downtown San Diego
[ 930/1133] no-platform   -            ZZan Sushi & Soju
[ 931/1133] no-platform   -            The Poke Tea House
[ 932/1133] no-platform   -            ROBATA-X Sushi & Izakaya
[ 933/1133] wrong-branch  toast        TACO CENTRO
[ 934/1133] no-platform   -            Huckleberry's Breakfast & Lunch
[ 935/1133] needs-browser toast        NOIR Sushi and Sake Fusion Lounge
[ 936/1133] no-platform   -            Barrel Riot
[ 937/1133] needs-browser olo          Dimassi's Mediterranean Buffet
[ 938/1133] no-platform   -            Dalu Hawaiian BBQ
[ 939/1133] needs-browser -            Habibi Mediterranean Grill
[ 940/1133] no-platform   -            Sabroso taco savor a mi tierra
[ 941/1133] needs-browser toast        La Jollita
[ 942/1133] no-platform   -            Mevan Coffee & Desserts & Brunch
[ 943/1133] no-platform   -            Zuma San Diego
[ 944/1133] no-platform   -            Bodega Market
[ 945/1133] no-platform   -            Scena Fusion Kitchen & Bar
[ 946/1133] needs-browser order.online Daisy Deli
[ 947/1133] no-platform   -            24 Suns
[ 948/1133] no-platform   -            Peppoli's Pizza & Philly Steaks
[ 949/1133] no-platform   -            Jalisco Cantina
[ 950/1133] no-platform   -            Hazel & Jade Bakery
[ 951/1133] no-platform   -            Ichitaru Ramen Carlsbad
[ 952/1133] needs-browser Square Online (own domain) The Cakery Cafe
[ 953/1133] no-platform   -            Lotho Deli
[ 954/1133] needs-browser SpotOn       Crest Taco
[ 955/1133] fetch-failed  -            Quarter Deck Inn Cocktails
[ 956/1133] filed         wix          Sourpuss Donuts
[ 957/1133] needs-browser toast        Colosseo Cucina Italiana
[ 958/1133] needs-browser MealKeyWay   Pho Luu Escondido - Vietnamese Cuisine
[ 959/1133] no-platform   -            Hanna Garden
[ 960/1133] no-platform   -            UT-HO Boba & Baguette
[ 961/1133] no-platform   -            Mexico City Cuisine-CoLab
[ 962/1133] needs-browser chownow      Parakeet Cafe - Nautilus
[ 963/1133] no-platform   -            Taconora Pacific Beach
[ 964/1133] needs-browser slice        Pastalini
[ 965/1133] no-platform   -            Thai Table Time
[ 966/1133] no-platform   -            Little While
[ 967/1133] needs-browser toast        Pompei Pizza
[ 968/1133] no-platform   -            Side Street Bowls & Smoothies
[ 969/1133] no-platform   -            I Love Bagels
[ 970/1133] no-platform   -            Borrego Rooftop
[ 971/1133] needs-browser -            SD giant pizza
[ 972/1133] no-platform   -            Sono North Park
[ 973/1133] no-platform   -            The Morning Grove
[ 974/1133] needs-browser toast        Market St Pizzeria
[ 975/1133] no-platform   -            Krak Boba
[ 976/1133] wrong-branch  toast        Blank Slate
[ 977/1133] no-platform   -            Mantra Raja
[ 978/1133] no-platform   -            Barrio Food Hub
[ 979/1133] no-platform   -            Monserate Winery
[ 980/1133] no-platform   -            Gaslamp Coffee Bar
[ 981/1133] no-platform   -            El Flako's Wrangler Barbecue
[ 982/1133] needs-browser toast        Okama Ramen and Grill
[ 983/1133] needs-browser toast        Grandson Steaks
[ 984/1133] needs-browser toast        One of Us
[ 985/1133] no-platform   -            Crave & Feast
[ 986/1133] no-platform   -            Los Mexas
[ 987/1133] no-platform   -            Sola Cafe and Deli
[ 988/1133] needs-browser Square Online storefront Empanada Kitchen
[ 989/1133] no-platform   -            The Encore Sushi
[ 990/1133] wrong-branch  toast        Cala La Jolla Café
[ 991/1133] no-platform   -            Native Foods
[ 992/1133] no-platform   -            Badas burgers
[ 993/1133] wrong-branch  toast        Bubble & Butter
[ 994/1133] needs-browser MenuSifu     Joyee Noodle House(UTC)
[ 995/1133] no-platform   -            Doc Holliday's
[ 996/1133] wrong-branch  toast        Saigon Alley Kitchen & Bar
[ 997/1133] no-platform   -            Kasi
[ 998/1133] screened-out  order.online Fish Restaurant
[ 999/1133] no-platform   -            Baba's Pizza
[1000/1133] wrong-branch  toast        Gold Coffee Shop
[1001/1133] needs-browser -            Sammy's Woodfire Pizza and Grille
[1002/1133] no-platform   -            El Dorado
[1003/1133] needs-browser Square Online storefront Copa Vida
[1004/1133] no-platform   -            Mirch Masala 2 Go
[1005/1133] no-platform   -            Island Market
[1006/1133] needs-browser order.online Deli Belly
[1007/1133] no-platform   -            Soda & Swine
[1008/1133] fetch-failed  -            Rancho Cafe
[1009/1133] wrong-branch  toast        Blue Water Grill
[1010/1133] no-platform   -            Pegah’s Kitchen
[1011/1133] no-platform   -            Cafe Fresh
[1012/1133] needs-browser Square Online storefront Empanada Kitchen
[1013/1133] screened-out  shopify      Lofty Coffee
[1014/1133] no-platform   -            Lagoon Terrace
[1015/1133] no-platform   -            Underwater Cantina
[1016/1133] no-platform   -            Nékter Juice Bar
[1017/1133] no-platform   -            Cent'Anni Café
[1018/1133] no-platform   -            Trisler's San Diego Wine Bar
[1019/1133] no-platform   -            Taste of Hong Kong
[1020/1133] fetch-failed  -            Escondido Joe's
[1021/1133] fetch-failed  -            Coco's Bakery
[1022/1133] no-platform   -            SPACE
[1023/1133] fetch-failed  -            Pizzicato
[1024/1133] no-platform   -            Greenbrier Inn
[1025/1133] no-platform   -            2GOOD2B Bakery & Cafe
[1026/1133] no-platform   -            Rush Bowls
[1027/1133] fetch-failed  -            Tango Restaurant & Lounge
[1028/1133] wrong-branch  toast        The Coffee Spot
[1029/1133] wrong-branch  clover       Mikko Sushi
[1030/1133] fetch-failed  -            Toast Gastrobrunch
[1031/1133] no-platform   -            U31
[1032/1133] no-platform   -            Cafe Bella
[1033/1133] no-platform   -            Slater's 50/50
[1034/1133] no-platform   -            Filibertos
[1035/1133] needs-browser -            The Hamlett
[1036/1133] no-platform   -            Brick & Bell Plus
[1037/1133] no-platform   -            Colimas Mexican Grull
[1038/1133] no-platform   -            India Princess
[1039/1133] no-platform   -            Arctic Snacks
[1040/1133] no-platform   -            Village Inn
[1041/1133] no-platform   -            Kava Lounge
[1042/1133] fetch-failed  -            Kellys Pub
[1043/1133] no-platform   -            Jungle Cart
[1044/1133] no-platform   -            Veladora
[1045/1133] no-platform   -            Villa Fresh Italian Kitchen
[1046/1133] no-platform   -            Tradewinds
[1047/1133] no-platform   -            Deja Vu
[1048/1133] no-platform   -            Jordan
[1049/1133] no-platform   -            Our Green Affair
[1050/1133] no-platform   -            Fairbanks
[1051/1133] no-platform   -            Lion Camp Slush and Snacks
[1052/1133] no-platform   -            Shake Smart
[1053/1133] fetch-failed  -            Mis Dos Gallos Taqueria, Fruit & Deli
[1054/1133] no-platform   -            Rift Sand Bar
[1055/1133] no-platform   -            Candelas
[1056/1133] needs-browser slice        Massachusetts Mike's Pizzeria
[1057/1133] no-platform   -            Nicolosi's Pizza (Mira Lee Way)
[1058/1133] no-platform   -            Chippy's Diner
[1059/1133] no-platform   -            Ituri Hut
[1060/1133] no-platform   -            Rice
[1061/1133] needs-browser Square Online storefront Prager Brothers Artisan Breads
[1062/1133] no-platform   -            CABETOS Pops
[1063/1133] no-platform   -            The Reading Club
[1064/1133] no-platform   -            Antique Row Cafe
[1065/1133] no-platform   -            Monster Snacks
[1066/1133] fetch-failed  -            Lefty's Cheesesteaks
[1067/1133] wrong-branch  toast        Beeside Balcony La Jolla
[1068/1133] no-platform   -            Oodles By The Nood Bar
[1069/1133] no-platform   -            Time Out Café
[1070/1133] no-platform   -            Copper Kings San Marcos
[1071/1133] no-platform   -            Cocina Del Mar
[1072/1133] no-platform   -            Juice Alchemy
[1073/1133] no-platform   -            La Salsa
[1074/1133] no-platform   -            Relic Bakery & Kitchen
[1075/1133] wrong-branch  toast        Oceanside Fish Shop
[1076/1133] no-platform   -            CHINA CHEF 1
[1077/1133] needs-browser toast        Sultan Baklava
[1078/1133] no-platform   -            Safari Coffee Outpost
[1079/1133] no-platform   -            Tacos Locos Tasty Mexican Food
[1080/1133] needs-browser -            Yogurt Lounge Serra Mesa
[1081/1133] no-platform   -            Canyon Inn
[1082/1133] filed         spothopper   Cabo Cantina
[1083/1133] needs-browser toast        Corbin's Q
[1084/1133] no-platform   -            Mo-Mo Paradise
[1085/1133] no-platform   -            Pizza Guys
[1086/1133] too-few       own-jsonld   The Oceanaire Seafood Room
[1087/1133] needs-browser Square Online storefront Lucha Libre Taco Shop
[1088/1133] fetch-failed  -            OB Kebab
[1089/1133] fetch-failed  -            OB Garden Café
[1090/1133] no-platform   -            George’s Bar
[1091/1133] needs-browser Square Online (own domain) BCB Coffee
[1092/1133] needs-browser toast        Chef Fei
[1093/1133] no-platform   -            Grover's Grill
[1094/1133] no-platform   -            House of Black
[1095/1133] no-platform   -            Creme De La Crepe
[1096/1133] no-platform   -            Noodles
[1097/1133] no-platform   -            Border X Brewing
[1098/1133] fetch-failed  -            Las Pinches Tortas
[1099/1133] no-platform   -            Taco Villa
[1100/1133] needs-browser Square Online storefront Copa Vida
[1101/1133] no-platform   -            Mission Brewing (fka Rough Draft)
[1102/1133] no-platform   -            Aromas
[1103/1133] no-platform   -            Chicken & Crown
[1104/1133] fetch-failed  -            Dryer's Ice Cream Parlor
[1105/1133] no-platform   -            University Towers Kitchen
[1106/1133] no-platform   -            TEC Cafe
[1107/1133] no-platform   -            BCB Coffee Company
[1108/1133] no-platform   -            Sweet Labors
[1109/1133] fetch-failed  -            Trade Restaurant & Lounge
[1110/1133] fetch-failed  -            All Fried Up
[1111/1133] needs-browser MealKeyWay   Yonny Mini Hotpot
[1112/1133] no-platform   -            Café de Anza
[1113/1133] no-platform   -            Mawazo Kitchen
[1114/1133] needs-browser Square Online storefront Cafecito 1806
[1115/1133] fetch-failed  -            The Waterfront
[1116/1133] no-platform   -            SanSai Japanese Grill
[1117/1133] no-platform   -            Stony Mountain Bar & Grill
[1118/1133] no-platform   -            The Santaluz Club Dining Room and Events
[1119/1133] no-platform   -            NM Cafe
[1120/1133] no-platform   -            Inland Tavern
[1121/1133] fetch-failed  -            In Between
[1122/1133] needs-browser -            Casa de Freds
[1123/1133] fetch-failed  -            Capriotti's Sandwich Shop
[1124/1133] needs-browser -            Verde Kitchen & Bar
[1125/1133] no-platform   -            HACIENDITA BAKERY
[1126/1133] no-platform   -            Bean Sprouts
[1127/1133] no-platform   -            Carnitas’ Snack Shack
[1128/1133] no-platform   -            Mama Kat's Restaurant and Pie Shop
[1129/1133] fetch-failed  -            BunZ
[1130/1133] no-platform   -            Oliva
[1131/1133] no-platform   -            The Grand Tradition
[1132/1133] no-platform   -            Buka - Taste of Nigeria
[1133/1133] no-platform   -            Ground Up Cafe

platform                       attempted         filed       too-few         gated  wrong-branch needs-browser   no-platform  fetch-failed  screened-out
none                                 936             0             0             0             0            28           352           556             0
toast                                 45             0             0             1            12            32             0             0             0
order.online                          24             0             0             0             3            17             0             0             4
Square Online storefront              21             0             0             0             0            21             0             0             0
Square Online (own domain)            16             0             0             0             0            16             0             0             0
chownow                               14             0             0             1             5             8             0             0             0
MealKeyWay                            10             0             0             0             0            10             0             0             0
slice                                  9             0             0             0             0             9             0             0             0
olo                                    8             0             0             0             0             8             0             0             0
spothopper                             8             1             0             0             0             7             0             0             0
shopify                                8             1             0             0             0             0             0             0             7
netwaiter                              7             0             7             0             0             0             0             0             0
plain-html                             6             0             0             0             0             6             0             0             0
clover                                 5             0             0             0             1             2             0             0             2
SpotOn                                 4             0             0             0             0             4             0             0             0
HungerRush                             3             0             0             0             0             3             0             0             0
ubereats                               2             0             0             0             2             0             0             0             0
menufy                                 2             0             0             0             0             0             0             0             2
own-jsonld                             2             0             1             0             0             0             0             0             1
GloriaFood widget                      1             0             0             0             0             1             0             0             0
wix                                    1             1             0             0             0             0             0             0             0
MenuSifu                               1             0             0             0             0             1             0             0             0
TOTAL                               1133             3             8             2            23           173           352           556            16

3 menus, 18 dishes
wrote menus/wip/router-20260904-135037.json
wrote menus/wip/router-20260904-135037.notes.json
