queue 1272 with a website; routing 1272 at concurrency 4

[   1/1272] no-platform   -            FryYay
[   2/1272] needs-browser chownow      Burger Bench Escondido
[   3/1272] no-platform   -            Taquería Imperial
[   4/1272] no-platform   -            Mimi's Cafe
[   5/1272] needs-browser chownow      Brigantine Seafood
[   6/1272] screened-out  order.online Wood Ranch Mission Valley
[   7/1272] fetch-failed  -            Public Square Coffee House
[   8/1272] no-platform   -            VG Donut & Bakery
[   9/1272] wrong-branch  order.online El Pueblo Mexican Food - Carlsbad
[  10/1272] no-platform   -            The Butcher Shop
[  11/1272] no-platform   -            The Pita Guys
[  12/1272] gated         toast        En Fuego Cantina & Grill
[  13/1272] needs-browser order.online Tom's Famous Family Restaurant 24
[  14/1272] needs-browser Square Online storefront Wayfarer Bread & Pastry
[  15/1272] no-platform   -            Farmer & The Seahorse
[  16/1272] no-platform   -            Babycakes San Diego
[  17/1272] needs-browser toast        Golden Egg Omelet House
[  18/1272] fetch-failed  -            Home Sweet Home Cafe
[  19/1272] fetch-failed  -            Handel’s Homemade Ice Cream
[  20/1272] fetch-failed  -            Por Favor El Cajon
[  21/1272] fetch-failed  -            Loreto's Taco Shop
[  22/1272] fetch-failed  -            Papas & Tacos Mexican Food
[  23/1272] fetch-failed  -            Taco Bar
[  24/1272] fetch-failed  -            Gus's Subs & Pizza Place
[  25/1272] fetch-failed  -            Lanna Thai Cuisine
[  26/1272] fetch-failed  -            Parakeet Cafe - Little Italy
[  27/1272] fetch-failed  -            Plazas Mexican Food
[  28/1272] fetch-failed  -            Red Fox Room and Steakhouse
[  29/1272] fetch-failed  -            Coya Peruvian Secret
[  30/1272] fetch-failed  -            That Mexican Place
[  31/1272] fetch-failed  -            Todo Sushi
[  32/1272] fetch-failed  -            El Real Mexican Food
[  33/1272] fetch-failed  -            Los Reyes Mexican Restaurant & Cantina
[  34/1272] fetch-failed  -            Onny's Thai Restaurant
[  35/1272] fetch-failed  -            Anita's Mexican Restaurant & Cantina
[  36/1272] fetch-failed  -            Hanu Korean BBQ
[  37/1272] fetch-failed  -            The Asian Bistro
[  38/1272] fetch-failed  -            Pastalini
[  39/1272] fetch-failed  -            Sancho's Tacos
[  40/1272] fetch-failed  -            Otay Mandarin Chinese Restaurant
[  41/1272] fetch-failed  -            Korean Kitchen Tofu & Galbi
[  42/1272] fetch-failed  -            Panini Kabob Grill - Mission Valley
[  43/1272] fetch-failed  -            Stake Chophouse & Bar
[  44/1272] fetch-failed  -            skybound coffee + dessert lounge
[  45/1272] fetch-failed  -            It's Raw Poke Shop
[  46/1272] fetch-failed  -            Antonio's Mexican Food
[  47/1272] fetch-failed  -            Up2You Cafe
[  48/1272] fetch-failed  -            Urban Crave
[  49/1272] fetch-failed  -            Urban Crave
[  50/1272] fetch-failed  -            Nick's Del Mar
[  51/1272] fetch-failed  -            Boudin SF
[  52/1272] fetch-failed  -            Pancho's Mexican Restaurant
[  53/1272] fetch-failed  -            Better Buzz Coffee Pacific Beach Grand
[  54/1272] fetch-failed  -            La Concha Bakery
[  55/1272] fetch-failed  -            Connie's
[  56/1272] fetch-failed  -            Edelweiss Bakery
[  57/1272] no-platform   -            MooTime Creamery
[  58/1272] fetch-failed  -            Shaks Mediterranean Bistro
[  59/1272] fetch-failed  -            Robertito's Mexican Food
[  60/1272] fetch-failed  -            Grandma Tofu & BBQ
[  61/1272] fetch-failed  -            Baci Restaurant | Italian
[  62/1272] fetch-failed  -            Nado Republic
[  63/1272] fetch-failed  -            Umai Sushi
[  64/1272] fetch-failed  -            Camp Coffee Company
[  65/1272] fetch-failed  -            Beyer Deli
[  66/1272] fetch-failed  -            Honey's Bistro & Bakery
[  67/1272] fetch-failed  -            Broad Street Dough Co
[  68/1272] fetch-failed  -            Portal Coffee
[  69/1272] fetch-failed  -            Golden Donut
[  70/1272] fetch-failed  -            Handel’s Homemade Ice Cream
[  71/1272] fetch-failed  -            San Luis Mexican Food
[  72/1272] fetch-failed  -            Los Panchos Mexican Grill & Seafood
[  73/1272] fetch-failed  -            Prager Brothers Artisan Breads
[  74/1272] fetch-failed  -            Mi Ranchito Taco Shop
[  75/1272] fetch-failed  -            Superbloom Coffee & Juice
[  76/1272] fetch-failed  -            Dumplings N More
[  77/1272] fetch-failed  -            Penelopes Mexican Food
[  78/1272] fetch-failed  -            Maan's Mediterranean Grill
[  79/1272] fetch-failed  -            The Remy
[  80/1272] fetch-failed  -            Tamarind Thai Restaurant
[  81/1272] fetch-failed  -            Barrio Donas
[  82/1272] fetch-failed  -            The Cowshed
[  83/1272] fetch-failed  -            Clayton's Bakery & Bistro
[  84/1272] fetch-failed  -            Bonchon Chicken
[  85/1272] fetch-failed  -            Red Lobster
[  86/1272] fetch-failed  -            Yingli Restaurant | Chula Vista
[  87/1272] fetch-failed  -            Curry & More - Indian Bistro
[  88/1272] fetch-failed  -            Scoops La Jolla
[  89/1272] fetch-failed  -            3N1 Sports Bar & Grill
[  90/1272] fetch-failed  -            Pacific Beach Ice Cream Co.
[  91/1272] fetch-failed  -            Señor Taquero
[  92/1272] fetch-failed  -            Royal Sweets
[  93/1272] fetch-failed  -            Arizona Chinese Restaurant
[  94/1272] fetch-failed  -            Aiberto's Taco Shop
[  95/1272] fetch-failed  -            Leucadia Donut Shoppe
[  96/1272] fetch-failed  -            Tabu Sushi Bar & Grill Santee
[  97/1272] fetch-failed  -            Camel's Bar and Grill
[  98/1272] fetch-failed  -            SOMISOMI
[  99/1272] fetch-failed  -            Handel's Homemade Ice Cream
[ 100/1272] fetch-failed  -            Lourdes Mexican Food To Go
[ 101/1272] fetch-failed  -            Sushi Factory
[ 102/1272] fetch-failed  -            Hidden Fish
[ 103/1272] fetch-failed  -            Bay Park Coffee
[ 104/1272] fetch-failed  -            Portinos Restaurant
[ 105/1272] fetch-failed  -            Big Front Door
[ 106/1272] fetch-failed  -            Sandwich Emporium
[ 107/1272] fetch-failed  -            El Charro Mexican Food
[ 108/1272] fetch-failed  -            Emma's Mexican Food
[ 109/1272] fetch-failed  -            Rosarito's Mexican Food #1
[ 110/1272] fetch-failed  -            Lucy's Bakery
[ 111/1272] fetch-failed  -            Mary Ettas Cafe
[ 112/1272] fetch-failed  -            Gelato Paradiso
[ 113/1272] fetch-failed  -            Hanna's Gourmet
[ 114/1272] fetch-failed  -            il Sogno Italiano
[ 115/1272] fetch-failed  -            Angelito's Fruteria Y Neveria
[ 116/1272] fetch-failed  -            Valentina
[ 117/1272] fetch-failed  -            Pink Rose Cafe
[ 118/1272] no-platform   -            TOM's Famous Family Restaurant 22
[ 119/1272] needs-browser -            Yogurt Heaven
[ 120/1272] no-platform   -            Flora
[ 121/1272] fetch-failed  -            Muay Thai Kitchen
[ 122/1272] needs-browser slice        Italia Pizza
[ 123/1272] needs-browser order.online Chicken Over Rice Co.
[ 124/1272] no-platform   -            Lucy's Bakery
[ 125/1272] no-platform   -            Honey Baked Ham
[ 126/1272] no-platform   -            Cafe Bella Drive Thru
[ 127/1272] needs-browser olo          Randy's Donuts
[ 128/1272] no-platform   -            Off The 8 Café
[ 129/1272] no-platform   -            Royal India Express
[ 130/1272] needs-browser olo          Luna Grill Millenia
[ 131/1272] needs-browser -            The Breakfast Mug Oceanside
[ 132/1272] needs-browser Square Online (own domain) Solana Sumptuous Cookies
[ 133/1272] needs-browser MealKeyWay   Surfing Crab Escondido
[ 134/1272] screened-out  menufy       Ginza Sushi
[ 135/1272] no-platform   -            Wahoo's Fish Taco
[ 136/1272] fetch-failed  -            We Olive & Wine Bar
[ 137/1272] no-platform   -            Tropifruit Juice Bar
[ 138/1272] no-platform   -            Dragon Express
[ 139/1272] no-platform   -            Cow-A-Bunga Ice Cream & Coffee
[ 140/1272] needs-browser Square Online (own domain) Serrano's Mexican Food
[ 141/1272] no-platform   -            Ike's Love & Sandwiches
[ 142/1272] fetch-failed  -            Thai Island@
[ 143/1272] needs-browser spothopper   Santos Coffee
[ 144/1272] no-platform   -            Rosemonts Cafe
[ 145/1272] no-platform   -            BKK THAI KITCHEN
[ 146/1272] fetch-failed  -            Palomino's Mexican & Seafood
[ 147/1272] screened-out  shopify      La Colombe Coffee Roasters
[ 148/1272] fetch-failed  -            The Art of Espresso
[ 149/1272] no-platform   -            PGA Tour Grill
[ 150/1272] no-platform   -            Shozen BBQ
[ 151/1272] no-platform   -            Athens Market Taverna
[ 152/1272] fetch-failed  -            California's Taco Shop
[ 153/1272] no-platform   -            Mexico Lindo Restaurant
[ 154/1272] needs-browser Square Online (own domain) Matcha Cafe Maiko - Escondido
[ 155/1272] needs-browser order.online San Diego Sandwich Co
[ 156/1272] needs-browser -            Marieta's Mexican Food
[ 157/1272] fetch-failed  -            @Spacebar Cafe
[ 158/1272] no-platform   -            Madeleine Café & Bakery
[ 159/1272] no-platform   -            Eugenio Italian Ristorante & More
[ 160/1272] needs-browser HungerRush   Flippin' Pizza La Costa
[ 161/1272] no-platform   -            Cake de Partie
[ 162/1272] needs-browser -            Hanna Garden
[ 163/1272] no-platform   -            Uncle Biffs California Killer Cookies
[ 164/1272] no-platform   -            La Mixteca
[ 165/1272] no-platform   -            Donuts Plus
[ 166/1272] wrong-branch  chownow      Handel's Homemade Ice Cream
[ 167/1272] no-platform   -            Silverlake Ramen
[ 168/1272] no-platform   -            Ortiz Bakery & Restaurant
[ 169/1272] no-platform   -            Kokoro Restaurant
[ 170/1272] fetch-failed  -            Marlen's Taco Shop
[ 171/1272] no-platform   -            Pizza Mania
[ 172/1272] no-platform   -            Bravo Cafe
[ 173/1272] needs-browser Square Online storefront Crossroads Deli
[ 174/1272] no-platform   -            Valerio's 1979
[ 175/1272] needs-browser SpotOn       Porky's Lechon Barbecue
[ 176/1272] filed         shopify      Flor and Seed Coffee Roasters
[ 177/1272] needs-browser Square Online (own domain) Elixir Espresso & Wine Bar
[ 178/1272] too-few       netwaiter    Opa Greek Restaurant & Grill
[ 179/1272] fetch-failed  -            Tak Grill Fresh Mediterranean Food
[ 180/1272] no-platform   -            Imperial Express
[ 181/1272] no-platform   -            Tropical Juices & Deli
[ 182/1272] fetch-failed  -            Potato Corner
[ 183/1272] no-platform   -            KD's Donuts
[ 184/1272] fetch-failed  -            Cielo Rooftop
[ 185/1272] no-platform   -            The Orient Thai
[ 186/1272] wrong-branch  popmenu      The Naked Cafe
[ 187/1272] no-platform   -            White Labs Brewing Co - San Diego
[ 188/1272] needs-browser slice        Fatte's Pizza Of Chula Vista
[ 189/1272] no-platform   -            Kaffee Meister
[ 190/1272] no-platform   -            Pegah's Kitchen
[ 191/1272] needs-browser olo          Luna Grill Encinitas
[ 192/1272] no-platform   -            Beach + Taco Shack
[ 193/1272] no-platform   -            The Leucadian
[ 194/1272] no-platform   -            Glazed Coffee & Creamery
[ 195/1272] too-few       netwaiter    Pancho's Mexican Grill
[ 196/1272] needs-browser Square Online storefront Thyme for Lunch Cafe & Grill
[ 197/1272] needs-browser -            Phở Hòa Restaurant | Vietnamese
[ 198/1272] no-platform   -            ENO Market & Pizzeria
[ 199/1272] needs-browser -            SoCal Sushi
[ 200/1272] no-platform   -            Nothing Bundt Cakes
[ 201/1272] screened-out  menufy       IB Thai
[ 202/1272] no-platform   -            Ko-Li Bar
[ 203/1272] needs-browser Square Online storefront Mesa Agricola
[ 204/1272] no-platform   -            Rosarito's Mexican Food #7
[ 205/1272] needs-browser Square Online (own domain) Industrial Grind Coffee
[ 206/1272] no-platform   -            The Grounds Bean Bar
[ 207/1272] no-platform   -            Que Tortas
[ 208/1272] screened-out  shopify      James Coffee Co
[ 209/1272] screened-out  shopify      Seven Seas Roasting Company
[ 210/1272] needs-browser chownow      Pho Hiep & Grill
[ 211/1272] no-platform   -            Kaito Sushi
[ 212/1272] needs-browser -            Fat Joe’s O’side
[ 213/1272] fetch-failed  -            Donut Factory
[ 214/1272] no-platform   -            YuJing Chinese Restaurant
[ 215/1272] no-platform   -            Tea Pavilion
[ 216/1272] no-platform   -            La Moreliana
[ 217/1272] too-few       netwaiter    Vamos a Texcoco
[ 218/1272] needs-browser -            Banh Mi Blvd
[ 219/1272] fetch-failed  -            Olive Baking Company
[ 220/1272] needs-browser Square Online (own domain) Dot Cafe
[ 221/1272] needs-browser order.online BB's Deli
[ 222/1272] fetch-failed  -            Valentinas Taco Shop
[ 223/1272] no-platform   -            Blue Pepper Asian Cuisine
[ 224/1272] fetch-failed  -            Memo's Golden Bagel
[ 225/1272] needs-browser -            Seaview Restaurant
[ 226/1272] fetch-failed  -            The Reunion
[ 227/1272] needs-browser order.online Le Macaron French Pastries
[ 228/1272] no-platform   -            Rosa's Kitchen
[ 229/1272] fetch-failed  -            Chopsticks Chinese Cuisine
[ 230/1272] needs-browser SpotOn       Kalei's Kitchenette
[ 231/1272] needs-browser MealKeyWay   Iron Wok
[ 232/1272] fetch-failed  -            Eat Your Heart Out II
[ 233/1272] no-platform   -            Lime in the Coconut
[ 234/1272] fetch-failed  -            Bistro Pazzo
[ 235/1272] no-platform   -            Park Blvd Express | Chinese
[ 236/1272] no-platform   -            Baja Rick's Cantina
[ 237/1272] no-platform   -            JL China House
[ 238/1272] no-platform   -            San Diego Blenders
[ 239/1272] no-platform   -            Joses Taco Shop
[ 240/1272] needs-browser toast        Aaharn Thai @ University City
[ 241/1272] needs-browser slice        Rock On Pizza
[ 242/1272] no-platform   -            Nanay's Best BBQ
[ 243/1272] no-platform   -            Purple Owl Cafe
[ 244/1272] needs-browser Square Online storefront Sue's Korean Kitchen
[ 245/1272] fetch-failed  -            Al Teatro Panini Grill
[ 246/1272] wrong-branch  toast        Cross Street Chicken and Beer
[ 247/1272] no-platform   -            Side Bar
[ 248/1272] no-platform   -            Black Radish
[ 249/1272] fetch-failed  -            Idego Coffee Roasters
[ 250/1272] needs-browser -            Blue Palm Mission Beach
[ 251/1272] no-platform   -            Little Ceasar's
[ 252/1272] no-platform   -            Explorers Café
[ 253/1272] fetch-failed  -            Rosarito's Mexican Food #2
[ 254/1272] fetch-failed  -            Bar Kamon
[ 255/1272] gated         toast        Gravity Heights Mission Valley
[ 256/1272] needs-browser Square Online storefront Tacoman
[ 257/1272] no-platform   -            Criscito Pizza
[ 258/1272] too-few       netwaiter    Nolberto's Taco Shop
[ 259/1272] no-platform   -            Sweet Revenge Bakery
[ 260/1272] no-platform   -            Surfdog's Java Hot
[ 261/1272] no-platform   -            Hino
[ 262/1272] no-platform   -            The Luau
[ 263/1272] fetch-failed  -            Thai Fresh
[ 264/1272] needs-browser Square Online storefront Fan-Fan
[ 265/1272] no-platform   -            Coral Tree Tea House
[ 266/1272] fetch-failed  -            Prince Hookah Cafe
[ 267/1272] no-platform   -            Red Ribbon Bakeshop
[ 268/1272] fetch-failed  -            P B Pub
[ 269/1272] fetch-failed  -            Victor's Kafe - Poway
[ 270/1272] no-platform   -            Red Ribbon Bakeshop
[ 271/1272] no-platform   -            Mother's Kitchen
[ 272/1272] no-platform   -            World Famous I Bar
[ 273/1272] no-platform   -            Thai Style
[ 274/1272] no-platform   -            The Halal Shack
[ 275/1272] no-platform   -            Aztec Food Hub
[ 276/1272] no-platform   -            Brown Bag Deli
[ 277/1272] needs-browser toast        Mr. Charlie's
[ 278/1272] no-platform   -            Crispy Chicken n' Tomato
[ 279/1272] needs-browser clover       BenGong's Tea
[ 280/1272] no-platform   -            Corner Cafe | Chinese
[ 281/1272] needs-browser -            Pit Stop Pizza
[ 282/1272] needs-browser plain-html   Donut Stop
[ 283/1272] no-platform   -            Tony’s Newport Cafe
[ 284/1272] fetch-failed  -            Gotcha
[ 285/1272] no-platform   -            Taco Time Food Truck
[ 286/1272] no-platform   -            Zhang Liang Malatang
[ 287/1272] needs-browser SpotOn       D Wings & Ribs
[ 288/1272] no-platform   -            Kona Coffee
[ 289/1272] no-platform   -            The Elegant Truffle
[ 290/1272] no-platform   -            Gong Cha
[ 291/1272] no-platform   -            Millport
[ 292/1272] no-platform   -            Thai Thai West Mission
[ 293/1272] needs-browser -            Panorama Bar & Grill
[ 294/1272] no-platform   -            Nothing Bundt Cakes
[ 295/1272] no-platform   -            La Perlita Mexican Food
[ 296/1272] no-platform   -            Seahorse Coffee
[ 297/1272] no-platform   -            The Deli Stop
[ 298/1272] needs-browser toast        Matoi
[ 299/1272] needs-browser toast        The Crack Shack - Pacific Beach
[ 300/1272] fetch-failed  -            Stagecoach Inn
[ 301/1272] needs-browser Square Online storefront Cargo Cafe
[ 302/1272] no-platform   -            D'Sotos Mexican Food
[ 303/1272] needs-browser order.online Poki Poki - Encinitas
[ 304/1272] needs-browser MealKeyWay   Zhengxin Chicken Steak
[ 305/1272] no-platform   -            Parkys
[ 306/1272] no-platform   -            Chin's Gourmet
[ 307/1272] fetch-failed  -            Topside Terrace Kitchen & Bar
[ 308/1272] needs-browser Square Online (own domain) Elixir Espresso Bar
[ 309/1272] no-platform   -            Shanghai Cuisine
[ 310/1272] needs-browser Square Online storefront Sul & Beans
[ 311/1272] needs-browser chownow      Gor Gai Thai Eatery
[ 312/1272] fetch-failed  -            Pho Olala
[ 313/1272] no-platform   -            Sura BBQ & SHABU
[ 314/1272] needs-browser Square Online storefront ZzanG Hotdog & Chicken
[ 315/1272] no-platform   -            The Well Cafe
[ 316/1272] no-platform   -            The Lean Machine Meal Prep
[ 317/1272] needs-browser toast        Bonehead Burger Co.
[ 318/1272] no-platform   -            The Surf Club Oceanside
[ 319/1272] no-platform   -            China Express
[ 320/1272] no-platform   -            The Peruvian Spot
[ 321/1272] no-platform   -            Hancock Street Cafe
[ 322/1272] needs-browser olo          Sweetfin
[ 323/1272] needs-browser order.online Daniel's Taco Shop
[ 324/1272] screened-out  clover       Hooked On Pokè
[ 325/1272] fetch-failed  -            Roots Bowls
[ 326/1272] fetch-failed  -            Deano's Pub
[ 327/1272] fetch-failed  -            Chen Golden Palace
[ 328/1272] fetch-failed  -            Channel 2 Sports Bar
[ 329/1272] fetch-failed  -            Rosaria's Pizza 4
[ 330/1272] fetch-failed  -            Hot or Not Thai
[ 331/1272] no-platform   -            Teaspoon
[ 332/1272] fetch-failed  -            Szechuan Chef Chinese Cuisine
[ 333/1272] fetch-failed  -            Bistro Kaz
[ 334/1272] fetch-failed  -            Flippin Pizza Encinitas
[ 335/1272] fetch-failed  -            Le Rendez-Vous French Bakery
[ 336/1272] fetch-failed  -            Tulum Seafood
[ 337/1272] fetch-failed  -            La Central
[ 338/1272] fetch-failed  -            Invita Cafe
[ 339/1272] fetch-failed  -            Vitality Bowls
[ 340/1272] fetch-failed  -            Mike Hess Brewing Tasting Room
[ 341/1272] fetch-failed  -            Upper East
[ 342/1272] fetch-failed  -            Long Story Irish Pub
[ 343/1272] fetch-failed  -            It's A Piece A Cake
[ 344/1272] fetch-failed  -            City Dragon
[ 345/1272] fetch-failed  -            San Diego Eagle
[ 346/1272] fetch-failed  -            Musashiya
[ 347/1272] fetch-failed  -            The Brass Rail
[ 348/1272] fetch-failed  -            Kinchana
[ 349/1272] fetch-failed  -            Sidny's Bagels & Deli
[ 350/1272] fetch-failed  -            Pupusas Express y Mexican Food
[ 351/1272] fetch-failed  -            Goyo's Bakery
[ 352/1272] fetch-failed  -            Ding Tea Escondido
[ 353/1272] fetch-failed  -            Pick Up Stix Fresh Asian Flavors
[ 354/1272] fetch-failed  -            Kaki Sushi
[ 355/1272] fetch-failed  -            CAFE 160
[ 356/1272] fetch-failed  -            Bale French Sandwiches
[ 357/1272] fetch-failed  -            Mosa Tea
[ 358/1272] fetch-failed  -            Taste of Thai
[ 359/1272] fetch-failed  -            Agave Taco Shop
[ 360/1272] fetch-failed  -            Spoon House
[ 361/1272] fetch-failed  -            African Spices
[ 362/1272] fetch-failed  -            Hoffer's Cigar Bar
[ 363/1272] fetch-failed  -            Mike's Giant New York Pizza
[ 364/1272] fetch-failed  -            Mad Munch Grilled Cheezer Co.
[ 365/1272] fetch-failed  -            Gloria's Taco Shop
[ 366/1272] fetch-failed  -            La Michoacana
[ 367/1272] fetch-failed  -            Achilles Coffee Roasters
[ 368/1272] fetch-failed  -            JNC Pinoy Foodmart
[ 369/1272] fetch-failed  -            Dora
[ 370/1272] fetch-failed  -            Novecientos Grados by Tony Hawk
[ 371/1272] fetch-failed  -            DaYung's Tea
[ 372/1272] fetch-failed  -            Teriyaki Madness
[ 373/1272] fetch-failed  -            Lucky Doughnut
[ 374/1272] fetch-failed  -            Goli
[ 375/1272] fetch-failed  -            Dine with Orcas
[ 376/1272] fetch-failed  -            Frida's Taqueria
[ 377/1272] fetch-failed  -            Thai Ladle
[ 378/1272] fetch-failed  -            Bopomofo Cafe
[ 379/1272] fetch-failed  -            Cool Down Coffee
[ 380/1272] fetch-failed  -            Juice Kaboose
[ 381/1272] fetch-failed  -            Junction Bar & Grill
[ 382/1272] fetch-failed  -            Los Kompadres Mexican Food
[ 383/1272] fetch-failed  -            Leos Kitchen
[ 384/1272] fetch-failed  -            Smittys Downtown
[ 385/1272] fetch-failed  -            Bay City Brewing Co Tasting Room
[ 386/1272] fetch-failed  -            Manzanita Roasting Co
[ 387/1272] fetch-failed  -            Sammich House Deli & Juice Bar
[ 388/1272] fetch-failed  -            Pho & Wings
[ 389/1272] fetch-failed  -            Elsa's Kitchen
[ 390/1272] fetch-failed  -            Yummy Yummy Juice Bar
[ 391/1272] fetch-failed  -            Tom's Chinese BBQ
[ 392/1272] fetch-failed  -            Deli Belly
[ 393/1272] fetch-failed  -            La Nacional
[ 394/1272] fetch-failed  -            Urban Bubble
[ 395/1272] fetch-failed  -            Pizzabilities - Alpine
[ 396/1272] fetch-failed  -            Tenkatori
[ 397/1272] fetch-failed  -            Kanpai BBQ & Shabu
[ 398/1272] fetch-failed  -            Ma's House
[ 399/1272] fetch-failed  -            Hyderabad Cafe
[ 400/1272] fetch-failed  -            Roma's Pizza
[ 401/1272] fetch-failed  -            Tasty Pizza Escondido LLC
[ 402/1272] fetch-failed  -            Nobu
[ 403/1272] fetch-failed  -            Angela's Eccentric Kitchen
[ 404/1272] fetch-failed  -            Juice Stop Encinitas
[ 405/1272] fetch-failed  -            Leucadia Pizza Point Loma
[ 406/1272] fetch-failed  -            Angry Petes Pizza Point Loma
[ 407/1272] fetch-failed  -            Kind Coffee
[ 408/1272] fetch-failed  -            La Banana Fruits - Fruteria
[ 409/1272] fetch-failed  -            Picasso's Naturals
[ 410/1272] fetch-failed  -            Understory Bar
[ 411/1272] fetch-failed  -            Star Express
[ 412/1272] fetch-failed  -            Nova Easy Kombucha
[ 413/1272] fetch-failed  -            Rad Habits Juice
[ 414/1272] fetch-failed  -            Pho G-Beef
[ 415/1272] fetch-failed  -            Okavango Outpost
[ 416/1272] fetch-failed  -            Spicy Noodle
[ 417/1272] fetch-failed  -            Kona Kakes Tropical Cake Bakery
[ 418/1272] fetch-failed  -            Ranch House Restaurant
[ 419/1272] fetch-failed  -            Bonchon Chicken
[ 420/1272] fetch-failed  -            Del Sushi
[ 421/1272] fetch-failed  -            Roberto's Taco Shop RB
[ 422/1272] fetch-failed  -            Village Pub
[ 423/1272] fetch-failed  -            Snack Shack
[ 424/1272] fetch-failed  -            U Dessert Eats
[ 425/1272] fetch-failed  -            Tastea
[ 426/1272] fetch-failed  -            Juice Caboose
[ 427/1272] fetch-failed  -            Mariscos y Miches El Patron
[ 428/1272] fetch-failed  -            Granny's Apple Fries
[ 429/1272] fetch-failed  -            Burrito King
[ 430/1272] fetch-failed  -            Hometown Taste
[ 431/1272] fetch-failed  -            Burekas Box
[ 432/1272] fetch-failed  -            Rocco's Pizza Deli
[ 433/1272] fetch-failed  -            Vica’s Cafe
[ 434/1272] fetch-failed  -            Cali Mex Cocina
[ 435/1272] fetch-failed  -            Deano's Pub East
[ 436/1272] fetch-failed  -            Bowl To Go
[ 437/1272] fetch-failed  -            Unique Sandwiches
[ 438/1272] fetch-failed  -            Dog Leg Brewing
[ 439/1272] fetch-failed  -            El Mercadito
[ 440/1272] fetch-failed  -            Cafe 86
[ 441/1272] fetch-failed  -            Gem Coffee
[ 442/1272] fetch-failed  -            Star Dust Donut Shop
[ 443/1272] fetch-failed  -            Cheers
[ 444/1272] fetch-failed  -            A Louest
[ 445/1272] fetch-failed  -            Gihon Ethiopian Kitchen
[ 446/1272] fetch-failed  -            Java Earth Coffee
[ 447/1272] fetch-failed  -            Kotobuki
[ 448/1272] fetch-failed  -            Las Michoacanas
[ 449/1272] fetch-failed  -            Cj Lounge
[ 450/1272] fetch-failed  -            Orient Valley Filipino Cuisine
[ 451/1272] fetch-failed  -            Chaiwale & Co. Tea Room & Cafe
[ 452/1272] fetch-failed  -            Pina Smoothies
[ 453/1272] fetch-failed  -            Donut Bros
[ 454/1272] fetch-failed  -            Tutti Frutti Frozen Yogurt
[ 455/1272] no-platform   -            Bazille at Nordstrom
[ 456/1272] screened-out  shopify      Seven Seas Roasting
[ 457/1272] no-platform   -            Wah Shing | Chinese Food
[ 458/1272] needs-browser MealKeyWay   Ten Seconds Yunnan Rice Noodle
[ 459/1272] no-platform   -            Kinme Omakase
[ 460/1272] needs-browser Square Online (own domain) The Craft Taco at The Nat
[ 461/1272] no-platform   -            Social hookah lounge
[ 462/1272] no-platform   -            Erika's Mexican Food & Seafood
[ 463/1272] wrong-branch  order.online The Pad Thai Stand
[ 464/1272] needs-browser Square Online (own domain) Castelli & Pizarro Family Vineyards & Winery
[ 465/1272] no-platform   -            R3fresh Juice Bar
[ 466/1272] fetch-failed  -            Jungle Tea
[ 467/1272] fetch-failed  -            Bang Bang
[ 468/1272] no-platform   -            Sarku Japan
[ 469/1272] no-platform   -            The Chicken Snack Shack
[ 470/1272] no-platform   -            Hongyuan Kebab
[ 471/1272] too-few       netwaiter    Surf N Sub Deli
[ 472/1272] needs-browser slice        Papa's Pizza
[ 473/1272] no-platform   -            Park Commons
[ 474/1272] no-platform   -            Hibisco Tacos and More
[ 475/1272] fetch-failed  -            Bobalicious
[ 476/1272] no-platform   -            China Fun
[ 477/1272] wrong-branch  clover       Burros and Fries
[ 478/1272] no-platform   -            SusieCakes - Carlsbad
[ 479/1272] wrong-branch  order.online La michoacana Plus San Diego #2
[ 480/1272] no-platform   -            Tu Thanh
[ 481/1272] needs-browser -            Rambler Coffee
[ 482/1272] too-few       netwaiter    K & K Orient Valley Food Center
[ 483/1272] too-few       netwaiter    Kim's Bar-B-Que
[ 484/1272] no-platform   -            DRIFT La Jolla
[ 485/1272] no-platform   -            PB Oriental
[ 486/1272] needs-browser toast        Grab & Go - Mission Hills
[ 487/1272] no-platform   -            PKI Sushi
[ 488/1272] wrong-branch  toast        Tajima Ramen Crown Point
[ 489/1272] no-platform   -            Leucadia Pizza
[ 490/1272] no-platform   -            Landshark Bar & Grill
[ 491/1272] no-platform   -            Marketplace Grille
[ 492/1272] needs-browser -            Modern Times Coffee
[ 493/1272] needs-browser slice        Del Cerro Pizza
[ 494/1272] no-platform   -            Prendi E Vai
[ 495/1272] no-platform   -            La Familia Callejas mexican food
[ 496/1272] needs-browser order.online Tous les Jours
[ 497/1272] needs-browser toast        Go Greek Authentic Yogurteria
[ 498/1272] needs-browser -            Sieu Sieu BBQ
[ 499/1272] no-platform   -            Bubbles & Brews Cafe
[ 500/1272] no-platform   -            Cherry Bomb
[ 501/1272] no-platform   -            The Pearl Restaurant
[ 502/1272] fetch-failed  -            Mariscos La Morena
[ 503/1272] no-platform   -            Casa Fiesta Juice Bar
[ 504/1272] wrong-branch  toast        El Viejon
[ 505/1272] no-platform   -            Bar Ella
[ 506/1272] needs-browser -            Oakberry Acai
[ 507/1272] needs-browser Square Online storefront Flour Atelier
[ 508/1272] no-platform   -            Möge Tee
[ 509/1272] no-platform   -            Knights' Smokehouse BBQ
[ 510/1272] no-platform   -            Lapper Kitchen + Tap
[ 511/1272] no-platform   -            Imperial Palace
[ 512/1272] no-platform   -            Egg Holic
[ 513/1272] needs-browser plain-html   Roppongi
[ 514/1272] needs-browser SpotOn       Pacific Fruit Bar
[ 515/1272] no-platform   -            Nothing Bundt Cakes
[ 516/1272] no-platform   -            Kim's Deli
[ 517/1272] no-platform   -            Quick Wok
[ 518/1272] no-platform   -            Vinya Yoga and Wine Bar
[ 519/1272] needs-browser order.online Qin West
[ 520/1272] no-platform   -            Alpine Pho & Grill
[ 521/1272] too-few       own-jsonld   Vinh Long Food To Go
[ 522/1272] needs-browser toast        Taco Loco
[ 523/1272] screened-out  shopify      Casa De Otay – The Casita
[ 524/1272] no-platform   -            Ching's Famous Hopia
[ 525/1272] fetch-failed  -            Happytime Tea
[ 526/1272] no-platform   -            Hua Mei Cafe
[ 527/1272] no-platform   -            Campus Cafe
[ 528/1272] no-platform   -            T. P. Bánh Bao 3
[ 529/1272] fetch-failed  -            Hammer's New York Pizza
[ 530/1272] no-platform   -            LJ Crafted Wines - Wines & Tastings
[ 531/1272] no-platform   -            Cafe Aero
[ 532/1272] no-platform   -            Necter Juice Bar
[ 533/1272] no-platform   -            Gather
[ 534/1272] no-platform   -            Presotea
[ 535/1272] wrong-branch  order.online The Pad Thai Stand
[ 536/1272] no-platform   -            Josie's Hideout Saloon
[ 537/1272] fetch-failed  -            Oakberry Açaí bowls
[ 538/1272] no-platform   -            De Kotija Taco Shop LLC
[ 539/1272] no-platform   -            D'liteful Chocolat
[ 540/1272] fetch-failed  -            Bonita Donuts
[ 541/1272] needs-browser order.online Mochinut
[ 542/1272] no-platform   -            Creperie Antoinette
[ 543/1272] needs-browser toast        Tree House
[ 544/1272] no-platform   -            Trevi Hills Winery
[ 545/1272] needs-browser SpotOn       Fruteria La Capirucha
[ 546/1272] needs-browser order.online Poke One N Half
[ 547/1272] no-platform   -            Old Town Eatery
[ 548/1272] no-platform   -            Valerio's 1979
[ 549/1272] no-platform   -            Ridgewalk Social
[ 550/1272] no-platform   -            Tasty Donuts
[ 551/1272] needs-browser -            Nomada
[ 552/1272] no-platform   -            Jamal's Chicken
[ 553/1272] no-platform   -            Sydney's
[ 554/1272] no-platform   -            Cha Cha Tea Spot
[ 555/1272] needs-browser Square Online (own domain) Cafe Pascale Grill & Deli
[ 556/1272] needs-browser chownow      Off the Vine Gardens Deli And Catering
[ 557/1272] too-few       netwaiter    Guerrero Taco Shop
[ 558/1272] no-platform   -            Tres Hermanos Locos Tacos
[ 559/1272] no-platform   -            Sunny Dumpling House
[ 560/1272] no-platform   -            Pancho's Mexican Grill
[ 561/1272] needs-browser Square Online storefront Bean Box
[ 562/1272] no-platform   -            Bamboo Pho and Sushi
[ 563/1272] no-platform   -            Asmara Cafe/restaurant
[ 564/1272] filed         shopify      Cork & Stem
[ 565/1272] needs-browser -            Cluck N Sip
[ 566/1272] needs-browser -            Divina Matcha
[ 567/1272] no-platform   -            DaYung's Tea
[ 568/1272] needs-browser -            Pure Squeeze
[ 569/1272] gated         toast        Michele Coulon Dessertier
[ 570/1272] fetch-failed  -            Yas Lounge
[ 571/1272] no-platform   -            Centerpark Cafe
[ 572/1272] no-platform   -            Nothing Bundt Cakes
[ 573/1272] too-few       netwaiter    Playa Azul Mariscos Restaurant
[ 574/1272] no-platform   -            Jaguar Paw
[ 575/1272] no-platform   -            Ohana Nutrition
[ 576/1272] no-platform   -            Qualcomm Cafe Q
[ 577/1272] no-platform   -            56 Thai Cafe
[ 578/1272] no-platform   -            Linda's Yogurt & Deli
[ 579/1272] fetch-failed  -            Grubz
[ 580/1272] no-platform   -            Bivouac Adventure Lodge Coffee Shop
[ 581/1272] no-platform   -            Asia Wok Teppanyaki & Chinese Food
[ 582/1272] no-platform   -            All That Shabu
[ 583/1272] no-platform   -            Don Roman Taco Shop
[ 584/1272] no-platform   -            Lambers Chinese Bakery
[ 585/1272] fetch-failed  -            Warner Springs Golf Shop & Grill
[ 586/1272] needs-browser order.online The Poke Co.
[ 587/1272] fetch-failed  -            Cafe X: By Any Beans Necessary
[ 588/1272] fetch-failed  -            La Moreña Mariscos
[ 589/1272] needs-browser plain-html   Local Krave PB/Bay Ho
[ 590/1272] no-platform   -            Monkey Bar
[ 591/1272] no-platform   -            Cali Banh Mi
[ 592/1272] needs-browser Square Online storefront Montebello
[ 593/1272] fetch-failed  -            Refresh Coffee
[ 594/1272] no-platform   -            The Golf Bar
[ 595/1272] no-platform   -            Raspados Shave Ice
[ 596/1272] no-platform   -            The Grillery
[ 597/1272] fetch-failed  -            Tazza D'Oro
[ 598/1272] too-few       netwaiter    Ba Le French Sandwich Shop
[ 599/1272] needs-browser Square Online storefront Cargo Cafe - Paseo Del Mar
[ 600/1272] no-platform   -            The Collective
[ 601/1272] no-platform   -            Pub 1795
[ 602/1272] no-platform   -            All Things Ube Desserts
[ 603/1272] no-platform   -            Lemongrass
[ 604/1272] no-platform   -            Choice Juicery
[ 605/1272] needs-browser toast        Pita Pit
[ 606/1272] no-platform   -            Tandoori Guys
[ 607/1272] needs-browser toast        Boba Tea Spot
[ 608/1272] fetch-failed  -            Paradise Kabob
[ 609/1272] fetch-failed  -            Route 6 Coffee & Smoothies
[ 610/1272] needs-browser MealKeyWay   Suki Hana
[ 611/1272] wrong-branch  popmenu      Alohana Açaí Bowls
[ 612/1272] wrong-branch  chownow      Cream
[ 613/1272] no-platform   -            5 O'Clock Somewhere Rooftop Bar
[ 614/1272] no-platform   -            Thorntree Terrace
[ 615/1272] needs-browser Paytronix    Ziggi's Coffee
[ 616/1272] no-platform   -            The Loft at UC San Diego
[ 617/1272] no-platform   -            Mike Hess Brewing - Seaport Village Taphouse
[ 618/1272] wrong-branch  popmenu      Grab & Go
[ 619/1272] needs-browser slice        Seniore's Pizza
[ 620/1272] fetch-failed  -            Shabu Spot
[ 621/1272] needs-browser order.online La Pizzeria Arrivederci
[ 622/1272] no-platform   -            Johnny Radz Pizza
[ 623/1272] no-platform   -            Lady Carolyn’s Pub
[ 624/1272] fetch-failed  -            La Jolla Boba
[ 625/1272] no-platform   -            J & J's Mexican Food
[ 626/1272] fetch-failed  -            F Street Cafe
[ 627/1272] fetch-failed  -            Enoteca Buona Forchetta
[ 628/1272] fetch-failed  -            Pizza Grande
[ 629/1272] fetch-failed  -            Dockside Casual Seafood Counter
[ 630/1272] fetch-failed  -            Huy Ky Bakery
[ 631/1272] fetch-failed  -            Zest Wine Bistro
[ 632/1272] fetch-failed  -            Civic Center Cafe
[ 633/1272] fetch-failed  -            Healthy Grill Mediterranean
[ 634/1272] fetch-failed  -            Nutri Juice
[ 635/1272] fetch-failed  -            Choice Juicery
[ 636/1272] fetch-failed  -            Craft Pizza
[ 637/1272] fetch-failed  -            Sandwich Place
[ 638/1272] fetch-failed  -            62 Area Chow Hall
[ 639/1272] fetch-failed  -            Suki Hana
[ 640/1272] fetch-failed  -            Yuki Yuki
[ 641/1272] fetch-failed  -            Forum Deli
[ 642/1272] fetch-failed  -            Royal Pearl Tea
[ 643/1272] no-platform   -            Sunright Tea Studio
[ 644/1272] fetch-failed  -            Tapas Bar
[ 645/1272] fetch-failed  -            Nicholson Commons
[ 646/1272] fetch-failed  -            Test Kitchen
[ 647/1272] fetch-failed  -            Moniker General
[ 648/1272] fetch-failed  -            Manta Pizza
[ 649/1272] fetch-failed  -            Michoacana Mia - SDSU
[ 650/1272] fetch-failed  -            Plaza Deli
[ 651/1272] fetch-failed  -            Madina Market Halal Fast Food
[ 652/1272] fetch-failed  -            Pure Green
[ 653/1272] fetch-failed  -            Zoo Brew
[ 654/1272] fetch-failed  -            The MRKT
[ 655/1272] fetch-failed  -            Mission + Garnet Food Hall
[ 656/1272] fetch-failed  -            longball cocktail
[ 657/1272] fetch-failed  -            Coco Bomb
[ 658/1272] fetch-failed  -            Market One
[ 659/1272] fetch-failed  -            Blue Bowl Superfoods
[ 660/1272] fetch-failed  -            Chapters Cafe
[ 661/1272] fetch-failed  -            Sip Fresh
[ 662/1272] fetch-failed  -            La Paloma
[ 663/1272] fetch-failed  -            Showa Ramen
[ 664/1272] fetch-failed  -            Fresca Deli .
[ 665/1272] fetch-failed  -            Matisse Bistro
[ 666/1272] fetch-failed  -            Prado Perk
[ 667/1272] fetch-failed  -            Chester's
[ 668/1272] fetch-failed  -            Green Leaf Cafe & Catering
[ 669/1272] fetch-failed  -            WUHU TEA & DELI
[ 670/1272] fetch-failed  -            The Lookout at Lake Poway
[ 671/1272] fetch-failed  -            Collette’s Collaborative Collective Cuisine
[ 672/1272] fetch-failed  -            Mister G Salsa
[ 673/1272] fetch-failed  -            Surf City Squeeze
[ 674/1272] fetch-failed  -            Thérapie Bistro
[ 675/1272] fetch-failed  -            El Cilantro Mexican Grill
[ 676/1272] fetch-failed  -            FiveO3 Pupusas
[ 677/1272] fetch-failed  -            Warung RieRie
[ 678/1272] fetch-failed  -            Poway Social House
[ 679/1272] fetch-failed  -            Unico Juice Shop
[ 680/1272] fetch-failed  -            Topo's Tacos
[ 681/1272] fetch-failed  -            The Bean Box 701
[ 682/1272] fetch-failed  -            FLAVORS EXPRESS SDSU
[ 683/1272] fetch-failed  -            Chagee
[ 684/1272] fetch-failed  -            Junya's Crispy Karaage
[ 685/1272] fetch-failed  -            Oriste Fairway Cafe
[ 686/1272] fetch-failed  -            Ramen Station
[ 687/1272] fetch-failed  -            Finca Casa Blanca
[ 688/1272] fetch-failed  -            Fallen Empire
[ 689/1272] fetch-failed  -            Treetops Cafe
[ 690/1272] fetch-failed  -            El huevo estrellado # 2
[ 691/1272] fetch-failed  -            Cargo Cafe - Wateridge
[ 692/1272] fetch-failed  -            Boba n More
[ 693/1272] fetch-failed  -            Cargo Cafe - Gateway
[ 694/1272] fetch-failed  -            Come On In Cafe
[ 695/1272] fetch-failed  -            Pavilion Dining
[ 696/1272] fetch-failed  -            Bert's Bistro
[ 697/1272] fetch-failed  -            El Camino
[ 698/1272] fetch-failed  -            Bosley Cafe
[ 699/1272] fetch-failed  -            Med Cafe
[ 700/1272] fetch-failed  -            The Waterfront
[ 701/1272] fetch-failed  -            Swami's
[ 702/1272] fetch-failed  -            3 Day Suit Broker
[ 703/1272] fetch-failed  -            Winners Circle
[ 704/1272] fetch-failed  -            Juice Caboose
[ 705/1272] fetch-failed  -            Basic
[ 706/1272] fetch-failed  -            Coin Toss
[ 707/1272] fetch-failed  -            The Caddyshack
[ 708/1272] fetch-failed  -            Poki Poki
[ 709/1272] fetch-failed  -            Filling Station Pub and Grill
[ 710/1272] fetch-failed  -            Fairbanks
[ 711/1272] fetch-failed  -            Allen's New York Pizza
[ 712/1272] fetch-failed  -            Hacienda De Vega
[ 713/1272] fetch-failed  -            Taco King
[ 714/1272] fetch-failed  -            Sushi Freak
[ 715/1272] fetch-failed  -            Thai Basil
[ 716/1272] fetch-failed  -            Crepes
[ 717/1272] fetch-failed  -            GIHON Ethiopian Kitchen
[ 718/1272] fetch-failed  -            Hummus Mediterranean Kitchen
[ 719/1272] fetch-failed  -            Larry's Beach Club
[ 720/1272] fetch-failed  -            I Love Pho
[ 721/1272] fetch-failed  -            Baja Fresh
[ 722/1272] fetch-failed  -            BurgerIM
[ 723/1272] fetch-failed  -            Valerio's Finest Bake Shop
[ 724/1272] fetch-failed  -            Birria El Rey
[ 725/1272] fetch-failed  -            Terrace Lounge
[ 726/1272] fetch-failed  -            Silvia's Pupuseria
[ 727/1272] fetch-failed  -            Citrina Berry Fresh
[ 728/1272] fetch-failed  -            Curbside Eatery & Drinkery
[ 729/1272] fetch-failed  -            Trattoria da Sofia
[ 730/1272] fetch-failed  -            Perfectsubs
[ 731/1272] fetch-failed  -            Karihan Filipino Food
[ 732/1272] fetch-failed  -            Atelier Manna
[ 733/1272] fetch-failed  -            CITRINA BERRY FRESH
[ 734/1272] fetch-failed  -            Akhis Authentic Shawarma & Kebab
[ 735/1272] fetch-failed  -            Beer Company
[ 736/1272] fetch-failed  -            Rito’s Mexican Food
[ 737/1272] fetch-failed  -            Lola Happy Bistro
[ 738/1272] fetch-failed  -            Stella Jean's Ice Cream Kensington
[ 739/1272] fetch-failed  -            Stone Oven
[ 740/1272] fetch-failed  -            Crave
[ 741/1272] fetch-failed  -            Backyard Altar BBQ
[ 742/1272] fetch-failed  -            Pei Wei
[ 743/1272] fetch-failed  -            Golden Spoon Carlsbad Plaza
[ 744/1272] fetch-failed  -            Paris Baguette
[ 745/1272] fetch-failed  -            Cuscatlan Salvadorean Food
[ 746/1272] fetch-failed  -            Purl Tea San Marcos
[ 747/1272] fetch-failed  -            Rare Society
[ 748/1272] fetch-failed  -            Nick's on State
[ 749/1272] fetch-failed  -            Oaks Bar Grill
[ 750/1272] fetch-failed  -            Fairbanks
[ 751/1272] fetch-failed  -            Four Tunas Fish & Bar
[ 752/1272] fetch-failed  -            Bovino
[ 753/1272] fetch-failed  -            Paradisaea
[ 754/1272] fetch-failed  -            Cococabana
[ 755/1272] fetch-failed  -            Everest Himalayan Cuisine
[ 756/1272] fetch-failed  -            Mombasa Cooker
[ 757/1272] fetch-failed  -            Gooseberries kafe
[ 758/1272] fetch-failed  -            Board & Brew - Escondido
[ 759/1272] fetch-failed  -            Green Vine Delicatessen
[ 760/1272] fetch-failed  -            Tacos de Birria El Chinito Jr
[ 761/1272] fetch-failed  -            China Fun
[ 762/1272] fetch-failed  -            Taco Lounge Escaya
[ 763/1272] fetch-failed  -            Fiori’s Pizza
[ 764/1272] fetch-failed  -            That Pizza Place - Carlsbad
[ 765/1272] fetch-failed  -            La Sabrosita
[ 766/1272] fetch-failed  -            Darshan Bakery
[ 767/1272] fetch-failed  -            Lò Bánh Cuốn Tân Định
[ 768/1272] fetch-failed  -            Sabor a Vida Cafe & Deli
[ 769/1272] fetch-failed  -            Copa Vida
[ 770/1272] fetch-failed  -            Friends of Friends
[ 771/1272] fetch-failed  -            Appetite
[ 772/1272] fetch-failed  -            Monserate Winery
[ 773/1272] fetch-failed  -            Golden Corral
[ 774/1272] fetch-failed  -            Vigilante Coffee
[ 775/1272] fetch-failed  -            Agave Birrieria
[ 776/1272] fetch-failed  -            Taco Machin
[ 777/1272] fetch-failed  -            Breakwater Brewing Co.
[ 778/1272] fetch-failed  -            Pho House
[ 779/1272] fetch-failed  -            Tita's Taco Shop
[ 780/1272] fetch-failed  -            Donburi Rice Bowls
[ 781/1272] fetch-failed  -            Chin's Szechwan - Del Mar
[ 782/1272] fetch-failed  -            bcb Cafe
[ 783/1272] fetch-failed  -            Camino Riviera
[ 784/1272] fetch-failed  -            Bubba’s Smokehouse BBQ
[ 785/1272] fetch-failed  -            Nory's Donut & Bakery
[ 786/1272] fetch-failed  -            Mendoza’s Mexican Food
[ 787/1272] fetch-failed  -            Tasty Pho
[ 788/1272] fetch-failed  -            Trebol Mexican Restaurant
[ 789/1272] fetch-failed  -            Draft Republic San Marcos
[ 790/1272] fetch-failed  -            Vinarius Wine Bar & Restaurant
[ 791/1272] fetch-failed  -            Pho Oceanside
[ 792/1272] fetch-failed  -            Village Roots Deli & Taproom
[ 793/1272] fetch-failed  -            El Rinconcito Fruteria
[ 794/1272] fetch-failed  -            Su Pan Bakery El Cajon
[ 795/1272] fetch-failed  -            1022 Cafe & Gelateria
[ 796/1272] fetch-failed  -            Tacaliente Mexican Grill
[ 797/1272] fetch-failed  -            Taqueria El Kabron Jr.
[ 798/1272] fetch-failed  -            Panda Imperial Restaurant
[ 799/1272] fetch-failed  -            Balsamico Italian Kitchen
[ 800/1272] fetch-failed  -            Barn Door Public House
[ 801/1272] fetch-failed  -            Higher Grounds Coffee + Café
[ 802/1272] fetch-failed  -            Gelato 101 Solana Beach
[ 803/1272] fetch-failed  -            Napatini Bistro and Wine Bar
[ 804/1272] fetch-failed  -            Paris Baguette
[ 805/1272] fetch-failed  -            Savory Thai Restaurant
[ 806/1272] fetch-failed  -            Truluck's
[ 807/1272] fetch-failed  -            Ju-ichi
[ 808/1272] fetch-failed  -            Backdraft Bar & Grill
[ 809/1272] fetch-failed  -            Cork N Brew
[ 810/1272] fetch-failed  -            Buonasera New York Pizzeria
[ 811/1272] fetch-failed  -            Ono Hawaiian BBQ
[ 812/1272] fetch-failed  -            MOOYAH Burgers, Fries & Shakes
[ 813/1272] fetch-failed  -            Madeleine
[ 814/1272] fetch-failed  -            Cozy Corner
[ 815/1272] fetch-failed  -            Ernes Mexican Food & Breakfast
[ 816/1272] fetch-failed  -            Finca
[ 817/1272] fetch-failed  -            Rancho Grande El Toro Mexican Cuisine
[ 818/1272] fetch-failed  -            HomeState
[ 819/1272] fetch-failed  -            Tacotarian San Diego
[ 820/1272] fetch-failed  -            Caribbean Pleasure
[ 821/1272] fetch-failed  -            House of Pho
[ 822/1272] fetch-failed  -            Prey Brewing Company
[ 823/1272] fetch-failed  -            ZZan Sushi & Soju
[ 824/1272] fetch-failed  -            Graziano's Pizza Oceanside
[ 825/1272] fetch-failed  -            Blanco Cocina + Cantina
[ 826/1272] fetch-failed  -            I QUE BBQ
[ 827/1272] fetch-failed  -            Ding Tea Oceanside
[ 828/1272] fetch-failed  -            China Fusion - Vista Way
[ 829/1272] fetch-failed  -            Pizza On Tap (P.O.T)
[ 830/1272] fetch-failed  -            Sabores Colombianos
[ 831/1272] fetch-failed  -            NuYo Frozen Yogurt Telegraph Canyon
[ 832/1272] fetch-failed  -            Bambinos Pizzeria & Deli #4
[ 833/1272] fetch-failed  -            Souplantation
[ 834/1272] fetch-failed  -            Sunny Side Solana
[ 835/1272] fetch-failed  -            El After Social Club
[ 836/1272] fetch-failed  -            James Coffee Co.
[ 837/1272] fetch-failed  -            Parakeet Juicery - La Jolla
[ 838/1272] fetch-failed  -            Angry Chickz - Oceanside
[ 839/1272] fetch-failed  -            Old World Meat Company
[ 840/1272] fetch-failed  -            Himalayan Bistro Oceanside
[ 841/1272] fetch-failed  -            Panpan wok
[ 842/1272] fetch-failed  -            HillCrust Pizza
[ 843/1272] fetch-failed  -            The Handmade Chef Meal Prep Co.
[ 844/1272] fetch-failed  -            New York Buffalo Wings
[ 845/1272] fetch-failed  -            Awash Ethiopian Restaurant
[ 846/1272] fetch-failed  -            Sonny’s Pizza
[ 847/1272] fetch-failed  -            Allen's New York Pizza
[ 848/1272] fetch-failed  -            Handel's Homemade Ice Cream
[ 849/1272] fetch-failed  -            Naked Pizza
[ 850/1272] fetch-failed  -            SugarBears Sweet Provisions
[ 851/1272] fetch-failed  -            EL ENCANTO SD
[ 852/1272] fetch-failed  -            Ocean Thai Cuisine
[ 853/1272] fetch-failed  -            Le Coq
[ 854/1272] fetch-failed  -            Falafel Heights
[ 855/1272] fetch-failed  -            Ascend Coffee Roasters
[ 856/1272] fetch-failed  -            Carnitas Quiroga
[ 857/1272] fetch-failed  -            China bros
[ 858/1272] fetch-failed  -            Aromi Italian Cuisine
[ 859/1272] fetch-failed  -            Sukho Thai Extraordinaire
[ 860/1272] fetch-failed  -            Handel’s Homemade Ice Cream
[ 861/1272] fetch-failed  -            AleSmith Brewing Company
[ 862/1272] fetch-failed  -            Jaws Topokki
[ 863/1272] fetch-failed  -            Silverlake Ramen Fashion Valley
[ 864/1272] fetch-failed  -            Finney's Crafthouse
[ 865/1272] fetch-failed  -            Belinda's Familia Mexican Food Truck
[ 866/1272] fetch-failed  -            Tengu Ramen
[ 867/1272] fetch-failed  -            The Crimson Cake
[ 868/1272] fetch-failed  -            Sam's Farm Fresh
[ 869/1272] fetch-failed  -            Ryan Bros Coffee City Heights
[ 870/1272] fetch-failed  -            Comstock Bar & Grill
[ 871/1272] fetch-failed  -            ALOHA GRILL
[ 872/1272] fetch-failed  -            Baked Thicc
[ 873/1272] fetch-failed  -            Kin Saep
[ 874/1272] fetch-failed  -            Smokin J's BBQ & Taphouse
[ 875/1272] fetch-failed  -            Hi!Dumplings
[ 876/1272] fetch-failed  -            Emiliana's Mexican & Deli Food
[ 877/1272] fetch-failed  -            Docent Brewing
[ 878/1272] fetch-failed  -            Oh My Pho!
[ 879/1272] fetch-failed  -            Thai Pasta
[ 880/1272] fetch-failed  -            PB Poke House Oceanside
[ 881/1272] fetch-failed  -            Gintaro Sushi
[ 882/1272] fetch-failed  -            Sorianos Pizzeria
[ 883/1272] fetch-failed  -            Great Wok of China
[ 884/1272] fetch-failed  -            La Mesa Pizzaworks
[ 885/1272] fetch-failed  -            Charli's Landing
[ 886/1272] fetch-failed  -            Eclipse Chocolat
[ 887/1272] fetch-failed  -            Merenda
[ 888/1272] fetch-failed  -            El Ranchero
[ 889/1272] fetch-failed  -            Urban Location Boba Tea House San Diego
[ 890/1272] fetch-failed  -            Leu Leu
[ 891/1272] fetch-failed  -            Sound by the Sea
[ 892/1272] fetch-failed  -            Ocean Buffet
[ 893/1272] fetch-failed  -            Thai Table Time
[ 894/1272] fetch-failed  -            Baikohken Ramen
[ 895/1272] fetch-failed  -            Good Source Coffee
[ 896/1272] fetch-failed  -            Chef’s Wok & Dumplings
[ 897/1272] fetch-failed  -            Los Armando's Mexican Food
[ 898/1272] fetch-failed  -            Beach City Smoothies
[ 899/1272] fetch-failed  -            Green Cheek Beer Co.
[ 900/1272] fetch-failed  -            Ascend Coffee Roasters
[ 901/1272] fetch-failed  -            Flame Broiler
[ 902/1272] fetch-failed  -            Players Sports Grill
[ 903/1272] fetch-failed  -            Trident Coffee Pacific Beach
[ 904/1272] fetch-failed  -            CTZN
[ 905/1272] fetch-failed  -            UT-HO Boba & Baguette
[ 906/1272] fetch-failed  -            Paris Baguette
[ 907/1272] fetch-failed  -            Burtech Family Vineyard Tasting Room
[ 908/1272] fetch-failed  -            Pietro's Cucina Italiana
[ 909/1272] fetch-failed  -            Good Omen Coffee Co
[ 910/1272] fetch-failed  -            Morena Provisions
[ 911/1272] fetch-failed  -            El Flako's Wrangler Barbecue
[ 912/1272] fetch-failed  -            Burrito Leo's Mexican Food
[ 913/1272] fetch-failed  -            Buffalo Wild Wings GO
[ 914/1272] fetch-failed  -            Diego's Taco Shop
[ 915/1272] fetch-failed  -            The Alley Otay Mesa
[ 916/1272] fetch-failed  -            Saigon Star Restaurant
[ 917/1272] fetch-failed  -            Pho Tan
[ 918/1272] fetch-failed  -            Wings mix
[ 919/1272] fetch-failed  -            IZOLA
[ 920/1272] fetch-failed  -            Fish Boon
[ 921/1272] fetch-failed  -            Pei Wei
[ 922/1272] fetch-failed  -            TAKARAMONO SUSHI
[ 923/1272] fetch-failed  -            Burger Bench Vista
[ 924/1272] fetch-failed  -            Los Cucos Mexican Food
[ 925/1272] fetch-failed  -            La Casa Verde
[ 926/1272] fetch-failed  -            EsKiNiTa
[ 927/1272] fetch-failed  -            Simply Fresh Thai
[ 928/1272] fetch-failed  -            The Sizzling Pizza
[ 929/1272] fetch-failed  -            Chocolate Bash
[ 930/1272] fetch-failed  -            The Grove at Governor Pointe
[ 931/1272] fetch-failed  -            Two Hands Corn Dog Mira Mesa
[ 932/1272] fetch-failed  -            La Mesita Mexican Food
[ 933/1272] fetch-failed  -            Tacos el Niño Santana
[ 934/1272] fetch-failed  -            Pho Nam Cali
[ 935/1272] fetch-failed  -            Little Victory Wine Bar
[ 936/1272] fetch-failed  -            Mission Baja Tacos
[ 937/1272] fetch-failed  -            Banzai Bowls
[ 938/1272] fetch-failed  -            Alborz Restaurant
[ 939/1272] fetch-failed  -            Fleurette
[ 940/1272] fetch-failed  -            Scoops Ocean Beach
[ 941/1272] fetch-failed  -            LA MALQUERIDA BY DOLCHE
[ 942/1272] fetch-failed  -            West Coast Pizza Company
[ 943/1272] fetch-failed  -            T&T Tacos & Tequila Grill & Cantina
[ 944/1272] fetch-failed  -            Kona Craft Cafe
[ 945/1272] no-platform   -            Photo House
[ 946/1272] fetch-failed  -            The Honor Bar
[ 947/1272] fetch-failed  -            the Koffie Co
[ 948/1272] no-platform   -            Buca di Beppo Italian Restaurant
[ 949/1272] no-platform   -            Acai Republic - Oceanside
[ 950/1272] needs-browser -            BRGR SHACK
[ 951/1272] needs-browser olo          Panini Kabob Grill - Park 12
[ 952/1272] no-platform   -            tiger!tiger!
[ 953/1272] no-platform   -            Piedra Santa
[ 954/1272] no-platform   -            Pha Khao Lao Cuisine
[ 955/1272] fetch-failed  -            Top of the Bagel
[ 956/1272] no-platform   -            Rocko's Family Restaurant
[ 957/1272] no-platform   -            Banzai Bowls
[ 958/1272] no-platform   -            Kiiro Sushi Izakaya
[ 959/1272] needs-browser order.online QUICK BITES CAFE / Best Sandwiches
[ 960/1272] needs-browser -            Eat Crispy Burger Oceanside
[ 961/1272] needs-browser -            Mali's Deli
[ 962/1272] needs-browser slice        Pop's Pizza
[ 963/1272] no-platform   -            Thai Thai Melrose Restaurant
[ 964/1272] no-platform   -            MAKE Cafe
[ 965/1272] needs-browser toast        Breakers
[ 966/1272] no-platform   -            Troy's Greek Restaurant
[ 967/1272] fetch-failed  -            Mandarin Wok Restaurant
[ 968/1272] no-platform   -            Monserate Winery
[ 969/1272] needs-browser chownow      CinKuni (Italian & Japanese Cuisine)
[ 970/1272] no-platform   -            Olive Branch Eatery
[ 971/1272] no-platform   -            Campland Cantina
[ 972/1272] no-platform   -            Rubio's Coastal Grill
[ 973/1272] no-platform   -            Mr. Buffalo Fries
[ 974/1272] no-platform   -            Rubio's Coastal Grill
[ 975/1272] no-platform   -            PanPan Wok
[ 976/1272] wrong-branch  own-jsonld   The Great Greek Mediterranean Grill - Oceanside, CA
[ 977/1272] no-platform   -            Rubio's Coastal Grill
[ 978/1272] no-platform   -            Cocina 35 brunch
[ 979/1272] too-few       netwaiter    LA PLACE DELI
[ 980/1272] no-platform   -            Ocean Thai Cuisine
[ 981/1272] no-platform   -            Bueno Wine & Goods
[ 982/1272] no-platform   -            Las Ricas Tortas
[ 983/1272] needs-browser Square Online storefront iWok Chinese Kitchen
[ 984/1272] needs-browser slice        Little Sisters Pizza
[ 985/1272] needs-browser -            Better Blendz
[ 986/1272] no-platform   -            Little Hidden Bakery
[ 987/1272] no-platform   -            Jolie
[ 988/1272] needs-browser Square Online (own domain) Slurp
[ 989/1272] needs-browser -            Charoen Krung Thai Cuisine
[ 990/1272] needs-browser order.online Captain Sam's Fish & Chicken
[ 991/1272] needs-browser slice        Luigi's New York Giant Pizza
[ 992/1272] no-platform   -            Mi Tierra Super Taco
[ 993/1272] no-platform   -            Una Mas on Adams
[ 994/1272] needs-browser spothopper   Brites Soft Serve
[ 995/1272] no-platform   -            Pizza Guys
[ 996/1272] no-platform   -            Fortuna Ristorante Italiano
[ 997/1272] no-platform   -            chance's coffee
[ 998/1272] no-platform   -            Urban Teri Kitchen
[ 999/1272] no-platform   -            PanPan Wok
[1000/1272] needs-browser order.online Halal Burger Co.
[1001/1272] needs-browser Square Online (own domain) Le Charcuterie Bar
[1002/1272] wrong-branch  toast        Chin's Szechwan - Point Loma
[1003/1272] needs-browser toast        Little Kiki Katsu & More
[1004/1272] no-platform   -            Juice Holler
[1005/1272] no-platform   -            Dark Horse Coffee Roasters
[1006/1272] needs-browser spothopper   Agave Birrieria
[1007/1272] no-platform   -            Leona's Cucina Italiana
[1008/1272] no-platform   -            Uncle Feras Middle Eastern Restaurant
[1009/1272] needs-browser -            The Jetty
[1010/1272] needs-browser toast        Between Us
[1011/1272] no-platform   -            North Park Creamery
[1012/1272] needs-browser olo          Coffee Bean
[1013/1272] needs-browser HungerRush   Pop Pops Paleta
[1014/1272] no-platform   -            The Kitchen at Torrey Heights
[1015/1272] no-platform   -            PanPan wok
[1016/1272] needs-browser Square Online storefront Mein St. Asian Kitchen
[1017/1272] needs-browser Square Online (own domain) Beach City Smoothies - Oceanside
[1018/1272] no-platform   -            Pokeport Oceanside
[1019/1272] no-platform   -            Oriental Cafe | Chinese
[1020/1272] no-platform   -            Café Alessie
[1021/1272] no-platform   -            La Costa Wine
[1022/1272] no-platform   -            El Papas Fritas Taco Shop
[1023/1272] no-platform   -            Queenstown Del Mar
[1024/1272] no-platform   -            Falafel California
[1025/1272] no-platform   -            Thai Thae Cuisine
[1026/1272] no-platform   -            Noodle & Bun
[1027/1272] no-platform   -            Ono Hawaiian BBQ
[1028/1272] no-platform   -            Poki Poki - Escondido
[1029/1272] needs-browser Square Online (own domain) Chef Budda Blasian Soul Food LLC
[1030/1272] no-platform   -            KABOB SHACK - EASTLAKE
[1031/1272] no-platform   -            Chopsticks Inn Restaurant
[1032/1272] screened-out  order.online La Fresita Y Mas
[1033/1272] no-platform   -            Arteazen Handcrafted Tea
[1034/1272] no-platform   -            Egg Tuck
[1035/1272] no-platform   -            For The Win - San Diego
[1036/1272] needs-browser MealKeyWay   Dumplings N More
[1037/1272] no-platform   -            Love Letters Pizza
[1038/1272] fetch-failed  -            Antique Thai
[1039/1272] needs-browser order.online Torta Time
[1040/1272] no-platform   -            Khyber Pass Zarparan Restaurant | Afghan
[1041/1272] no-platform   -            Christophe Rull Patisserie
[1042/1272] no-platform   -            TACO CENTRO
[1043/1272] no-platform   -            Hilltop Cafe
[1044/1272] no-platform   -            Board & Brew - Downtown San Diego
[1045/1272] no-platform   -            ZZan Sushi & Soju
[1046/1272] no-platform   -            The Poke Tea House
[1047/1272] filed         toast        Good Measure
[1048/1272] no-platform   -            ROBATA-X Sushi & Izakaya
[1049/1272] needs-browser toast        NOIR Sushi and Sake Fusion Lounge
[1050/1272] needs-browser olo          Dimassi's Mediterranean Buffet
[1051/1272] no-platform   -            Barrel Riot
[1052/1272] no-platform   -            Huckleberry's Breakfast & Lunch
[1053/1272] no-platform   -            Dalu Hawaiian BBQ
[1054/1272] needs-browser -            Habibi Mediterranean Grill
[1055/1272] no-platform   -            Sabroso taco savor a mi tierra
[1056/1272] no-platform   -            Zuma San Diego
[1057/1272] no-platform   -            La Jollita
[1058/1272] no-platform   -            Mevan Coffee & Desserts & Brunch
[1059/1272] no-platform   -            Bodega Market
[1060/1272] no-platform   -            Scena Fusion Kitchen & Bar
[1061/1272] no-platform   -            24 Suns
[1062/1272] no-platform   -            Jalisco Cantina
[1063/1272] no-platform   -            Hazel & Jade Bakery
[1064/1272] no-platform   -            Peppoli's Pizza & Philly Steaks
[1065/1272] no-platform   -            Ichitaru Ramen Carlsbad
[1066/1272] needs-browser Square Online (own domain) The Cakery Cafe
[1067/1272] needs-browser -            Market St Pizzeria
[1068/1272] no-platform   -            Lotho Deli
[1069/1272] needs-browser SpotOn       Crest Taco
[1070/1272] needs-browser SpotOn       Diego’s Street Tacos
[1071/1272] fetch-failed  -            Quarter Deck Inn Cocktails
[1072/1272] filed         wix          Sourpuss Donuts
[1073/1272] needs-browser -            Hanna Garden
[1074/1272] no-platform   -            Colosseo Cucina Italiana
[1075/1272] needs-browser toast        Pompei Pizza
[1076/1272] needs-browser MealKeyWay   Pho Luu Escondido - Vietnamese Cuisine
[1077/1272] no-platform   -            UT-HO Boba & Baguette
[1078/1272] no-platform   -            Taconora Pacific Beach
[1079/1272] needs-browser chownow      Parakeet Cafe - Nautilus
[1080/1272] no-platform   -            Mexico City Cuisine-CoLab
[1081/1272] no-platform   -            Thai Table Time
[1082/1272] needs-browser slice        Pastalini
[1083/1272] no-platform   -            Little While
[1084/1272] no-platform   -            Side Street Bowls & Smoothies
[1085/1272] no-platform   -            I Love Bagels
[1086/1272] no-platform   -            Sono North Park
[1087/1272] no-platform   -            Borrego Rooftop
[1088/1272] no-platform   -            SD giant pizza
[1089/1272] no-platform   -            The Morning Grove
[1090/1272] no-platform   -            Mantra Raja
[1091/1272] no-platform   -            Krak Boba
[1092/1272] wrong-branch  toast        Blank Slate
[1093/1272] no-platform   -            Barrio Food Hub
[1094/1272] fetch-failed  -            Daisy Deli
[1095/1272] no-platform   -            Monserate Winery
[1096/1272] needs-browser -            Green Fork
[1097/1272] no-platform   -            Okama Ramen and Grill
[1098/1272] no-platform   -            Gaslamp Coffee Bar
[1099/1272] needs-browser -            Carnitas las Michoacanas
[1100/1272] no-platform   -            Double Standard
[1101/1272] needs-browser slice        Saffron Pizza Kitchen
[1102/1272] no-platform   -            El Flako's Wrangler Barbecue
[1103/1272] no-platform   -            One of Us
[1104/1272] needs-browser -            Brown Cup Cafe & Lounge
[1105/1272] needs-browser toast        Grandson Steaks
[1106/1272] no-platform   -            Crave & Feast
[1107/1272] no-platform   -            Los Mexas
[1108/1272] no-platform   -            Sola Cafe and Deli
[1109/1272] needs-browser toast        Cala La Jolla Café
[1110/1272] no-platform   -            The Encore Sushi
[1111/1272] needs-browser Square Online storefront Empanada Kitchen
[1112/1272] needs-browser -            The Spot taco shop
[1113/1272] no-platform   -            Native Foods
[1114/1272] no-platform   -            Badas burgers
[1115/1272] no-platform   -            Gold Coffee Shop
[1116/1272] wrong-branch  toast        Bubble & Butter
[1117/1272] needs-browser MenuSifu     Joyee Noodle House(UTC)
[1118/1272] no-platform   -            Saigon Alley Kitchen & Bar
[1119/1272] no-platform   -            Doc Holliday's
[1120/1272] filed         spothopper   Mon Cheri Cafe & Bistro
[1121/1272] no-platform   -            Yesenia's Mexican Food & Ice Cream
[1122/1272] no-platform   -            Al's Cafe in the village
[1123/1272] needs-browser -            FurnSaj Bakery & Restaurant
[1124/1272] no-platform   -            Cocina Tex Mex Restaurant
[1125/1272] no-platform   -            Old Gallery Coffee House
[1126/1272] no-platform   -            Taqueria By El Prieto
[1127/1272] filed         own-jsonld   Roberto's Mexican Food
[1128/1272] needs-browser order.online Fish Restaurant
[1129/1272] no-platform   -            Kasi
[1130/1272] needs-browser -            ChickenHeadz
[1131/1272] no-platform   -            Baba's Pizza
[1132/1272] needs-browser -            Mirch Masala 2 Go
[1133/1272] needs-browser -            Sammy's Woodfire Pizza and Grille
[1134/1272] no-platform   -            El Dorado
[1135/1272] no-platform   -            Blackmarket Bakery
[1136/1272] needs-browser Square Online storefront Copa Vida
[1137/1272] needs-browser plain-html   The Greenspot Salad Company
[1138/1272] no-platform   -            Soda & Swine
[1139/1272] no-platform   -            Cafe Fresh
[1140/1272] no-platform   -            Nami
[1141/1272] needs-browser -            Blue Water Grill
[1142/1272] needs-browser order.online Deli Belly
[1143/1272] fetch-failed  -            Cafe Virtuoso
[1144/1272] fetch-failed  -            Rancho Cafe
[1145/1272] needs-browser toast        Slater's 50/50
[1146/1272] no-platform   -            Pegah’s Kitchen
[1147/1272] needs-browser Square Online storefront Empanada Kitchen
[1148/1272] no-platform   -            Ming Ky
[1149/1272] no-platform   -            Hanaoka
[1150/1272] screened-out  shopify      Lofty Coffee
[1151/1272] no-platform   -            Underwater Cantina
[1152/1272] no-platform   -            Lagoon Terrace
[1153/1272] no-platform   -            Cent'Anni Café
[1154/1272] no-platform   -            Greenbrier Inn
[1155/1272] no-platform   -            Our Green Affair
[1156/1272] no-platform   -            Taste of Hong Kong
[1157/1272] fetch-failed  -            Island Market
[1158/1272] no-platform   -            Nékter Juice Bar
[1159/1272] fetch-failed  -            Escondido Joe's
[1160/1272] needs-browser -            The Coffee Spot
[1161/1272] fetch-failed  -            Coco's Bakery
[1162/1272] fetch-failed  -            Pizzicato
[1163/1272] no-platform   -            SPACE
[1164/1272] no-platform   -            2GOOD2B Bakery & Cafe
[1165/1272] fetch-failed  -            Tango Restaurant & Lounge
[1166/1272] wrong-branch  clover       Mikko Sushi
[1167/1272] no-platform   -            Rush Bowls
[1168/1272] no-platform   -            U31
[1169/1272] fetch-failed  -            Toast Gastrobrunch
[1170/1272] no-platform   -            Cafe Bella
[1171/1272] no-platform   -            Filibertos
[1172/1272] needs-browser -            The Hamlett
[1173/1272] no-platform   -            Slater's 50/50
[1174/1272] no-platform   -            Brick & Bell Plus
[1175/1272] no-platform   -            Colimas Mexican Grull
[1176/1272] no-platform   -            India Princess
[1177/1272] no-platform   -            Arctic Snacks
[1178/1272] no-platform   -            Village Inn
[1179/1272] no-platform   -            Kava Lounge
[1180/1272] no-platform   -            Chippy's Diner
[1181/1272] no-platform   -            Jungle Cart
[1182/1272] no-platform   -            Veladora
[1183/1272] no-platform   -            Villa Fresh Italian Kitchen
[1184/1272] no-platform   -            Tradewinds
[1185/1272] no-platform   -            Jordan
[1186/1272] no-platform   -            Fairbanks
[1187/1272] no-platform   -            Our Green Affair
[1188/1272] no-platform   -            Lion Camp Slush and Snacks
[1189/1272] no-platform   -            Deja Vu
[1190/1272] no-platform   -            Shake Smart
[1191/1272] fetch-failed  -            Mis Dos Gallos Taqueria, Fruit & Deli
[1192/1272] no-platform   -            Rift Sand Bar
[1193/1272] no-platform   -            Candelas
[1194/1272] no-platform   -            Rice
[1195/1272] no-platform   -            Nicolosi's Pizza (Mira Lee Way)
[1196/1272] needs-browser slice        Massachusetts Mike's Pizzeria
[1197/1272] no-platform   -            Ituri Hut
[1198/1272] needs-browser Square Online storefront Prager Brothers Artisan Breads
[1199/1272] no-platform   -            CABETOS Pops
[1200/1272] no-platform   -            The Reading Club
[1201/1272] fetch-failed  -            Kellys Pub
[1202/1272] gated         chownow      Beeside Balcony La Jolla
[1203/1272] no-platform   -            Monster Snacks
[1204/1272] no-platform   -            Antique Row Cafe
[1205/1272] no-platform   -            Time Out Café
[1206/1272] no-platform   -            Copper Kings San Marcos
[1207/1272] no-platform   -            Oodles By The Nood Bar
[1208/1272] no-platform   -            Cocina Del Mar
[1209/1272] no-platform   -            Juice Alchemy
[1210/1272] no-platform   -            La Salsa
[1211/1272] no-platform   -            Relic Bakery & Kitchen
[1212/1272] needs-browser toast        Sultan Baklava
[1213/1272] fetch-failed  -            Lefty's Cheesesteaks
[1214/1272] no-platform   -            CHINA CHEF 1
[1215/1272] wrong-branch  toast        Oceanside Fish Shop
[1216/1272] no-platform   -            Safari Coffee Outpost
[1217/1272] no-platform   -            Corbin's Q
[1218/1272] needs-browser -            Yogurt Lounge Serra Mesa
[1219/1272] needs-browser -            Taco Club
[1220/1272] no-platform   -            Pizza Guys
[1221/1272] no-platform   -            Canyon Inn
[1222/1272] filed         spothopper   Cabo Cantina
[1223/1272] no-platform   -            Mo-Mo Paradise
[1224/1272] too-few       own-jsonld   The Oceanaire Seafood Room
[1225/1272] no-platform   -            Chef Fei
[1226/1272] needs-browser Square Online storefront Lucha Libre Taco Shop
[1227/1272] fetch-failed  -            OB Kebab
[1228/1272] fetch-failed  -            OB Garden Café
[1229/1272] fetch-failed  -            Tacos Locos Tasty Mexican Food
[1230/1272] no-platform   -            George’s Bar
[1231/1272] needs-browser Square Online (own domain) BCB Coffee
[1232/1272] no-platform   -            Grover's Grill
[1233/1272] no-platform   -            House of Black
[1234/1272] no-platform   -            Creme De La Crepe
[1235/1272] no-platform   -            Noodles
[1236/1272] no-platform   -            Border X Brewing
[1237/1272] fetch-failed  -            Las Pinches Tortas
[1238/1272] no-platform   -            Taco Villa
[1239/1272] no-platform   -            Carnitas’ Snack Shack
[1240/1272] no-platform   -            Mission Brewing (fka Rough Draft)
[1241/1272] no-platform   -            Aromas
[1242/1272] needs-browser Square Online storefront Copa Vida
[1243/1272] fetch-failed  -            Dryer's Ice Cream Parlor
[1244/1272] no-platform   -            University Towers Kitchen
[1245/1272] no-platform   -            TEC Cafe
[1246/1272] no-platform   -            Chicken & Crown
[1247/1272] no-platform   -            Sweet Labors
[1248/1272] fetch-failed  -            Trade Restaurant & Lounge
[1249/1272] needs-browser MealKeyWay   Yonny Mini Hotpot
[1250/1272] no-platform   -            Café de Anza
[1251/1272] no-platform   -            BCB Coffee Company
[1252/1272] no-platform   -            Mawazo Kitchen
[1253/1272] needs-browser Square Online storefront Cafecito 1806
[1254/1272] no-platform   -            SanSai Japanese Grill
[1255/1272] no-platform   -            Trisler's San Diego Wine Bar
[1256/1272] no-platform   -            Stony Mountain Bar & Grill
[1257/1272] no-platform   -            Ground Up Cafe
[1258/1272] no-platform   -            NM Cafe
[1259/1272] no-platform   -            The Santaluz Club Dining Room and Events
[1260/1272] no-platform   -            Inland Tavern
[1261/1272] fetch-failed  -            In Between
[1262/1272] needs-browser -            Casa de Freds
[1263/1272] fetch-failed  -            Capriotti's Sandwich Shop
[1264/1272] needs-browser -            Verde Kitchen & Bar
[1265/1272] no-platform   -            HACIENDITA BAKERY
[1266/1272] no-platform   -            The Grand Tradition
[1267/1272] no-platform   -            Mama Kat's Restaurant and Pie Shop
[1268/1272] fetch-failed  -            BunZ
[1269/1272] no-platform   -            Oliva
[1270/1272] no-platform   -            Bean Sprouts
[1271/1272] no-platform   -            Buka - Taste of Nigeria
[1272/1272] fetch-failed  -            All Fried Up

platform                       attempted         filed       too-few         gated  wrong-branch needs-browser   no-platform  fetch-failed  screened-out
none                                1086             0             0             0             0            44           417           625             0
toast                                 32             1             0             3             7            21             0             0             0
order.online                          25             0             0             0             4            19             0             0             2
Square Online storefront              23             0             0             0             0            23             0             0             0
Square Online (own domain)            16             0             0             0             0            16             0             0             0
slice                                 12             0             0             0             0            12             0             0             0
netwaiter                             11             0            11             0             0             0             0             0             0
chownow                               10             0             0             1             2             7             0             0             0
MealKeyWay                             8             0             0             0             0             8             0             0             0
shopify                                8             2             0             0             0             0             0             0             6
olo                                    7             0             0             0             0             7             0             0             0
SpotOn                                 7             0             0             0             0             7             0             0             0
spothopper                             5             2             0             0             0             3             0             0             0
clover                                 4             0             0             0             2             1             0             0             1
plain-html                             4             0             0             0             0             4             0             0             0
own-jsonld                             4             1             2             0             1             0             0             0             0
popmenu                                3             0             0             0             3             0             0             0             0
menufy                                 2             0             0             0             0             0             0             0             2
HungerRush                             2             0             0             0             0             2             0             0             0
Paytronix                              1             0             0             0             0             1             0             0             0
wix                                    1             1             0             0             0             0             0             0             0
MenuSifu                               1             0             0             0             0             1             0             0             0
TOTAL                               1272             7            13             4            19           176           417           625            11

7 menus, 447 dishes
wrote menus/wip/router-20260904-100141.json
wrote menus/wip/router-20260904-100141.notes.json
