queue 1019 with a website; routing 1019 at concurrency 4

[   1/1019] no-platform   -            Taquería Imperial
[   2/1019] needs-browser chownow      Burger Bench Escondido
[   3/1019] no-platform   -            Mimi's Cafe
[   4/1019] needs-browser chownow      Brigantine Seafood
[   5/1019] screened-out  order.online Wood Ranch Mission Valley
[   6/1019] no-platform   -            VG Donut & Bakery
[   7/1019] fetch-failed  -            Public Square Coffee House
[   8/1019] filed         order.online El Pueblo Mexican Food - Carlsbad
[   9/1019] needs-browser order.online Tom's Famous Family Restaurant 24
[  10/1019] no-platform   -            Farmer & The Seahorse
[  11/1019] needs-browser Square Online storefront Wayfarer Bread & Pastry
[  12/1019] needs-browser order.online TOM's Famous Family Restaurant 22
[  13/1019] gated         chownow      Handel’s Homemade Ice Cream
[  14/1019] needs-browser plain-html   Por Favor El Cajon
[  15/1019] no-platform   -            Loreto's Taco Shop
[  16/1019] needs-browser plain-html   Papas & Tacos Mexican Food
[  17/1019] needs-browser toast        MooTime Creamery
[  18/1019] no-platform   -            Taco Bar
[  19/1019] fetch-failed  -            Home Sweet Home Cafe
[  20/1019] fetch-failed  -            Plazas Mexican Food
[  21/1019] needs-browser chownow      Parakeet Cafe - Little Italy
[  22/1019] needs-browser -            Coya Peruvian Secret
[  23/1019] needs-browser GloriaFood widget That Mexican Place
[  24/1019] no-platform   -            Todo Sushi
[  25/1019] no-platform   -            Red Fox Room and Steakhouse
[  26/1019] no-platform   -            El Real Mexican Food
[  27/1019] no-platform   -            Anita's Mexican Restaurant & Cantina
[  28/1019] screened-out  order.online Grandma Tofu & BBQ
[  29/1019] no-platform   -            Hanu Korean BBQ
[  30/1019] needs-browser slice        Pastalini
[  31/1019] needs-browser toast        The Asian Bistro
[  32/1019] needs-browser toast        Lanna Thai Cuisine
[  33/1019] no-platform   -            Otay Mandarin Chinese Restaurant
[  34/1019] fetch-failed  -            Los Reyes Mexican Restaurant & Cantina
[  35/1019] needs-browser olo          Panini Kabob Grill - Mission Valley
[  36/1019] needs-browser Square Online storefront skybound coffee + dessert lounge
[  37/1019] needs-browser order.online Sancho's Tacos
[  38/1019] no-platform   -            It's Raw Poke Shop
[  39/1019] no-platform   -            Antonio's Mexican Food
[  40/1019] no-platform   -            Stake Chophouse & Bar
[  41/1019] needs-browser Square Online (own domain) Up2You Cafe
[  42/1019] no-platform   -            Boudin SF
[  43/1019] needs-browser plain-html   Nick's Del Mar
[  44/1019] no-platform   -            Urban Crave
[  45/1019] fetch-failed  -            La Concha Bakery
[  46/1019] needs-browser olo          Better Buzz Coffee Pacific Beach Grand
[  47/1019] no-platform   -            Urban Crave
[  48/1019] no-platform   -            Lucy's Bakery
[  49/1019] too-few       netwaiter    Connie's
[  50/1019] needs-browser order.online Robertito's Mexican Food
[  51/1019] no-platform   -            Muay Thai Kitchen
[  52/1019] no-platform   -            Baci Restaurant | Italian
[  53/1019] needs-browser toast        Nado Republic
[  54/1019] needs-browser toast        Shaks Mediterranean Bistro
[  55/1019] no-platform   -            Umai Sushi
[  56/1019] needs-browser Square Online (own domain) Camp Coffee Company
[  57/1019] needs-browser -            Beyer Deli
[  58/1019] needs-browser Square Online (own domain) Portal Coffee
[  59/1019] no-platform   -            Golden Donut
[  60/1019] gated         chownow      Handel’s Homemade Ice Cream
[  61/1019] needs-browser Square Online storefront Prager Brothers Artisan Breads
[  62/1019] fetch-failed  -            Mi Ranchito Taco Shop
[  63/1019] needs-browser spothopper   Los Panchos Mexican Grill & Seafood
[  64/1019] needs-browser MealKeyWay   Dumplings N More
[  65/1019] no-platform   -            Superbloom Coffee & Juice
[  66/1019] needs-browser spothopper   Penelopes Mexican Food
[  67/1019] needs-browser Square Online storefront Maan's Mediterranean Grill
[  68/1019] needs-browser Square Online (own domain) Barrio Donas
[  69/1019] no-platform   -            The Cowshed
[  70/1019] needs-browser toast        The Remy
[  71/1019] fetch-failed  -            Bonchon Chicken
[  72/1019] no-platform   -            Yingli Restaurant | Chula Vista
[  73/1019] no-platform   -            Red Lobster
[  74/1019] needs-browser spothopper   Curry & More - Indian Bistro
[  75/1019] needs-browser spothopper   3N1 Sports Bar & Grill
[  76/1019] needs-browser order.online Scoops La Jolla
[  77/1019] no-platform   -            Señor Taquero
[  78/1019] needs-browser plain-html   Pancho's Mexican Restaurant
[  79/1019] fetch-failed  -            Edelweiss Bakery
[  80/1019] too-few       netwaiter    Aiberto's Taco Shop
[  81/1019] fetch-failed  -            Leucadia Donut Shoppe
[  82/1019] screened-out  clover       Royal Sweets
[  83/1019] needs-browser toast        Tabu Sushi Bar & Grill Santee
[  84/1019] no-platform   -            SOMISOMI
[  85/1019] gated         chownow      Handel's Homemade Ice Cream
[  86/1019] fetch-failed  -            Pacific Beach Ice Cream Co.
[  87/1019] fetch-failed  -            Arizona Chinese Restaurant
[  88/1019] wrong-branch  order.online Lourdes Mexican Food To Go
[  89/1019] fetch-failed  -            Bay Park Coffee
[  90/1019] no-platform   -            Sushi Factory
[  91/1019] no-platform   -            Big Front Door
[  92/1019] needs-browser Square Online storefront Portinos Restaurant
[  93/1019] no-platform   -            El Charro Mexican Food
[  94/1019] no-platform   -            Emma's Mexican Food
[  95/1019] no-platform   -            Hidden Fish
[  96/1019] needs-browser spothopper   il Sogno Italiano
[  97/1019] no-platform   -            Rosarito's Mexican Food #1
[  98/1019] fetch-failed  -            Camel's Bar and Grill
[  99/1019] needs-browser Square Online storefront Sandwich Emporium
[ 100/1019] too-few       netwaiter    Mary Ettas Cafe
[ 101/1019] no-platform   -            Hanna's Gourmet
[ 102/1019] needs-browser order.online Gelato Paradiso
[ 103/1019] no-platform   -            Flora
[ 104/1019] needs-browser Square Online storefront Pink Rose Cafe
[ 105/1019] no-platform   -            Angelito's Fruteria Y Neveria
[ 106/1019] needs-browser toast        Valentina
[ 107/1019] needs-browser slice        Italia Pizza
[ 108/1019] no-platform   -            Honey Baked Ham
[ 109/1019] no-platform   -            Lucy's Bakery
[ 110/1019] screened-out  order.online Yogurt Heaven
[ 111/1019] no-platform   -            Cafe Bella Drive Thru
[ 112/1019] needs-browser olo          Randy's Donuts
[ 113/1019] no-platform   -            Off The 8 Café
[ 114/1019] no-platform   -            Wahoo's Fish Taco
[ 115/1019] needs-browser olo          Luna Grill Millenia
[ 116/1019] needs-browser Square Online (own domain) Solana Sumptuous Cookies
[ 117/1019] no-platform   -            Royal India Express
[ 118/1019] needs-browser MealKeyWay   Surfing Crab Escondido
[ 119/1019] fetch-failed  -            We Olive & Wine Bar
[ 120/1019] screened-out  menufy       Ginza Sushi
[ 121/1019] no-platform   -            Tropifruit Juice Bar
[ 122/1019] no-platform   -            Dragon Express
[ 123/1019] no-platform   -            Cow-A-Bunga Ice Cream & Coffee
[ 124/1019] needs-browser Square Online (own domain) Serrano's Mexican Food
[ 125/1019] no-platform   -            Ike's Love & Sandwiches
[ 126/1019] fetch-failed  -            Thai Island@
[ 127/1019] needs-browser spothopper   Santos Coffee
[ 128/1019] needs-browser toast        Rosemonts Cafe
[ 129/1019] fetch-failed  -            The Art of Espresso
[ 130/1019] fetch-failed  -            Palomino's Mexican & Seafood
[ 131/1019] no-platform   -            BKK THAI KITCHEN
[ 132/1019] screened-out  shopify      La Colombe Coffee Roasters
[ 133/1019] no-platform   -            Shozen BBQ
[ 134/1019] no-platform   -            Athens Market Taverna
[ 135/1019] needs-browser order.online San Diego Sandwich Co
[ 136/1019] no-platform   -            Mexico Lindo Restaurant
[ 137/1019] needs-browser Square Online (own domain) Matcha Cafe Maiko - Escondido
[ 138/1019] no-platform   -            PGA Tour Grill
[ 139/1019] fetch-failed  -            @Spacebar Cafe
[ 140/1019] no-platform   -            Eugenio Italian Ristorante & More
[ 141/1019] needs-browser -            Marieta's Mexican Food
[ 142/1019] needs-browser HungerRush   Flippin' Pizza La Costa
[ 143/1019] no-platform   -            Cake de Partie
[ 144/1019] screened-out  own-jsonld   Hanna Garden
[ 145/1019] no-platform   -            Uncle Biffs California Killer Cookies
[ 146/1019] no-platform   -            La Mixteca
[ 147/1019] no-platform   -            Valerio's 1979
[ 148/1019] no-platform   -            Donuts Plus
[ 149/1019] no-platform   -            Kokoro Restaurant
[ 150/1019] no-platform   -            Silverlake Ramen
[ 151/1019] gated         chownow      Handel's Homemade Ice Cream
[ 152/1019] needs-browser -            Bravo Cafe
[ 153/1019] no-platform   -            Pizza Mania
[ 154/1019] filed         shopify      Flor and Seed Coffee Roasters
[ 155/1019] needs-browser Square Online storefront Crossroads Deli
[ 156/1019] needs-browser Square Online (own domain) Elixir Espresso & Wine Bar
[ 157/1019] too-few       netwaiter    Opa Greek Restaurant & Grill
[ 158/1019] needs-browser SpotOn       Porky's Lechon Barbecue
[ 159/1019] no-platform   -            Imperial Express
[ 160/1019] fetch-failed  -            Potato Corner
[ 161/1019] no-platform   -            KD's Donuts
[ 162/1019] fetch-failed  -            Cielo Rooftop
[ 163/1019] no-platform   -            The Orient Thai
[ 164/1019] no-platform   -            White Labs Brewing Co - San Diego
[ 165/1019] needs-browser toast        The Naked Cafe
[ 166/1019] no-platform   -            Kaffee Meister
[ 167/1019] needs-browser olo          Luna Grill Encinitas
[ 168/1019] no-platform   -            The Leucadian
[ 169/1019] fetch-failed  -            Tak Grill Fresh Mediterranean Food
[ 170/1019] no-platform   -            ENO Market & Pizzeria
[ 171/1019] no-platform   -            Beach + Taco Shack
[ 172/1019] no-platform   -            Nothing Bundt Cakes
[ 173/1019] needs-browser Square Online storefront Thyme for Lunch Cafe & Grill
[ 174/1019] no-platform   -            Glazed Coffee & Creamery
[ 175/1019] needs-browser -            SoCal Sushi
[ 176/1019] needs-browser -            Phở Hòa Restaurant | Vietnamese
[ 177/1019] screened-out  menufy       IB Thai
[ 178/1019] needs-browser Square Online storefront Mesa Agricola
[ 179/1019] no-platform   -            Ko-Li Bar
[ 180/1019] needs-browser Square Online (own domain) Industrial Grind Coffee
[ 181/1019] screened-out  shopify      James Coffee Co
[ 182/1019] no-platform   -            Que Tortas
[ 183/1019] no-platform   -            Kaito Sushi
[ 184/1019] needs-browser chownow      Pho Hiep & Grill
[ 185/1019] screened-out  shopify      Seven Seas Roasting Company
[ 186/1019] no-platform   -            YuJing Chinese Restaurant
[ 187/1019] fetch-failed  -            Donut Factory
[ 188/1019] no-platform   -            The Grounds Bean Bar
[ 189/1019] no-platform   -            Chopsticks Chinese Cuisine
[ 190/1019] needs-browser toast        Fat Joe’s O’side
[ 191/1019] needs-browser -            Banh Mi Blvd
[ 192/1019] no-platform   -            La Moreliana
[ 193/1019] needs-browser Square Online (own domain) Dot Cafe
[ 194/1019] no-platform   -            Tea Pavilion
[ 195/1019] fetch-failed  -            Valentinas Taco Shop
[ 196/1019] needs-browser order.online BB's Deli
[ 197/1019] fetch-failed  -            Memo's Golden Bagel
[ 198/1019] fetch-failed  -            The Reunion
[ 199/1019] no-platform   -            Blue Pepper Asian Cuisine
[ 200/1019] needs-browser -            Seaview Restaurant
[ 201/1019] needs-browser order.online Le Macaron French Pastries
[ 202/1019] fetch-failed  -            Eat Your Heart Out II
[ 203/1019] needs-browser toast        Lime in the Coconut
[ 204/1019] needs-browser SpotOn       Kalei's Kitchenette
[ 205/1019] needs-browser MealKeyWay   Iron Wok
[ 206/1019] no-platform   -            San Diego Blenders
[ 207/1019] filed         toast        Baja Rick's Cantina
[ 208/1019] no-platform   -            Joses Taco Shop
[ 209/1019] needs-browser slice        Rock On Pizza
[ 210/1019] needs-browser clover       Purple Owl Cafe
[ 211/1019] no-platform   -            Nanay's Best BBQ
[ 212/1019] needs-browser Square Online storefront Sue's Korean Kitchen
[ 213/1019] fetch-failed  -            Al Teatro Panini Grill
[ 214/1019] fetch-failed  -            Bistro Pazzo
[ 215/1019] no-platform   -            Black Radish
[ 216/1019] fetch-failed  -            Idego Coffee Roasters
[ 217/1019] no-platform   -            Little Ceasar's
[ 218/1019] no-platform   -            Explorers Café
[ 219/1019] fetch-failed  -            Rosarito's Mexican Food #2
[ 220/1019] needs-browser Square Online storefront Tacoman
[ 221/1019] no-platform   -            Criscito Pizza
[ 222/1019] too-few       netwaiter    Nolberto's Taco Shop
[ 223/1019] fetch-failed  -            Bar Kamon
[ 224/1019] no-platform   -            Sweet Revenge Bakery
[ 225/1019] no-platform   -            Surfdog's Java Hot
[ 226/1019] no-platform   -            Hino
[ 227/1019] no-platform   -            Red Ribbon Bakeshop
[ 228/1019] no-platform   -            The Luau
[ 229/1019] fetch-failed  -            Thai Fresh
[ 230/1019] no-platform   -            Coral Tree Tea House
[ 231/1019] fetch-failed  -            Prince Hookah Cafe
[ 232/1019] needs-browser Square Online storefront Fan-Fan
[ 233/1019] fetch-failed  -            P B Pub
[ 234/1019] no-platform   -            Red Ribbon Bakeshop
[ 235/1019] no-platform   -            World Famous I Bar
[ 236/1019] no-platform   -            Thai Style
[ 237/1019] no-platform   -            Mother's Kitchen
[ 238/1019] no-platform   -            Aztec Food Hub
[ 239/1019] no-platform   -            The Halal Shack
[ 240/1019] no-platform   -            Brown Bag Deli
[ 241/1019] no-platform   -            Corner Cafe | Chinese
[ 242/1019] no-platform   -            Crispy Chicken n' Tomato
[ 243/1019] fetch-failed  -            Victor's Kafe - Poway
[ 244/1019] no-platform   -            Zhang Liang Malatang
[ 245/1019] needs-browser plain-html   Donut Stop
[ 246/1019] needs-browser order.online Mr. Charlie's
[ 247/1019] no-platform   -            Taco Time Food Truck
[ 248/1019] fetch-failed  -            Gotcha
[ 249/1019] no-platform   -            Kona Coffee
[ 250/1019] no-platform   -            Gong Cha
[ 251/1019] no-platform   -            The Elegant Truffle
[ 252/1019] needs-browser SpotOn       D Wings & Ribs
[ 253/1019] needs-browser -            Panorama Bar & Grill
[ 254/1019] no-platform   -            Nothing Bundt Cakes
[ 255/1019] no-platform   -            La Perlita Mexican Food
[ 256/1019] no-platform   -            Millport
[ 257/1019] no-platform   -            Seahorse Coffee
[ 258/1019] no-platform   -            The Deli Stop
[ 259/1019] wrong-branch  toast        The Crack Shack - Pacific Beach
[ 260/1019] fetch-failed  -            Stagecoach Inn
[ 261/1019] needs-browser Square Online storefront Cargo Cafe
[ 262/1019] needs-browser order.online Poki Poki - Encinitas
[ 263/1019] no-platform   -            Chin's Gourmet
[ 264/1019] needs-browser toast        Matoi
[ 265/1019] no-platform   -            Parkys
[ 266/1019] needs-browser MealKeyWay   Zhengxin Chicken Steak
[ 267/1019] needs-browser Square Online (own domain) Elixir Espresso Bar
[ 268/1019] fetch-failed  -            Topside Terrace Kitchen & Bar
[ 269/1019] no-platform   -            Shanghai Cuisine
[ 270/1019] needs-browser chownow      Gor Gai Thai Eatery
[ 271/1019] needs-browser Square Online storefront Sul & Beans
[ 272/1019] fetch-failed  -            Pho Olala
[ 273/1019] no-platform   -            China Express
[ 274/1019] needs-browser Square Online storefront ZzanG Hotdog & Chicken
[ 275/1019] needs-browser -            Hancock Street Cafe
[ 276/1019] no-platform   -            The Peruvian Spot
[ 277/1019] no-platform   -            The Lean Machine Meal Prep
[ 278/1019] needs-browser toast        Bonehead Burger Co.
[ 279/1019] fetch-failed  -            Tony’s Newport Cafe
[ 280/1019] needs-browser olo          Sweetfin
[ 281/1019] screened-out  clover       Hooked On Pokè
[ 282/1019] no-platform   -            Teaspoon
[ 283/1019] needs-browser order.online Daniel's Taco Shop
[ 284/1019] fetch-failed  -            Roots Bowls
[ 285/1019] no-platform   -            Channel 2 Sports Bar
[ 286/1019] no-platform   -            Pick Up Stix Fresh Asian Flavors
[ 287/1019] no-platform   -            Chen Golden Palace
[ 288/1019] needs-browser SpotOn       Hot or Not Thai
[ 289/1019] needs-browser MealKeyWay   Szechuan Chef Chinese Cuisine
[ 290/1019] no-platform   -            Bistro Kaz
[ 291/1019] fetch-failed  -            Deano's Pub
[ 292/1019] needs-browser HungerRush   Flippin Pizza Encinitas
[ 293/1019] fetch-failed  -            Le Rendez-Vous French Bakery
[ 294/1019] needs-browser order.online DaYung's Tea
[ 295/1019] no-platform   -            La Central
[ 296/1019] no-platform   -            Mike Hess Brewing Tasting Room
[ 297/1019] no-platform   -            Vitality Bowls
[ 298/1019] fetch-failed  -            Long Story Irish Pub
[ 299/1019] no-platform   -            It's A Piece A Cake
[ 300/1019] needs-browser toast        Upper East
[ 301/1019] no-platform   -            City Dragon
[ 302/1019] no-platform   -            San Diego Eagle
[ 303/1019] no-platform   -            The Brass Rail
[ 304/1019] no-platform   -            Musashiya
[ 305/1019] fetch-failed  -            Tulum Seafood
[ 306/1019] fetch-failed  -            Rosaria's Pizza 4
[ 307/1019] no-platform   -            Sidny's Bagels & Deli
[ 308/1019] too-few       netwaiter    Goyo's Bakery
[ 309/1019] no-platform   -            Kaki Sushi
[ 310/1019] no-platform   -            Okavango Outpost
[ 311/1019] no-platform   -            CAFE 160
[ 312/1019] no-platform   -            Bale French Sandwiches
[ 313/1019] needs-browser order.online Taste of Thai
[ 314/1019] no-platform   -            African Spices
[ 315/1019] fetch-failed  -            Spoon House
[ 316/1019] needs-browser order.online Elsa's Kitchen
[ 317/1019] no-platform   -            Hoffer's Cigar Bar
[ 318/1019] fetch-failed  -            Kinchana
[ 319/1019] needs-browser Square Online storefront Mad Munch Grilled Cheezer Co.
[ 320/1019] no-platform   -            Gloria's Taco Shop
[ 321/1019] screened-out  toast        Agave Taco Shop
[ 322/1019] fetch-failed  -            Mosa Tea
[ 323/1019] screened-out  slice        Mike's Giant New York Pizza
[ 324/1019] wrong-branch  toast        Achilles Coffee Roasters
[ 325/1019] needs-browser plain-html   JNC Pinoy Foodmart
[ 326/1019] no-platform   -            La Michoacana
[ 327/1019] needs-browser toast        Dora
[ 328/1019] no-platform   -            Cool Down Coffee
[ 329/1019] no-platform   -            Bopomofo Cafe
[ 330/1019] no-platform   -            Novecientos Grados by Tony Hawk
[ 331/1019] screened-out  order.online Frida's Taqueria
[ 332/1019] no-platform   -            Nobu
[ 333/1019] needs-browser chownow      Juice Kaboose
[ 334/1019] needs-browser chownow      Leos Kitchen
[ 335/1019] no-platform   -            Teriyaki Madness
[ 336/1019] no-platform   -            Smittys Downtown
[ 337/1019] needs-browser toast        Thai Ladle
[ 338/1019] wrong-branch  clover       Manzanita Roasting Co
[ 339/1019] no-platform   -            Tom's Chinese BBQ
[ 340/1019] needs-browser toast        Junction Bar & Grill
[ 341/1019] no-platform   -            Urban Bubble
[ 342/1019] needs-browser order.online Deli Belly
[ 343/1019] no-platform   -            Pizzabilities - Alpine
[ 344/1019] needs-browser order.online Donut Bros
[ 345/1019] no-platform   -            La Nacional
[ 346/1019] too-few       netwaiter    Roma's Pizza
[ 347/1019] needs-browser MealKeyWay   Ma's House
[ 348/1019] needs-browser Square Online storefront Tasty Pizza Escondido LLC
[ 349/1019] no-platform   -            Juice Stop Encinitas
[ 350/1019] no-platform   -            Angela's Eccentric Kitchen
[ 351/1019] no-platform   -            Kind Coffee
[ 352/1019] wrong-branch  clover       Hyderabad Cafe
[ 353/1019] needs-browser SpotOn       La Banana Fruits - Fruteria
[ 354/1019] no-platform   -            Picasso's Naturals
[ 355/1019] needs-browser toast        Understory Bar
[ 356/1019] too-few       netwaiter    Star Express
[ 357/1019] no-platform   -            Nova Easy Kombucha
[ 358/1019] fetch-failed  -            Deano's Pub East
[ 359/1019] needs-browser toast        Angry Petes Pizza Point Loma
[ 360/1019] needs-browser Square Online (own domain) Rad Habits Juice
[ 361/1019] fetch-failed  -            Bonchon Chicken
[ 362/1019] needs-browser MealKeyWay   Spicy Noodle
[ 363/1019] no-platform   -            Village Pub
[ 364/1019] no-platform   -            Tastea
[ 365/1019] needs-browser chownow      Juice Caboose
[ 366/1019] needs-browser SpotOn       Mariscos y Miches El Patron
[ 367/1019] no-platform   -            Del Sushi
[ 368/1019] no-platform   -            Hometown Taste
[ 369/1019] no-platform   -            Burrito King
[ 370/1019] no-platform   -            Granny's Apple Fries
[ 371/1019] screened-out  shopify      Seven Seas Roasting
[ 372/1019] needs-browser Square Online storefront Dog Leg Brewing
[ 373/1019] no-platform   -            Unique Sandwiches
[ 374/1019] needs-browser -            Bowl To Go
[ 375/1019] fetch-failed  -            El Mercadito
[ 376/1019] no-platform   -            Java Earth Coffee
[ 377/1019] wrong-branch  toast        Burekas Box
[ 378/1019] no-platform   -            Gihon Ethiopian Kitchen
[ 379/1019] needs-browser Square Online storefront Goli
[ 380/1019] no-platform   -            Star Dust Donut Shop
[ 381/1019] needs-browser toast        A Louest
[ 382/1019] fetch-failed  -            Vica’s Cafe
[ 383/1019] fetch-failed  -            Gem Coffee
[ 384/1019] no-platform   -            Las Michoacanas
[ 385/1019] no-platform   -            Cj Lounge
[ 386/1019] needs-browser toast        Kinme Omakase
[ 387/1019] gated         order.online Tutti Frutti Frozen Yogurt
[ 388/1019] fetch-failed  -            Cheers
[ 389/1019] no-platform   -            Erika's Mexican Food & Seafood
[ 390/1019] needs-browser Square Online (own domain) The Craft Taco at The Nat
[ 391/1019] needs-browser MealKeyWay   Ten Seconds Yunnan Rice Noodle
[ 392/1019] fetch-failed  -            Jungle Tea
[ 393/1019] wrong-branch  order.online The Pad Thai Stand
[ 394/1019] no-platform   -            Social hookah lounge
[ 395/1019] needs-browser Square Online (own domain) Castelli & Pizarro Family Vineyards & Winery
[ 396/1019] no-platform   -            Sarku Japan
[ 397/1019] fetch-failed  -            Bang Bang
[ 398/1019] fetch-failed  -            R3fresh Juice Bar
[ 399/1019] fetch-failed  -            Bobalicious
[ 400/1019] fetch-failed  -            Orient Valley Filipino Cuisine
[ 401/1019] no-platform   -            Hongyuan Kebab
[ 402/1019] wrong-branch  clover       Burros and Fries
[ 403/1019] needs-browser slice        Papa's Pizza
[ 404/1019] no-platform   -            Park Commons
[ 405/1019] no-platform   -            China Fun
[ 406/1019] no-platform   -            SusieCakes - Carlsbad
[ 407/1019] too-few       netwaiter    Kim's Bar-B-Que
[ 408/1019] no-platform   -            PB Oriental
[ 409/1019] wrong-branch  order.online La michoacana Plus San Diego #2
[ 410/1019] no-platform   -            PKI Sushi
[ 411/1019] needs-browser -            Modern Times Coffee
[ 412/1019] too-few       netwaiter    K & K Orient Valley Food Center
[ 413/1019] needs-browser slice        Del Cerro Pizza
[ 414/1019] needs-browser toast        Grab & Go - Mission Hills
[ 415/1019] needs-browser order.online Tous les Jours
[ 416/1019] no-platform   -            Leucadia Pizza
[ 417/1019] no-platform   -            Bubbles & Brews Cafe
[ 418/1019] no-platform   -            Cherry Bomb
[ 419/1019] needs-browser -            Sieu Sieu BBQ
[ 420/1019] no-platform   -            Landshark Bar & Grill
[ 421/1019] needs-browser toast        Go Greek Authentic Yogurteria
[ 422/1019] fetch-failed  -            Mariscos La Morena
[ 423/1019] no-platform   -            The Pearl Restaurant
[ 424/1019] wrong-branch  toast        El Viejon
[ 425/1019] needs-browser Square Online storefront Flour Atelier
[ 426/1019] no-platform   -            Lapper Kitchen + Tap
[ 427/1019] no-platform   -            Imperial Palace
[ 428/1019] needs-browser plain-html   Roppongi
[ 429/1019] no-platform   -            Kim's Deli
[ 430/1019] needs-browser order.online Qin West
[ 431/1019] no-platform   -            Nothing Bundt Cakes
[ 432/1019] no-platform   -            Vinya Yoga and Wine Bar
[ 433/1019] too-few       own-jsonld   Vinh Long Food To Go
[ 434/1019] screened-out  shopify      Casa De Otay – The Casita
[ 435/1019] no-platform   -            Campus Cafe
[ 436/1019] no-platform   -            Ching's Famous Hopia
[ 437/1019] no-platform   -            LJ Crafted Wines - Wines & Tastings
[ 438/1019] needs-browser toast        Taco Loco
[ 439/1019] fetch-failed  -            Happytime Tea
[ 440/1019] no-platform   -            Josie's Hideout Saloon
[ 441/1019] no-platform   -            Necter Juice Bar
[ 442/1019] no-platform   -            Cafe Aero
[ 443/1019] no-platform   -            Presotea
[ 444/1019] no-platform   -            Gather
[ 445/1019] no-platform   -            D'liteful Chocolat
[ 446/1019] fetch-failed  -            Oakberry Açaí bowls
[ 447/1019] wrong-branch  order.online The Pad Thai Stand
[ 448/1019] no-platform   -            De Kotija Taco Shop LLC
[ 449/1019] no-platform   -            Creperie Antoinette
[ 450/1019] fetch-failed  -            Bonita Donuts
[ 451/1019] needs-browser order.online Mochinut
[ 452/1019] no-platform   -            Tasty Donuts
[ 453/1019] no-platform   -            Valerio's 1979
[ 454/1019] no-platform   -            Trevi Hills Winery
[ 455/1019] no-platform   -            Old Town Eatery
[ 456/1019] wrong-branch  toast        Tree House
[ 457/1019] needs-browser -            Lambers Chinese Bakery
[ 458/1019] needs-browser order.online Poke One N Half
[ 459/1019] no-platform   -            Jamal's Chicken
[ 460/1019] no-platform   -            Sunny Dumpling House
[ 461/1019] no-platform   -            Tres Hermanos Locos Tacos
[ 462/1019] no-platform   -            Sydney's
[ 463/1019] needs-browser Square Online (own domain) Cafe Pascale Grill & Deli
[ 464/1019] no-platform   -            Cha Cha Tea Spot
[ 465/1019] needs-browser chownow      Off the Vine Gardens Deli And Catering
[ 466/1019] needs-browser Square Online storefront Bean Box
[ 467/1019] too-few       netwaiter    Guerrero Taco Shop
[ 468/1019] needs-browser -            Pure Squeeze
[ 469/1019] needs-browser -            Divina Matcha
[ 470/1019] needs-browser -            Cluck N Sip
[ 471/1019] no-platform   -            DaYung's Tea
[ 472/1019] too-few       netwaiter    Playa Azul Mariscos Restaurant
[ 473/1019] no-platform   -            Nothing Bundt Cakes
[ 474/1019] needs-browser toast        Nomada
[ 475/1019] no-platform   -            Qualcomm Cafe Q
[ 476/1019] no-platform   -            Ohana Nutrition
[ 477/1019] fetch-failed  -            Yas Lounge
[ 478/1019] no-platform   -            Jaguar Paw
[ 479/1019] no-platform   -            Asia Wok Teppanyaki & Chinese Food
[ 480/1019] no-platform   -            Linda's Yogurt & Deli
[ 481/1019] no-platform   -            Bivouac Adventure Lodge Coffee Shop
[ 482/1019] no-platform   -            All That Shabu
[ 483/1019] fetch-failed  -            Grubz
[ 484/1019] needs-browser Square Online storefront Montebello
[ 485/1019] no-platform   -            Cali Banh Mi
[ 486/1019] no-platform   -            The Golf Bar
[ 487/1019] fetch-failed  -            Warner Springs Golf Shop & Grill
[ 488/1019] needs-browser toast        56 Thai Cafe
[ 489/1019] fetch-failed  -            Tazza D'Oro
[ 490/1019] no-platform   -            The Grillery
[ 491/1019] too-few       netwaiter    Ba Le French Sandwich Shop
[ 492/1019] needs-browser Square Online storefront Cargo Cafe - Paseo Del Mar
[ 493/1019] no-platform   -            All Things Ube Desserts
[ 494/1019] no-platform   -            Pub 1795
[ 495/1019] wrong-branch  toast        Boba Tea Spot
[ 496/1019] fetch-failed  -            Route 6 Coffee & Smoothies
[ 497/1019] needs-browser MealKeyWay   Suki Hana
[ 498/1019] no-platform   -            5 O'Clock Somewhere Rooftop Bar
[ 499/1019] no-platform   -            Mike Hess Brewing - Seaport Village Taphouse
[ 500/1019] needs-browser Paytronix    Ziggi's Coffee
[ 501/1019] no-platform   -            The Loft at UC San Diego
[ 502/1019] needs-browser toast        Pita Pit
[ 503/1019] needs-browser toast        Grab & Go
[ 504/1019] needs-browser order.online La Pizzeria Arrivederci
[ 505/1019] fetch-failed  -            Shabu Spot
[ 506/1019] too-few       netwaiter    J & J's Mexican Food
[ 507/1019] no-platform   -            Sunright Tea Studio
[ 508/1019] no-platform   -            Huy Ky Bakery
[ 509/1019] wrong-branch  toast        Enoteca Buona Forchetta
[ 510/1019] wrong-branch  toast        Johnny Radz Pizza
[ 511/1019] no-platform   -            F Street Cafe
[ 512/1019] no-platform   -            Dockside Casual Seafood Counter
[ 513/1019] no-platform   -            Zoo Brew
[ 514/1019] too-few       netwaiter    Pizza Grande
[ 515/1019] needs-browser toast        Zest Wine Bistro
[ 516/1019] no-platform   -            The MRKT
[ 517/1019] no-platform   -            62 Area Chow Hall
[ 518/1019] fetch-failed  -            Suki Hana
[ 519/1019] no-platform   -            Craft Pizza
[ 520/1019] too-few       netwaiter    Sandwich Place
[ 521/1019] needs-browser MealKeyWay   Yuki Yuki
[ 522/1019] no-platform   -            Royal Pearl Tea
[ 523/1019] no-platform   -            Forum Deli
[ 524/1019] no-platform   -            Test Kitchen
[ 525/1019] no-platform   -            Madina Market Halal Fast Food
[ 526/1019] wrong-branch  toast        Tapas Bar
[ 527/1019] wrong-branch  popmenu      Alohana Açaí Bowls
[ 528/1019] no-platform   -            Moniker General
[ 529/1019] no-platform   -            Michoacana Mia - SDSU
[ 530/1019] no-platform   -            Pure Green
[ 531/1019] no-platform   -            Plaza Deli
[ 532/1019] no-platform   -            Manta Pizza
[ 533/1019] no-platform   -            longball cocktail
[ 534/1019] needs-browser -            Market One
[ 535/1019] no-platform   -            Blue Bowl Superfoods
[ 536/1019] no-platform   -            La Paloma
[ 537/1019] needs-browser -            Fresca Deli .
[ 538/1019] no-platform   -            Sip Fresh
[ 539/1019] no-platform   -            Showa Ramen
[ 540/1019] no-platform   -            Chester's
[ 541/1019] needs-browser order.online WUHU TEA & DELI
[ 542/1019] no-platform   -            The Lookout at Lake Poway
[ 543/1019] no-platform   -            Collette’s Collaborative Collective Cuisine
[ 544/1019] no-platform   -            Mombasa Cooker
[ 545/1019] no-platform   -            Prado Perk
[ 546/1019] fetch-failed  -            Mister G Salsa
[ 547/1019] wrong-branch  toast        Coco Bomb
[ 548/1019] no-platform   -            Surf City Squeeze
[ 549/1019] no-platform   -            El Cilantro Mexican Grill
[ 550/1019] fetch-failed  -            Unico Juice Shop
[ 551/1019] no-platform   -            FiveO3 Pupusas
[ 552/1019] no-platform   -            Thérapie Bistro
[ 553/1019] no-platform   -            Topo's Tacos
[ 554/1019] needs-browser Square Online storefront The Bean Box 701
[ 555/1019] no-platform   -            FLAVORS EXPRESS SDSU
[ 556/1019] no-platform   -            Chagee
[ 557/1019] no-platform   -            Lò Bánh Cuốn Tân Định
[ 558/1019] needs-browser Square Online storefront Ramen Station
[ 559/1019] needs-browser SpotOn       Oriste Fairway Cafe
[ 560/1019] no-platform   -            Finca Casa Blanca
[ 561/1019] no-platform   -            Boba n More
[ 562/1019] fetch-failed  -            El huevo estrellado # 2
[ 563/1019] needs-browser Square Online storefront Cargo Cafe - Wateridge
[ 564/1019] needs-browser Square Online storefront Cargo Cafe - Gateway
[ 565/1019] no-platform   -            Bert's Bistro
[ 566/1019] no-platform   -            El Camino
[ 567/1019] fetch-failed  -            Med Cafe
[ 568/1019] no-platform   -            Bosley Cafe
[ 569/1019] no-platform   -            Nékter Juice Bar
[ 570/1019] fetch-failed  -            Healthy Grill Mediterranean
[ 571/1019] no-platform   -            3 Day Suit Broker
[ 572/1019] needs-browser chownow      Juice Caboose
[ 573/1019] no-platform   -            Basic
[ 574/1019] needs-browser Square Online storefront Copa Vida
[ 575/1019] no-platform   -            Coin Toss
[ 576/1019] needs-browser order.online Swami's
[ 577/1019] no-platform   -            The Caddyshack
[ 578/1019] no-platform   -            Filling Station Pub and Grill
[ 579/1019] no-platform   -            Allen's New York Pizza
[ 580/1019] needs-browser order.online Poki Poki
[ 581/1019] no-platform   -            Fairbanks
[ 582/1019] needs-browser Square Online storefront Sushi Freak
[ 583/1019] no-platform   -            Thai Basil
[ 584/1019] no-platform   -            Hacienda De Vega
[ 585/1019] needs-browser Square Online (own domain) Crepes
[ 586/1019] no-platform   -            GIHON Ethiopian Kitchen
[ 587/1019] needs-browser order.online Hummus Mediterranean Kitchen
[ 588/1019] no-platform   -            Baja Fresh
[ 589/1019] no-platform   -            Birria El Rey
[ 590/1019] no-platform   -            I Love Pho
[ 591/1019] no-platform   -            Curbside Eatery & Drinkery
[ 592/1019] no-platform   -            Winners Circle
[ 593/1019] no-platform   -            Karihan Filipino Food
[ 594/1019] needs-browser toast        Trattoria da Sofia
[ 595/1019] no-platform   -            Valerio's Finest Bake Shop
[ 596/1019] needs-browser -            Stella Jean's Ice Cream Kensington
[ 597/1019] needs-browser SpotOn       CITRINA BERRY FRESH
[ 598/1019] no-platform   -            Beer Company
[ 599/1019] no-platform   -            Crave
[ 600/1019] no-platform   -            Terrace Lounge
[ 601/1019] no-platform   -            Stone Oven
[ 602/1019] needs-browser Square Online storefront Purl Tea San Marcos
[ 603/1019] no-platform   -            Pei Wei
[ 604/1019] no-platform   -            Rare Society
[ 605/1019] no-platform   -            Paris Baguette
[ 606/1019] gated         order.online Golden Spoon Carlsbad Plaza
[ 607/1019] no-platform   -            Bovino
[ 608/1019] no-platform   -            Fairbanks
[ 609/1019] needs-browser plain-html   Nick's on State
[ 610/1019] needs-browser toast        Paradisaea
[ 611/1019] no-platform   -            Green Vine Delicatessen
[ 612/1019] no-platform   -            Tacos de Birria El Chinito Jr
[ 613/1019] no-platform   -            Oaks Bar Grill
[ 614/1019] no-platform   -            China Fun
[ 615/1019] no-platform   -            La Sabrosita
[ 616/1019] needs-browser slice        Fiori’s Pizza
[ 617/1019] screened-out  shopify      Vigilante Coffee
[ 618/1019] screened-out  toast        Agave Birrieria
[ 619/1019] no-platform   -            Breakwater Brewing Co.
[ 620/1019] no-platform   -            Pho House
[ 621/1019] needs-browser order.online Sabor a Vida Cafe & Deli
[ 622/1019] needs-browser chownow      Donburi Rice Bowls
[ 623/1019] wrong-branch  toast        Taco Lounge Escaya
[ 624/1019] fetch-failed  -            Gooseberries kafe
[ 625/1019] no-platform   -            Camino Riviera
[ 626/1019] wrong-branch  toast        Chin's Szechwan - Del Mar
[ 627/1019] needs-browser toast        bcb Cafe
[ 628/1019] no-platform   -            Mendoza’s Mexican Food
[ 629/1019] needs-browser SpotOn       Tasty Pho
[ 630/1019] needs-browser toast        Tita's Taco Shop
[ 631/1019] no-platform   -            Vinarius Wine Bar & Restaurant
[ 632/1019] no-platform   -            Draft Republic San Marcos
[ 633/1019] no-platform   -            Pho Oceanside
[ 634/1019] wrong-branch  toast        Bubba’s Smokehouse BBQ
[ 635/1019] gated         chownow      Handel's Homemade Ice Cream
[ 636/1019] too-few       netwaiter    Su Pan Bakery El Cajon
[ 637/1019] needs-browser order.online El Rinconcito Fruteria
[ 638/1019] no-platform   -            Panda Imperial Restaurant
[ 639/1019] no-platform   -            Gelato 101 Solana Beach
[ 640/1019] needs-browser toast        1022 Cafe & Gelateria
[ 641/1019] fetch-failed  -            Nory's Donut & Bakery
[ 642/1019] needs-browser toast        Tacaliente Mexican Grill
[ 643/1019] no-platform   -            Paris Baguette
[ 644/1019] filed         toast        Napatini Bistro and Wine Bar
[ 645/1019] fetch-failed  -            Truluck's
[ 646/1019] fetch-failed  -            Cork N Brew
[ 647/1019] no-platform   -            Backdraft Bar & Grill
[ 648/1019] no-platform   -            Ocean Thai Cuisine
[ 649/1019] needs-browser HungerRush   Buonasera New York Pizzeria
[ 650/1019] no-platform   -            Ono Hawaiian BBQ
[ 651/1019] no-platform   -            MOOYAH Burgers, Fries & Shakes
[ 652/1019] wrong-branch  toast        Cozy Corner
[ 653/1019] no-platform   -            Ernes Mexican Food & Breakfast
[ 654/1019] no-platform   -            Finca
[ 655/1019] no-platform   -            Rancho Grande El Toro Mexican Cuisine
[ 656/1019] no-platform   -            Tacotarian San Diego
[ 657/1019] fetch-failed  -            Savory Thai Restaurant
[ 658/1019] needs-browser Square Online storefront House of Pho
[ 659/1019] no-platform   -            Caribbean Pleasure
[ 660/1019] fetch-failed  -            Ju-ichi
[ 661/1019] no-platform   -            ZZan Sushi & Soju
[ 662/1019] no-platform   -            Graziano's Pizza Oceanside
[ 663/1019] screened-out  shopify      Ascend Coffee Roasters
[ 664/1019] no-platform   -            China Fusion - Vista Way
[ 665/1019] no-platform   -            Blanco Cocina + Cantina
[ 666/1019] wrong-branch  toast        Madeleine
[ 667/1019] gated         order.online NuYo Frozen Yogurt Telegraph Canyon
[ 668/1019] fetch-failed  -            Sunny Side Solana
[ 669/1019] no-platform   -            Bambinos Pizzeria & Deli #4
[ 670/1019] needs-browser SpotOn       Souplantation
[ 671/1019] screened-out  shopify      James Coffee Co.
[ 672/1019] needs-browser chownow      Parakeet Juicery - La Jolla
[ 673/1019] no-platform   -            El After Social Club
[ 674/1019] no-platform   -            Old World Meat Company
[ 675/1019] no-platform   -            Panpan wok
[ 676/1019] needs-browser clover       Himalayan Bistro Oceanside
[ 677/1019] fetch-failed  -            New York Buffalo Wings
[ 678/1019] no-platform   -            Sonny’s Pizza
[ 679/1019] needs-browser slice        Allen's New York Pizza
[ 680/1019] needs-browser toast        Prey Brewing Company
[ 681/1019] needs-browser slice        HillCrust Pizza
[ 682/1019] gated         chownow      Handel’s Homemade Ice Cream
[ 683/1019] no-platform   -            EL ENCANTO SD
[ 684/1019] needs-browser clover       Ryan Bros Coffee City Heights
[ 685/1019] no-platform   -            Le Coq
[ 686/1019] needs-browser toast        Naked Pizza
[ 687/1019] needs-browser toast        ALOHA GRILL
[ 688/1019] needs-browser toast        Angry Chickz - Oceanside
[ 689/1019] no-platform   -            China bros
[ 690/1019] no-platform   -            Belinda's Familia Mexican Food Truck
[ 691/1019] no-platform   -            Jaws Topokki
[ 692/1019] no-platform   -            AleSmith Brewing Company
[ 693/1019] needs-browser order.online Sukho Thai Extraordinaire
[ 694/1019] needs-browser MealKeyWay   Tengu Ramen
[ 695/1019] gated         chownow      Finney's Crafthouse
[ 696/1019] no-platform   -            The Crimson Cake
[ 697/1019] no-platform   -            Sam's Farm Fresh
[ 698/1019] no-platform   -            Comstock Bar & Grill
[ 699/1019] wrong-branch  ubereats     SugarBears Sweet Provisions
[ 700/1019] no-platform   -            Emiliana's Mexican & Deli Food
[ 701/1019] screened-out  shopify      Ascend Coffee Roasters
[ 702/1019] no-platform   -            Kin Saep
[ 703/1019] needs-browser MealKeyWay   Hi!Dumplings
[ 704/1019] needs-browser Square Online storefront PB Poke House Oceanside
[ 705/1019] needs-browser toast        Docent Brewing
[ 706/1019] too-few       netwaiter    Thai Pasta
[ 707/1019] needs-browser spothopper   Players Sports Grill
[ 708/1019] needs-browser order.online El Ranchero
[ 709/1019] no-platform   -            La Mesa Pizzaworks
[ 710/1019] no-platform   -            Great Wok of China
[ 711/1019] no-platform   -            Charli's Landing
[ 712/1019] needs-browser toast        Smokin J's BBQ & Taphouse
[ 713/1019] no-platform   -            Gintaro Sushi
[ 714/1019] no-platform   -            Merenda
[ 715/1019] screened-out  shopify      Trident Coffee Pacific Beach
[ 716/1019] no-platform   -            Urban Location Boba Tea House San Diego
[ 717/1019] no-platform   -            Eclipse Chocolat
[ 718/1019] no-platform   -            Sound by the Sea
[ 719/1019] needs-browser MealKeyWay   Ocean Buffet
[ 720/1019] no-platform   -            Thai Table Time
[ 721/1019] no-platform   -            Good Source Coffee
[ 722/1019] no-platform   -            Los Armando's Mexican Food
[ 723/1019] needs-browser Square Online (own domain) Beach City Smoothies
[ 724/1019] no-platform   -            Green Cheek Beer Co.
[ 725/1019] needs-browser toast        Leu Leu
[ 726/1019] needs-browser plain-html   Chef’s Wok & Dumplings
[ 727/1019] no-platform   -            Two Hands Corn Dog Mira Mesa
[ 728/1019] no-platform   -            Los Cucos Mexican Food
[ 729/1019] no-platform   -            Flame Broiler
[ 730/1019] no-platform   -            Paris Baguette
[ 731/1019] no-platform   -            Burtech Family Vineyard Tasting Room
[ 732/1019] no-platform   -            UT-HO Boba & Baguette
[ 733/1019] no-platform   -            Pietro's Cucina Italiana
[ 734/1019] no-platform   -            El Flako's Wrangler Barbecue
[ 735/1019] no-platform   -            The Alley Otay Mesa
[ 736/1019] no-platform   -            Good Omen Coffee Co
[ 737/1019] no-platform   -            Buffalo Wild Wings GO
[ 738/1019] no-platform   -            Tacos el Niño Santana
[ 739/1019] no-platform   -            Saigon Star Restaurant
[ 740/1019] needs-browser MealKeyWay   Pho Tan
[ 741/1019] needs-browser toast        CTZN
[ 742/1019] no-platform   -            IZOLA
[ 743/1019] no-platform   -            Diego's Taco Shop
[ 744/1019] needs-browser order.online Burrito Leo's Mexican Food
[ 745/1019] too-few       netwaiter    Wings mix
[ 746/1019] needs-browser chownow      Burger Bench Vista
[ 747/1019] no-platform   -            TAKARAMONO SUSHI
[ 748/1019] no-platform   -            Pei Wei
[ 749/1019] no-platform   -            La Casa Verde
[ 750/1019] no-platform   -            Simply Fresh Thai
[ 751/1019] no-platform   -            Photo House
[ 752/1019] no-platform   -            La Mesita Mexican Food
[ 753/1019] no-platform   -            Chocolate Bash
[ 754/1019] needs-browser order.online EsKiNiTa
[ 755/1019] no-platform   -            Little Victory Wine Bar
[ 756/1019] screened-out  clover       Mission Baja Tacos
[ 757/1019] no-platform   -            Banzai Bowls
[ 758/1019] no-platform   -            Alborz Restaurant
[ 759/1019] needs-browser toast        Fleurette
[ 760/1019] needs-browser slice        West Coast Pizza Company
[ 761/1019] fetch-failed  -            Kona Craft Cafe
[ 762/1019] no-platform   -            Buca di Beppo Italian Restaurant
[ 763/1019] fetch-failed  -            Top of the Bagel
[ 764/1019] no-platform   -            The Honor Bar
[ 765/1019] fetch-failed  -            the Koffie Co
[ 766/1019] no-platform   -            Acai Republic - Oceanside
[ 767/1019] needs-browser olo          Panini Kabob Grill - Park 12
[ 768/1019] fetch-failed  -            Mandarin Wok Restaurant
[ 769/1019] no-platform   -            tiger!tiger!
[ 770/1019] no-platform   -            Piedra Santa
[ 771/1019] no-platform   -            Pha Khao Lao Cuisine
[ 772/1019] no-platform   -            Banzai Bowls
[ 773/1019] no-platform   -            Rocko's Family Restaurant
[ 774/1019] needs-browser slice        Pop's Pizza
[ 775/1019] no-platform   -            Kiiro Sushi Izakaya
[ 776/1019] no-platform   -            Pho Nam Cali
[ 777/1019] gated         chownow      CinKuni (Italian & Japanese Cuisine)
[ 778/1019] needs-browser toast        QUICK BITES CAFE / Best Sandwiches
[ 779/1019] no-platform   -            T&T Tacos & Tequila Grill & Cantina
[ 780/1019] needs-browser toast        Breakers
[ 781/1019] no-platform   -            Thai Thai Melrose Restaurant
[ 782/1019] no-platform   -            MAKE Cafe
[ 783/1019] no-platform   -            Troy's Greek Restaurant
[ 784/1019] no-platform   -            Monserate Winery
[ 785/1019] no-platform   -            Olive Branch Eatery
[ 786/1019] no-platform   -            Campland Cantina
[ 787/1019] no-platform   -            Rubio's Coastal Grill
[ 788/1019] no-platform   -            Mr. Buffalo Fries
[ 789/1019] no-platform   -            Rubio's Coastal Grill
[ 790/1019] wrong-branch  toast        The Great Greek Mediterranean Grill - Oceanside, CA
[ 791/1019] no-platform   -            Cocina 35 brunch
[ 792/1019] no-platform   -            PanPan Wok
[ 793/1019] no-platform   -            Ocean Thai Cuisine
[ 794/1019] no-platform   -            Bueno Wine & Goods
[ 795/1019] no-platform   -            Rubio's Coastal Grill
[ 796/1019] too-few       netwaiter    LA PLACE DELI
[ 797/1019] no-platform   -            Las Ricas Tortas
[ 798/1019] needs-browser slice        Little Sisters Pizza
[ 799/1019] needs-browser Square Online storefront iWok Chinese Kitchen
[ 800/1019] no-platform   -            Little Hidden Bakery
[ 801/1019] needs-browser Square Online (own domain) Slurp
[ 802/1019] needs-browser toast        Jolie
[ 803/1019] no-platform   -            Mi Tierra Super Taco
[ 804/1019] no-platform   -            Una Mas on Adams
[ 805/1019] no-platform   -            Pizza Guys
[ 806/1019] no-platform   -            PanPan Wok
[ 807/1019] no-platform   -            Fortuna Ristorante Italiano
[ 808/1019] needs-browser toast        Brites Soft Serve
[ 809/1019] no-platform   -            chance's coffee
[ 810/1019] wrong-branch  toast        Chin's Szechwan - Point Loma
[ 811/1019] needs-browser Square Online (own domain) Le Charcuterie Bar
[ 812/1019] needs-browser order.online Halal Burger Co.
[ 813/1019] no-platform   -            Juice Holler
[ 814/1019] no-platform   -            Uncle Feras Middle Eastern Restaurant
[ 815/1019] no-platform   -            Dark Horse Coffee Roasters
[ 816/1019] screened-out  toast        Agave Birrieria
[ 817/1019] no-platform   -            North Park Creamery
[ 818/1019] no-platform   -            Leona's Cucina Italiana
[ 819/1019] needs-browser olo          Coffee Bean
[ 820/1019] needs-browser Square Online (own domain) Beach City Smoothies - Oceanside
[ 821/1019] needs-browser toast        Between Us
[ 822/1019] no-platform   -            PanPan wok
[ 823/1019] needs-browser HungerRush   Pop Pops Paleta
[ 824/1019] needs-browser Square Online storefront Mein St. Asian Kitchen
[ 825/1019] no-platform   -            Pokeport Oceanside
[ 826/1019] no-platform   -            Oriental Cafe | Chinese
[ 827/1019] no-platform   -            Queenstown Del Mar
[ 828/1019] no-platform   -            La Costa Wine
[ 829/1019] no-platform   -            El Papas Fritas Taco Shop
[ 830/1019] no-platform   -            Noodle & Bun
[ 831/1019] no-platform   -            Ono Hawaiian BBQ
[ 832/1019] no-platform   -            Thai Thae Cuisine
[ 833/1019] no-platform   -            Poki Poki - Escondido
[ 834/1019] needs-browser Square Online (own domain) Chef Budda Blasian Soul Food LLC
[ 835/1019] no-platform   -            KABOB SHACK - EASTLAKE
[ 836/1019] no-platform   -            For The Win - San Diego
[ 837/1019] no-platform   -            Chopsticks Inn Restaurant
[ 838/1019] no-platform   -            Arteazen Handcrafted Tea
[ 839/1019] no-platform   -            Egg Tuck
[ 840/1019] screened-out  order.online La Fresita Y Mas
[ 841/1019] no-platform   -            Love Letters Pizza
[ 842/1019] needs-browser MealKeyWay   Dumplings N More
[ 843/1019] no-platform   -            Christophe Rull Patisserie
[ 844/1019] fetch-failed  -            Antique Thai
[ 845/1019] no-platform   -            Khyber Pass Zarparan Restaurant | Afghan
[ 846/1019] no-platform   -            Hilltop Cafe
[ 847/1019] needs-browser order.online Torta Time
[ 848/1019] no-platform   -            ZZan Sushi & Soju
[ 849/1019] no-platform   -            Board & Brew - Downtown San Diego
[ 850/1019] no-platform   -            The Poke Tea House
[ 851/1019] no-platform   -            ROBATA-X Sushi & Izakaya
[ 852/1019] wrong-branch  toast        TACO CENTRO
[ 853/1019] needs-browser toast        NOIR Sushi and Sake Fusion Lounge
[ 854/1019] no-platform   -            Barrel Riot
[ 855/1019] needs-browser olo          Dimassi's Mediterranean Buffet
[ 856/1019] no-platform   -            Dalu Hawaiian BBQ
[ 857/1019] no-platform   -            Huckleberry's Breakfast & Lunch
[ 858/1019] no-platform   -            Sabroso taco savor a mi tierra
[ 859/1019] no-platform   -            Zuma San Diego
[ 860/1019] no-platform   -            Scena Fusion Kitchen & Bar
[ 861/1019] no-platform   -            Mevan Coffee & Desserts & Brunch
[ 862/1019] no-platform   -            Peppoli's Pizza & Philly Steaks
[ 863/1019] no-platform   -            Bodega Market
[ 864/1019] needs-browser toast        La Jollita
[ 865/1019] filed         order.online Habibi Mediterranean Grill
[ 866/1019] no-platform   -            24 Suns
[ 867/1019] no-platform   -            Jalisco Cantina
[ 868/1019] no-platform   -            Hazel & Jade Bakery
[ 869/1019] needs-browser Square Online (own domain) The Cakery Cafe
[ 870/1019] no-platform   -            Ichitaru Ramen Carlsbad
[ 871/1019] no-platform   -            Lotho Deli
[ 872/1019] needs-browser SpotOn       Crest Taco
[ 873/1019] needs-browser toast        Colosseo Cucina Italiana
[ 874/1019] fetch-failed  -            Quarter Deck Inn Cocktails
[ 875/1019] filed         wix          Sourpuss Donuts
[ 876/1019] screened-out  own-jsonld   Hanna Garden
[ 877/1019] needs-browser MealKeyWay   Pho Luu Escondido - Vietnamese Cuisine
[ 878/1019] needs-browser toast        Pompei Pizza
[ 879/1019] needs-browser toast        Market St Pizzeria
[ 880/1019] no-platform   -            UT-HO Boba & Baguette
[ 881/1019] no-platform   -            Taconora Pacific Beach
[ 882/1019] needs-browser chownow      Parakeet Cafe - Nautilus
[ 883/1019] no-platform   -            Mexico City Cuisine-CoLab
[ 884/1019] needs-browser slice        Pastalini
[ 885/1019] no-platform   -            Thai Table Time
[ 886/1019] no-platform   -            Little While
[ 887/1019] no-platform   -            Side Street Bowls & Smoothies
[ 888/1019] no-platform   -            I Love Bagels
[ 889/1019] no-platform   -            Sono North Park
[ 890/1019] no-platform   -            Borrego Rooftop
[ 891/1019] fetch-failed  -            Daisy Deli
[ 892/1019] no-platform   -            The Morning Grove
[ 893/1019] no-platform   -            Krak Boba
[ 894/1019] no-platform   -            Mantra Raja
[ 895/1019] wrong-branch  toast        Blank Slate
[ 896/1019] no-platform   -            Monserate Winery
[ 897/1019] no-platform   -            Barrio Food Hub
[ 898/1019] no-platform   -            El Flako's Wrangler Barbecue
[ 899/1019] no-platform   -            Gaslamp Coffee Bar
[ 900/1019] needs-browser toast        One of Us
[ 901/1019] needs-browser toast        Grandson Steaks
[ 902/1019] no-platform   -            Crave & Feast
[ 903/1019] needs-browser Square Online storefront Empanada Kitchen
[ 904/1019] no-platform   -            The Encore Sushi
[ 905/1019] no-platform   -            Native Foods
[ 906/1019] no-platform   -            Badas burgers
[ 907/1019] needs-browser toast        Okama Ramen and Grill
[ 908/1019] wrong-branch  toast        Saigon Alley Kitchen & Bar
[ 909/1019] no-platform   -            Doc Holliday's
[ 910/1019] needs-browser MenuSifu     Joyee Noodle House(UTC)
[ 911/1019] needs-browser toast        Cala La Jolla Café
[ 912/1019] no-platform   -            Kasi
[ 913/1019] needs-browser Square Online storefront Copa Vida
[ 914/1019] screened-out  order.online Fish Restaurant
[ 915/1019] needs-browser -            Sammy's Woodfire Pizza and Grille
[ 916/1019] wrong-branch  toast        Gold Coffee Shop
[ 917/1019] no-platform   -            El Dorado
[ 918/1019] no-platform   -            Baba's Pizza
[ 919/1019] no-platform   -            Soda & Swine
[ 920/1019] no-platform   -            Cafe Fresh
[ 921/1019] needs-browser order.online Deli Belly
[ 922/1019] fetch-failed  -            Rancho Cafe
[ 923/1019] wrong-branch  toast        Blue Water Grill
[ 924/1019] no-platform   -            Pegah’s Kitchen
[ 925/1019] needs-browser Square Online storefront Empanada Kitchen
[ 926/1019] screened-out  shopify      Lofty Coffee
[ 927/1019] no-platform   -            Our Green Affair
[ 928/1019] no-platform   -            Trisler's San Diego Wine Bar
[ 929/1019] no-platform   -            Cent'Anni Café
[ 930/1019] fetch-failed  -            Coco's Bakery
[ 931/1019] no-platform   -            U31
[ 932/1019] fetch-failed  -            Island Market
[ 933/1019] no-platform   -            Rush Bowls
[ 934/1019] needs-browser -            The Hamlett
[ 935/1019] wrong-branch  toast        The Coffee Spot
[ 936/1019] no-platform   -            Filibertos
[ 937/1019] no-platform   -            Brick & Bell Plus
[ 938/1019] no-platform   -            India Princess
[ 939/1019] no-platform   -            Village Inn
[ 940/1019] no-platform   -            Kava Lounge
[ 941/1019] no-platform   -            Jungle Cart
[ 942/1019] no-platform   -            Veladora
[ 943/1019] no-platform   -            Villa Fresh Italian Kitchen
[ 944/1019] no-platform   -            Jordan
[ 945/1019] no-platform   -            Fairbanks
[ 946/1019] no-platform   -            Shake Smart
[ 947/1019] needs-browser slice        Massachusetts Mike's Pizzeria
[ 948/1019] fetch-failed  -            Mis Dos Gallos Taqueria, Fruit & Deli
[ 949/1019] no-platform   -            Nicolosi's Pizza (Mira Lee Way)
[ 950/1019] needs-browser Square Online storefront Prager Brothers Artisan Breads
[ 951/1019] no-platform   -            The Reading Club
[ 952/1019] no-platform   -            CABETOS Pops
[ 953/1019] no-platform   -            Deja Vu
[ 954/1019] no-platform   -            Monster Snacks
[ 955/1019] fetch-failed  -            Kellys Pub
[ 956/1019] wrong-branch  toast        Beeside Balcony La Jolla
[ 957/1019] fetch-failed  -            Lefty's Cheesesteaks
[ 958/1019] no-platform   -            Juice Alchemy
[ 959/1019] no-platform   -            La Salsa
[ 960/1019] no-platform   -            Time Out Café
[ 961/1019] no-platform   -            Relic Bakery & Kitchen
[ 962/1019] needs-browser toast        Sultan Baklava
[ 963/1019] no-platform   -            CHINA CHEF 1
[ 964/1019] wrong-branch  toast        Oceanside Fish Shop
[ 965/1019] no-platform   -            Safari Coffee Outpost
[ 966/1019] needs-browser -            Yogurt Lounge Serra Mesa
[ 967/1019] no-platform   -            Canyon Inn
[ 968/1019] filed         spothopper   Cabo Cantina
[ 969/1019] no-platform   -            Mo-Mo Paradise
[ 970/1019] no-platform   -            Pizza Guys
[ 971/1019] too-few       own-jsonld   The Oceanaire Seafood Room
[ 972/1019] wrong-branch  toast        Lucha Libre Taco Shop
[ 973/1019] fetch-failed  -            Tacos Locos Tasty Mexican Food
[ 974/1019] fetch-failed  -            OB Kebab
[ 975/1019] fetch-failed  -            OB Garden Café
[ 976/1019] wrong-branch  toast        Chef Fei
[ 977/1019] no-platform   -            George’s Bar
[ 978/1019] needs-browser Square Online (own domain) BCB Coffee
[ 979/1019] no-platform   -            Grover's Grill
[ 980/1019] no-platform   -            House of Black
[ 981/1019] no-platform   -            Creme De La Crepe
[ 982/1019] no-platform   -            Border X Brewing
[ 983/1019] no-platform   -            Noodles
[ 984/1019] fetch-failed  -            Las Pinches Tortas
[ 985/1019] no-platform   -            Taco Villa
[ 986/1019] needs-browser Square Online storefront Copa Vida
[ 987/1019] no-platform   -            Mission Brewing (fka Rough Draft)
[ 988/1019] no-platform   -            Aromas
[ 989/1019] no-platform   -            Chicken & Crown
[ 990/1019] fetch-failed  -            Dryer's Ice Cream Parlor
[ 991/1019] no-platform   -            University Towers Kitchen
[ 992/1019] no-platform   -            TEC Cafe
[ 993/1019] needs-browser toast        BCB Coffee Company
[ 994/1019] no-platform   -            Sweet Labors
[ 995/1019] fetch-failed  -            Trade Restaurant & Lounge
[ 996/1019] fetch-failed  -            All Fried Up
[ 997/1019] no-platform   -            Ground Up Cafe
[ 998/1019] no-platform   -            Café de Anza
[ 999/1019] needs-browser MealKeyWay   Yonny Mini Hotpot
[1000/1019] no-platform   -            Mawazo Kitchen
[1001/1019] fetch-failed  -            The Waterfront
[1002/1019] needs-browser Square Online storefront Cafecito 1806
[1003/1019] no-platform   -            SanSai Japanese Grill
[1004/1019] no-platform   -            NM Cafe
[1005/1019] no-platform   -            The Santaluz Club Dining Room and Events
[1006/1019] no-platform   -            Stony Mountain Bar & Grill
[1007/1019] no-platform   -            Inland Tavern
[1008/1019] fetch-failed  -            Capriotti's Sandwich Shop
[1009/1019] fetch-failed  -            In Between
[1010/1019] needs-browser -            Casa de Freds
[1011/1019] needs-browser -            Verde Kitchen & Bar
[1012/1019] no-platform   -            HACIENDITA BAKERY
[1013/1019] no-platform   -            The Grand Tradition
[1014/1019] no-platform   -            Mama Kat's Restaurant and Pie Shop
[1015/1019] fetch-failed  -            BunZ
[1016/1019] no-platform   -            Oliva
[1017/1019] no-platform   -            Bean Sprouts
[1018/1019] no-platform   -            Buka - Taste of Nigeria
[1019/1019] wrong-branch  toast        Carnitas’ Snack Shack

platform                       attempted         filed       too-few         gated  wrong-branch needs-browser   no-platform  fetch-failed  screened-out
none                                 664             0             0             0             0            25           531           108             0
toast                                 94             2             0             0            28            61             0             0             3
order.online                          50             2             0             3             4            35             0             0             6
Square Online storefront              41             0             0             0             0            41             0             0             0
Square Online (own domain)            23             0             0             0             0            23             0             0             0
chownow                               22             0             0             8             0            14             0             0             0
netwaiter                             20             0            20             0             0             0             0             0             0
MealKeyWay                            17             0             0             0             0            17             0             0             0
slice                                 14             0             0             0             0            13             0             0             1
shopify                               12             1             0             0             0             0             0             0            11
SpotOn                                11             0             0             0             0            11             0             0             0
plain-html                             9             0             0             0             0             9             0             0             0
olo                                    9             0             0             0             0             9             0             0             0
clover                                 9             0             0             0             3             3             0             0             3
spothopper                             8             1             0             0             0             7             0             0             0
HungerRush                             4             0             0             0             0             4             0             0             0
own-jsonld                             4             0             2             0             0             0             0             0             2
menufy                                 2             0             0             0             0             0             0             0             2
GloriaFood widget                      1             0             0             0             0             1             0             0             0
Paytronix                              1             0             0             0             0             1             0             0             0
popmenu                                1             0             0             0             1             0             0             0             0
ubereats                               1             0             0             0             1             0             0             0             0
wix                                    1             1             0             0             0             0             0             0             0
MenuSifu                               1             0             0             0             0             1             0             0             0
TOTAL                               1019             7            22            11            37           275           531           108            28

7 menus, 238 dishes
wrote menus/wip/router-20260904-225624.json
wrote menus/wip/router-20260904-225624.notes.json
