queue 1272 with a website; routing 1272 at concurrency 4

[   1/1272] no-platform   -            FryYay
[   2/1272] needs-browser chownow      Burger Bench Escondido
[   3/1272] no-platform   -            Taquería Imperial
[   4/1272] no-platform   -            Mimi's Cafe
[   5/1272] screened-out  order.online Wood Ranch Mission Valley
[   6/1272] needs-browser chownow      Brigantine Seafood
[   7/1272] fetch-failed  -            Public Square Coffee House
[   8/1272] no-platform   -            VG Donut & Bakery
[   9/1272] wrong-branch  order.online El Pueblo Mexican Food - Carlsbad
[  10/1272] no-platform   -            The Butcher Shop
[  11/1272] gated         toast        En Fuego Cantina & Grill
[  12/1272] no-platform   -            The Pita Guys
[  13/1272] no-platform   -            Babycakes San Diego
[  14/1272] needs-browser order.online Tom's Famous Family Restaurant 24
[  15/1272] needs-browser Square Online storefront Wayfarer Bread & Pastry
[  16/1272] no-platform   -            Farmer & The Seahorse
[  17/1272] filed         spothopper   Golden Egg Omelet House
[  18/1272] needs-browser order.online TOM's Famous Family Restaurant 22
[  19/1272] wrong-branch  chownow      Handel’s Homemade Ice Cream
[  20/1272] needs-browser plain-html   Por Favor El Cajon
[  21/1272] fetch-failed  -            Home Sweet Home Cafe
[  22/1272] no-platform   -            Loreto's Taco Shop
[  23/1272] no-platform   -            Taco Bar
[  24/1272] fetch-failed  -            Gus's Subs & Pizza Place
[  25/1272] needs-browser plain-html   Papas & Tacos Mexican Food
[  26/1272] needs-browser chownow      Parakeet Cafe - Little Italy
[  27/1272] fetch-failed  -            Plazas Mexican Food
[  28/1272] no-platform   -            Red Fox Room and Steakhouse
[  29/1272] needs-browser -            Coya Peruvian Secret
[  30/1272] needs-browser GloriaFood widget That Mexican Place
[  31/1272] no-platform   -            MooTime Creamery
[  32/1272] no-platform   -            Todo Sushi
[  33/1272] no-platform   -            El Real Mexican Food
[  34/1272] needs-browser toast        Lanna Thai Cuisine
[  35/1272] no-platform   -            Anita's Mexican Restaurant & Cantina
[  36/1272] screened-out  order.online Grandma Tofu & BBQ
[  37/1272] fetch-failed  -            Los Reyes Mexican Restaurant & Cantina
[  38/1272] needs-browser -            The Asian Bistro
[  39/1272] no-platform   -            Onny's Thai Restaurant
[  40/1272] needs-browser slice        Pastalini
[  41/1272] needs-browser -            Korean Kitchen Tofu & Galbi
[  42/1272] no-platform   -            Otay Mandarin Chinese Restaurant
[  43/1272] needs-browser olo          Panini Kabob Grill - Mission Valley
[  44/1272] needs-browser Square Online storefront skybound coffee + dessert lounge
[  45/1272] no-platform   -            Hanu Korean BBQ
[  46/1272] no-platform   -            Stake Chophouse & Bar
[  47/1272] no-platform   -            It's Raw Poke Shop
[  48/1272] no-platform   -            Antonio's Mexican Food
[  49/1272] needs-browser Square Online (own domain) Up2You Cafe
[  50/1272] needs-browser order.online Sancho's Tacos
[  51/1272] no-platform   -            Boudin SF
[  52/1272] needs-browser plain-html   Nick's Del Mar
[  53/1272] no-platform   -            Urban Crave
[  54/1272] fetch-failed  -            La Concha Bakery
[  55/1272] needs-browser olo          Better Buzz Coffee Pacific Beach Grand
[  56/1272] no-platform   -            Urban Crave
[  57/1272] no-platform   -            Lucy's Bakery
[  58/1272] too-few       netwaiter    Connie's
[  59/1272] needs-browser order.online Robertito's Mexican Food
[  60/1272] no-platform   -            Muay Thai Kitchen
[  61/1272] no-platform   -            Baci Restaurant | Italian
[  62/1272] no-platform   -            Nado Republic
[  63/1272] no-platform   -            Umai Sushi
[  64/1272] needs-browser Square Online (own domain) Camp Coffee Company
[  65/1272] needs-browser -            Beyer Deli
[  66/1272] needs-browser -            Honey's Bistro & Bakery
[  67/1272] wrong-branch  ubereats     Broad Street Dough Co
[  68/1272] needs-browser Square Online (own domain) Portal Coffee
[  69/1272] no-platform   -            Golden Donut
[  70/1272] wrong-branch  chownow      Handel’s Homemade Ice Cream
[  71/1272] no-platform   -            San Luis Mexican Food
[  72/1272] no-platform   -            Shaks Mediterranean Bistro
[  73/1272] needs-browser spothopper   Los Panchos Mexican Grill & Seafood
[  74/1272] fetch-failed  -            Mi Ranchito Taco Shop
[  75/1272] needs-browser Square Online storefront Prager Brothers Artisan Breads
[  76/1272] needs-browser MealKeyWay   Dumplings N More
[  77/1272] no-platform   -            Superbloom Coffee & Juice
[  78/1272] needs-browser spothopper   Penelopes Mexican Food
[  79/1272] needs-browser Square Online storefront Maan's Mediterranean Grill
[  80/1272] no-platform   -            The Remy
[  81/1272] needs-browser Square Online (own domain) Barrio Donas
[  82/1272] no-platform   -            The Cowshed
[  83/1272] filed         own-jsonld   Clayton's Bakery & Bistro
[  84/1272] fetch-failed  -            Bonchon Chicken
[  85/1272] needs-browser plain-html   Pancho's Mexican Restaurant
[  86/1272] fetch-failed  -            Edelweiss Bakery
[  87/1272] needs-browser spothopper   Curry & More - Indian Bistro
[  88/1272] filed         order.online Tamarind Thai Restaurant
[  89/1272] no-platform   -            Yingli Restaurant | Chula Vista
[  90/1272] no-platform   -            Red Lobster
[  91/1272] needs-browser spothopper   3N1 Sports Bar & Grill
[  92/1272] needs-browser order.online Scoops La Jolla
[  93/1272] no-platform   -            Señor Taquero
[  94/1272] too-few       netwaiter    Aiberto's Taco Shop
[  95/1272] fetch-failed  -            Leucadia Donut Shoppe
[  96/1272] needs-browser -            Tabu Sushi Bar & Grill Santee
[  97/1272] screened-out  clover       Royal Sweets
[  98/1272] no-platform   -            SOMISOMI
[  99/1272] wrong-branch  chownow      Handel's Homemade Ice Cream
[ 100/1272] fetch-failed  -            Pacific Beach Ice Cream Co.
[ 101/1272] wrong-branch  order.online Lourdes Mexican Food To Go
[ 102/1272] fetch-failed  -            Arizona Chinese Restaurant
[ 103/1272] no-platform   -            Hidden Fish
[ 104/1272] needs-browser Square Online storefront Bay Park Coffee
[ 105/1272] needs-browser Square Online storefront Portinos Restaurant
[ 106/1272] no-platform   -            Sushi Factory
[ 107/1272] no-platform   -            Big Front Door
[ 108/1272] no-platform   -            Emma's Mexican Food
[ 109/1272] needs-browser -            Rosarito's Mexican Food #1
[ 110/1272] too-few       netwaiter    Mary Ettas Cafe
[ 111/1272] needs-browser spothopper   il Sogno Italiano
[ 112/1272] needs-browser order.online Gelato Paradiso
[ 113/1272] needs-browser Square Online storefront Sandwich Emporium
[ 114/1272] no-platform   -            Hanna's Gourmet
[ 115/1272] no-platform   -            Angelito's Fruteria Y Neveria
[ 116/1272] needs-browser Square Online storefront Pink Rose Cafe
[ 117/1272] no-platform   -            Valentina
[ 118/1272] needs-browser -            Yogurt Heaven
[ 119/1272] no-platform   -            Flora
[ 120/1272] needs-browser slice        Italia Pizza
[ 121/1272] screened-out  order.online Chicken Over Rice Co.
[ 122/1272] fetch-failed  -            Camel's Bar and Grill
[ 123/1272] fetch-failed  -            El Charro Mexican Food
[ 124/1272] no-platform   -            Lucy's Bakery
[ 125/1272] no-platform   -            Honey Baked Ham
[ 126/1272] no-platform   -            Cafe Bella Drive Thru
[ 127/1272] needs-browser olo          Randy's Donuts
[ 128/1272] no-platform   -            Off The 8 Café
[ 129/1272] no-platform   -            Royal India Express
[ 130/1272] needs-browser olo          Luna Grill Millenia
[ 131/1272] needs-browser -            The Breakfast Mug Oceanside
[ 132/1272] needs-browser Square Online (own domain) Solana Sumptuous Cookies
[ 133/1272] needs-browser MealKeyWay   Surfing Crab Escondido
[ 134/1272] screened-out  menufy       Ginza Sushi
[ 135/1272] no-platform   -            Dragon Express
[ 136/1272] fetch-failed  -            We Olive & Wine Bar
[ 137/1272] no-platform   -            Wahoo's Fish Taco
[ 138/1272] no-platform   -            Tropifruit Juice Bar
[ 139/1272] no-platform   -            Cow-A-Bunga Ice Cream & Coffee
[ 140/1272] needs-browser Square Online (own domain) Serrano's Mexican Food
[ 141/1272] no-platform   -            Ike's Love & Sandwiches
[ 142/1272] fetch-failed  -            Thai Island@
[ 143/1272] needs-browser toast        Rosemonts Cafe
[ 144/1272] needs-browser spothopper   Santos Coffee
[ 145/1272] no-platform   -            BKK THAI KITCHEN
[ 146/1272] fetch-failed  -            Palomino's Mexican & Seafood
[ 147/1272] fetch-failed  -            The Art of Espresso
[ 148/1272] screened-out  shopify      La Colombe Coffee Roasters
[ 149/1272] fetch-failed  -            @Spacebar Cafe
[ 150/1272] fetch-failed  -            California's Taco Shop
[ 151/1272] fetch-failed  -            Tak Grill Fresh Mediterranean Food
[ 152/1272] fetch-failed  -            San Diego Sandwich Co
[ 153/1272] fetch-failed  -            Mexico Lindo Restaurant
[ 154/1272] fetch-failed  -            Matcha Cafe Maiko - Escondido
[ 155/1272] fetch-failed  -            Flippin' Pizza La Costa
[ 156/1272] fetch-failed  -            Marieta's Mexican Food
[ 157/1272] fetch-failed  -            Eugenio Italian Ristorante & More
[ 158/1272] fetch-failed  -            Madeleine Café & Bakery
[ 159/1272] fetch-failed  -            Cake de Partie
[ 160/1272] fetch-failed  -            Kokoro Restaurant
[ 161/1272] fetch-failed  -            Valerio's 1979
[ 162/1272] fetch-failed  -            Hanna Garden
[ 163/1272] fetch-failed  -            Uncle Biffs California Killer Cookies
[ 164/1272] fetch-failed  -            La Mixteca
[ 165/1272] fetch-failed  -            Donuts Plus
[ 166/1272] fetch-failed  -            Handel's Homemade Ice Cream
[ 167/1272] fetch-failed  -            Silverlake Ramen
[ 168/1272] fetch-failed  -            Ortiz Bakery & Restaurant
[ 169/1272] fetch-failed  -            Bravo Cafe
[ 170/1272] fetch-failed  -            Marlen's Taco Shop
[ 171/1272] fetch-failed  -            Pizza Mania
[ 172/1272] fetch-failed  -            Porky's Lechon Barbecue
[ 173/1272] fetch-failed  -            Crossroads Deli
[ 174/1272] fetch-failed  -            Shozen BBQ
[ 175/1272] fetch-failed  -            Athens Market Taverna
[ 176/1272] fetch-failed  -            KD's Donuts
[ 177/1272] fetch-failed  -            Olive Baking Company
[ 178/1272] fetch-failed  -            Opa Greek Restaurant & Grill
[ 179/1272] fetch-failed  -            White Labs Brewing Co - San Diego
[ 180/1272] fetch-failed  -            Imperial Express
[ 181/1272] fetch-failed  -            Tropical Juices & Deli
[ 182/1272] fetch-failed  -            Potato Corner
[ 183/1272] fetch-failed  -            The Orient Thai
[ 184/1272] fetch-failed  -            Cielo Rooftop
[ 185/1272] fetch-failed  -            Glazed Coffee & Creamery
[ 186/1272] fetch-failed  -            The Naked Cafe
[ 187/1272] fetch-failed  -            Pegah's Kitchen
[ 188/1272] fetch-failed  -            Fatte's Pizza Of Chula Vista
[ 189/1272] fetch-failed  -            Kaffee Meister
[ 190/1272] fetch-failed  -            Luna Grill Encinitas
[ 191/1272] fetch-failed  -            The Leucadian
[ 192/1272] fetch-failed  -            Beach + Taco Shack
[ 193/1272] fetch-failed  -            Pancho's Mexican Grill
[ 194/1272] needs-browser Square Online (own domain) Elixir Espresso & Wine Bar
[ 195/1272] filed         shopify      Flor and Seed Coffee Roasters
[ 196/1272] no-platform   -            Nothing Bundt Cakes
[ 197/1272] needs-browser Square Online storefront Thyme for Lunch Cafe & Grill
[ 198/1272] no-platform   -            PGA Tour Grill
[ 199/1272] no-platform   -            Phở Hòa Restaurant | Vietnamese
[ 200/1272] no-platform   -            ENO Market & Pizzeria
[ 201/1272] no-platform   -            SoCal Sushi
[ 202/1272] screened-out  menufy       IB Thai
[ 203/1272] needs-browser Square Online storefront Mesa Agricola
[ 204/1272] no-platform   -            Ko-Li Bar
[ 205/1272] no-platform   -            Rosarito's Mexican Food #7
[ 206/1272] needs-browser Square Online (own domain) Industrial Grind Coffee
[ 207/1272] screened-out  shopify      James Coffee Co
[ 208/1272] no-platform   -            Que Tortas
[ 209/1272] needs-browser chownow      Pho Hiep & Grill
[ 210/1272] screened-out  shopify      Seven Seas Roasting Company
[ 211/1272] needs-browser -            Fat Joe’s O’side
[ 212/1272] no-platform   -            Kaito Sushi
[ 213/1272] fetch-failed  -            Donut Factory
[ 214/1272] no-platform   -            YuJing Chinese Restaurant
[ 215/1272] no-platform   -            The Grounds Bean Bar
[ 216/1272] fetch-failed  -            Chopsticks Chinese Cuisine
[ 217/1272] fetch-failed  -            Bistro Pazzo
[ 218/1272] fetch-failed  -            Vamos a Texcoco
[ 219/1272] fetch-failed  -            Banh Mi Blvd
[ 220/1272] no-platform   -            La Moreliana
[ 221/1272] fetch-failed  -            Dot Cafe
[ 222/1272] no-platform   -            Tea Pavilion
[ 223/1272] fetch-failed  -            BB's Deli
[ 224/1272] fetch-failed  -            Bar Kamon
[ 225/1272] fetch-failed  -            Blue Pepper Asian Cuisine
[ 226/1272] fetch-failed  -            Valentinas Taco Shop
[ 227/1272] fetch-failed  -            Memo's Golden Bagel
[ 228/1272] fetch-failed  -            Seaview Restaurant
[ 229/1272] fetch-failed  -            The Reunion
[ 230/1272] fetch-failed  -            Le Macaron French Pastries
[ 231/1272] fetch-failed  -            Rosa's Kitchen
[ 232/1272] fetch-failed  -            Iron Wok
[ 233/1272] fetch-failed  -            Lime in the Coconut
[ 234/1272] fetch-failed  -            Eat Your Heart Out II
[ 235/1272] fetch-failed  -            Kalei's Kitchenette
[ 236/1272] fetch-failed  -            Aaharn Thai @ University City
[ 237/1272] fetch-failed  -            Baja Rick's Cantina
[ 238/1272] fetch-failed  -            Park Blvd Express | Chinese
[ 239/1272] fetch-failed  -            JL China House
[ 240/1272] fetch-failed  -            San Diego Blenders
[ 241/1272] fetch-failed  -            Joses Taco Shop
[ 242/1272] fetch-failed  -            Rock On Pizza
[ 243/1272] fetch-failed  -            Victor's Kafe - Poway
[ 244/1272] fetch-failed  -            Nanay's Best BBQ
[ 245/1272] fetch-failed  -            Cross Street Chicken and Beer
[ 246/1272] fetch-failed  -            Purple Owl Cafe
[ 247/1272] fetch-failed  -            Sue's Korean Kitchen
[ 248/1272] fetch-failed  -            Side Bar
[ 249/1272] fetch-failed  -            Little Ceasar's
[ 250/1272] fetch-failed  -            Al Teatro Panini Grill
[ 251/1272] fetch-failed  -            Black Radish
[ 252/1272] fetch-failed  -            Idego Coffee Roasters
[ 253/1272] fetch-failed  -            Blue Palm Mission Beach
[ 254/1272] fetch-failed  -            Gravity Heights Mission Valley
[ 255/1272] fetch-failed  -            Explorers Café
[ 256/1272] fetch-failed  -            Rosarito's Mexican Food #2
[ 257/1272] fetch-failed  -            Criscito Pizza
[ 258/1272] fetch-failed  -            Tacoman
[ 259/1272] fetch-failed  -            Nolberto's Taco Shop
[ 260/1272] fetch-failed  -            Thai Fresh
[ 261/1272] fetch-failed  -            Sweet Revenge Bakery
[ 262/1272] fetch-failed  -            Fan-Fan
[ 263/1272] fetch-failed  -            Hino
[ 264/1272] fetch-failed  -            Surfdog's Java Hot
[ 265/1272] fetch-failed  -            The Luau
[ 266/1272] fetch-failed  -            Gotcha
[ 267/1272] fetch-failed  -            Red Ribbon Bakeshop
[ 268/1272] fetch-failed  -            Prince Hookah Cafe
[ 269/1272] fetch-failed  -            P B Pub
[ 270/1272] fetch-failed  -            Coral Tree Tea House
[ 271/1272] fetch-failed  -            World Famous I Bar
[ 272/1272] fetch-failed  -            Red Ribbon Bakeshop
[ 273/1272] fetch-failed  -            Mother's Kitchen
[ 274/1272] fetch-failed  -            Thai Style
[ 275/1272] fetch-failed  -            Mr. Charlie's
[ 276/1272] fetch-failed  -            Aztec Food Hub
[ 277/1272] fetch-failed  -            The Halal Shack
[ 278/1272] fetch-failed  -            BenGong's Tea
[ 279/1272] fetch-failed  -            Brown Bag Deli
[ 280/1272] fetch-failed  -            Crispy Chicken n' Tomato
[ 281/1272] fetch-failed  -            Corner Cafe | Chinese
[ 282/1272] fetch-failed  -            Pit Stop Pizza
[ 283/1272] fetch-failed  -            Tony’s Newport Cafe
[ 284/1272] fetch-failed  -            Zhang Liang Malatang
[ 285/1272] fetch-failed  -            Stagecoach Inn
[ 286/1272] fetch-failed  -            Taco Time Food Truck
[ 287/1272] fetch-failed  -            Donut Stop
[ 288/1272] fetch-failed  -            Gong Cha
[ 289/1272] fetch-failed  -            Kona Coffee
[ 290/1272] fetch-failed  -            D Wings & Ribs
[ 291/1272] fetch-failed  -            Millport
[ 292/1272] fetch-failed  -            The Elegant Truffle
[ 293/1272] fetch-failed  -            Nothing Bundt Cakes
[ 294/1272] fetch-failed  -            Thai Thai West Mission
[ 295/1272] fetch-failed  -            La Perlita Mexican Food
[ 296/1272] fetch-failed  -            Panorama Bar & Grill
[ 297/1272] fetch-failed  -            Seahorse Coffee
[ 298/1272] fetch-failed  -            The Crack Shack - Pacific Beach
[ 299/1272] fetch-failed  -            Matoi
[ 300/1272] fetch-failed  -            The Deli Stop
[ 301/1272] fetch-failed  -            Bonehead Burger Co.
[ 302/1272] fetch-failed  -            Poki Poki - Encinitas
[ 303/1272] fetch-failed  -            Cargo Cafe
[ 304/1272] fetch-failed  -            Chin's Gourmet
[ 305/1272] fetch-failed  -            D'Sotos Mexican Food
[ 306/1272] fetch-failed  -            Zhengxin Chicken Steak
[ 307/1272] fetch-failed  -            Shanghai Cuisine
[ 308/1272] fetch-failed  -            Parkys
[ 309/1272] fetch-failed  -            Topside Terrace Kitchen & Bar
[ 310/1272] fetch-failed  -            Sura BBQ & SHABU
[ 311/1272] fetch-failed  -            Elixir Espresso Bar
[ 312/1272] fetch-failed  -            Sul & Beans
[ 313/1272] fetch-failed  -            Pho Olala
[ 314/1272] fetch-failed  -            China Express
[ 315/1272] fetch-failed  -            Gor Gai Thai Eatery
[ 316/1272] fetch-failed  -            The Surf Club Oceanside
[ 317/1272] fetch-failed  -            The Well Cafe
[ 318/1272] fetch-failed  -            ZzanG Hotdog & Chicken
[ 319/1272] fetch-failed  -            Hooked On Pokè
[ 320/1272] fetch-failed  -            Hancock Street Cafe
[ 321/1272] fetch-failed  -            The Lean Machine Meal Prep
[ 322/1272] fetch-failed  -            The Peruvian Spot
[ 323/1272] fetch-failed  -            Roots Bowls
[ 324/1272] fetch-failed  -            Sweetfin
[ 325/1272] fetch-failed  -            Daniel's Taco Shop
[ 326/1272] fetch-failed  -            Deano's Pub
[ 327/1272] fetch-failed  -            Teaspoon
[ 328/1272] fetch-failed  -            Pick Up Stix Fresh Asian Flavors
[ 329/1272] fetch-failed  -            Le Rendez-Vous French Bakery
[ 330/1272] fetch-failed  -            Chen Golden Palace
[ 331/1272] fetch-failed  -            Channel 2 Sports Bar
[ 332/1272] fetch-failed  -            Hot or Not Thai
[ 333/1272] fetch-failed  -            Rosaria's Pizza 4
[ 334/1272] fetch-failed  -            Ding Tea Escondido
[ 335/1272] fetch-failed  -            Bistro Kaz
[ 336/1272] fetch-failed  -            Szechuan Chef Chinese Cuisine
[ 337/1272] fetch-failed  -            Tulum Seafood
[ 338/1272] fetch-failed  -            DaYung's Tea
[ 339/1272] fetch-failed  -            Flippin Pizza Encinitas
[ 340/1272] fetch-failed  -            Invita Cafe
[ 341/1272] fetch-failed  -            Vitality Bowls
[ 342/1272] fetch-failed  -            La Central
[ 343/1272] fetch-failed  -            Mike Hess Brewing Tasting Room
[ 344/1272] fetch-failed  -            Upper East
[ 345/1272] fetch-failed  -            It's A Piece A Cake
[ 346/1272] fetch-failed  -            Long Story Irish Pub
[ 347/1272] fetch-failed  -            City Dragon
[ 348/1272] fetch-failed  -            Musashiya
[ 349/1272] fetch-failed  -            The Brass Rail
[ 350/1272] fetch-failed  -            San Diego Eagle
[ 351/1272] fetch-failed  -            Kinchana
[ 352/1272] fetch-failed  -            Goyo's Bakery
[ 353/1272] fetch-failed  -            Sidny's Bagels & Deli
[ 354/1272] fetch-failed  -            Pupusas Express y Mexican Food
[ 355/1272] fetch-failed  -            Okavango Outpost
[ 356/1272] fetch-failed  -            Kaki Sushi
[ 357/1272] fetch-failed  -            Bale French Sandwiches
[ 358/1272] fetch-failed  -            Mosa Tea
[ 359/1272] fetch-failed  -            CAFE 160
[ 360/1272] fetch-failed  -            Taste of Thai
[ 361/1272] fetch-failed  -            Agave Taco Shop
[ 362/1272] fetch-failed  -            Spoon House
[ 363/1272] fetch-failed  -            African Spices
[ 364/1272] fetch-failed  -            Elsa's Kitchen
[ 365/1272] fetch-failed  -            Hoffer's Cigar Bar
[ 366/1272] fetch-failed  -            Mike's Giant New York Pizza
[ 367/1272] fetch-failed  -            Gloria's Taco Shop
[ 368/1272] fetch-failed  -            La Michoacana
[ 369/1272] fetch-failed  -            Mad Munch Grilled Cheezer Co.
[ 370/1272] fetch-failed  -            Achilles Coffee Roasters
[ 371/1272] fetch-failed  -            JNC Pinoy Foodmart
[ 372/1272] fetch-failed  -            Dora
[ 373/1272] fetch-failed  -            Novecientos Grados by Tony Hawk
[ 374/1272] fetch-failed  -            Dine with Orcas
[ 375/1272] fetch-failed  -            Teriyaki Madness
[ 376/1272] fetch-failed  -            Nobu
[ 377/1272] fetch-failed  -            Lucky Doughnut
[ 378/1272] fetch-failed  -            Goli
[ 379/1272] fetch-failed  -            Frida's Taqueria
[ 380/1272] fetch-failed  -            Thai Ladle
[ 381/1272] fetch-failed  -            Bopomofo Cafe
[ 382/1272] fetch-failed  -            Cool Down Coffee
[ 383/1272] fetch-failed  -            Junction Bar & Grill
[ 384/1272] fetch-failed  -            Los Kompadres Mexican Food
[ 385/1272] fetch-failed  -            Juice Kaboose
[ 386/1272] fetch-failed  -            Leos Kitchen
[ 387/1272] fetch-failed  -            Bay City Brewing Co Tasting Room
[ 388/1272] fetch-failed  -            Manzanita Roasting Co
[ 389/1272] fetch-failed  -            Smittys Downtown
[ 390/1272] fetch-failed  -            Pho & Wings
[ 391/1272] fetch-failed  -            Sammich House Deli & Juice Bar
[ 392/1272] fetch-failed  -            Donut Bros
[ 393/1272] fetch-failed  -            Yummy Yummy Juice Bar
[ 394/1272] fetch-failed  -            Deli Belly
[ 395/1272] fetch-failed  -            La Nacional
[ 396/1272] fetch-failed  -            Tom's Chinese BBQ
[ 397/1272] fetch-failed  -            Urban Bubble
[ 398/1272] fetch-failed  -            Pizzabilities - Alpine
[ 399/1272] fetch-failed  -            Tenkatori
[ 400/1272] fetch-failed  -            Kanpai BBQ & Shabu
[ 401/1272] fetch-failed  -            Hyderabad Cafe
[ 402/1272] fetch-failed  -            Roma's Pizza
[ 403/1272] fetch-failed  -            Ma's House
[ 404/1272] fetch-failed  -            Tasty Pizza Escondido LLC
[ 405/1272] fetch-failed  -            Deano's Pub East
[ 406/1272] fetch-failed  -            Juice Stop Encinitas
[ 407/1272] fetch-failed  -            Angela's Eccentric Kitchen
[ 408/1272] fetch-failed  -            Angry Petes Pizza Point Loma
[ 409/1272] fetch-failed  -            Leucadia Pizza Point Loma
[ 410/1272] fetch-failed  -            La Banana Fruits - Fruteria
[ 411/1272] fetch-failed  -            Kind Coffee
[ 412/1272] fetch-failed  -            Understory Bar
[ 413/1272] fetch-failed  -            Picasso's Naturals
[ 414/1272] fetch-failed  -            Star Express
[ 415/1272] fetch-failed  -            Pho G-Beef
[ 416/1272] fetch-failed  -            Nova Easy Kombucha
[ 417/1272] fetch-failed  -            Rad Habits Juice
[ 418/1272] fetch-failed  -            Pina Smoothies
[ 419/1272] fetch-failed  -            Spicy Noodle
[ 420/1272] fetch-failed  -            Ranch House Restaurant
[ 421/1272] fetch-failed  -            Bonchon Chicken
[ 422/1272] fetch-failed  -            Del Sushi
[ 423/1272] fetch-failed  -            Kona Kakes Tropical Cake Bakery
[ 424/1272] fetch-failed  -            Roberto's Taco Shop RB
[ 425/1272] fetch-failed  -            Village Pub
[ 426/1272] fetch-failed  -            U Dessert Eats
[ 427/1272] fetch-failed  -            Tastea
[ 428/1272] fetch-failed  -            Snack Shack
[ 429/1272] fetch-failed  -            Juice Caboose
[ 430/1272] fetch-failed  -            Mariscos y Miches El Patron
[ 431/1272] fetch-failed  -            Granny's Apple Fries
[ 432/1272] fetch-failed  -            Hometown Taste
[ 433/1272] fetch-failed  -            Burrito King
[ 434/1272] fetch-failed  -            Burekas Box
[ 435/1272] fetch-failed  -            Rocco's Pizza Deli
[ 436/1272] fetch-failed  -            Cali Mex Cocina
[ 437/1272] fetch-failed  -            Vica’s Cafe
[ 438/1272] fetch-failed  -            Bowl To Go
[ 439/1272] fetch-failed  -            Unique Sandwiches
[ 440/1272] fetch-failed  -            Seven Seas Roasting
[ 441/1272] fetch-failed  -            Dog Leg Brewing
[ 442/1272] fetch-failed  -            El Mercadito
[ 443/1272] fetch-failed  -            Cafe 86
[ 444/1272] fetch-failed  -            Gem Coffee
[ 445/1272] fetch-failed  -            A Louest
[ 446/1272] fetch-failed  -            Star Dust Donut Shop
[ 447/1272] fetch-failed  -            Gihon Ethiopian Kitchen
[ 448/1272] fetch-failed  -            Cheers
[ 449/1272] fetch-failed  -            Java Earth Coffee
[ 450/1272] fetch-failed  -            Kotobuki
[ 451/1272] fetch-failed  -            Orient Valley Filipino Cuisine
[ 452/1272] fetch-failed  -            Las Michoacanas
[ 453/1272] fetch-failed  -            Cj Lounge
[ 454/1272] fetch-failed  -            Chaiwale & Co. Tea Room & Cafe
[ 455/1272] fetch-failed  -            Tutti Frutti Frozen Yogurt
[ 456/1272] fetch-failed  -            Bazille at Nordstrom
[ 457/1272] fetch-failed  -            Kinme Omakase
[ 458/1272] fetch-failed  -            Wah Shing | Chinese Food
[ 459/1272] fetch-failed  -            The Pad Thai Stand
[ 460/1272] fetch-failed  -            Ten Seconds Yunnan Rice Noodle
[ 461/1272] fetch-failed  -            The Craft Taco at The Nat
[ 462/1272] fetch-failed  -            Erika's Mexican Food & Seafood
[ 463/1272] fetch-failed  -            Sarku Japan
[ 464/1272] fetch-failed  -            Social hookah lounge
[ 465/1272] fetch-failed  -            R3fresh Juice Bar
[ 466/1272] fetch-failed  -            Castelli & Pizarro Family Vineyards & Winery
[ 467/1272] fetch-failed  -            The Chicken Snack Shack
[ 468/1272] fetch-failed  -            Jungle Tea
[ 469/1272] fetch-failed  -            Bang Bang
[ 470/1272] fetch-failed  -            Papa's Pizza
[ 471/1272] fetch-failed  -            Burros and Fries
[ 472/1272] fetch-failed  -            Surf N Sub Deli
[ 473/1272] fetch-failed  -            Hongyuan Kebab
[ 474/1272] fetch-failed  -            SusieCakes - Carlsbad
[ 475/1272] fetch-failed  -            Hibisco Tacos and More
[ 476/1272] fetch-failed  -            Park Commons
[ 477/1272] fetch-failed  -            La michoacana Plus San Diego #2
[ 478/1272] fetch-failed  -            Bobalicious
[ 479/1272] fetch-failed  -            Tu Thanh
[ 480/1272] fetch-failed  -            China Fun
[ 481/1272] fetch-failed  -            Grab & Go - Mission Hills
[ 482/1272] fetch-failed  -            K & K Orient Valley Food Center
[ 483/1272] fetch-failed  -            Rambler Coffee
[ 484/1272] fetch-failed  -            Kim's Bar-B-Que
[ 485/1272] fetch-failed  -            Tajima Ramen Crown Point
[ 486/1272] fetch-failed  -            DRIFT La Jolla
[ 487/1272] fetch-failed  -            PB Oriental
[ 488/1272] fetch-failed  -            Hammer's New York Pizza
[ 489/1272] fetch-failed  -            Landshark Bar & Grill
[ 490/1272] fetch-failed  -            PKI Sushi
[ 491/1272] fetch-failed  -            Leucadia Pizza
[ 492/1272] fetch-failed  -            Bar Ella
[ 493/1272] fetch-failed  -            Del Cerro Pizza
[ 494/1272] fetch-failed  -            Marketplace Grille
[ 495/1272] fetch-failed  -            Modern Times Coffee
[ 496/1272] fetch-failed  -            Prendi E Vai
[ 497/1272] fetch-failed  -            La Familia Callejas mexican food
[ 498/1272] fetch-failed  -            Tous les Jours
[ 499/1272] fetch-failed  -            Go Greek Authentic Yogurteria
[ 500/1272] fetch-failed  -            Bubbles & Brews Cafe
[ 501/1272] fetch-failed  -            Sieu Sieu BBQ
[ 502/1272] fetch-failed  -            El Viejon
[ 503/1272] fetch-failed  -            The Pearl Restaurant
[ 504/1272] fetch-failed  -            Cherry Bomb
[ 505/1272] fetch-failed  -            Mariscos La Morena
[ 506/1272] fetch-failed  -            Casa Fiesta Juice Bar
[ 507/1272] fetch-failed  -            Happytime Tea
[ 508/1272] fetch-failed  -            Flour Atelier
[ 509/1272] fetch-failed  -            Oakberry Acai
[ 510/1272] fetch-failed  -            Knights' Smokehouse BBQ
[ 511/1272] fetch-failed  -            Möge Tee
[ 512/1272] fetch-failed  -            Lapper Kitchen + Tap
[ 513/1272] fetch-failed  -            Imperial Palace
[ 514/1272] fetch-failed  -            Roppongi
[ 515/1272] fetch-failed  -            Egg Holic
[ 516/1272] fetch-failed  -            Nothing Bundt Cakes
[ 517/1272] fetch-failed  -            Pacific Fruit Bar
[ 518/1272] fetch-failed  -            Vinya Yoga and Wine Bar
[ 519/1272] fetch-failed  -            Kim's Deli
[ 520/1272] fetch-failed  -            Qin West
[ 521/1272] fetch-failed  -            Quick Wok
[ 522/1272] fetch-failed  -            Alpine Pho & Grill
[ 523/1272] fetch-failed  -            Vinh Long Food To Go
[ 524/1272] fetch-failed  -            Ching's Famous Hopia
[ 525/1272] fetch-failed  -            T. P. Bánh Bao 3
[ 526/1272] fetch-failed  -            Taco Loco
[ 527/1272] fetch-failed  -            Casa De Otay – The Casita
[ 528/1272] fetch-failed  -            Hua Mei Cafe
[ 529/1272] fetch-failed  -            LJ Crafted Wines - Wines & Tastings
[ 530/1272] fetch-failed  -            Campus Cafe
[ 531/1272] fetch-failed  -            Yas Lounge
[ 532/1272] fetch-failed  -            Cafe Aero
[ 533/1272] fetch-failed  -            Valerio's 1979
[ 534/1272] fetch-failed  -            Necter Juice Bar
[ 535/1272] fetch-failed  -            Josie's Hideout Saloon
[ 536/1272] fetch-failed  -            Gather
[ 537/1272] fetch-failed  -            The Pad Thai Stand
[ 538/1272] fetch-failed  -            De Kotija Taco Shop LLC
[ 539/1272] fetch-failed  -            Presotea
[ 540/1272] fetch-failed  -            Oakberry Açaí bowls
[ 541/1272] fetch-failed  -            D'liteful Chocolat
[ 542/1272] fetch-failed  -            Mochinut
[ 543/1272] fetch-failed  -            Creperie Antoinette
[ 544/1272] fetch-failed  -            Tree House
[ 545/1272] fetch-failed  -            Bonita Donuts
[ 546/1272] fetch-failed  -            Tasty Donuts
[ 547/1272] fetch-failed  -            Trevi Hills Winery
[ 548/1272] fetch-failed  -            Fruteria La Capirucha
[ 549/1272] fetch-failed  -            Old Town Eatery
[ 550/1272] fetch-failed  -            Poke One N Half
[ 551/1272] fetch-failed  -            Ridgewalk Social
[ 552/1272] fetch-failed  -            Lambers Chinese Bakery
[ 553/1272] fetch-failed  -            Jamal's Chicken
[ 554/1272] fetch-failed  -            Nomada
[ 555/1272] fetch-failed  -            Cha Cha Tea Spot
[ 556/1272] fetch-failed  -            Cafe Pascale Grill & Deli
[ 557/1272] fetch-failed  -            Sydney's
[ 558/1272] fetch-failed  -            Off the Vine Gardens Deli And Catering
[ 559/1272] fetch-failed  -            Guerrero Taco Shop
[ 560/1272] fetch-failed  -            Sunny Dumpling House
[ 561/1272] fetch-failed  -            Tres Hermanos Locos Tacos
[ 562/1272] fetch-failed  -            Pancho's Mexican Grill
[ 563/1272] fetch-failed  -            Bamboo Pho and Sushi
[ 564/1272] fetch-failed  -            Bean Box
[ 565/1272] fetch-failed  -            Cork & Stem
[ 566/1272] fetch-failed  -            Cluck N Sip
[ 567/1272] fetch-failed  -            Asmara Cafe/restaurant
[ 568/1272] fetch-failed  -            Michele Coulon Dessertier
[ 569/1272] fetch-failed  -            Divina Matcha
[ 570/1272] fetch-failed  -            DaYung's Tea
[ 571/1272] fetch-failed  -            Pure Squeeze
[ 572/1272] fetch-failed  -            Grubz
[ 573/1272] fetch-failed  -            Centerpark Cafe
[ 574/1272] fetch-failed  -            Nothing Bundt Cakes
[ 575/1272] fetch-failed  -            Playa Azul Mariscos Restaurant
[ 576/1272] fetch-failed  -            Warner Springs Golf Shop & Grill
[ 577/1272] fetch-failed  -            Jaguar Paw
[ 578/1272] fetch-failed  -            Ohana Nutrition
[ 579/1272] fetch-failed  -            Qualcomm Cafe Q
[ 580/1272] fetch-failed  -            Linda's Yogurt & Deli
[ 581/1272] fetch-failed  -            Asia Wok Teppanyaki & Chinese Food
[ 582/1272] fetch-failed  -            56 Thai Cafe
[ 583/1272] fetch-failed  -            Bivouac Adventure Lodge Coffee Shop
[ 584/1272] fetch-failed  -            All That Shabu
[ 585/1272] fetch-failed  -            The Poke Co.
[ 586/1272] fetch-failed  -            Local Krave PB/Bay Ho
[ 587/1272] fetch-failed  -            Boba Tea Spot
[ 588/1272] fetch-failed  -            Don Roman Taco Shop
[ 589/1272] fetch-failed  -            Monkey Bar
[ 590/1272] fetch-failed  -            Cafe X: By Any Beans Necessary
[ 591/1272] fetch-failed  -            Paradise Kabob
[ 592/1272] fetch-failed  -            Cali Banh Mi
[ 593/1272] fetch-failed  -            La Moreña Mariscos
[ 594/1272] fetch-failed  -            Montebello
[ 595/1272] fetch-failed  -            Raspados Shave Ice
[ 596/1272] fetch-failed  -            Refresh Coffee
[ 597/1272] fetch-failed  -            The Grillery
[ 598/1272] fetch-failed  -            The Golf Bar
[ 599/1272] fetch-failed  -            Ba Le French Sandwich Shop
[ 600/1272] fetch-failed  -            Tazza D'Oro
[ 601/1272] fetch-failed  -            Cargo Cafe - Paseo Del Mar
[ 602/1272] fetch-failed  -            Pita Pit
[ 603/1272] fetch-failed  -            Pub 1795
[ 604/1272] fetch-failed  -            All Things Ube Desserts
[ 605/1272] fetch-failed  -            The Collective
[ 606/1272] fetch-failed  -            Alohana Açaí Bowls
[ 607/1272] fetch-failed  -            Lemongrass
[ 608/1272] fetch-failed  -            Tandoori Guys
[ 609/1272] fetch-failed  -            Choice Juicery
[ 610/1272] fetch-failed  -            5 O'Clock Somewhere Rooftop Bar
[ 611/1272] fetch-failed  -            Suki Hana
[ 612/1272] fetch-failed  -            Johnny Radz Pizza
[ 613/1272] fetch-failed  -            Route 6 Coffee & Smoothies
[ 614/1272] fetch-failed  -            Cream
[ 615/1272] fetch-failed  -            Ziggi's Coffee
[ 616/1272] fetch-failed  -            Civic Center Cafe
[ 617/1272] fetch-failed  -            Grab & Go
[ 618/1272] fetch-failed  -            The Loft at UC San Diego
[ 619/1272] fetch-failed  -            Thorntree Terrace
[ 620/1272] fetch-failed  -            Mike Hess Brewing - Seaport Village Taphouse
[ 621/1272] fetch-failed  -            Seniore's Pizza
[ 622/1272] fetch-failed  -            La Pizzeria Arrivederci
[ 623/1272] fetch-failed  -            La Jolla Boba
[ 624/1272] fetch-failed  -            Shabu Spot
[ 625/1272] fetch-failed  -            Lady Carolyn’s Pub
[ 626/1272] fetch-failed  -            Sunright Tea Studio
[ 627/1272] too-few       netwaiter    J & J's Mexican Food
[ 628/1272] no-platform   -            Huy Ky Bakery
[ 629/1272] too-few       netwaiter    Pizza Grande
[ 630/1272] no-platform   -            Zoo Brew
[ 631/1272] no-platform   -            Dockside Casual Seafood Counter
[ 632/1272] no-platform   -            Enoteca Buona Forchetta
[ 633/1272] no-platform   -            F Street Cafe
[ 634/1272] needs-browser toast        Zest Wine Bistro
[ 635/1272] no-platform   -            The MRKT
[ 636/1272] no-platform   -            Nutri Juice
[ 637/1272] no-platform   -            Craft Pizza
[ 638/1272] too-few       netwaiter    Sandwich Place
[ 639/1272] no-platform   -            Choice Juicery
[ 640/1272] fetch-failed  -            Suki Hana
[ 641/1272] no-platform   -            Forum Deli
[ 642/1272] no-platform   -            62 Area Chow Hall
[ 643/1272] no-platform   -            Treetops Cafe
[ 644/1272] needs-browser -            Tapas Bar
[ 645/1272] no-platform   -            Royal Pearl Tea
[ 646/1272] needs-browser MealKeyWay   Yuki Yuki
[ 647/1272] no-platform   -            Test Kitchen
[ 648/1272] no-platform   -            Nicholson Commons
[ 649/1272] no-platform   -            Moniker General
[ 650/1272] no-platform   -            Plaza Deli
[ 651/1272] no-platform   -            Manta Pizza
[ 652/1272] no-platform   -            Pure Green
[ 653/1272] no-platform   -            Madina Market Halal Fast Food
[ 654/1272] no-platform   -            longball cocktail
[ 655/1272] no-platform   -            Michoacana Mia - SDSU
[ 656/1272] no-platform   -            Blue Bowl Superfoods
[ 657/1272] needs-browser -            Market One
[ 658/1272] no-platform   -            Sip Fresh
[ 659/1272] wrong-branch  order.online Mission + Garnet Food Hall
[ 660/1272] no-platform   -            La Paloma
[ 661/1272] no-platform   -            Coco Bomb
[ 662/1272] needs-browser GloriaFood widget Matisse Bistro
[ 663/1272] needs-browser -            Fresca Deli .
[ 664/1272] no-platform   -            Green Leaf Cafe & Catering
[ 665/1272] no-platform   -            Showa Ramen
[ 666/1272] no-platform   -            Chester's
[ 667/1272] needs-browser order.online WUHU TEA & DELI
[ 668/1272] no-platform   -            The Lookout at Lake Poway
[ 669/1272] no-platform   -            Mombasa Cooker
[ 670/1272] no-platform   -            Chapters Cafe
[ 671/1272] fetch-failed  -            Mister G Salsa
[ 672/1272] no-platform   -            Collette’s Collaborative Collective Cuisine
[ 673/1272] no-platform   -            Surf City Squeeze
[ 674/1272] no-platform   -            Prado Perk
[ 675/1272] no-platform   -            Thérapie Bistro
[ 676/1272] no-platform   -            FiveO3 Pupusas
[ 677/1272] no-platform   -            Warung RieRie
[ 678/1272] fetch-failed  -            Unico Juice Shop
[ 679/1272] no-platform   -            Topo's Tacos
[ 680/1272] no-platform   -            El Cilantro Mexican Grill
[ 681/1272] needs-browser Square Online storefront The Bean Box 701
[ 682/1272] fetch-failed  -            Healthy Grill Mediterranean
[ 683/1272] no-platform   -            Chagee
[ 684/1272] no-platform   -            FLAVORS EXPRESS SDSU
[ 685/1272] no-platform   -            Lò Bánh Cuốn Tân Định
[ 686/1272] needs-browser SpotOn       Oriste Fairway Cafe
[ 687/1272] no-platform   -            Finca Casa Blanca
[ 688/1272] needs-browser Square Online storefront Ramen Station
[ 689/1272] no-platform   -            Poway Social House
[ 690/1272] fetch-failed  -            El huevo estrellado # 2
[ 691/1272] no-platform   -            Fallen Empire
[ 692/1272] no-platform   -            Boba n More
[ 693/1272] needs-browser Square Online storefront Cargo Cafe - Wateridge
[ 694/1272] needs-browser Square Online storefront Cargo Cafe - Gateway
[ 695/1272] no-platform   -            Pavilion Dining
[ 696/1272] no-platform   -            Bert's Bistro
[ 697/1272] no-platform   -            El Camino
[ 698/1272] no-platform   -            Bosley Cafe
[ 699/1272] fetch-failed  -            Med Cafe
[ 700/1272] fetch-failed  -            The Waterfront
[ 701/1272] no-platform   -            Come On In Cafe
[ 702/1272] needs-browser -            Swami's
[ 703/1272] no-platform   -            3 Day Suit Broker
[ 704/1272] needs-browser chownow      Juice Caboose
[ 705/1272] no-platform   -            Winners Circle
[ 706/1272] needs-browser Square Online storefront Copa Vida
[ 707/1272] no-platform   -            Basic
[ 708/1272] filed         order.online Junya's Crispy Karaage
[ 709/1272] no-platform   -            Filling Station Pub and Grill
[ 710/1272] no-platform   -            The Caddyshack
[ 711/1272] no-platform   -            Allen's New York Pizza
[ 712/1272] needs-browser order.online Poki Poki
[ 713/1272] no-platform   -            Fairbanks
[ 714/1272] no-platform   -            Coin Toss
[ 715/1272] needs-browser Square Online storefront Sushi Freak
[ 716/1272] no-platform   -            Thai Basil
[ 717/1272] no-platform   -            Hacienda De Vega
[ 718/1272] needs-browser Square Online (own domain) Crepes
[ 719/1272] needs-browser -            Larry's Beach Club
[ 720/1272] needs-browser order.online Hummus Mediterranean Kitchen
[ 721/1272] no-platform   -            Baja Fresh
[ 722/1272] no-platform   -            GIHON Ethiopian Kitchen
[ 723/1272] no-platform   -            Taco King
[ 724/1272] fetch-failed  -            BurgerIM
[ 725/1272] no-platform   -            Birria El Rey
[ 726/1272] no-platform   -            Silvia's Pupuseria
[ 727/1272] fetch-failed  -            Citrina Berry Fresh
[ 728/1272] no-platform   -            I Love Pho
[ 729/1272] no-platform   -            Curbside Eatery & Drinkery
[ 730/1272] no-platform   -            Valerio's Finest Bake Shop
[ 731/1272] no-platform   -            Karihan Filipino Food
[ 732/1272] no-platform   -            Trattoria da Sofia
[ 733/1272] no-platform   -            Atelier Manna
[ 734/1272] needs-browser -            Akhis Authentic Shawarma & Kebab
[ 735/1272] needs-browser SpotOn       CITRINA BERRY FRESH
[ 736/1272] no-platform   -            Terrace Lounge
[ 737/1272] no-platform   -            Beer Company
[ 738/1272] needs-browser -            Lola Happy Bistro
[ 739/1272] needs-browser -            Stella Jean's Ice Cream Kensington
[ 740/1272] no-platform   -            Rito’s Mexican Food
[ 741/1272] no-platform   -            Crave
[ 742/1272] filed         popmenu      Perfectsubs
[ 743/1272] needs-browser -            Golden Spoon Carlsbad Plaza
[ 744/1272] no-platform   -            Stone Oven
[ 745/1272] needs-browser -            Cuscatlan Salvadorean Food
[ 746/1272] no-platform   -            Backyard Altar BBQ
[ 747/1272] needs-browser Square Online storefront Purl Tea San Marcos
[ 748/1272] no-platform   -            Rare Society
[ 749/1272] no-platform   -            Paris Baguette
[ 750/1272] no-platform   -            Fairbanks
[ 751/1272] no-platform   -            Pei Wei
[ 752/1272] no-platform   -            Bovino
[ 753/1272] needs-browser plain-html   Nick's on State
[ 754/1272] no-platform   -            Paradisaea
[ 755/1272] no-platform   -            Cococabana
[ 756/1272] needs-browser -            Ding Tea Oceanside
[ 757/1272] filed         spothopper   Four Tunas Fish & Bar
[ 758/1272] needs-browser -            Board & Brew - Escondido
[ 759/1272] no-platform   -            Oaks Bar Grill
[ 760/1272] no-platform   -            Tacos de Birria El Chinito Jr
[ 761/1272] no-platform   -            Green Vine Delicatessen
[ 762/1272] no-platform   -            Everest Himalayan Cuisine
[ 763/1272] no-platform   -            China Fun
[ 764/1272] no-platform   -            That Pizza Place - Carlsbad
[ 765/1272] no-platform   -            La Sabrosita
[ 766/1272] needs-browser slice        Fiori’s Pizza
[ 767/1272] needs-browser Square Online (own domain) Darshan Bakery
[ 768/1272] needs-browser -            Friends of Friends
[ 769/1272] too-few       netwaiter    Appetite
[ 770/1272] needs-browser order.online Sabor a Vida Cafe & Deli
[ 771/1272] no-platform   -            Monserate Winery
[ 772/1272] no-platform   -            Taco Lounge Escaya
[ 773/1272] screened-out  shopify      Vigilante Coffee
[ 774/1272] needs-browser -            Taco Machin
[ 775/1272] needs-browser spothopper   Agave Birrieria
[ 776/1272] no-platform   -            Breakwater Brewing Co.
[ 777/1272] no-platform   -            Pho House
[ 778/1272] needs-browser chownow      Donburi Rice Bowls
[ 779/1272] no-platform   -            Golden Corral
[ 780/1272] fetch-failed  -            Gooseberries kafe
[ 781/1272] no-platform   -            Camino Riviera
[ 782/1272] needs-browser order.online Chin's Szechwan - Del Mar
[ 783/1272] no-platform   -            bcb Cafe
[ 784/1272] no-platform   -            Mendoza’s Mexican Food
[ 785/1272] no-platform   -            Tita's Taco Shop
[ 786/1272] needs-browser -            Trebol Mexican Restaurant
[ 787/1272] needs-browser SpotOn       Tasty Pho
[ 788/1272] no-platform   -            Draft Republic San Marcos
[ 789/1272] no-platform   -            Vinarius Wine Bar & Restaurant
[ 790/1272] needs-browser -            Village Roots Deli & Taproom
[ 791/1272] no-platform   -            Pho Oceanside
[ 792/1272] wrong-branch  chownow      Handel's Homemade Ice Cream
[ 793/1272] wrong-branch  order.online Bubba’s Smokehouse BBQ
[ 794/1272] needs-browser -            1022 Cafe & Gelateria
[ 795/1272] needs-browser -            Tacaliente Mexican Grill
[ 796/1272] needs-browser order.online El Rinconcito Fruteria
[ 797/1272] needs-browser -            Taqueria El Kabron Jr.
[ 798/1272] too-few       netwaiter    Su Pan Bakery El Cajon
[ 799/1272] no-platform   -            Panda Imperial Restaurant
[ 800/1272] needs-browser SpotOn       Balsamico Italian Kitchen
[ 801/1272] no-platform   -            Barn Door Public House
[ 802/1272] no-platform   -            Gelato 101 Solana Beach
[ 803/1272] no-platform   -            Napatini Bistro and Wine Bar
[ 804/1272] no-platform   -            Paris Baguette
[ 805/1272] fetch-failed  -            Truluck's
[ 806/1272] fetch-failed  -            Nory's Donut & Bakery
[ 807/1272] no-platform   -            Backdraft Bar & Grill
[ 808/1272] fetch-failed  -            Cork N Brew
[ 809/1272] needs-browser HungerRush   Buonasera New York Pizzeria
[ 810/1272] no-platform   -            Ocean Thai Cuisine
[ 811/1272] fetch-failed  -            Savory Thai Restaurant
[ 812/1272] fetch-failed  -            Ju-ichi
[ 813/1272] fetch-failed  -            MOOYAH Burgers, Fries & Shakes
[ 814/1272] fetch-failed  -            Cozy Corner
[ 815/1272] fetch-failed  -            Ernes Mexican Food & Breakfast
[ 816/1272] fetch-failed  -            Finca
[ 817/1272] fetch-failed  -            Rancho Grande El Toro Mexican Cuisine
[ 818/1272] fetch-failed  -            HomeState
[ 819/1272] fetch-failed  -            Tacotarian San Diego
[ 820/1272] fetch-failed  -            Caribbean Pleasure
[ 821/1272] fetch-failed  -            House of Pho
[ 822/1272] fetch-failed  -            Prey Brewing Company
[ 823/1272] fetch-failed  -            ZZan Sushi & Soju
[ 824/1272] fetch-failed  -            Madeleine
[ 825/1272] fetch-failed  -            Blanco Cocina + Cantina
[ 826/1272] fetch-failed  -            Graziano's Pizza Oceanside
[ 827/1272] fetch-failed  -            Ascend Coffee Roasters
[ 828/1272] fetch-failed  -            China Fusion - Vista Way
[ 829/1272] fetch-failed  -            Pizza On Tap (P.O.T)
[ 830/1272] no-platform   -            Higher Grounds Coffee + Café
[ 831/1272] fetch-failed  -            I QUE BBQ
[ 832/1272] fetch-failed  -            Bambinos Pizzeria & Deli #4
[ 833/1272] fetch-failed  -            Souplantation
[ 834/1272] fetch-failed  -            Sunny Side Solana
[ 835/1272] fetch-failed  -            El After Social Club
[ 836/1272] fetch-failed  -            Sabores Colombianos
[ 837/1272] fetch-failed  -            NuYo Frozen Yogurt Telegraph Canyon
[ 838/1272] no-platform   -            Ono Hawaiian BBQ
[ 839/1272] screened-out  shopify      James Coffee Co.
[ 840/1272] no-platform   -            Old World Meat Company
[ 841/1272] needs-browser chownow      Parakeet Juicery - La Jolla
[ 842/1272] no-platform   -            Panpan wok
[ 843/1272] needs-browser -            HillCrust Pizza
[ 844/1272] fetch-failed  -            New York Buffalo Wings
[ 845/1272] needs-browser -            The Handmade Chef Meal Prep Co.
[ 846/1272] needs-browser -            Awash Ethiopian Restaurant
[ 847/1272] needs-browser clover       Himalayan Bistro Oceanside
[ 848/1272] no-platform   -            Sonny’s Pizza
[ 849/1272] needs-browser slice        Allen's New York Pizza
[ 850/1272] needs-browser -            Naked Pizza
[ 851/1272] no-platform   -            EL ENCANTO SD
[ 852/1272] wrong-branch  chownow      Handel’s Homemade Ice Cream
[ 853/1272] needs-browser clover       Ryan Bros Coffee City Heights
[ 854/1272] no-platform   -            Le Coq
[ 855/1272] no-platform   -            Falafel Heights
[ 856/1272] needs-browser -            Carnitas Quiroga
[ 857/1272] no-platform   -            China bros
[ 858/1272] no-platform   -            Aromi Italian Cuisine
[ 859/1272] needs-browser -            Sukho Thai Extraordinaire
[ 860/1272] needs-browser toast        Angry Chickz - Oceanside
[ 861/1272] needs-browser toast        ALOHA GRILL
[ 862/1272] no-platform   -            Belinda's Familia Mexican Food Truck
[ 863/1272] no-platform   -            Jaws Topokki
[ 864/1272] needs-browser -            Silverlake Ramen Fashion Valley
[ 865/1272] no-platform   -            AleSmith Brewing Company
[ 866/1272] needs-browser MealKeyWay   Tengu Ramen
[ 867/1272] gated         chownow      Finney's Crafthouse
[ 868/1272] no-platform   -            The Crimson Cake
[ 869/1272] no-platform   -            Sam's Farm Fresh
[ 870/1272] no-platform   -            Emiliana's Mexican & Deli Food
[ 871/1272] no-platform   -            Comstock Bar & Grill
[ 872/1272] needs-browser -            Baked Thicc
[ 873/1272] no-platform   -            Kin Saep
[ 874/1272] screened-out  shopify      Ascend Coffee Roasters
[ 875/1272] wrong-branch  ubereats     SugarBears Sweet Provisions
[ 876/1272] needs-browser Square Online storefront PB Poke House Oceanside
[ 877/1272] needs-browser toast        Smokin J's BBQ & Taphouse
[ 878/1272] needs-browser -            Oh My Pho!
[ 879/1272] needs-browser toast        Docent Brewing
[ 880/1272] too-few       netwaiter    Thai Pasta
[ 881/1272] needs-browser MealKeyWay   Hi!Dumplings
[ 882/1272] needs-browser -            Sorianos Pizzeria
[ 883/1272] needs-browser spothopper   Players Sports Grill
[ 884/1272] no-platform   -            La Mesa Pizzaworks
[ 885/1272] needs-browser order.online El Ranchero
[ 886/1272] no-platform   -            Great Wok of China
[ 887/1272] no-platform   -            Charli's Landing
[ 888/1272] no-platform   -            Gintaro Sushi
[ 889/1272] no-platform   -            Merenda
[ 890/1272] no-platform   -            Urban Location Boba Tea House San Diego
[ 891/1272] screened-out  shopify      Trident Coffee Pacific Beach
[ 892/1272] no-platform   -            Leu Leu
[ 893/1272] no-platform   -            Eclipse Chocolat
[ 894/1272] needs-browser -            Baikohken Ramen
[ 895/1272] no-platform   -            Sound by the Sea
[ 896/1272] needs-browser MealKeyWay   Ocean Buffet
[ 897/1272] no-platform   -            Los Armando's Mexican Food
[ 898/1272] no-platform   -            Thai Table Time
[ 899/1272] no-platform   -            Good Source Coffee
[ 900/1272] needs-browser Square Online (own domain) Beach City Smoothies
[ 901/1272] no-platform   -            Green Cheek Beer Co.
[ 902/1272] no-platform   -            Los Cucos Mexican Food
[ 903/1272] no-platform   -            Two Hands Corn Dog Mira Mesa
[ 904/1272] no-platform   -            Flame Broiler
[ 905/1272] no-platform   -            Good Omen Coffee Co
[ 906/1272] no-platform   -            UT-HO Boba & Baguette
[ 907/1272] no-platform   -            Paris Baguette
[ 908/1272] no-platform   -            Burtech Family Vineyard Tasting Room
[ 909/1272] no-platform   -            Pietro's Cucina Italiana
[ 910/1272] needs-browser plain-html   Chef’s Wok & Dumplings
[ 911/1272] no-platform   -            The Alley Otay Mesa
[ 912/1272] no-platform   -            El Flako's Wrangler Barbecue
[ 913/1272] no-platform   -            Buffalo Wild Wings GO
[ 914/1272] filed         toast        Morena Provisions
[ 915/1272] needs-browser toast        CTZN
[ 916/1272] no-platform   -            Saigon Star Restaurant
[ 917/1272] needs-browser order.online Burrito Leo's Mexican Food
[ 918/1272] no-platform   -            Tacos el Niño Santana
[ 919/1272] needs-browser MealKeyWay   Pho Tan
[ 920/1272] no-platform   -            Diego's Taco Shop
[ 921/1272] no-platform   -            IZOLA
[ 922/1272] too-few       netwaiter    Wings mix
[ 923/1272] no-platform   -            Fish Boon
[ 924/1272] no-platform   -            TAKARAMONO SUSHI
[ 925/1272] needs-browser chownow      Burger Bench Vista
[ 926/1272] no-platform   -            La Casa Verde
[ 927/1272] no-platform   -            Simply Fresh Thai
[ 928/1272] no-platform   -            Pho Nam Cali
[ 929/1272] needs-browser slice        The Sizzling Pizza
[ 930/1272] needs-browser order.online EsKiNiTa
[ 931/1272] no-platform   -            Photo House
[ 932/1272] no-platform   -            La Mesita Mexican Food
[ 933/1272] no-platform   -            Chocolate Bash
[ 934/1272] no-platform   -            Pei Wei
[ 935/1272] no-platform   -            Little Victory Wine Bar
[ 936/1272] gated         toast        The Grove at Governor Pointe
[ 937/1272] no-platform   -            Banzai Bowls
[ 938/1272] screened-out  clover       Mission Baja Tacos
[ 939/1272] needs-browser toast        Fleurette
[ 940/1272] no-platform   -            Alborz Restaurant
[ 941/1272] no-platform   -            T&T Tacos & Tequila Grill & Cantina
[ 942/1272] needs-browser -            LA MALQUERIDA BY DOLCHE
[ 943/1272] needs-browser slice        West Coast Pizza Company
[ 944/1272] no-platform   -            Buca di Beppo Italian Restaurant
[ 945/1272] needs-browser order.online Scoops Ocean Beach
[ 946/1272] no-platform   -            The Honor Bar
[ 947/1272] fetch-failed  -            the Koffie Co
[ 948/1272] no-platform   -            Acai Republic - Oceanside
[ 949/1272] needs-browser olo          Panini Kabob Grill - Park 12
[ 950/1272] needs-browser -            BRGR SHACK
[ 951/1272] no-platform   -            tiger!tiger!
[ 952/1272] fetch-failed  -            Kona Craft Cafe
[ 953/1272] no-platform   -            Piedra Santa
[ 954/1272] no-platform   -            Pha Khao Lao Cuisine
[ 955/1272] no-platform   -            Banzai Bowls
[ 956/1272] no-platform   -            Rocko's Family Restaurant
[ 957/1272] needs-browser slice        Pop's Pizza
[ 958/1272] fetch-failed  -            Top of the Bagel
[ 959/1272] no-platform   -            Kiiro Sushi Izakaya
[ 960/1272] needs-browser -            Eat Crispy Burger Oceanside
[ 961/1272] fetch-failed  -            Mandarin Wok Restaurant
[ 962/1272] no-platform   -            Thai Thai Melrose Restaurant
[ 963/1272] no-platform   -            Breakers
[ 964/1272] needs-browser toast        QUICK BITES CAFE / Best Sandwiches
[ 965/1272] no-platform   -            MAKE Cafe
[ 966/1272] no-platform   -            Monserate Winery
[ 967/1272] needs-browser chownow      CinKuni (Italian & Japanese Cuisine)
[ 968/1272] no-platform   -            Troy's Greek Restaurant
[ 969/1272] no-platform   -            Olive Branch Eatery
[ 970/1272] no-platform   -            Campland Cantina
[ 971/1272] needs-browser toast        Mali's Deli
[ 972/1272] no-platform   -            Rubio's Coastal Grill
[ 973/1272] no-platform   -            Mr. Buffalo Fries
[ 974/1272] no-platform   -            Rubio's Coastal Grill
[ 975/1272] no-platform   -            PanPan Wok
[ 976/1272] no-platform   -            Cocina 35 brunch
[ 977/1272] no-platform   -            Rubio's Coastal Grill
[ 978/1272] no-platform   -            Ocean Thai Cuisine
[ 979/1272] too-few       netwaiter    LA PLACE DELI
[ 980/1272] wrong-branch  toast        The Great Greek Mediterranean Grill - Oceanside, CA
[ 981/1272] no-platform   -            Bueno Wine & Goods
[ 982/1272] no-platform   -            Las Ricas Tortas
[ 983/1272] needs-browser Square Online storefront iWok Chinese Kitchen
[ 984/1272] needs-browser -            Better Blendz
[ 985/1272] needs-browser slice        Little Sisters Pizza
[ 986/1272] needs-browser Square Online (own domain) Slurp
[ 987/1272] no-platform   -            Little Hidden Bakery
[ 988/1272] needs-browser slice        Luigi's New York Giant Pizza
[ 989/1272] needs-browser -            Charoen Krung Thai Cuisine
[ 990/1272] filed         order.online Captain Sam's Fish & Chicken
[ 991/1272] needs-browser toast        Brites Soft Serve
[ 992/1272] no-platform   -            Pizza Guys
[ 993/1272] no-platform   -            Mi Tierra Super Taco
[ 994/1272] no-platform   -            Jolie
[ 995/1272] no-platform   -            Una Mas on Adams
[ 996/1272] no-platform   -            Fortuna Ristorante Italiano
[ 997/1272] no-platform   -            chance's coffee
[ 998/1272] no-platform   -            PanPan Wok
[ 999/1272] no-platform   -            Urban Teri Kitchen
[1000/1272] needs-browser order.online Chin's Szechwan - Point Loma
[1001/1272] needs-browser Square Online (own domain) Le Charcuterie Bar
[1002/1272] needs-browser order.online Halal Burger Co.
[1003/1272] no-platform   -            Juice Holler
[1004/1272] needs-browser toast        Little Kiki Katsu & More
[1005/1272] no-platform   -            Dark Horse Coffee Roasters
[1006/1272] needs-browser -            Café Alessie
[1007/1272] needs-browser spothopper   Agave Birrieria
[1008/1272] no-platform   -            Uncle Feras Middle Eastern Restaurant
[1009/1272] no-platform   -            Between Us
[1010/1272] needs-browser -            The Jetty
[1011/1272] no-platform   -            North Park Creamery
[1012/1272] no-platform   -            Leona's Cucina Italiana
[1013/1272] needs-browser HungerRush   Pop Pops Paleta
[1014/1272] needs-browser Square Online (own domain) Beach City Smoothies - Oceanside
[1015/1272] needs-browser olo          Coffee Bean
[1016/1272] no-platform   -            PanPan wok
[1017/1272] needs-browser toast        The Kitchen at Torrey Heights
[1018/1272] needs-browser Square Online storefront Mein St. Asian Kitchen
[1019/1272] no-platform   -            Oriental Cafe | Chinese
[1020/1272] needs-browser -            Falafel California
[1021/1272] no-platform   -            Pokeport Oceanside
[1022/1272] no-platform   -            Queenstown Del Mar
[1023/1272] no-platform   -            La Costa Wine
[1024/1272] no-platform   -            El Papas Fritas Taco Shop
[1025/1272] no-platform   -            Noodle & Bun
[1026/1272] no-platform   -            Thai Thae Cuisine
[1027/1272] no-platform   -            Ono Hawaiian BBQ
[1028/1272] no-platform   -            Poki Poki - Escondido
[1029/1272] needs-browser Square Online (own domain) Chef Budda Blasian Soul Food LLC
[1030/1272] no-platform   -            KABOB SHACK - EASTLAKE
[1031/1272] no-platform   -            Chopsticks Inn Restaurant
[1032/1272] no-platform   -            Egg Tuck
[1033/1272] no-platform   -            For The Win - San Diego
[1034/1272] screened-out  order.online La Fresita Y Mas
[1035/1272] no-platform   -            Arteazen Handcrafted Tea
[1036/1272] no-platform   -            Love Letters Pizza
[1037/1272] needs-browser MealKeyWay   Dumplings N More
[1038/1272] fetch-failed  -            Antique Thai
[1039/1272] no-platform   -            Christophe Rull Patisserie
[1040/1272] no-platform   -            Khyber Pass Zarparan Restaurant | Afghan
[1041/1272] needs-browser order.online Torta Time
[1042/1272] needs-browser -            Good Measure
[1043/1272] no-platform   -            Hilltop Cafe
[1044/1272] no-platform   -            Board & Brew - Downtown San Diego
[1045/1272] no-platform   -            ZZan Sushi & Soju
[1046/1272] no-platform   -            TACO CENTRO
[1047/1272] no-platform   -            ROBATA-X Sushi & Izakaya
[1048/1272] no-platform   -            The Poke Tea House
[1049/1272] no-platform   -            NOIR Sushi and Sake Fusion Lounge
[1050/1272] needs-browser olo          Dimassi's Mediterranean Buffet
[1051/1272] no-platform   -            Barrel Riot
[1052/1272] no-platform   -            Huckleberry's Breakfast & Lunch
[1053/1272] no-platform   -            Dalu Hawaiian BBQ
[1054/1272] needs-browser -            Habibi Mediterranean Grill
[1055/1272] no-platform   -            Sabroso taco savor a mi tierra
[1056/1272] no-platform   -            Scena Fusion Kitchen & Bar
[1057/1272] no-platform   -            Mevan Coffee & Desserts & Brunch
[1058/1272] no-platform   -            Zuma San Diego
[1059/1272] no-platform   -            La Jollita
[1060/1272] no-platform   -            Bodega Market
[1061/1272] no-platform   -            24 Suns
[1062/1272] no-platform   -            Peppoli's Pizza & Philly Steaks
[1063/1272] no-platform   -            Jalisco Cantina
[1064/1272] no-platform   -            Hazel & Jade Bakery
[1065/1272] needs-browser Square Online (own domain) The Cakery Cafe
[1066/1272] no-platform   -            Ichitaru Ramen Carlsbad
[1067/1272] no-platform   -            Lotho Deli
[1068/1272] needs-browser SpotOn       Crest Taco
[1069/1272] needs-browser SpotOn       Diego’s Street Tacos
[1070/1272] no-platform   -            Colosseo Cucina Italiana
[1071/1272] fetch-failed  -            Quarter Deck Inn Cocktails
[1072/1272] filed         wix          Sourpuss Donuts
[1073/1272] no-platform   -            Market St Pizzeria
[1074/1272] needs-browser MealKeyWay   Pho Luu Escondido - Vietnamese Cuisine
[1075/1272] no-platform   -            Pompei Pizza
[1076/1272] no-platform   -            Hanna Garden
[1077/1272] no-platform   -            UT-HO Boba & Baguette
[1078/1272] no-platform   -            Taconora Pacific Beach
[1079/1272] needs-browser chownow      Parakeet Cafe - Nautilus
[1080/1272] no-platform   -            Mexico City Cuisine-CoLab
[1081/1272] no-platform   -            Thai Table Time
[1082/1272] needs-browser slice        Pastalini
[1083/1272] no-platform   -            Little While
[1084/1272] no-platform   -            I Love Bagels
[1085/1272] no-platform   -            Side Street Bowls & Smoothies
[1086/1272] no-platform   -            Sono North Park
[1087/1272] no-platform   -            Borrego Rooftop
[1088/1272] fetch-failed  -            Daisy Deli
[1089/1272] no-platform   -            SD giant pizza
[1090/1272] no-platform   -            The Morning Grove
[1091/1272] no-platform   -            Krak Boba
[1092/1272] no-platform   -            Barrio Food Hub
[1093/1272] no-platform   -            Mantra Raja
[1094/1272] wrong-branch  toast        Blank Slate
[1095/1272] no-platform   -            Monserate Winery
[1096/1272] needs-browser -            Green Fork
[1097/1272] no-platform   -            Double Standard
[1098/1272] needs-browser -            Carnitas las Michoacanas
[1099/1272] no-platform   -            Gaslamp Coffee Bar
[1100/1272] needs-browser toast        Okama Ramen and Grill
[1101/1272] no-platform   -            El Flako's Wrangler Barbecue
[1102/1272] needs-browser slice        Saffron Pizza Kitchen
[1103/1272] no-platform   -            One of Us
[1104/1272] needs-browser -            Brown Cup Cafe & Lounge
[1105/1272] no-platform   -            Grandson Steaks
[1106/1272] no-platform   -            Crave & Feast
[1107/1272] no-platform   -            Los Mexas
[1108/1272] no-platform   -            Bubble & Butter
[1109/1272] no-platform   -            Sola Cafe and Deli
[1110/1272] no-platform   -            The Encore Sushi
[1111/1272] needs-browser Square Online storefront Empanada Kitchen
[1112/1272] needs-browser -            The Spot taco shop
[1113/1272] no-platform   -            Badas burgers
[1114/1272] no-platform   -            Native Foods
[1115/1272] no-platform   -            Saigon Alley Kitchen & Bar
[1116/1272] needs-browser MenuSifu     Joyee Noodle House(UTC)
[1117/1272] no-platform   -            Cala La Jolla Café
[1118/1272] no-platform   -            Doc Holliday's
[1119/1272] gated         toast        Mon Cheri Cafe & Bistro
[1120/1272] no-platform   -            Gold Coffee Shop
[1121/1272] no-platform   -            Al's Cafe in the village
[1122/1272] no-platform   -            Yesenia's Mexican Food & Ice Cream
[1123/1272] needs-browser -            FurnSaj Bakery & Restaurant
[1124/1272] needs-browser -            Roberto's Mexican Food
[1125/1272] no-platform   -            Cocina Tex Mex Restaurant
[1126/1272] no-platform   -            Taqueria By El Prieto
[1127/1272] no-platform   -            Old Gallery Coffee House
[1128/1272] no-platform   -            Blackmarket Bakery
[1129/1272] needs-browser order.online Fish Restaurant
[1130/1272] needs-browser -            ChickenHeadz
[1131/1272] needs-browser -            Mirch Masala 2 Go
[1132/1272] no-platform   -            Baba's Pizza
[1133/1272] no-platform   -            Kasi
[1134/1272] needs-browser -            Sammy's Woodfire Pizza and Grille
[1135/1272] no-platform   -            El Dorado
[1136/1272] needs-browser Square Online storefront Copa Vida
[1137/1272] needs-browser plain-html   The Greenspot Salad Company
[1138/1272] no-platform   -            Cafe Fresh
[1139/1272] no-platform   -            Soda & Swine
[1140/1272] no-platform   -            Nami
[1141/1272] needs-browser -            Blue Water Grill
[1142/1272] needs-browser order.online Deli Belly
[1143/1272] fetch-failed  -            Cafe Virtuoso
[1144/1272] fetch-failed  -            Rancho Cafe
[1145/1272] needs-browser toast        Slater's 50/50
[1146/1272] no-platform   -            Pegah’s Kitchen
[1147/1272] needs-browser Square Online storefront Empanada Kitchen
[1148/1272] no-platform   -            Ming Ky
[1149/1272] screened-out  shopify      Lofty Coffee
[1150/1272] no-platform   -            Hanaoka
[1151/1272] no-platform   -            Cent'Anni Café
[1152/1272] no-platform   -            Lagoon Terrace
[1153/1272] no-platform   -            Underwater Cantina
[1154/1272] no-platform   -            Greenbrier Inn
[1155/1272] no-platform   -            Taste of Hong Kong
[1156/1272] no-platform   -            Our Green Affair
[1157/1272] no-platform   -            Nékter Juice Bar
[1158/1272] fetch-failed  -            Escondido Joe's
[1159/1272] fetch-failed  -            Island Market
[1160/1272] fetch-failed  -            Coco's Bakery
[1161/1272] fetch-failed  -            Pizzicato
[1162/1272] no-platform   -            2GOOD2B Bakery & Cafe
[1163/1272] no-platform   -            SPACE
[1164/1272] no-platform   -            Rush Bowls
[1165/1272] fetch-failed  -            Tango Restaurant & Lounge
[1166/1272] wrong-branch  toast        The Coffee Spot
[1167/1272] wrong-branch  clover       Mikko Sushi
[1168/1272] no-platform   -            U31
[1169/1272] fetch-failed  -            Toast Gastrobrunch
[1170/1272] no-platform   -            Cafe Bella
[1171/1272] no-platform   -            Filibertos
[1172/1272] needs-browser -            The Hamlett
[1173/1272] no-platform   -            Slater's 50/50
[1174/1272] no-platform   -            Brick & Bell Plus
[1175/1272] no-platform   -            Colimas Mexican Grull
[1176/1272] no-platform   -            India Princess
[1177/1272] no-platform   -            Arctic Snacks
[1178/1272] no-platform   -            Village Inn
[1179/1272] no-platform   -            Kava Lounge
[1180/1272] no-platform   -            Chippy's Diner
[1181/1272] no-platform   -            Jungle Cart
[1182/1272] no-platform   -            Veladora
[1183/1272] no-platform   -            Deja Vu
[1184/1272] no-platform   -            Tradewinds
[1185/1272] no-platform   -            Villa Fresh Italian Kitchen
[1186/1272] no-platform   -            Jordan
[1187/1272] no-platform   -            Fairbanks
[1188/1272] no-platform   -            Lion Camp Slush and Snacks
[1189/1272] no-platform   -            Our Green Affair
[1190/1272] no-platform   -            Shake Smart
[1191/1272] fetch-failed  -            Mis Dos Gallos Taqueria, Fruit & Deli
[1192/1272] no-platform   -            Rift Sand Bar
[1193/1272] no-platform   -            Candelas
[1194/1272] no-platform   -            Rice
[1195/1272] no-platform   -            Nicolosi's Pizza (Mira Lee Way)
[1196/1272] no-platform   -            Ituri Hut
[1197/1272] needs-browser Square Online storefront Prager Brothers Artisan Breads
[1198/1272] no-platform   -            The Reading Club
[1199/1272] needs-browser slice        Massachusetts Mike's Pizzeria
[1200/1272] no-platform   -            CABETOS Pops
[1201/1272] no-platform   -            Monster Snacks
[1202/1272] wrong-branch  toast        Beeside Balcony La Jolla
[1203/1272] no-platform   -            Antique Row Cafe
[1204/1272] fetch-failed  -            Kellys Pub
[1205/1272] fetch-failed  -            Lefty's Cheesesteaks
[1206/1272] no-platform   -            Oodles By The Nood Bar
[1207/1272] no-platform   -            Copper Kings San Marcos
[1208/1272] no-platform   -            Time Out Café
[1209/1272] no-platform   -            Cocina Del Mar
[1210/1272] no-platform   -            Juice Alchemy
[1211/1272] no-platform   -            La Salsa
[1212/1272] no-platform   -            Relic Bakery & Kitchen
[1213/1272] no-platform   -            CHINA CHEF 1
[1214/1272] needs-browser toast        Sultan Baklava
[1215/1272] wrong-branch  toast        Oceanside Fish Shop
[1216/1272] no-platform   -            Safari Coffee Outpost
[1217/1272] no-platform   -            Corbin's Q
[1218/1272] needs-browser -            Yogurt Lounge Serra Mesa
[1219/1272] needs-browser -            Taco Club
[1220/1272] no-platform   -            Pizza Guys
[1221/1272] no-platform   -            Canyon Inn
[1222/1272] no-platform   -            Mo-Mo Paradise
[1223/1272] filed         spothopper   Cabo Cantina
[1224/1272] too-few       own-jsonld   The Oceanaire Seafood Room
[1225/1272] fetch-failed  -            Tacos Locos Tasty Mexican Food
[1226/1272] needs-browser toast        Chef Fei
[1227/1272] fetch-failed  -            OB Kebab
[1228/1272] fetch-failed  -            OB Garden Café
[1229/1272] needs-browser Square Online storefront Lucha Libre Taco Shop
[1230/1272] needs-browser Square Online (own domain) BCB Coffee
[1231/1272] no-platform   -            George’s Bar
[1232/1272] no-platform   -            Grover's Grill
[1233/1272] no-platform   -            House of Black
[1234/1272] no-platform   -            Creme De La Crepe
[1235/1272] no-platform   -            Noodles
[1236/1272] no-platform   -            Border X Brewing
[1237/1272] fetch-failed  -            Las Pinches Tortas
[1238/1272] no-platform   -            Taco Villa
[1239/1272] needs-browser Square Online storefront Copa Vida
[1240/1272] no-platform   -            Mission Brewing (fka Rough Draft)
[1241/1272] no-platform   -            Aromas
[1242/1272] wrong-branch  toast        Carnitas’ Snack Shack
[1243/1272] fetch-failed  -            Dryer's Ice Cream Parlor
[1244/1272] no-platform   -            University Towers Kitchen
[1245/1272] no-platform   -            TEC Cafe
[1246/1272] no-platform   -            Chicken & Crown
[1247/1272] no-platform   -            Sweet Labors
[1248/1272] fetch-failed  -            Trade Restaurant & Lounge
[1249/1272] needs-browser MealKeyWay   Yonny Mini Hotpot
[1250/1272] no-platform   -            BCB Coffee Company
[1251/1272] no-platform   -            Café de Anza
[1252/1272] no-platform   -            Mawazo Kitchen
[1253/1272] no-platform   -            Ground Up Cafe
[1254/1272] needs-browser Square Online storefront Cafecito 1806
[1255/1272] no-platform   -            SanSai Japanese Grill
[1256/1272] fetch-failed  -            All Fried Up
[1257/1272] fetch-failed  -            NM Cafe
[1258/1272] fetch-failed  -            The Santaluz Club Dining Room and Events
[1259/1272] fetch-failed  -            Inland Tavern
[1260/1272] fetch-failed  -            Stony Mountain Bar & Grill
[1261/1272] fetch-failed  -            In Between
[1262/1272] fetch-failed  -            Casa de Freds
[1263/1272] fetch-failed  -            Capriotti's Sandwich Shop
[1264/1272] fetch-failed  -            HACIENDITA BAKERY
[1265/1272] fetch-failed  -            Verde Kitchen & Bar
[1266/1272] fetch-failed  -            Bean Sprouts
[1267/1272] fetch-failed  -            The Grand Tradition
[1268/1272] fetch-failed  -            Mama Kat's Restaurant and Pie Shop
[1269/1272] fetch-failed  -            BunZ
[1270/1272] fetch-failed  -            Buka - Taste of Nigeria
[1271/1272] fetch-failed  -            Oliva
[1272/1272] no-platform   -            Trisler's San Diego Wine Bar

platform                       attempted         filed       too-few         gated  wrong-branch needs-browser   no-platform  fetch-failed  screened-out
none                                1060             0             0             0             0            63           444           553             0
order.online                          32             3             0             0             4            21             0             0             4
toast                                 28             1             0             3             6            18             0             0             0
Square Online storefront              27             0             0             0             0            27             0             0             0
Square Online (own domain)            17             0             0             0             0            17             0             0             0
chownow                               16             0             0             1             5            10             0             0             0
spothopper                            12             3             0             0             0             9             0             0             0
slice                                 12             0             0             0             0            12             0             0             0
netwaiter                             11             0            11             0             0             0             0             0             0
MealKeyWay                            10             0             0             0             0            10             0             0             0
shopify                                9             1             0             0             0             0             0             0             8
plain-html                             7             0             0             0             0             7             0             0             0
olo                                    7             0             0             0             0             7             0             0             0
SpotOn                                 6             0             0             0             0             6             0             0             0
clover                                 5             0             0             0             1             2             0             0             2
GloriaFood widget                      2             0             0             0             0             2             0             0             0
ubereats                               2             0             0             0             2             0             0             0             0
own-jsonld                             2             1             1             0             0             0             0             0             0
menufy                                 2             0             0             0             0             0             0             0             2
HungerRush                             2             0             0             0             0             2             0             0             0
popmenu                                1             1             0             0             0             0             0             0             0
wix                                    1             1             0             0             0             0             0             0             0
MenuSifu                               1             0             0             0             0             1             0             0             0
TOTAL                               1272            11            12             4            18           214           444           553            16

11 menus, 1025 dishes
wrote menus/wip/router-20260904-093341.json
wrote menus/wip/router-20260904-093341.notes.json
