no DATABASE_URL - brand-twin check falls back to the hand-written allowlist
clean:      5 entries (5 with menus, 0 confirmed not-found), 467 dishes
quarantine: 19 entries, 324 dishes withheld

  Randy's Donuts (5 dishes) - only 5 dishes - likely a partial capture
  Fuego Mediterranean Grill (40 dishes) - brand-twin domain (www.fuegomediterraneangrill.online)
  BCB Coffee (5 dishes) - only 5 dishes - likely a partial capture
  Up2You Cafe (6 dishes) - only 6 dishes - likely a partial capture
  Camp Coffee Company (5 dishes) - only 5 dishes - likely a partial capture
  Sandwich Emporium (5 dishes) - only 5 dishes - likely a partial capture
  Garden Coffee (6 dishes) - only 6 dishes - likely a partial capture
  Sue's Korean Kitchen (5 dishes) - only 5 dishes - likely a partial capture
  Mr. Charlie's (20 dishes) - every section is a carousel (Featured Items) - that is the marketplace front page, not a menu; the catalog was never opened (order.online)
  Gorilla Eats Sushi (25 dishes) - every section is a carousel (Featured Items) - that is the marketplace front page, not a menu; the catalog was never opened (order.online)
  Mama Made Thai (5 dishes) - only 5 dishes - likely a partial capture
  Castelli & Pizarro Family Vineyards & Winery (7 dishes) - every section is a carousel (Most Popular, Featured Items) - that is the marketplace front page, not a menu; the catalog was never opened (www.cpfwinery.com)
  Pho Ever Carlsbad (6 dishes) - only 6 dishes - likely a partial capture
  Jamul Meat Market (94 dishes) - brand-twin domain (www.jamulmeatmarket.online)
  Inka'fe SD Coffee Shop (5 dishes) - every section is a carousel (Most popular) - that is the marketplace front page, not a menu; the catalog was never opened (www.inkafesd.com)
  Maria's Coffee Shop (66 dishes) - brand-twin domain (www.mariascoffeeshop.online)
  The Salty Cookie (6 dishes) - only 6 dishes - likely a partial capture
  Sushi Heights (7 dishes) - only 7 dishes - likely a partial capture
  Veggyjess (6 dishes) - only 6 dishes - likely a partial capture
