queue 1345 with a website; routing 1345 at concurrency 4

[   1/1345] no-platform   -            FryYay
[   2/1345] needs-browser chownow      Burger Bench Escondido
[   3/1345] no-platform   -            Taquería Imperial
[   4/1345] no-platform   -            Mimi's Cafe
[   5/1345] needs-browser chownow      Brigantine Seafood
[   6/1345] wrong-branch  order.online El Pueblo Mexican Food - Carlsbad
[   7/1345] fetch-failed  -            Public Square Coffee House
[   8/1345] screened-out  order.online Wood Ranch Mission Valley
[   9/1345] no-platform   -            The Butcher Shop
[  10/1345] no-platform   -            VG Donut & Bakery
[  11/1345] gated         toast        En Fuego Cantina & Grill
[  12/1345] no-platform   -            The Pita Guys
[  13/1345] no-platform   -            Babycakes San Diego
[  14/1345] no-platform   -            Farmer & The Seahorse
[  15/1345] needs-browser order.online Tom's Famous Family Restaurant 24
[  16/1345] needs-browser Square Online storefront Wayfarer Bread & Pastry
[  17/1345] needs-browser toast        Golden Egg Omelet House
[  18/1345] needs-browser order.online TOM's Famous Family Restaurant 22
[  19/1345] needs-browser plain-html   Por Favor El Cajon
[  20/1345] no-platform   -            Loreto's Taco Shop
[  21/1345] wrong-branch  chownow      Handel’s Homemade Ice Cream
[  22/1345] no-platform   -            Taco Bar
[  23/1345] fetch-failed  -            Gus's Subs & Pizza Place
[  24/1345] needs-browser plain-html   Papas & Tacos Mexican Food
[  25/1345] needs-browser chownow      Parakeet Cafe - Little Italy
[  26/1345] fetch-failed  -            Plazas Mexican Food
[  27/1345] needs-browser toast        MooTime Creamery
[  28/1345] needs-browser toast        Coya Peruvian Secret
[  29/1345] no-platform   -            Red Fox Room and Steakhouse
[  30/1345] no-platform   -            Todo Sushi
[  31/1345] needs-browser GloriaFood widget That Mexican Place
[  32/1345] no-platform   -            El Real Mexican Food
[  33/1345] no-platform   -            Anita's Mexican Restaurant & Cantina
[  34/1345] needs-browser toast        Lanna Thai Cuisine
[  35/1345] screened-out  order.online Grandma Tofu & BBQ
[  36/1345] filed         own-jsonld   Chicken Lisa's and Your Mexican Favorites
[  37/1345] needs-browser slice        Pastalini
[  38/1345] no-platform   -            Hanu Korean BBQ
[  39/1345] no-platform   -            Otay Mandarin Chinese Restaurant
[  40/1345] needs-browser -            Korean Kitchen Tofu & Galbi
[  41/1345] needs-browser olo          Panini Kabob Grill - Mission Valley
[  42/1345] needs-browser toast        The Asian Bistro
[  43/1345] needs-browser Square Online storefront skybound coffee + dessert lounge
[  44/1345] fetch-failed  -            Los Reyes Mexican Restaurant & Cantina
[  45/1345] no-platform   -            It's Raw Poke Shop
[  46/1345] needs-browser order.online Sancho's Tacos
[  47/1345] needs-browser Square Online (own domain) Up2You Cafe
[  48/1345] no-platform   -            Antonio's Mexican Food
[  49/1345] needs-browser toast        Stake Chophouse & Bar
[  50/1345] needs-browser plain-html   Nick's Del Mar
[  51/1345] no-platform   -            Urban Crave
[  52/1345] no-platform   -            Boudin SF
[  53/1345] fetch-failed  -            La Concha Bakery
[  54/1345] needs-browser olo          Better Buzz Coffee Pacific Beach Grand
[  55/1345] no-platform   -            Urban Crave
[  56/1345] too-few       netwaiter    Connie's
[  57/1345] needs-browser plain-html   Pancho's Mexican Restaurant
[  58/1345] no-platform   -            Lucy's Bakery
[  59/1345] filed         own-jsonld   Lil Alex BBQ
[  60/1345] filed         order.online Pho Ca Dao Vietnamese Kitchen
[  61/1345] no-platform   -            Muay Thai Kitchen
[  62/1345] no-platform   -            Baci Restaurant | Italian
[  63/1345] needs-browser order.online Robertito's Mexican Food
[  64/1345] needs-browser toast        Nado Republic
[  65/1345] needs-browser Square Online (own domain) Camp Coffee Company
[  66/1345] needs-browser -            Beyer Deli
[  67/1345] no-platform   -            Umai Sushi
[  68/1345] needs-browser toast        Honey's Bistro & Bakery
[  69/1345] needs-browser Square Online (own domain) Portal Coffee
[  70/1345] wrong-branch  ubereats     Broad Street Dough Co
[  71/1345] no-platform   -            Golden Donut
[  72/1345] wrong-branch  chownow      Handel’s Homemade Ice Cream
[  73/1345] no-platform   -            San Luis Mexican Food
[  74/1345] needs-browser Square Online storefront Prager Brothers Artisan Breads
[  75/1345] fetch-failed  -            Mi Ranchito Taco Shop
[  76/1345] needs-browser spothopper   Los Panchos Mexican Grill & Seafood
[  77/1345] needs-browser toast        Shaks Mediterranean Bistro
[  78/1345] needs-browser MealKeyWay   Dumplings N More
[  79/1345] needs-browser Square Online storefront Maan's Mediterranean Grill
[  80/1345] no-platform   -            Superbloom Coffee & Juice
[  81/1345] needs-browser spothopper   Penelopes Mexican Food
[  82/1345] no-platform   -            CHINA FUSION RESTAURANT
[  83/1345] needs-browser toast        The Remy
[  84/1345] no-platform   -            The Cowshed
[  85/1345] needs-browser Square Online (own domain) Barrio Donas
[  86/1345] fetch-failed  -            Bonchon Chicken
[  87/1345] needs-browser toast        Clayton's Bakery & Bistro
[  88/1345] needs-browser spothopper   Curry & More - Indian Bistro
[  89/1345] no-platform   -            Yingli Restaurant | Chula Vista
[  90/1345] no-platform   -            Red Lobster
[  91/1345] needs-browser spothopper   3N1 Sports Bar & Grill
[  92/1345] needs-browser order.online Scoops La Jolla
[  93/1345] no-platform   -            Señor Taquero
[  94/1345] fetch-failed  -            Edelweiss Bakery
[  95/1345] too-few       netwaiter    Aiberto's Taco Shop
[  96/1345] screened-out  clover       Royal Sweets
[  97/1345] fetch-failed  -            Leucadia Donut Shoppe
[  98/1345] fetch-failed  -            Pacific Beach Ice Cream Co.
[  99/1345] filed         own-jsonld   Turmeric Hut - Indian Restaurant
[ 100/1345] needs-browser -            Tabu Sushi Bar & Grill Santee
[ 101/1345] no-platform   -            SOMISOMI
[ 102/1345] filed         toast        Oggi's Vista
[ 103/1345] wrong-branch  chownow      Handel's Homemade Ice Cream
[ 104/1345] wrong-branch  order.online Lourdes Mexican Food To Go
[ 105/1345] fetch-failed  -            Arizona Chinese Restaurant
[ 106/1345] no-platform   -            Sushi Bar Blue Fin
[ 107/1345] fetch-failed  -            Bay Park Coffee
[ 108/1345] needs-browser Square Online storefront Portinos Restaurant
[ 109/1345] no-platform   -            Big Front Door
[ 110/1345] no-platform   -            Hidden Fish
[ 111/1345] no-platform   -            Sushi Factory
[ 112/1345] no-platform   -            Emma's Mexican Food
[ 113/1345] needs-browser -            Rosarito's Mexican Food #1
[ 114/1345] needs-browser Square Online storefront Sandwich Emporium
[ 115/1345] too-few       netwaiter    Mary Ettas Cafe
[ 116/1345] needs-browser spothopper   il Sogno Italiano
[ 117/1345] no-platform   -            Hanna's Gourmet
[ 118/1345] needs-browser order.online Gelato Paradiso
[ 119/1345] no-platform   -            Valentina
[ 120/1345] no-platform   -            Angelito's Fruteria Y Neveria
[ 121/1345] needs-browser Square Online storefront Pink Rose Cafe
[ 122/1345] no-platform   -            Come On Over Cafe
[ 123/1345] no-platform   -            Flora
[ 124/1345] screened-out  order.online Yogurt Heaven
[ 125/1345] needs-browser slice        Italia Pizza
[ 126/1345] screened-out  order.online Chicken Over Rice Co.
[ 127/1345] fetch-failed  -            El Charro Mexican Food
[ 128/1345] no-platform   -            Honey Baked Ham
[ 129/1345] no-platform   -            Lucy's Bakery
[ 130/1345] needs-browser olo          Randy's Donuts
[ 131/1345] no-platform   -            Cafe Bella Drive Thru
[ 132/1345] fetch-failed  -            Camel's Bar and Grill
[ 133/1345] no-platform   -            Off The 8 Café
[ 134/1345] no-platform   -            Royal India Express
[ 135/1345] needs-browser olo          Luna Grill Millenia
[ 136/1345] no-platform   -            Wahoo's Fish Taco
[ 137/1345] needs-browser Square Online (own domain) Solana Sumptuous Cookies
[ 138/1345] needs-browser MealKeyWay   Surfing Crab Escondido
[ 139/1345] screened-out  menufy       Ginza Sushi
[ 140/1345] needs-browser toast        The Breakfast Mug Oceanside
[ 141/1345] fetch-failed  -            We Olive & Wine Bar
[ 142/1345] no-platform   -            Dragon Express
[ 143/1345] no-platform   -            Tropifruit Juice Bar
[ 144/1345] no-platform   -            Cow-A-Bunga Ice Cream & Coffee
[ 145/1345] fetch-failed  -            The Art of Espresso
[ 146/1345] needs-browser Square Online (own domain) Serrano's Mexican Food
[ 147/1345] fetch-failed  -            Thai Island@
[ 148/1345] no-platform   -            Ike's Love & Sandwiches
[ 149/1345] needs-browser spothopper   Santos Coffee
[ 150/1345] no-platform   -            BKK THAI KITCHEN
[ 151/1345] fetch-failed  -            Palomino's Mexican & Seafood
[ 152/1345] needs-browser toast        Rosemonts Cafe
[ 153/1345] screened-out  shopify      La Colombe Coffee Roasters
[ 154/1345] fetch-failed  -            California's Taco Shop
[ 155/1345] no-platform   -            Shozen BBQ
[ 156/1345] no-platform   -            Athens Market Taverna
[ 157/1345] no-platform   -            PGA Tour Grill
[ 158/1345] needs-browser order.online San Diego Sandwich Co
[ 159/1345] no-platform   -            Mexico Lindo Restaurant
[ 160/1345] needs-browser Square Online (own domain) Matcha Cafe Maiko - Escondido
[ 161/1345] filed         clover       Acropolis Greek Grill
[ 162/1345] needs-browser -            Marieta's Mexican Food
[ 163/1345] no-platform   -            Eugenio Italian Ristorante & More
[ 164/1345] fetch-failed  -            @Spacebar Cafe
[ 165/1345] needs-browser HungerRush   Flippin' Pizza La Costa
[ 166/1345] no-platform   -            Madeleine Café & Bakery
[ 167/1345] no-platform   -            Cake de Partie
[ 168/1345] screened-out  own-jsonld   Hanna Garden
[ 169/1345] no-platform   -            Uncle Biffs California Killer Cookies
[ 170/1345] no-platform   -            Donuts Plus
[ 171/1345] no-platform   -            La Mixteca
[ 172/1345] wrong-branch  chownow      Handel's Homemade Ice Cream
[ 173/1345] no-platform   -            Silverlake Ramen
[ 174/1345] no-platform   -            Kokoro Restaurant
[ 175/1345] no-platform   -            Ortiz Bakery & Restaurant
[ 176/1345] fetch-failed  -            Marlen's Taco Shop
[ 177/1345] no-platform   -            Bravo Cafe
[ 178/1345] fetch-failed  -            Tak Grill Fresh Mediterranean Food
[ 179/1345] no-platform   -            Pizza Mania
[ 180/1345] no-platform   -            Valerio's 1979
[ 181/1345] needs-browser SpotOn       Porky's Lechon Barbecue
[ 182/1345] needs-browser Square Online (own domain) Elixir Espresso & Wine Bar
[ 183/1345] filed         shopify      Flor and Seed Coffee Roasters
[ 184/1345] needs-browser Square Online storefront Crossroads Deli
[ 185/1345] too-few       netwaiter    Opa Greek Restaurant & Grill
[ 186/1345] no-platform   -            Tropical Juices & Deli
[ 187/1345] no-platform   -            Imperial Express
[ 188/1345] fetch-failed  -            Potato Corner
[ 189/1345] no-platform   -            KD's Donuts
[ 190/1345] no-platform   -            The Orient Thai
[ 191/1345] fetch-failed  -            Cielo Rooftop
[ 192/1345] no-platform   -            White Labs Brewing Co - San Diego
[ 193/1345] filed         own-jsonld   Nachos Jr Taco Shop
[ 194/1345] no-platform   -            Pegah's Kitchen
[ 195/1345] no-platform   -            Kaffee Meister
[ 196/1345] needs-browser olo          Luna Grill Encinitas
[ 197/1345] no-platform   -            Glazed Coffee & Creamery
[ 198/1345] no-platform   -            The Leucadian
[ 199/1345] needs-browser toast        The Naked Cafe
[ 200/1345] no-platform   -            Beach + Taco Shack
[ 201/1345] too-few       netwaiter    Pancho's Mexican Grill
[ 202/1345] no-platform   -            ENO Market & Pizzeria
[ 203/1345] no-platform   -            Nothing Bundt Cakes
[ 204/1345] needs-browser Square Online storefront Thyme for Lunch Cafe & Grill
[ 205/1345] needs-browser -            SoCal Sushi
[ 206/1345] filed         own-jsonld   Roberto’s Taco Shop - Pacific Beach
[ 207/1345] needs-browser -            Phở Hòa Restaurant | Vietnamese
[ 208/1345] screened-out  menufy       IB Thai
[ 209/1345] no-platform   -            Ko-Li Bar
[ 210/1345] needs-browser Square Online storefront Mesa Agricola
[ 211/1345] no-platform   -            Rosarito's Mexican Food #7
[ 212/1345] no-platform   -            Que Tortas
[ 213/1345] needs-browser Square Online (own domain) Industrial Grind Coffee
[ 214/1345] screened-out  shopify      James Coffee Co
[ 215/1345] needs-browser chownow      Pho Hiep & Grill
[ 216/1345] no-platform   -            The Grounds Bean Bar
[ 217/1345] no-platform   -            Kaito Sushi
[ 218/1345] screened-out  shopify      Seven Seas Roasting Company
[ 219/1345] needs-browser -            Fat Joe’s O’side
[ 220/1345] fetch-failed  -            Donut Factory
[ 221/1345] no-platform   -            YuJing Chinese Restaurant
[ 222/1345] fetch-failed  -            Olive Baking Company
[ 223/1345] no-platform   -            Tea Pavilion
[ 224/1345] too-few       netwaiter    Vamos a Texcoco
[ 225/1345] needs-browser -            Banh Mi Blvd
[ 226/1345] no-platform   -            La Moreliana
[ 227/1345] needs-browser Square Online (own domain) Dot Cafe
[ 228/1345] needs-browser order.online BB's Deli
[ 229/1345] fetch-failed  -            Chopsticks Chinese Cuisine
[ 230/1345] fetch-failed  -            Valentinas Taco Shop
[ 231/1345] no-platform   -            Blue Pepper Asian Cuisine
[ 232/1345] fetch-failed  -            Memo's Golden Bagel
[ 233/1345] fetch-failed  -            The Reunion
[ 234/1345] filed         order.online China Fusion- La Costa
[ 235/1345] needs-browser -            Seaview Restaurant
[ 236/1345] needs-browser order.online Le Macaron French Pastries
[ 237/1345] no-platform   -            Rosa's Kitchen
[ 238/1345] fetch-failed  -            Eat Your Heart Out II
[ 239/1345] needs-browser SpotOn       Kalei's Kitchenette
[ 240/1345] needs-browser toast        Lime in the Coconut
[ 241/1345] filed         order.online Poki Poki & Boba Tea - Vista
[ 242/1345] needs-browser -            Aaharn Thai @ University City
[ 243/1345] fetch-failed  -            Bistro Pazzo
[ 244/1345] needs-browser MealKeyWay   Iron Wok
[ 245/1345] no-platform   -            Park Blvd Express | Chinese
[ 246/1345] no-platform   -            JL China House
[ 247/1345] no-platform   -            San Diego Blenders
[ 248/1345] no-platform   -            Joses Taco Shop
[ 249/1345] filed         toast        Baja Rick's Cantina
[ 250/1345] needs-browser slice        Rock On Pizza
[ 251/1345] needs-browser Square Online storefront Sue's Korean Kitchen
[ 252/1345] no-platform   -            Nanay's Best BBQ
[ 253/1345] no-platform   -            Purple Owl Cafe
[ 254/1345] no-platform   -            Side Bar
[ 255/1345] fetch-failed  -            Al Teatro Panini Grill
[ 256/1345] wrong-branch  toast        Cross Street Chicken and Beer
[ 257/1345] no-platform   -            Black Radish
[ 258/1345] no-platform   -            Little Ceasar's
[ 259/1345] fetch-failed  -            Idego Coffee Roasters
[ 260/1345] filed         order.online GK Grill
[ 261/1345] needs-browser toast        Blue Palm Mission Beach
[ 262/1345] no-platform   -            Explorers Café
[ 263/1345] gated         toast        Gravity Heights Mission Valley
[ 264/1345] no-platform   -            Criscito Pizza
[ 265/1345] fetch-failed  -            Rosarito's Mexican Food #2
[ 266/1345] needs-browser Square Online storefront Tacoman
[ 267/1345] too-few       netwaiter    Nolberto's Taco Shop
[ 268/1345] fetch-failed  -            Bar Kamon
[ 269/1345] filed         order.online Tu Taco Taco Shop
[ 270/1345] filed         own-jsonld   Franca's Italian Kitchen & Bar
[ 271/1345] no-platform   -            Surfdog's Java Hot
[ 272/1345] no-platform   -            The Luau
[ 273/1345] no-platform   -            Hino
[ 274/1345] needs-browser Square Online storefront Fan-Fan
[ 275/1345] no-platform   -            Red Ribbon Bakeshop
[ 276/1345] no-platform   -            Coral Tree Tea House
[ 277/1345] fetch-failed  -            P B Pub
[ 278/1345] fetch-failed  -            Prince Hookah Cafe
[ 279/1345] no-platform   -            World Famous I Bar
[ 280/1345] no-platform   -            Red Ribbon Bakeshop
[ 281/1345] no-platform   -            Sushi MARU
[ 282/1345] fetch-failed  -            Thai Fresh
[ 283/1345] fetch-failed  -            Gotcha
[ 284/1345] fetch-failed  -            Victor's Kafe - Poway
[ 285/1345] no-platform   -            SOT BBQ
[ 286/1345] no-platform   -            Mother's Kitchen
[ 287/1345] no-platform   -            Thai Style
[ 288/1345] no-platform   -            Brown Bag Deli
[ 289/1345] no-platform   -            The Halal Shack
[ 290/1345] filed         order.online Teriyaki House
[ 291/1345] no-platform   -            Aztec Food Hub
[ 292/1345] needs-browser toast        Mr. Charlie's
[ 293/1345] needs-browser toast        BenGong's Tea
[ 294/1345] no-platform   -            Marlene's Tea & Cakes
[ 295/1345] no-platform   -            Corner Cafe | Chinese
[ 296/1345] no-platform   -            Crispy Chicken n' Tomato
[ 297/1345] no-platform   -            Tony’s Newport Cafe
[ 298/1345] no-platform   -            Quantum Brewing
[ 299/1345] needs-browser plain-html   Donut Stop
[ 300/1345] no-platform   -            Zhang Liang Malatang
[ 301/1345] no-platform   -            Taco Time Food Truck
[ 302/1345] no-platform   -            Gong Cha
[ 303/1345] no-platform   -            The Burrito Factory
[ 304/1345] no-platform   -            Kona Coffee
[ 305/1345] wrong-branch  toast        Mexican Bar
[ 306/1345] no-platform   -            The Mental Bar- Coffee, Tea & Wellness
[ 307/1345] needs-browser SpotOn       D Wings & Ribs
[ 308/1345] no-platform   -            The Elegant Truffle
[ 309/1345] no-platform   -            Ding Tea SDSU
[ 310/1345] needs-browser toast        Pit Stop Pizza
[ 311/1345] no-platform   -            Thai Thai West Mission
[ 312/1345] no-platform   -            Nothing Bundt Cakes
[ 313/1345] no-platform   -            Millport
[ 314/1345] no-platform   -            Cake Korner
[ 315/1345] needs-browser -            Panorama Bar & Grill
[ 316/1345] no-platform   -            La Perlita Mexican Food
[ 317/1345] wrong-branch  toast        Blue Ocean Sushi
[ 318/1345] no-platform   -            64 Degrees
[ 319/1345] no-platform   -            Seahorse Coffee
[ 320/1345] fetch-failed  -            Stagecoach Inn
[ 321/1345] no-platform   -            The Deli Stop
[ 322/1345] no-platform   -            The Pool House
[ 323/1345] needs-browser order.online Poki Poki - Encinitas
[ 324/1345] wrong-branch  toast        The Crack Shack - Pacific Beach
[ 325/1345] needs-browser Square Online storefront Cargo Cafe
[ 326/1345] no-platform   -            D'Sotos Mexican Food
[ 327/1345] no-platform   -            Parkys
[ 328/1345] filed         own-jsonld   Sankalp: The Taste of India
[ 329/1345] needs-browser MealKeyWay   Zhengxin Chicken Steak
[ 330/1345] needs-browser Square Online (own domain) Elixir Espresso Bar
[ 331/1345] no-platform   -            Chin's Gourmet
[ 332/1345] fetch-failed  -            Topside Terrace Kitchen & Bar
[ 333/1345] needs-browser toast        Bonehead Burger Co.
[ 334/1345] no-platform   -            Shanghai Cuisine
[ 335/1345] needs-browser chownow      Gor Gai Thai Eatery
[ 336/1345] needs-browser toast        Matoi
[ 337/1345] needs-browser Square Online storefront Sul & Beans
[ 338/1345] no-platform   -            Sura BBQ & SHABU
[ 339/1345] fetch-failed  -            Pho Olala
[ 340/1345] no-platform   -            The Well Cafe
[ 341/1345] no-platform   -            China Express
[ 342/1345] needs-browser Square Online storefront ZzanG Hotdog & Chicken
[ 343/1345] no-platform   -            The Surf Club Oceanside
[ 344/1345] needs-browser -            Hancock Street Cafe
[ 345/1345] no-platform   -            The Peruvian Spot
[ 346/1345] no-platform   -            Thiên Hương Bánh Cuốn Vietnamese Cuisine
[ 347/1345] no-platform   -            The Lean Machine Meal Prep
[ 348/1345] needs-browser olo          Sweetfin
[ 349/1345] no-platform   -            Teaspoon
[ 350/1345] screened-out  clover       Hooked On Pokè
[ 351/1345] needs-browser order.online Daniel's Taco Shop
[ 352/1345] fetch-failed  -            Roots Bowls
[ 353/1345] no-platform   -            Channel 2 Sports Bar
[ 354/1345] no-platform   -            Pick Up Stix Fresh Asian Flavors
[ 355/1345] no-platform   -            Curry Up Now
[ 356/1345] no-platform   -            Chen Golden Palace
[ 357/1345] no-platform   -            Thai Society Restaurant
[ 358/1345] needs-browser SpotOn       Hot or Not Thai
[ 359/1345] fetch-failed  -            Sadaf Restaurant
[ 360/1345] fetch-failed  -            Deano's Pub
[ 361/1345] needs-browser MealKeyWay   Szechuan Chef Chinese Cuisine
[ 362/1345] no-platform   -            Ding Tea Escondido
[ 363/1345] no-platform   -            Bistro Kaz
[ 364/1345] fetch-failed  -            Le Rendez-Vous French Bakery
[ 365/1345] needs-browser order.online DaYung's Tea
[ 366/1345] needs-browser HungerRush   Flippin Pizza Encinitas
[ 367/1345] fetch-failed  -            Instant Replay
[ 368/1345] no-platform   -            Craft Café at Mingei
[ 369/1345] screened-out  menufy       Kotija, Jr.
[ 370/1345] no-platform   -            La Central
[ 371/1345] fetch-failed  -            Ace New York Giant Pizza Bar & Lounge
[ 372/1345] fetch-failed  -            Rosaria's Pizza 4
[ 373/1345] no-platform   -            Abnormal Beer Co
[ 374/1345] fetch-failed  -            Kearny Mesa Brothers Mexican Restaurant
[ 375/1345] wrong-branch  order.online Submarina
[ 376/1345] needs-browser Square Online storefront Invita Cafe
[ 377/1345] fetch-failed  -            Long Story Irish Pub
[ 378/1345] no-platform   -            Mike Hess Brewing Tasting Room
[ 379/1345] fetch-failed  -            Tulum Seafood
[ 380/1345] no-platform   -            It's A Piece A Cake
[ 381/1345] no-platform   -            City Dragon
[ 382/1345] no-platform   -            Vitality Bowls
[ 383/1345] no-platform   -            San Diego Eagle
[ 384/1345] no-platform   -            Musashiya
[ 385/1345] no-platform   -            The Brass Rail
[ 386/1345] no-platform   -            El Cubano
[ 387/1345] no-platform   -            Giant Pizza King #6
[ 388/1345] no-platform   -            Sidny's Bagels & Deli
[ 389/1345] no-platform   -            Pupusas Express y Mexican Food
[ 390/1345] fetch-failed  -            Panda's Tortas and Frutas locas
[ 391/1345] no-platform   -            Pop Pie Co. Pacific Beach
[ 392/1345] too-few       netwaiter    Goyo's Bakery
[ 393/1345] needs-browser toast        Upper East
[ 394/1345] no-platform   -            Capital One Cafe
[ 395/1345] no-platform   -            CAFE 160
[ 396/1345] no-platform   -            Okavango Outpost
[ 397/1345] wrong-branch  toast        Cafe 86
[ 398/1345] no-platform   -            Donutopolis
[ 399/1345] no-platform   -            Pizza at the Ranch
[ 400/1345] no-platform   -            Bale French Sandwiches
[ 401/1345] no-platform   -            Nancys Taco Shop
[ 402/1345] fetch-failed  -            Kinchana
[ 403/1345] needs-browser order.online Taste of Thai
[ 404/1345] no-platform   -            Marketplace Grille
[ 405/1345] fetch-failed  -            Spoon House
[ 406/1345] fetch-failed  -            Kaki Sushi
[ 407/1345] needs-browser order.online Elsa's Kitchen
[ 408/1345] no-platform   -            African Spices
[ 409/1345] no-platform   -            Kearny Mesa Deli
[ 410/1345] no-platform   -            Hoffer's Cigar Bar
[ 411/1345] no-platform   -            Abierto's Mexican Food
[ 412/1345] fetch-failed  -            Mosa Tea
[ 413/1345] no-platform   -            Gloria's Taco Shop
[ 414/1345] no-platform   -            Babcock & Story Bar
[ 415/1345] needs-browser Square Online storefront Mad Munch Grilled Cheezer Co.
[ 416/1345] filed         own-jsonld   Spoon Thai
[ 417/1345] screened-out  toast        Agave Taco Shop
[ 418/1345] screened-out  slice        Mike's Giant New York Pizza
[ 419/1345] no-platform   -            La Michoacana
[ 420/1345] needs-browser plain-html   JNC Pinoy Foodmart
[ 421/1345] no-platform   -            Julian Tea & Cottage Arts
[ 422/1345] wrong-branch  toast        Achilles Coffee Roasters
[ 423/1345] no-platform   -            Dine with Orcas
[ 424/1345] needs-browser toast        Dora
[ 425/1345] no-platform   -            Novecientos Grados by Tony Hawk
[ 426/1345] no-platform   -            Lucky Doughnut
[ 427/1345] no-platform   -            Teriyaki Madness
[ 428/1345] no-platform   -            Cool Down Coffee
[ 429/1345] no-platform   -            Nobu
[ 430/1345] screened-out  order.online Frida's Taqueria
[ 431/1345] no-platform   -            Bopomofo Cafe
[ 432/1345] needs-browser chownow      Juice Kaboose
[ 433/1345] no-platform   -            Los Kompadres Mexican Food
[ 434/1345] needs-browser chownow      Leos Kitchen
[ 435/1345] no-platform   -            Smittys Downtown
[ 436/1345] needs-browser toast        Thai Ladle
[ 437/1345] needs-browser toast        Junction Bar & Grill
[ 438/1345] fetch-failed  -            Sammich House Deli & Juice Bar
[ 439/1345] wrong-branch  clover       Manzanita Roasting Co
[ 440/1345] no-platform   -            Pho & Wings
[ 441/1345] no-platform   -            Yummy Yummy Juice Bar
[ 442/1345] no-platform   -            Tom's Chinese BBQ
[ 443/1345] no-platform   -            Urban Bubble
[ 444/1345] needs-browser order.online Donut Bros
[ 445/1345] no-platform   -            La Nacional
[ 446/1345] no-platform   -            Bay City Brewing Co Tasting Room
[ 447/1345] needs-browser order.online Deli Belly
[ 448/1345] no-platform   -            Pizzabilities - Alpine
[ 449/1345] needs-browser Square Online storefront Tasty Pizza Escondido LLC
[ 450/1345] wrong-branch  clover       Hyderabad Cafe
[ 451/1345] too-few       netwaiter    Roma's Pizza
[ 452/1345] no-platform   -            Tenkatori
[ 453/1345] no-platform   -            Kanpai BBQ & Shabu
[ 454/1345] no-platform   -            Angela's Eccentric Kitchen
[ 455/1345] no-platform   -            Juice Stop Encinitas
[ 456/1345] no-platform   -            Kind Coffee
[ 457/1345] needs-browser SpotOn       La Banana Fruits - Fruteria
[ 458/1345] needs-browser MealKeyWay   Ma's House
[ 459/1345] no-platform   -            Leucadia Pizza Point Loma
[ 460/1345] filed         own-jsonld   Sushi Ren
[ 461/1345] no-platform   -            Picasso's Naturals
[ 462/1345] needs-browser toast        Understory Bar
[ 463/1345] fetch-failed  -            Deano's Pub East
[ 464/1345] too-few       netwaiter    Star Express
[ 465/1345] no-platform   -            Nova Easy Kombucha
[ 466/1345] needs-browser -            Pina Smoothies
[ 467/1345] needs-browser Square Online (own domain) Rad Habits Juice
[ 468/1345] no-platform   -            Pho G-Beef
[ 469/1345] no-platform   -            Ranch House Restaurant
[ 470/1345] needs-browser toast        Angry Petes Pizza Point Loma
[ 471/1345] needs-browser MealKeyWay   Spicy Noodle
[ 472/1345] fetch-failed  -            Bonchon Chicken
[ 473/1345] no-platform   -            Village Pub
[ 474/1345] no-platform   -            Del Sushi
[ 475/1345] no-platform   -            Roberto's Taco Shop RB
[ 476/1345] no-platform   -            Tastea
[ 477/1345] no-platform   -            U Dessert Eats
[ 478/1345] needs-browser SpotOn       Mariscos y Miches El Patron
[ 479/1345] needs-browser chownow      Juice Caboose
[ 480/1345] no-platform   -            Hometown Taste
[ 481/1345] no-platform   -            Kona Kakes Tropical Cake Bakery
[ 482/1345] no-platform   -            Burrito King
[ 483/1345] needs-browser toast        Snack Shack
[ 484/1345] no-platform   -            Rocco's Pizza Deli
[ 485/1345] no-platform   -            Cali Mex Cocina
[ 486/1345] no-platform   -            Granny's Apple Fries
[ 487/1345] screened-out  shopify      Seven Seas Roasting
[ 488/1345] no-platform   -            Unique Sandwiches
[ 489/1345] needs-browser Square Online storefront Goli
[ 490/1345] no-platform   -            Bowl To Go
[ 491/1345] needs-browser Square Online storefront Dog Leg Brewing
[ 492/1345] fetch-failed  -            El Mercadito
[ 493/1345] wrong-branch  toast        Cafe 86
[ 494/1345] needs-browser toast        Burekas Box
[ 495/1345] needs-browser toast        A Louest
[ 496/1345] no-platform   -            Star Dust Donut Shop
[ 497/1345] no-platform   -            Gihon Ethiopian Kitchen
[ 498/1345] no-platform   -            Java Earth Coffee
[ 499/1345] no-platform   -            Kotobuki
[ 500/1345] fetch-failed  -            Gem Coffee
[ 501/1345] no-platform   -            Cj Lounge
[ 502/1345] fetch-failed  -            Vica’s Cafe
[ 503/1345] no-platform   -            Wah Shing | Chinese Food
[ 504/1345] no-platform   -            Las Michoacanas
[ 505/1345] wrong-branch  toast        Chaiwale & Co. Tea Room & Cafe
[ 506/1345] gated         order.online Tutti Frutti Frozen Yogurt
[ 507/1345] wrong-branch  order.online The Pad Thai Stand
[ 508/1345] no-platform   -            Bazille at Nordstrom
[ 509/1345] needs-browser Square Online (own domain) The Craft Taco at The Nat
[ 510/1345] fetch-failed  -            Orient Valley Filipino Cuisine
[ 511/1345] fetch-failed  -            Cheers
[ 512/1345] no-platform   -            Erika's Mexican Food & Seafood
[ 513/1345] needs-browser toast        Kinme Omakase
[ 514/1345] no-platform   -            Social hookah lounge
[ 515/1345] no-platform   -            R3fresh Juice Bar
[ 516/1345] fetch-failed  -            Bang Bang
[ 517/1345] fetch-failed  -            Jungle Tea
[ 518/1345] no-platform   -            Sarku Japan
[ 519/1345] needs-browser Square Online (own domain) Castelli & Pizarro Family Vineyards & Winery
[ 520/1345] needs-browser slice        Papa's Pizza
[ 521/1345] no-platform   -            The Chicken Snack Shack
[ 522/1345] needs-browser MealKeyWay   Ten Seconds Yunnan Rice Noodle
[ 523/1345] too-few       netwaiter    Surf N Sub Deli
[ 524/1345] no-platform   -            Park Commons
[ 525/1345] fetch-failed  -            Bobalicious
[ 526/1345] no-platform   -            Hibisco Tacos and More
[ 527/1345] no-platform   -            Hongyuan Kebab
[ 528/1345] no-platform   -            China Fun
[ 529/1345] wrong-branch  clover       Burros and Fries
[ 530/1345] no-platform   -            SusieCakes - Carlsbad
[ 531/1345] no-platform   -            Tu Thanh
[ 532/1345] needs-browser -            Rambler Coffee
[ 533/1345] wrong-branch  order.online La michoacana Plus San Diego #2
[ 534/1345] too-few       netwaiter    Kim's Bar-B-Que
[ 535/1345] too-few       netwaiter    K & K Orient Valley Food Center
[ 536/1345] no-platform   -            PB Oriental
[ 537/1345] no-platform   -            DRIFT La Jolla
[ 538/1345] needs-browser toast        Grab & Go - Mission Hills
[ 539/1345] no-platform   -            PKI Sushi
[ 540/1345] needs-browser -            Modern Times Coffee
[ 541/1345] wrong-branch  toast        Tajima Ramen Crown Point
[ 542/1345] no-platform   -            Marketplace Grille
[ 543/1345] needs-browser slice        Del Cerro Pizza
[ 544/1345] no-platform   -            Leucadia Pizza
[ 545/1345] no-platform   -            Prendi E Vai
[ 546/1345] needs-browser -            La Familia Callejas mexican food
[ 547/1345] no-platform   -            Landshark Bar & Grill
[ 548/1345] no-platform   -            Bubbles & Brews Cafe
[ 549/1345] too-few       shopify      Go Greek Authentic Yogurteria
[ 550/1345] needs-browser order.online Tous les Jours
[ 551/1345] no-platform   -            Cherry Bomb
[ 552/1345] no-platform   -            Sieu Sieu BBQ
[ 553/1345] fetch-failed  -            Mariscos La Morena
[ 554/1345] needs-browser spothopper   El Viejon
[ 555/1345] no-platform   -            Casa Fiesta Juice Bar
[ 556/1345] no-platform   -            The Pearl Restaurant
[ 557/1345] no-platform   -            Bar Ella
[ 558/1345] needs-browser Square Online storefront Flour Atelier
[ 559/1345] needs-browser -            Oakberry Acai
[ 560/1345] no-platform   -            Möge Tee
[ 561/1345] no-platform   -            Knights' Smokehouse BBQ
[ 562/1345] no-platform   -            Lapper Kitchen + Tap
[ 563/1345] filed         ubereats     Tora Tora Sushi Specialist
[ 564/1345] no-platform   -            Imperial Palace
[ 565/1345] no-platform   -            Egg Holic
[ 566/1345] no-platform   -            Quick Wok
[ 567/1345] needs-browser SpotOn       Pacific Fruit Bar
[ 568/1345] no-platform   -            Kim's Deli
[ 569/1345] needs-browser plain-html   Roppongi
[ 570/1345] no-platform   -            Nothing Bundt Cakes
[ 571/1345] no-platform   -            Vinya Yoga and Wine Bar
[ 572/1345] too-few       own-jsonld   Vinh Long Food To Go
[ 573/1345] no-platform   -            Alpine Pho & Grill
[ 574/1345] needs-browser order.online Qin West
[ 575/1345] fetch-failed  -            Happytime Tea
[ 576/1345] no-platform   -            Campus Cafe
[ 577/1345] needs-browser toast        Taco Loco
[ 578/1345] screened-out  shopify      Casa De Otay – The Casita
[ 579/1345] no-platform   -            Hua Mei Cafe
[ 580/1345] fetch-failed  -            Hammer's New York Pizza
[ 581/1345] no-platform   -            Ching's Famous Hopia
[ 582/1345] no-platform   -            T. P. Bánh Bao 3
[ 583/1345] no-platform   -            Necter Juice Bar
[ 584/1345] no-platform   -            LJ Crafted Wines - Wines & Tastings
[ 585/1345] no-platform   -            Cafe Aero
[ 586/1345] wrong-branch  order.online The Pad Thai Stand
[ 587/1345] no-platform   -            Josie's Hideout Saloon
[ 588/1345] no-platform   -            Gather
[ 589/1345] no-platform   -            D'liteful Chocolat
[ 590/1345] no-platform   -            Presotea
[ 591/1345] fetch-failed  -            Oakberry Açaí bowls
[ 592/1345] fetch-failed  -            Bonita Donuts
[ 593/1345] no-platform   -            De Kotija Taco Shop LLC
[ 594/1345] no-platform   -            Creperie Antoinette
[ 595/1345] needs-browser order.online Mochinut
[ 596/1345] no-platform   -            Valerio's 1979
[ 597/1345] no-platform   -            Tasty Donuts
[ 598/1345] needs-browser SpotOn       Fruteria La Capirucha
[ 599/1345] no-platform   -            Trevi Hills Winery
[ 600/1345] wrong-branch  toast        Tree House
[ 601/1345] no-platform   -            Old Town Eatery
[ 602/1345] needs-browser order.online Poke One N Half
[ 603/1345] no-platform   -            Jamal's Chicken
[ 604/1345] needs-browser -            Nomada
[ 605/1345] no-platform   -            Ridgewalk Social
[ 606/1345] too-few       netwaiter    Guerrero Taco Shop
[ 607/1345] no-platform   -            Sydney's
[ 608/1345] no-platform   -            Tres Hermanos Locos Tacos
[ 609/1345] no-platform   -            Sunny Dumpling House
[ 610/1345] needs-browser chownow      Off the Vine Gardens Deli And Catering
[ 611/1345] no-platform   -            Cha Cha Tea Spot
[ 612/1345] needs-browser Square Online (own domain) Cafe Pascale Grill & Deli
[ 613/1345] needs-browser Square Online storefront Bean Box
[ 614/1345] no-platform   -            Pancho's Mexican Grill
[ 615/1345] needs-browser -            Cluck N Sip
[ 616/1345] no-platform   -            Asmara Cafe/restaurant
[ 617/1345] gated         toast        Michele Coulon Dessertier
[ 618/1345] no-platform   -            Bamboo Pho and Sushi
[ 619/1345] needs-browser toast        Cork & Stem
[ 620/1345] needs-browser -            Pure Squeeze
[ 621/1345] no-platform   -            DaYung's Tea
[ 622/1345] needs-browser -            Divina Matcha
[ 623/1345] no-platform   -            Nothing Bundt Cakes
[ 624/1345] too-few       netwaiter    Playa Azul Mariscos Restaurant
[ 625/1345] no-platform   -            Centerpark Cafe
[ 626/1345] fetch-failed  -            Yas Lounge
[ 627/1345] no-platform   -            Qualcomm Cafe Q
[ 628/1345] no-platform   -            Lambers Chinese Bakery
[ 629/1345] no-platform   -            Ohana Nutrition
[ 630/1345] no-platform   -            Jaguar Paw
[ 631/1345] no-platform   -            Linda's Yogurt & Deli
[ 632/1345] no-platform   -            Asia Wok Teppanyaki & Chinese Food
[ 633/1345] needs-browser toast        56 Thai Cafe
[ 634/1345] no-platform   -            Bivouac Adventure Lodge Coffee Shop
[ 635/1345] no-platform   -            All That Shabu
[ 636/1345] needs-browser plain-html   Local Krave PB/Bay Ho
[ 637/1345] wrong-branch  order.online The Poke Co.
[ 638/1345] no-platform   -            Don Roman Taco Shop
[ 639/1345] fetch-failed  -            Grubz
[ 640/1345] fetch-failed  -            Cafe X: By Any Beans Necessary
[ 641/1345] no-platform   -            Monkey Bar
[ 642/1345] fetch-failed  -            La Moreña Mariscos
[ 643/1345] no-platform   -            Cali Banh Mi
[ 644/1345] needs-browser Square Online storefront Montebello
[ 645/1345] fetch-failed  -            Warner Springs Golf Shop & Grill
[ 646/1345] no-platform   -            Raspados Shave Ice
[ 647/1345] fetch-failed  -            Refresh Coffee
[ 648/1345] no-platform   -            The Grillery
[ 649/1345] no-platform   -            The Golf Bar
[ 650/1345] wrong-branch  toast        Boba Tea Spot
[ 651/1345] too-few       netwaiter    Ba Le French Sandwich Shop
[ 652/1345] filed         toast        Timestead by Modern Times
[ 653/1345] fetch-failed  -            Tazza D'Oro
[ 654/1345] no-platform   -            All Things Ube Desserts
[ 655/1345] needs-browser Square Online storefront Cargo Cafe - Paseo Del Mar
[ 656/1345] no-platform   -            The Collective
[ 657/1345] no-platform   -            Pub 1795
[ 658/1345] no-platform   -            Lemongrass
[ 659/1345] no-platform   -            Choice Juicery
[ 660/1345] no-platform   -            Tandoori Guys
[ 661/1345] fetch-failed  -            Paradise Kabob
[ 662/1345] fetch-failed  -            Route 6 Coffee & Smoothies
[ 663/1345] no-platform   -            5 O'Clock Somewhere Rooftop Bar
[ 664/1345] needs-browser toast        Pita Pit
[ 665/1345] wrong-branch  chownow      Cream
[ 666/1345] needs-browser MealKeyWay   Suki Hana
[ 667/1345] no-platform   -            Thorntree Terrace
[ 668/1345] no-platform   -            The Loft at UC San Diego
[ 669/1345] needs-browser toast        Grab & Go
[ 670/1345] no-platform   -            Mike Hess Brewing - Seaport Village Taphouse
[ 671/1345] needs-browser Paytronix    Ziggi's Coffee
[ 672/1345] fetch-failed  -            Shabu Spot
[ 673/1345] needs-browser order.online La Pizzeria Arrivederci
[ 674/1345] needs-browser toast        Johnny Radz Pizza
[ 675/1345] needs-browser slice        Seniore's Pizza
[ 676/1345] wrong-branch  popmenu      Alohana Açaí Bowls
[ 677/1345] no-platform   -            Sunright Tea Studio
[ 678/1345] too-few       netwaiter    J & J's Mexican Food
[ 679/1345] no-platform   -            Huy Ky Bakery
[ 680/1345] no-platform   -            Lady Carolyn’s Pub
[ 681/1345] no-platform   -            F Street Cafe
[ 682/1345] too-few       netwaiter    Pizza Grande
[ 683/1345] wrong-branch  toast        Enoteca Buona Forchetta
[ 684/1345] no-platform   -            Zoo Brew
[ 685/1345] fetch-failed  -            La Jolla Boba
[ 686/1345] no-platform   -            Dockside Casual Seafood Counter
[ 687/1345] no-platform   -            Zest Wine Bistro
[ 688/1345] no-platform   -            The MRKT
[ 689/1345] fetch-failed  -            Civic Center Cafe
[ 690/1345] no-platform   -            Nutri Juice
[ 691/1345] fetch-failed  -            Suki Hana
[ 692/1345] no-platform   -            Craft Pizza
[ 693/1345] no-platform   -            62 Area Chow Hall
[ 694/1345] needs-browser MealKeyWay   Yuki Yuki
[ 695/1345] too-few       netwaiter    Sandwich Place
[ 696/1345] no-platform   -            Royal Pearl Tea
[ 697/1345] no-platform   -            Choice Juicery
[ 698/1345] no-platform   -            Forum Deli
[ 699/1345] no-platform   -            Treetops Cafe
[ 700/1345] no-platform   -            Nicholson Commons
[ 701/1345] no-platform   -            Test Kitchen
[ 702/1345] wrong-branch  toast        Tapas Bar
[ 703/1345] filed         order.online La Michoacana Fallbrook
[ 704/1345] no-platform   -            Madina Market Halal Fast Food
[ 705/1345] no-platform   -            Manta Pizza
[ 706/1345] no-platform   -            Moniker General
[ 707/1345] no-platform   -            Michoacana Mia - SDSU
[ 708/1345] gated         toast        Mission + Garnet Food Hall
[ 709/1345] no-platform   -            Plaza Deli
[ 710/1345] needs-browser -            Coco Bomb
[ 711/1345] needs-browser -            Market One
[ 712/1345] no-platform   -            Pure Green
[ 713/1345] no-platform   -            longball cocktail
[ 714/1345] no-platform   -            Blue Bowl Superfoods
[ 715/1345] no-platform   -            La Paloma
[ 716/1345] needs-browser GloriaFood widget Matisse Bistro
[ 717/1345] no-platform   -            Green Leaf Cafe & Catering
[ 718/1345] no-platform   -            Sip Fresh
[ 719/1345] needs-browser -            Fresca Deli .
[ 720/1345] needs-browser toast        Chapters Cafe
[ 721/1345] no-platform   -            The Lookout at Lake Poway
[ 722/1345] no-platform   -            Showa Ramen
[ 723/1345] no-platform   -            Chester's
[ 724/1345] no-platform   -            Mombasa Cooker
[ 725/1345] needs-browser order.online WUHU TEA & DELI
[ 726/1345] fetch-failed  -            Mister G Salsa
[ 727/1345] no-platform   -            Surf City Squeeze
[ 728/1345] no-platform   -            Collette’s Collaborative Collective Cuisine
[ 729/1345] no-platform   -            Warung RieRie
[ 730/1345] no-platform   -            El Cilantro Mexican Grill
[ 731/1345] no-platform   -            FiveO3 Pupusas
[ 732/1345] fetch-failed  -            Healthy Grill Mediterranean
[ 733/1345] fetch-failed  -            Unico Juice Shop
[ 734/1345] no-platform   -            Thérapie Bistro
[ 735/1345] no-platform   -            Topo's Tacos
[ 736/1345] needs-browser Square Online storefront The Bean Box 701
[ 737/1345] no-platform   -            FLAVORS EXPRESS SDSU
[ 738/1345] no-platform   -            Chagee
[ 739/1345] no-platform   -            Prado Perk
[ 740/1345] needs-browser SpotOn       Oriste Fairway Cafe
[ 741/1345] no-platform   -            Poway Social House
[ 742/1345] needs-browser Square Online storefront Ramen Station
[ 743/1345] no-platform   -            Fallen Empire
[ 744/1345] no-platform   -            Finca Casa Blanca
[ 745/1345] filed         spothopper   KnB Bistro - Tierrasanta
[ 746/1345] needs-browser Square Online storefront Cargo Cafe - Wateridge
[ 747/1345] fetch-failed  -            El huevo estrellado # 2
[ 748/1345] no-platform   -            Boba n More
[ 749/1345] needs-browser Square Online storefront Cargo Cafe - Gateway
[ 750/1345] no-platform   -            Lò Bánh Cuốn Tân Định
[ 751/1345] no-platform   -            Pavilion Dining
[ 752/1345] no-platform   -            Bert's Bistro
[ 753/1345] no-platform   -            El Camino
[ 754/1345] no-platform   -            Bosley Cafe
[ 755/1345] fetch-failed  -            Med Cafe
[ 756/1345] no-platform   -            Come On In Cafe
[ 757/1345] wrong-branch  toast        Junya's Crispy Karaage
[ 758/1345] needs-browser Square Online storefront Copa Vida
[ 759/1345] fetch-failed  -            Toast Gastrobrunch
[ 760/1345] no-platform   -            Cafe Bella
[ 761/1345] no-platform   -            Filibertos
[ 762/1345] fetch-failed  -            Tango Restaurant & Lounge
[ 763/1345] no-platform   -            U31
[ 764/1345] wrong-branch  clover       Mikko Sushi
[ 765/1345] no-platform   -            2GOOD2B Bakery & Cafe
[ 766/1345] no-platform   -            Chippy's Diner
[ 767/1345] fetch-failed  -            Pizzicato
[ 768/1345] no-platform   -            Tradewinds
[ 769/1345] no-platform   -            Jordan
[ 770/1345] fetch-failed  -            Coco's Bakery
[ 771/1345] fetch-failed  -            Escondido Joe's
[ 772/1345] wrong-branch  toast        The Coffee Spot
[ 773/1345] no-platform   -            Slater's 50/50
[ 774/1345] no-platform   -            SPACE
[ 775/1345] no-platform   -            Onny's Thai Restaurant
[ 776/1345] no-platform   -            Taste of Hong Kong
[ 777/1345] no-platform   -            Our Green Affair
[ 778/1345] no-platform   -            Lagoon Terrace
[ 779/1345] no-platform   -            Nékter Juice Bar
[ 780/1345] no-platform   -            Rush Bowls
[ 781/1345] no-platform   -            Underwater Cantina
[ 782/1345] no-platform   -            Our Green Affair
[ 783/1345] no-platform   -            Fairbanks
[ 784/1345] no-platform   -            Lion Camp Slush and Snacks
[ 785/1345] screened-out  shopify      Lofty Coffee
[ 786/1345] no-platform   -            Greenbrier Inn
[ 787/1345] no-platform   -            3 Day Suit Broker
[ 788/1345] no-platform   -            Cent'Anni Café
[ 789/1345] no-platform   -            Hanaoka
[ 790/1345] fetch-failed  -            Rancho Cafe
[ 791/1345] needs-browser Square Online storefront Empanada Kitchen
[ 792/1345] no-platform   -            Ming Ky
[ 793/1345] no-platform   -            Pegah’s Kitchen
[ 794/1345] needs-browser order.online Deli Belly
[ 795/1345] filed         order.online Johnny WAHOO! Golf Bar
[ 796/1345] wrong-branch  toast        Blue Water Grill
[ 797/1345] no-platform   -            Soda & Swine
[ 798/1345] needs-browser toast        Slater's 50/50
[ 799/1345] needs-browser plain-html   The Greenspot Salad Company
[ 800/1345] fetch-failed  -            Island Market
[ 801/1345] no-platform   -            Shake Smart
[ 802/1345] fetch-failed  -            Mis Dos Gallos Taqueria, Fruit & Deli
[ 803/1345] no-platform   -            Nami
[ 804/1345] needs-browser slice        Massachusetts Mike's Pizzeria
[ 805/1345] needs-browser -            Sammy's Woodfire Pizza and Grille
[ 806/1345] no-platform   -            Rift Sand Bar
[ 807/1345] no-platform   -            Kava Lounge
[ 808/1345] no-platform   -            Arctic Snacks
[ 809/1345] no-platform   -            Jungle Cart
[ 810/1345] no-platform   -            Colimas Mexican Grull
[ 811/1345] no-platform   -            Brick & Bell Plus
[ 812/1345] no-platform   -            Cafe Fresh
[ 813/1345] no-platform   -            Veladora
[ 814/1345] no-platform   -            India Princess
[ 815/1345] no-platform   -            Villa Fresh Italian Kitchen
[ 816/1345] needs-browser slice        Fatte's Pizza Of Chula Vista
[ 817/1345] needs-browser -            The Hamlett
[ 818/1345] no-platform   -            Thai Basil
[ 819/1345] needs-browser Square Online (own domain) Crepes
[ 820/1345] needs-browser Square Online storefront Sushi Freak
[ 821/1345] no-platform   -            Hacienda De Vega
[ 822/1345] no-platform   -            Allen's New York Pizza
[ 823/1345] no-platform   -            Fairbanks
[ 824/1345] no-platform   -            Filling Station Pub and Grill
[ 825/1345] needs-browser order.online Poki Poki
[ 826/1345] no-platform   -            Taco King
[ 827/1345] fetch-failed  -            Cafe Virtuoso
[ 828/1345] no-platform   -            The Caddyshack
[ 829/1345] needs-browser chownow      Juice Caboose
[ 830/1345] no-platform   -            Basic
[ 831/1345] no-platform   -            Coin Toss
[ 832/1345] no-platform   -            Winners Circle
[ 833/1345] no-platform   -            Village Inn
[ 834/1345] no-platform   -            El Dorado
[ 835/1345] no-platform   -            Mirch Masala 2 Go
[ 836/1345] needs-browser -            ChickenHeadz
[ 837/1345] no-platform   -            Deja Vu
[ 838/1345] no-platform   -            Baba's Pizza
[ 839/1345] screened-out  order.online Fish Restaurant
[ 840/1345] no-platform   -            Taqueria By El Prieto
[ 841/1345] no-platform   -            Candelas
[ 842/1345] no-platform   -            Kasi
[ 843/1345] no-platform   -            Ground Up Cafe
[ 844/1345] no-platform   -            Cocina Tex Mex Restaurant
[ 845/1345] fetch-failed  -            Kellys Pub
[ 846/1345] needs-browser -            FurnSaj Bakery & Restaurant
[ 847/1345] needs-browser Square Online storefront Copa Vida
[ 848/1345] no-platform   -            Yesenia's Mexican Food & Ice Cream
[ 849/1345] no-platform   -            Sweet Revenge Bakery
[ 850/1345] no-platform   -            Rice
[ 851/1345] no-platform   -            Al's Cafe in the village
[ 852/1345] no-platform   -            Roberto's Mexican Food
[ 853/1345] no-platform   -            Doc Holliday's
[ 854/1345] no-platform   -            Old Gallery Coffee House
[ 855/1345] gated         toast        Mon Cheri Cafe & Bistro
[ 856/1345] no-platform   -            Nicolosi's Pizza (Mira Lee Way)
[ 857/1345] no-platform   -            Blackmarket Bakery
[ 858/1345] no-platform   -            Ituri Hut
[ 859/1345] needs-browser MenuSifu     Joyee Noodle House(UTC)
[ 860/1345] fetch-failed  -            Home Sweet Home Cafe
[ 861/1345] no-platform   -            Badas burgers
[ 862/1345] needs-browser -            The Spot taco shop
[ 863/1345] no-platform   -            Saigon Alley Kitchen & Bar
[ 864/1345] no-platform   -            The Encore Sushi
[ 865/1345] no-platform   -            Native Foods
[ 866/1345] needs-browser Square Online storefront Prager Brothers Artisan Breads
[ 867/1345] no-platform   -            Sola Cafe and Deli
[ 868/1345] needs-browser Square Online storefront Empanada Kitchen
[ 869/1345] needs-browser toast        Tamarind Thai Restaurant
[ 870/1345] no-platform   -            CABETOS Pops
[ 871/1345] no-platform   -            The Reading Club
[ 872/1345] no-platform   -            Los Mexas
[ 873/1345] needs-browser -            Brown Cup Cafe & Lounge
[ 874/1345] no-platform   -            Crave & Feast
[ 875/1345] needs-browser toast        One of Us
[ 876/1345] no-platform   -            Monster Snacks
[ 877/1345] wrong-branch  toast        Beeside Balcony La Jolla
[ 878/1345] no-platform   -            El Flako's Wrangler Barbecue
[ 879/1345] needs-browser slice        Saffron Pizza Kitchen
[ 880/1345] no-platform   -            Grandson Steaks
[ 881/1345] needs-browser -            Carnitas las Michoacanas
[ 882/1345] needs-browser -            Green Fork
[ 883/1345] no-platform   -            Gaslamp Coffee Bar
[ 884/1345] no-platform   -            Antique Row Cafe
[ 885/1345] gated         toast        Double Standard
[ 886/1345] no-platform   -            Time Out Café
[ 887/1345] no-platform   -            Monserate Winery
[ 888/1345] no-platform   -            Barrio Food Hub
[ 889/1345] wrong-branch  toast        Gold Coffee Shop
[ 890/1345] no-platform   -            Krak Boba
[ 891/1345] no-platform   -            The Morning Grove
[ 892/1345] no-platform   -            Mantra Raja
[ 893/1345] wrong-branch  toast        Cala La Jolla Café
[ 894/1345] needs-browser -            SD giant pizza
[ 895/1345] fetch-failed  -            Lefty's Cheesesteaks
[ 896/1345] wrong-branch  toast        Blank Slate
[ 897/1345] needs-browser -            Okama Ramen and Grill
[ 898/1345] no-platform   -            Sono North Park
[ 899/1345] no-platform   -            Oodles By The Nood Bar
[ 900/1345] no-platform   -            I Love Bagels
[ 901/1345] no-platform   -            Bubble & Butter
[ 902/1345] no-platform   -            Cocina Del Mar
[ 903/1345] no-platform   -            Side Street Bowls & Smoothies
[ 904/1345] no-platform   -            Copper Kings San Marcos
[ 905/1345] no-platform   -            Juice Alchemy
[ 906/1345] no-platform   -            Thai Table Time
[ 907/1345] no-platform   -            Little While
[ 908/1345] needs-browser slice        Pastalini
[ 909/1345] no-platform   -            Taconora Pacific Beach
[ 910/1345] no-platform   -            Borrego Rooftop
[ 911/1345] no-platform   -            Mexico City Cuisine-CoLab
[ 912/1345] no-platform   -            La Salsa
[ 913/1345] needs-browser toast        Sultan Baklava
[ 914/1345] filed         own-jsonld   Pho & Sushi - Asian Fusion
[ 915/1345] needs-browser chownow      Parakeet Cafe - Nautilus
[ 916/1345] filed         wix          Sourpuss Donuts
[ 917/1345] no-platform   -            UT-HO Boba & Baguette
[ 918/1345] fetch-failed  -            Quarter Deck Inn Cocktails
[ 919/1345] needs-browser SpotOn       Diego’s Street Tacos
[ 920/1345] no-platform   -            Colosseo Cucina Italiana
[ 921/1345] screened-out  own-jsonld   Hanna Garden
[ 922/1345] no-platform   -            Relic Bakery & Kitchen
[ 923/1345] needs-browser SpotOn       Crest Taco
[ 924/1345] needs-browser Square Online (own domain) The Cakery Cafe
[ 925/1345] needs-browser MealKeyWay   Pho Luu Escondido - Vietnamese Cuisine
[ 926/1345] no-platform   -            Ichitaru Ramen Carlsbad
[ 927/1345] no-platform   -            Lotho Deli
[ 928/1345] no-platform   -            Jalisco Cantina
[ 929/1345] no-platform   -            Hazel & Jade Bakery
[ 930/1345] no-platform   -            24 Suns
[ 931/1345] wrong-branch  toast        Pompei Pizza
[ 932/1345] no-platform   -            Bodega Market
[ 933/1345] no-platform   -            Mevan Coffee & Desserts & Brunch
[ 934/1345] wrong-branch  toast        Oceanside Fish Shop
[ 935/1345] no-platform   -            Scena Fusion Kitchen & Bar
[ 936/1345] needs-browser toast        Market St Pizzeria
[ 937/1345] needs-browser -            Habibi Mediterranean Grill
[ 938/1345] no-platform   -            Sabroso taco savor a mi tierra
[ 939/1345] no-platform   -            CHINA CHEF 1
[ 940/1345] no-platform   -            Dalu Hawaiian BBQ
[ 941/1345] no-platform   -            Barrel Riot
[ 942/1345] needs-browser olo          Dimassi's Mediterranean Buffet
[ 943/1345] no-platform   -            Huckleberry's Breakfast & Lunch
[ 944/1345] no-platform   -            La Jollita
[ 945/1345] no-platform   -            Safari Coffee Outpost
[ 946/1345] no-platform   -            ROBATA-X Sushi & Izakaya
[ 947/1345] no-platform   -            Peppoli's Pizza & Philly Steaks
[ 948/1345] no-platform   -            The Poke Tea House
[ 949/1345] no-platform   -            Pizza Guys
[ 950/1345] no-platform   -            ZZan Sushi & Soju
[ 951/1345] needs-browser toast        NOIR Sushi and Sake Fusion Lounge
[ 952/1345] no-platform   -            Board & Brew - Downtown San Diego
[ 953/1345] no-platform   -            Hilltop Cafe
[ 954/1345] needs-browser -            Good Measure
[ 955/1345] no-platform   -            Khyber Pass Zarparan Restaurant | Afghan
[ 956/1345] fetch-failed  -            Antique Thai
[ 957/1345] fetch-failed  -            Daisy Deli
[ 958/1345] needs-browser order.online Torta Time
[ 959/1345] no-platform   -            TACO CENTRO
[ 960/1345] needs-browser MealKeyWay   Dumplings N More
[ 961/1345] no-platform   -            Love Letters Pizza
[ 962/1345] no-platform   -            Arteazen Handcrafted Tea
[ 963/1345] no-platform   -            Egg Tuck
[ 964/1345] no-platform   -            KABOB SHACK - EASTLAKE
[ 965/1345] no-platform   -            Chopsticks Inn Restaurant
[ 966/1345] needs-browser Square Online (own domain) Chef Budda Blasian Soul Food LLC
[ 967/1345] no-platform   -            For The Win - San Diego
[ 968/1345] fetch-failed  -            Tacos Locos Tasty Mexican Food
[ 969/1345] no-platform   -            Christophe Rull Patisserie
[ 970/1345] no-platform   -            Zuma San Diego
[ 971/1345] no-platform   -            Noodle & Bun
[ 972/1345] no-platform   -            Poki Poki - Escondido
[ 973/1345] no-platform   -            Queenstown Del Mar
[ 974/1345] screened-out  order.online La Fresita Y Mas
[ 975/1345] no-platform   -            Ono Hawaiian BBQ
[ 976/1345] no-platform   -            La Costa Wine
[ 977/1345] needs-browser -            Falafel California
[ 978/1345] no-platform   -            El Papas Fritas Taco Shop
[ 979/1345] no-platform   -            Oriental Cafe | Chinese
[ 980/1345] no-platform   -            Thai Thae Cuisine
[ 981/1345] no-platform   -            Pokeport Oceanside
[ 982/1345] needs-browser -            Yogurt Lounge Serra Mesa
[ 983/1345] no-platform   -            PanPan wok
[ 984/1345] needs-browser order.online Swami's
[ 985/1345] needs-browser Square Online (own domain) Beach City Smoothies - Oceanside
[ 986/1345] needs-browser Square Online storefront Mein St. Asian Kitchen
[ 987/1345] needs-browser -            Taco Club
[ 988/1345] needs-browser olo          Coffee Bean
[ 989/1345] needs-browser -            The Jetty
[ 990/1345] gated         toast        The Kitchen at Torrey Heights
[ 991/1345] no-platform   -            North Park Creamery
[ 992/1345] needs-browser HungerRush   Pop Pops Paleta
[ 993/1345] needs-browser -            Café Alessie
[ 994/1345] needs-browser toast        Corbin's Q
[ 995/1345] no-platform   -            Dark Horse Coffee Roasters
[ 996/1345] needs-browser spothopper   Agave Birrieria
[ 997/1345] no-platform   -            Juice Holler
[ 998/1345] needs-browser Square Online (own domain) Le Charcuterie Bar
[ 999/1345] no-platform   -            Leona's Cucina Italiana
[1000/1345] no-platform   -            Little Kiki Katsu & More
[1001/1345] no-platform   -            Canyon Inn
[1002/1345] no-platform   -            Urban Teri Kitchen
[1003/1345] needs-browser order.online Halal Burger Co.
[1004/1345] filed         spothopper   Cabo Cantina
[1005/1345] no-platform   -            Fortuna Ristorante Italiano
[1006/1345] no-platform   -            chance's coffee
[1007/1345] no-platform   -            PanPan Wok
[1008/1345] wrong-branch  toast        Chin's Szechwan - Point Loma
[1009/1345] no-platform   -            Una Mas on Adams
[1010/1345] no-platform   -            Mi Tierra Super Taco
[1011/1345] needs-browser -            Charoen Krung Thai Cuisine
[1012/1345] needs-browser toast        Brites Soft Serve
[1013/1345] no-platform   -            Mo-Mo Paradise
[1014/1345] needs-browser toast        Between Us
[1015/1345] needs-browser slice        Luigi's New York Giant Pizza
[1016/1345] needs-browser Square Online (own domain) Slurp
[1017/1345] filed         order.online Cafe Amor
[1018/1345] no-platform   -            Pizza Guys
[1019/1345] no-platform   -            Little Hidden Bakery
[1020/1345] filed         own-jsonld   Taverna Mediterranean Grill
[1021/1345] needs-browser -            Better Blendz
[1022/1345] no-platform   -            Uncle Feras Middle Eastern Restaurant
[1023/1345] needs-browser Square Online storefront iWok Chinese Kitchen
[1024/1345] too-few       own-jsonld   The Oceanaire Seafood Room
[1025/1345] no-platform   -            Las Ricas Tortas
[1026/1345] needs-browser slice        Little Sisters Pizza
[1027/1345] needs-browser toast        Jolie
[1028/1345] fetch-failed  -            OB Kebab
[1029/1345] needs-browser toast        Chef Fei
[1030/1345] wrong-branch  order.online Captain Sam's Fish & Chicken
[1031/1345] fetch-failed  -            OB Garden Café
[1032/1345] no-platform   -            Ocean Thai Cuisine
[1033/1345] no-platform   -            Bueno Wine & Goods
[1034/1345] no-platform   -            George’s Bar
[1035/1345] no-platform   -            PanPan Wok
[1036/1345] too-few       netwaiter    LA PLACE DELI
[1037/1345] no-platform   -            Mr. Buffalo Fries
[1038/1345] wrong-branch  toast        Lucha Libre Taco Shop
[1039/1345] no-platform   -            Rubio's Coastal Grill
[1040/1345] no-platform   -            Rubio's Coastal Grill
[1041/1345] no-platform   -            Rubio's Coastal Grill
[1042/1345] no-platform   -            Cocina 35 brunch
[1043/1345] no-platform   -            Olive Branch Eatery
[1044/1345] no-platform   -            Troy's Greek Restaurant
[1045/1345] no-platform   -            Monserate Winery
[1046/1345] no-platform   -            Campland Cantina
[1047/1345] no-platform   -            MAKE Cafe
[1048/1345] needs-browser Square Online (own domain) BCB Coffee
[1049/1345] needs-browser toast        Breakers
[1050/1345] no-platform   -            Thai Thai Melrose Restaurant
[1051/1345] wrong-branch  toast        The Great Greek Mediterranean Grill - Oceanside, CA
[1052/1345] no-platform   -            Grover's Grill
[1053/1345] needs-browser -            Eat Crispy Burger Oceanside
[1054/1345] no-platform   -            House of Black
[1055/1345] wrong-branch  toast        Carnitas’ Snack Shack
[1056/1345] no-platform   -            Kiiro Sushi Izakaya
[1057/1345] no-platform   -            Creme De La Crepe
[1058/1345] no-platform   -            Mali's Deli
[1059/1345] needs-browser -            QUICK BITES CAFE / Best Sandwiches
[1060/1345] no-platform   -            Pha Khao Lao Cuisine
[1061/1345] no-platform   -            Piedra Santa
[1062/1345] no-platform   -            Rocko's Family Restaurant
[1063/1345] needs-browser chownow      CinKuni (Italian & Japanese Cuisine)
[1064/1345] needs-browser slice        Pop's Pizza
[1065/1345] needs-browser -            BRGR SHACK
[1066/1345] no-platform   -            tiger!tiger!
[1067/1345] no-platform   -            Border X Brewing
[1068/1345] fetch-failed  -            the Koffie Co
[1069/1345] no-platform   -            Acai Republic - Oceanside
[1070/1345] no-platform   -            The Honor Bar
[1071/1345] needs-browser olo          Panini Kabob Grill - Park 12
[1072/1345] no-platform   -            Buca di Beppo Italian Restaurant
[1073/1345] no-platform   -            Banzai Bowls
[1074/1345] needs-browser -            LA MALQUERIDA BY DOLCHE
[1075/1345] needs-browser slice        West Coast Pizza Company
[1076/1345] needs-browser order.online Scoops Ocean Beach
[1077/1345] no-platform   -            Noodles
[1078/1345] no-platform   -            Fleurette
[1079/1345] no-platform   -            Alborz Restaurant
[1080/1345] fetch-failed  -            Las Pinches Tortas
[1081/1345] no-platform   -            Taco Villa
[1082/1345] no-platform   -            T&T Tacos & Tequila Grill & Cantina
[1083/1345] no-platform   -            Little Victory Wine Bar
[1084/1345] screened-out  clover       Mission Baja Tacos
[1085/1345] fetch-failed  -            Mandarin Wok Restaurant
[1086/1345] fetch-failed  -            Top of the Bagel
[1087/1345] no-platform   -            Photo House
[1088/1345] no-platform   -            La Mesita Mexican Food
[1089/1345] no-platform   -            Banzai Bowls
[1090/1345] needs-browser slice        The Sizzling Pizza
[1091/1345] no-platform   -            Simply Fresh Thai
[1092/1345] gated         toast        The Grove at Governor Pointe
[1093/1345] no-platform   -            Chocolate Bash
[1094/1345] no-platform   -            La Casa Verde
[1095/1345] needs-browser chownow      Burger Bench Vista
[1096/1345] no-platform   -            Pho Nam Cali
[1097/1345] needs-browser order.online EsKiNiTa
[1098/1345] filed         spothopper   Lana
[1099/1345] no-platform   -            TAKARAMONO SUSHI
[1100/1345] no-platform   -            Fish Boon
[1101/1345] no-platform   -            IZOLA
[1102/1345] no-platform   -            Pei Wei
[1103/1345] too-few       netwaiter    Wings mix
[1104/1345] fetch-failed  -            Kona Craft Cafe
[1105/1345] no-platform   -            Saigon Star Restaurant
[1106/1345] filed         toast        Honeybees
[1107/1345] needs-browser Square Online storefront Copa Vida
[1108/1345] needs-browser MealKeyWay   Pho Tan
[1109/1345] no-platform   -            Tacos el Niño Santana
[1110/1345] no-platform   -            El Flako's Wrangler Barbecue
[1111/1345] needs-browser -            Morena Provisions
[1112/1345] no-platform   -            Buffalo Wild Wings GO
[1113/1345] no-platform   -            Pietro's Cucina Italiana
[1114/1345] no-platform   -            Burtech Family Vineyard Tasting Room
[1115/1345] no-platform   -            The Alley Otay Mesa
[1116/1345] no-platform   -            Diego's Taco Shop
[1117/1345] no-platform   -            UT-HO Boba & Baguette
[1118/1345] needs-browser order.online Burrito Leo's Mexican Food
[1119/1345] no-platform   -            Paris Baguette
[1120/1345] no-platform   -            Two Hands Corn Dog Mira Mesa
[1121/1345] no-platform   -            Los Cucos Mexican Food
[1122/1345] no-platform   -            Flame Broiler
[1123/1345] no-platform   -            Green Cheek Beer Co.
[1124/1345] needs-browser Square Online (own domain) Beach City Smoothies
[1125/1345] no-platform   -            Los Armando's Mexican Food
[1126/1345] no-platform   -            Good Omen Coffee Co
[1127/1345] no-platform   -            Good Source Coffee
[1128/1345] no-platform   -            CTZN
[1129/1345] no-platform   -            Thai Table Time
[1130/1345] no-platform   -            Baikohken Ramen
[1131/1345] no-platform   -            Sound by the Sea
[1132/1345] needs-browser MealKeyWay   Ocean Buffet
[1133/1345] no-platform   -            Mission Brewing (fka Rough Draft)
[1134/1345] no-platform   -            Leu Leu
[1135/1345] no-platform   -            Urban Location Boba Tea House San Diego
[1136/1345] screened-out  shopify      Trident Coffee Pacific Beach
[1137/1345] no-platform   -            Merenda
[1138/1345] no-platform   -            Charli's Landing
[1139/1345] no-platform   -            La Mesa Pizzaworks
[1140/1345] fetch-failed  -            All Fried Up
[1141/1345] needs-browser -            Sorianos Pizzeria
[1142/1345] no-platform   -            Eclipse Chocolat
[1143/1345] needs-browser spothopper   Players Sports Grill
[1144/1345] fetch-failed  -            Chef’s Wok & Dumplings
[1145/1345] needs-browser -            Oh My Pho!
[1146/1345] no-platform   -            Great Wok of China
[1147/1345] needs-browser Square Online storefront PB Poke House Oceanside
[1148/1345] too-few       netwaiter    Thai Pasta
[1149/1345] needs-browser order.online El Ranchero
[1150/1345] screened-out  shopify      Ascend Coffee Roasters
[1151/1345] needs-browser -            Baked Thicc
[1152/1345] no-platform   -            Kin Saep
[1153/1345] no-platform   -            Emiliana's Mexican & Deli Food
[1154/1345] no-platform   -            Gintaro Sushi
[1155/1345] no-platform   -            Docent Brewing
[1156/1345] no-platform   -            The Crimson Cake
[1157/1345] no-platform   -            Sam's Farm Fresh
[1158/1345] no-platform   -            Aromas
[1159/1345] no-platform   -            Comstock Bar & Grill
[1160/1345] gated         chownow      Finney's Crafthouse
[1161/1345] needs-browser -            Silverlake Ramen Fashion Valley
[1162/1345] needs-browser MealKeyWay   Tengu Ramen
[1163/1345] no-platform   -            Jaws Topokki
[1164/1345] no-platform   -            AleSmith Brewing Company
[1165/1345] needs-browser -            Sukho Thai Extraordinaire
[1166/1345] no-platform   -            Belinda's Familia Mexican Food Truck
[1167/1345] fetch-failed  -            Hi!Dumplings
[1168/1345] needs-browser -            Carnitas Quiroga
[1169/1345] needs-browser toast        Smokin J's BBQ & Taphouse
[1170/1345] needs-browser -            ALOHA GRILL
[1171/1345] no-platform   -            Aromi Italian Cuisine
[1172/1345] no-platform   -            China bros
[1173/1345] needs-browser clover       Ryan Bros Coffee City Heights
[1174/1345] no-platform   -            EL ENCANTO SD
[1175/1345] no-platform   -            Le Coq
[1176/1345] fetch-failed  -            SugarBears Sweet Provisions
[1177/1345] needs-browser -            Naked Pizza
[1178/1345] needs-browser slice        Allen's New York Pizza
[1179/1345] wrong-branch  chownow      Handel’s Homemade Ice Cream
[1180/1345] needs-browser -            Awash Ethiopian Restaurant
[1181/1345] gated         toast        Falafel Heights
[1182/1345] fetch-failed  -            New York Buffalo Wings
[1183/1345] needs-browser -            The Handmade Chef Meal Prep Co.
[1184/1345] no-platform   -            Sonny’s Pizza
[1185/1345] no-platform   -            Chicken & Crown
[1186/1345] no-platform   -            Panpan wok
[1187/1345] needs-browser -            HillCrust Pizza
[1188/1345] no-platform   -            Old World Meat Company
[1189/1345] no-platform   -            Trisler's San Diego Wine Bar
[1190/1345] needs-browser clover       Himalayan Bistro Oceanside
[1191/1345] screened-out  shopify      James Coffee Co.
[1192/1345] fetch-failed  -            Sunny Side Solana
[1193/1345] needs-browser chownow      Parakeet Juicery - La Jolla
[1194/1345] needs-browser SpotOn       Souplantation
[1195/1345] no-platform   -            El After Social Club
[1196/1345] needs-browser -            NuYo Frozen Yogurt Telegraph Canyon
[1197/1345] needs-browser -            Sabores Colombianos
[1198/1345] no-platform   -            Bambinos Pizzeria & Deli #4
[1199/1345] no-platform   -            China Fusion - Vista Way
[1200/1345] needs-browser -            I QUE BBQ
[1201/1345] screened-out  shopify      Ascend Coffee Roasters
[1202/1345] no-platform   -            Pizza On Tap (P.O.T)
[1203/1345] no-platform   -            Graziano's Pizza Oceanside
[1204/1345] no-platform   -            ZZan Sushi & Soju
[1205/1345] no-platform   -            Blanco Cocina + Cantina
[1206/1345] needs-browser Square Online storefront House of Pho
[1207/1345] no-platform   -            Tacotarian San Diego
[1208/1345] no-platform   -            Caribbean Pleasure
[1209/1345] no-platform   -            Rancho Grande El Toro Mexican Cuisine
[1210/1345] no-platform   -            Finca
[1211/1345] needs-browser plain-html   HomeState
[1212/1345] no-platform   -            Ernes Mexican Food & Breakfast
[1213/1345] needs-browser toast        Angry Chickz - Oceanside
[1214/1345] no-platform   -            MOOYAH Burgers, Fries & Shakes
[1215/1345] no-platform   -            Ono Hawaiian BBQ
[1216/1345] no-platform   -            Ocean Thai Cuisine
[1217/1345] needs-browser toast        Prey Brewing Company
[1218/1345] fetch-failed  -            Cork N Brew
[1219/1345] needs-browser HungerRush   Buonasera New York Pizzeria
[1220/1345] no-platform   -            Backdraft Bar & Grill
[1221/1345] fetch-failed  -            Truluck's
[1222/1345] wrong-branch  toast        Cozy Corner
[1223/1345] needs-browser toast        Madeleine
[1224/1345] no-platform   -            Paris Baguette
[1225/1345] no-platform   -            Gelato 101 Solana Beach
[1226/1345] fetch-failed  -            Dryer's Ice Cream Parlor
[1227/1345] filed         toast        Napatini Bistro and Wine Bar
[1228/1345] filed         toast        Nigeria Breeze Restaurant
[1229/1345] no-platform   -            University Towers Kitchen
[1230/1345] no-platform   -            TEC Cafe
[1231/1345] gated         toast        Barn Door Public House
[1232/1345] fetch-failed  -            Ju-ichi
[1233/1345] needs-browser SpotOn       Balsamico Italian Kitchen
[1234/1345] needs-browser -            Taqueria El Kabron Jr.
[1235/1345] needs-browser -            Tacaliente Mexican Grill
[1236/1345] no-platform   -            Panda Imperial Restaurant
[1237/1345] needs-browser -            1022 Cafe & Gelateria
[1238/1345] fetch-failed  -            Savory Thai Restaurant
[1239/1345] too-few       netwaiter    Su Pan Bakery El Cajon
[1240/1345] wrong-branch  chownow      Handel's Homemade Ice Cream
[1241/1345] needs-browser -            Village Roots Deli & Taproom
[1242/1345] no-platform   -            Pho Oceanside
[1243/1345] needs-browser toast        BCB Coffee Company
[1244/1345] needs-browser order.online El Rinconcito Fruteria
[1245/1345] no-platform   -            Vinarius Wine Bar & Restaurant
[1246/1345] needs-browser -            Trebol Mexican Restaurant
[1247/1345] no-platform   -            Sweet Labors
[1248/1345] needs-browser SpotOn       Tasty Pho
[1249/1345] no-platform   -            Mendoza’s Mexican Food
[1250/1345] no-platform   -            Draft Republic San Marcos
[1251/1345] no-platform   -            Camino Riviera
[1252/1345] needs-browser toast        Higher Grounds Coffee + Café
[1253/1345] needs-browser toast        bcb Cafe
[1254/1345] wrong-branch  toast        Chin's Szechwan - Del Mar
[1255/1345] needs-browser chownow      Donburi Rice Bowls
[1256/1345] filed         order.online Eat Crispy Burger Encinitas
[1257/1345] no-platform   -            Pho House
[1258/1345] no-platform   -            Breakwater Brewing Co.
[1259/1345] needs-browser -            Taco Machin
[1260/1345] filed         spothopper   Ramen Mik
[1261/1345] screened-out  toast        Agave Birrieria
[1262/1345] screened-out  shopify      Vigilante Coffee
[1263/1345] needs-browser toast        Tita's Taco Shop
[1264/1345] fetch-failed  -            Nory's Donut & Bakery
[1265/1345] fetch-failed  -            Bubba’s Smokehouse BBQ
[1266/1345] filed         spothopper   Ramen Mik
[1267/1345] no-platform   -            Golden Corral
[1268/1345] needs-browser -            Friends of Friends
[1269/1345] fetch-failed  -            Trade Restaurant & Lounge
[1270/1345] too-few       netwaiter    Appetite
[1271/1345] needs-browser Square Online (own domain) Darshan Bakery
[1272/1345] no-platform   -            Monserate Winery
[1273/1345] no-platform   -            That Pizza Place - Carlsbad
[1274/1345] needs-browser order.online Sabor a Vida Cafe & Deli
[1275/1345] no-platform   -            La Sabrosita
[1276/1345] no-platform   -            China Fun
[1277/1345] needs-browser slice        Fiori’s Pizza
[1278/1345] no-platform   -            Tacos de Birria El Chinito Jr
[1279/1345] needs-browser -            Board & Brew - Escondido
[1280/1345] needs-browser MealKeyWay   Yonny Mini Hotpot
[1281/1345] needs-browser -            Ding Tea Oceanside
[1282/1345] no-platform   -            Green Vine Delicatessen
[1283/1345] no-platform   -            Everest Himalayan Cuisine
[1284/1345] no-platform   -            Café de Anza
[1285/1345] no-platform   -            Cococabana
[1286/1345] filed         order.online Handel’s Homemade Ice Cream San Marcos
[1287/1345] no-platform   -            Bovino
[1288/1345] no-platform   -            Taco Lounge Escaya
[1289/1345] no-platform   -            Paradisaea
[1290/1345] no-platform   -            Fairbanks
[1291/1345] needs-browser toast        Four Tunas Fish & Bar
[1292/1345] no-platform   -            Rare Society
[1293/1345] needs-browser plain-html   Nick's on State
[1294/1345] needs-browser Square Online storefront Purl Tea San Marcos
[1295/1345] needs-browser -            Cuscatlan Salvadorean Food
[1296/1345] no-platform   -            Oaks Bar Grill
[1297/1345] needs-browser -            Golden Spoon Carlsbad Plaza
[1298/1345] no-platform   -            Backyard Altar BBQ
[1299/1345] no-platform   -            Crave
[1300/1345] no-platform   -            Paris Baguette
[1301/1345] needs-browser -            Stella Jean's Ice Cream Kensington
[1302/1345] needs-browser -            Lola Happy Bistro
[1303/1345] no-platform   -            Stone Oven
[1304/1345] no-platform   -            Rito’s Mexican Food
[1305/1345] no-platform   -            Beer Company
[1306/1345] fetch-failed  -            The Waterfront
[1307/1345] needs-browser -            Akhis Authentic Shawarma & Kebab
[1308/1345] no-platform   -            Pei Wei
[1309/1345] no-platform   -            Karihan Filipino Food
[1310/1345] no-platform   -            Atelier Manna
[1311/1345] needs-browser SpotOn       CITRINA BERRY FRESH
[1312/1345] needs-browser -            Perfectsubs
[1313/1345] fetch-failed  -            Gooseberries kafe
[1314/1345] fetch-failed  -            Citrina Berry Fresh
[1315/1345] needs-browser Square Online storefront Cafecito 1806
[1316/1345] no-platform   -            Curbside Eatery & Drinkery
[1317/1345] no-platform   -            Silvia's Pupuseria
[1318/1345] no-platform   -            Birria El Rey
[1319/1345] no-platform   -            Mawazo Kitchen
[1320/1345] needs-browser toast        Trattoria da Sofia
[1321/1345] no-platform   -            Terrace Lounge
[1322/1345] fetch-failed  -            BurgerIM
[1323/1345] no-platform   -            Valerio's Finest Bake Shop
[1324/1345] no-platform   -            Baja Fresh
[1325/1345] needs-browser -            Larry's Beach Club
[1326/1345] no-platform   -            GIHON Ethiopian Kitchen
[1327/1345] needs-browser order.online Hummus Mediterranean Kitchen
[1328/1345] needs-browser -            Casa de Freds
[1329/1345] no-platform   -            Oliva
[1330/1345] filed         own-jsonld   Wagyu Shawarma Grill
[1331/1345] no-platform   -            I Love Pho
[1332/1345] no-platform   -            Stony Mountain Bar & Grill
[1333/1345] no-platform   -            Bean Sprouts
[1334/1345] fetch-failed  -            Capriotti's Sandwich Shop
[1335/1345] no-platform   -            Mama Kat's Restaurant and Pie Shop
[1336/1345] no-platform   -            HACIENDITA BAKERY
[1337/1345] fetch-failed  -            BunZ
[1338/1345] no-platform   -            The Santaluz Club Dining Room and Events
[1339/1345] no-platform   -            SanSai Japanese Grill
[1340/1345] no-platform   -            NM Cafe
[1341/1345] no-platform   -            Buka - Taste of Nigeria
[1342/1345] needs-browser -            Verde Kitchen & Bar
[1343/1345] fetch-failed  -            In Between
[1344/1345] no-platform   -            The Grand Tradition
[1345/1345] no-platform   -            Inland Tavern

platform                       attempted         filed       too-few         gated  wrong-branch needs-browser   no-platform  fetch-failed  screened-out
none                                 927             0             0             0             0            81           709           137             0
toast                                107             6             0            10            28            61             0             0             2
order.online                          61            11             0             1             8            34             0             0             7
Square Online storefront              42             0             0             0             0            42             0             0             0
Square Online (own domain)            24             0             0             0             0            24             0             0             0
netwaiter                             24             0            24             0             0             0             0             0             0
chownow                               23             0             0             1             7            15             0             0             0
slice                                 18             0             0             0             0            17             0             0             1
own-jsonld                            16            12             2             0             0             0             0             0             2
MealKeyWay                            16             0             0             0             0            16             0             0             0
SpotOn                                15             0             0             0             0            15             0             0             0
spothopper                            14             5             0             0             0             9             0             0             0
shopify                               13             1             1             0             0             0             0             0            11
plain-html                            11             0             0             0             0            11             0             0             0
clover                                10             1             0             0             4             2             0             0             3
olo                                    9             0             0             0             0             9             0             0             0
HungerRush                             4             0             0             0             0             4             0             0             0
menufy                                 3             0             0             0             0             0             0             0             3
GloriaFood widget                      2             0             0             0             0             2             0             0             0
ubereats                               2             1             0             0             1             0             0             0             0
Paytronix                              1             0             0             0             0             1             0             0             0
popmenu                                1             0             0             0             1             0             0             0             0
MenuSifu                               1             0             0             0             0             1             0             0             0
wix                                    1             1             0             0             0             0             0             0             0
TOTAL                               1345            38            27            12            49           344           709           137            29

38 menus, 3321 dishes
wrote menus/wip/router-20260904-072552.json
wrote menus/wip/router-20260904-072552.notes.json
