queue 1072 with a website; routing 1072 at concurrency 4

[   1/1072] no-platform   -            FryYay
[   2/1072] needs-browser chownow      Burger Bench Escondido
[   3/1072] no-platform   -            Taquería Imperial
[   4/1072] no-platform   -            Mimi's Cafe
[   5/1072] needs-browser chownow      Brigantine Seafood
[   6/1072] screened-out  order.online Wood Ranch Mission Valley
[   7/1072] fetch-failed  -            Public Square Coffee House
[   8/1072] no-platform   -            VG Donut & Bakery
[   9/1072] wrong-branch  order.online El Pueblo Mexican Food - Carlsbad
[  10/1072] needs-browser Square Online storefront Wayfarer Bread & Pastry
[  11/1072] needs-browser order.online Tom's Famous Family Restaurant 24
[  12/1072] no-platform   -            Farmer & The Seahorse
[  13/1072] needs-browser order.online TOM's Famous Family Restaurant 22
[  14/1072] wrong-branch  chownow      Handel’s Homemade Ice Cream
[  15/1072] needs-browser plain-html   Por Favor El Cajon
[  16/1072] no-platform   -            Loreto's Taco Shop
[  17/1072] needs-browser toast        MooTime Creamery
[  18/1072] needs-browser plain-html   Papas & Tacos Mexican Food
[  19/1072] fetch-failed  -            Gus's Subs & Pizza Place
[  20/1072] no-platform   -            Taco Bar
[  21/1072] needs-browser chownow      Parakeet Cafe - Little Italy
[  22/1072] fetch-failed  -            Plazas Mexican Food
[  23/1072] fetch-failed  -            Home Sweet Home Cafe
[  24/1072] needs-browser toast        Coya Peruvian Secret
[  25/1072] no-platform   -            Red Fox Room and Steakhouse
[  26/1072] needs-browser GloriaFood widget That Mexican Place
[  27/1072] no-platform   -            Todo Sushi
[  28/1072] no-platform   -            El Real Mexican Food
[  29/1072] no-platform   -            Anita's Mexican Restaurant & Cantina
[  30/1072] screened-out  order.online Grandma Tofu & BBQ
[  31/1072] no-platform   -            Hanu Korean BBQ
[  32/1072] needs-browser slice        Pastalini
[  33/1072] no-platform   -            Otay Mandarin Chinese Restaurant
[  34/1072] needs-browser toast        Lanna Thai Cuisine
[  35/1072] needs-browser olo          Panini Kabob Grill - Mission Valley
[  36/1072] fetch-failed  -            Los Reyes Mexican Restaurant & Cantina
[  37/1072] needs-browser Square Online storefront skybound coffee + dessert lounge
[  38/1072] needs-browser order.online Sancho's Tacos
[  39/1072] no-platform   -            It's Raw Poke Shop
[  40/1072] needs-browser Square Online (own domain) Up2You Cafe
[  41/1072] no-platform   -            Antonio's Mexican Food
[  42/1072] needs-browser toast        Stake Chophouse & Bar
[  43/1072] needs-browser toast        The Asian Bistro
[  44/1072] no-platform   -            Boudin SF
[  45/1072] needs-browser plain-html   Nick's Del Mar
[  46/1072] no-platform   -            Urban Crave
[  47/1072] fetch-failed  -            La Concha Bakery
[  48/1072] needs-browser olo          Better Buzz Coffee Pacific Beach Grand
[  49/1072] needs-browser plain-html   Pancho's Mexican Restaurant
[  50/1072] no-platform   -            Urban Crave
[  51/1072] no-platform   -            Lucy's Bakery
[  52/1072] too-few       netwaiter    Connie's
[  53/1072] no-platform   -            Muay Thai Kitchen
[  54/1072] no-platform   -            Baci Restaurant | Italian
[  55/1072] needs-browser toast        Nado Republic
[  56/1072] needs-browser order.online Robertito's Mexican Food
[  57/1072] needs-browser Square Online (own domain) Camp Coffee Company
[  58/1072] needs-browser -            Beyer Deli
[  59/1072] needs-browser Square Online (own domain) Portal Coffee
[  60/1072] no-platform   -            Umai Sushi
[  61/1072] no-platform   -            Golden Donut
[  62/1072] wrong-branch  chownow      Handel’s Homemade Ice Cream
[  63/1072] needs-browser spothopper   Los Panchos Mexican Grill & Seafood
[  64/1072] fetch-failed  -            Mi Ranchito Taco Shop
[  65/1072] needs-browser Square Online storefront Prager Brothers Artisan Breads
[  66/1072] needs-browser MealKeyWay   Dumplings N More
[  67/1072] no-platform   -            Superbloom Coffee & Juice
[  68/1072] needs-browser toast        Shaks Mediterranean Bistro
[  69/1072] needs-browser Square Online storefront Maan's Mediterranean Grill
[  70/1072] needs-browser spothopper   Penelopes Mexican Food
[  71/1072] needs-browser Square Online (own domain) Barrio Donas
[  72/1072] fetch-failed  -            Bonchon Chicken
[  73/1072] no-platform   -            The Cowshed
[  74/1072] needs-browser toast        The Remy
[  75/1072] needs-browser spothopper   Curry & More - Indian Bistro
[  76/1072] no-platform   -            Yingli Restaurant | Chula Vista
[  77/1072] needs-browser spothopper   3N1 Sports Bar & Grill
[  78/1072] no-platform   -            Red Lobster
[  79/1072] needs-browser order.online Scoops La Jolla
[  80/1072] no-platform   -            Señor Taquero
[  81/1072] fetch-failed  -            Edelweiss Bakery
[  82/1072] screened-out  clover       Royal Sweets
[  83/1072] fetch-failed  -            Leucadia Donut Shoppe
[  84/1072] needs-browser -            Tabu Sushi Bar & Grill Santee
[  85/1072] too-few       netwaiter    Aiberto's Taco Shop
[  86/1072] fetch-failed  -            Pacific Beach Ice Cream Co.
[  87/1072] no-platform   -            SOMISOMI
[  88/1072] wrong-branch  chownow      Handel's Homemade Ice Cream
[  89/1072] fetch-failed  -            Arizona Chinese Restaurant
[  90/1072] wrong-branch  order.online Lourdes Mexican Food To Go
[  91/1072] no-platform   -            Sushi Factory
[  92/1072] no-platform   -            Hidden Fish
[  93/1072] needs-browser Square Online storefront Bay Park Coffee
[  94/1072] no-platform   -            Big Front Door
[  95/1072] needs-browser Square Online storefront Portinos Restaurant
[  96/1072] no-platform   -            Emma's Mexican Food
[  97/1072] needs-browser -            Rosarito's Mexican Food #1
[  98/1072] no-platform   -            El Charro Mexican Food
[  99/1072] too-few       netwaiter    Mary Ettas Cafe
[ 100/1072] needs-browser spothopper   il Sogno Italiano
[ 101/1072] needs-browser Square Online storefront Sandwich Emporium
[ 102/1072] needs-browser order.online Gelato Paradiso
[ 103/1072] no-platform   -            Hanna's Gourmet
[ 104/1072] no-platform   -            Angelito's Fruteria Y Neveria
[ 105/1072] needs-browser Square Online storefront Pink Rose Cafe
[ 106/1072] no-platform   -            Flora
[ 107/1072] needs-browser toast        Valentina
[ 108/1072] needs-browser slice        Italia Pizza
[ 109/1072] screened-out  order.online Yogurt Heaven
[ 110/1072] no-platform   -            Honey Baked Ham
[ 111/1072] no-platform   -            Lucy's Bakery
[ 112/1072] needs-browser olo          Randy's Donuts
[ 113/1072] no-platform   -            Cafe Bella Drive Thru
[ 114/1072] fetch-failed  -            Camel's Bar and Grill
[ 115/1072] no-platform   -            Off The 8 Café
[ 116/1072] no-platform   -            Royal India Express
[ 117/1072] needs-browser olo          Luna Grill Millenia
[ 118/1072] needs-browser Square Online (own domain) Solana Sumptuous Cookies
[ 119/1072] no-platform   -            Wahoo's Fish Taco
[ 120/1072] needs-browser MealKeyWay   Surfing Crab Escondido
[ 121/1072] screened-out  menufy       Ginza Sushi
[ 122/1072] fetch-failed  -            We Olive & Wine Bar
[ 123/1072] no-platform   -            Tropifruit Juice Bar
[ 124/1072] no-platform   -            Dragon Express
[ 125/1072] no-platform   -            Cow-A-Bunga Ice Cream & Coffee
[ 126/1072] needs-browser Square Online (own domain) Serrano's Mexican Food
[ 127/1072] no-platform   -            Ike's Love & Sandwiches
[ 128/1072] fetch-failed  -            Thai Island@
[ 129/1072] needs-browser spothopper   Santos Coffee
[ 130/1072] no-platform   -            Rosemonts Cafe
[ 131/1072] fetch-failed  -            The Art of Espresso
[ 132/1072] fetch-failed  -            Palomino's Mexican & Seafood
[ 133/1072] no-platform   -            BKK THAI KITCHEN
[ 134/1072] screened-out  shopify      La Colombe Coffee Roasters
[ 135/1072] no-platform   -            Athens Market Taverna
[ 136/1072] no-platform   -            Shozen BBQ
[ 137/1072] needs-browser order.online San Diego Sandwich Co
[ 138/1072] no-platform   -            Mexico Lindo Restaurant
[ 139/1072] needs-browser Square Online (own domain) Matcha Cafe Maiko - Escondido
[ 140/1072] no-platform   -            PGA Tour Grill
[ 141/1072] needs-browser HungerRush   Flippin' Pizza La Costa
[ 142/1072] needs-browser -            Marieta's Mexican Food
[ 143/1072] no-platform   -            Eugenio Italian Ristorante & More
[ 144/1072] fetch-failed  -            @Spacebar Cafe
[ 145/1072] no-platform   -            Cake de Partie
[ 146/1072] screened-out  own-jsonld   Hanna Garden
[ 147/1072] no-platform   -            Uncle Biffs California Killer Cookies
[ 148/1072] no-platform   -            Donuts Plus
[ 149/1072] wrong-branch  chownow      Handel's Homemade Ice Cream
[ 150/1072] no-platform   -            La Mixteca
[ 151/1072] no-platform   -            Silverlake Ramen
[ 152/1072] needs-browser -            Bravo Cafe
[ 153/1072] no-platform   -            Kokoro Restaurant
[ 154/1072] no-platform   -            Pizza Mania
[ 155/1072] no-platform   -            Valerio's 1979
[ 156/1072] filed         shopify      Flor and Seed Coffee Roasters
[ 157/1072] needs-browser Square Online storefront Crossroads Deli
[ 158/1072] needs-browser Square Online (own domain) Elixir Espresso & Wine Bar
[ 159/1072] needs-browser SpotOn       Porky's Lechon Barbecue
[ 160/1072] too-few       netwaiter    Opa Greek Restaurant & Grill
[ 161/1072] no-platform   -            Imperial Express
[ 162/1072] fetch-failed  -            Potato Corner
[ 163/1072] no-platform   -            KD's Donuts
[ 164/1072] fetch-failed  -            Cielo Rooftop
[ 165/1072] no-platform   -            The Orient Thai
[ 166/1072] fetch-failed  -            Tak Grill Fresh Mediterranean Food
[ 167/1072] no-platform   -            Kaffee Meister
[ 168/1072] needs-browser olo          Luna Grill Encinitas
[ 169/1072] no-platform   -            White Labs Brewing Co - San Diego
[ 170/1072] needs-browser toast        The Naked Cafe
[ 171/1072] no-platform   -            The Leucadian
[ 172/1072] needs-browser Square Online storefront Thyme for Lunch Cafe & Grill
[ 173/1072] no-platform   -            Beach + Taco Shack
[ 174/1072] no-platform   -            ENO Market & Pizzeria
[ 175/1072] needs-browser -            SoCal Sushi
[ 176/1072] needs-browser -            Phở Hòa Restaurant | Vietnamese
[ 177/1072] no-platform   -            Nothing Bundt Cakes
[ 178/1072] screened-out  menufy       IB Thai
[ 179/1072] no-platform   -            Glazed Coffee & Creamery
[ 180/1072] needs-browser Square Online storefront Mesa Agricola
[ 181/1072] no-platform   -            Ko-Li Bar
[ 182/1072] no-platform   -            Que Tortas
[ 183/1072] needs-browser Square Online (own domain) Industrial Grind Coffee
[ 184/1072] screened-out  shopify      James Coffee Co
[ 185/1072] needs-browser chownow      Pho Hiep & Grill
[ 186/1072] no-platform   -            Kaito Sushi
[ 187/1072] screened-out  shopify      Seven Seas Roasting Company
[ 188/1072] needs-browser -            Fat Joe’s O’side
[ 189/1072] no-platform   -            YuJing Chinese Restaurant
[ 190/1072] fetch-failed  -            Donut Factory
[ 191/1072] no-platform   -            Chopsticks Chinese Cuisine
[ 192/1072] no-platform   -            The Grounds Bean Bar
[ 193/1072] needs-browser -            Banh Mi Blvd
[ 194/1072] needs-browser Square Online (own domain) Dot Cafe
[ 195/1072] no-platform   -            La Moreliana
[ 196/1072] needs-browser order.online BB's Deli
[ 197/1072] fetch-failed  -            Valentinas Taco Shop
[ 198/1072] no-platform   -            Blue Pepper Asian Cuisine
[ 199/1072] fetch-failed  -            Memo's Golden Bagel
[ 200/1072] fetch-failed  -            The Reunion
[ 201/1072] needs-browser -            Seaview Restaurant
[ 202/1072] needs-browser order.online Le Macaron French Pastries
[ 203/1072] needs-browser SpotOn       Kalei's Kitchenette
[ 204/1072] no-platform   -            Tea Pavilion
[ 205/1072] needs-browser MealKeyWay   Iron Wok
[ 206/1072] fetch-failed  -            Eat Your Heart Out II
[ 207/1072] needs-browser toast        Lime in the Coconut
[ 208/1072] no-platform   -            San Diego Blenders
[ 209/1072] no-platform   -            Joses Taco Shop
[ 210/1072] filed         toast        Baja Rick's Cantina
[ 211/1072] needs-browser slice        Rock On Pizza
[ 212/1072] needs-browser Square Online storefront Sue's Korean Kitchen
[ 213/1072] no-platform   -            Purple Owl Cafe
[ 214/1072] no-platform   -            Nanay's Best BBQ
[ 215/1072] fetch-failed  -            Al Teatro Panini Grill
[ 216/1072] fetch-failed  -            Bistro Pazzo
[ 217/1072] no-platform   -            Black Radish
[ 218/1072] fetch-failed  -            Idego Coffee Roasters
[ 219/1072] no-platform   -            Little Ceasar's
[ 220/1072] needs-browser Square Online storefront Tacoman
[ 221/1072] fetch-failed  -            Rosarito's Mexican Food #2
[ 222/1072] no-platform   -            Explorers Café
[ 223/1072] no-platform   -            Criscito Pizza
[ 224/1072] too-few       netwaiter    Nolberto's Taco Shop
[ 225/1072] fetch-failed  -            Bar Kamon
[ 226/1072] no-platform   -            Sweet Revenge Bakery
[ 227/1072] no-platform   -            Surfdog's Java Hot
[ 228/1072] no-platform   -            Gotcha
[ 229/1072] needs-browser Square Online storefront Fan-Fan
[ 230/1072] no-platform   -            The Luau
[ 231/1072] no-platform   -            Red Ribbon Bakeshop
[ 232/1072] no-platform   -            Coral Tree Tea House
[ 233/1072] fetch-failed  -            Prince Hookah Cafe
[ 234/1072] fetch-failed  -            P B Pub
[ 235/1072] no-platform   -            World Famous I Bar
[ 236/1072] no-platform   -            Red Ribbon Bakeshop
[ 237/1072] no-platform   -            Thai Style
[ 238/1072] fetch-failed  -            Thai Fresh
[ 239/1072] no-platform   -            Mother's Kitchen
[ 240/1072] no-platform   -            Brown Bag Deli
[ 241/1072] no-platform   -            Hino
[ 242/1072] no-platform   -            The Halal Shack
[ 243/1072] no-platform   -            Aztec Food Hub
[ 244/1072] no-platform   -            Corner Cafe | Chinese
[ 245/1072] no-platform   -            Crispy Chicken n' Tomato
[ 246/1072] needs-browser toast        Mr. Charlie's
[ 247/1072] needs-browser plain-html   Donut Stop
[ 248/1072] no-platform   -            Tony’s Newport Cafe
[ 249/1072] fetch-failed  -            Victor's Kafe - Poway
[ 250/1072] no-platform   -            Taco Time Food Truck
[ 251/1072] no-platform   -            Zhang Liang Malatang
[ 252/1072] no-platform   -            The Elegant Truffle
[ 253/1072] no-platform   -            Gong Cha
[ 254/1072] needs-browser SpotOn       D Wings & Ribs
[ 255/1072] no-platform   -            Kona Coffee
[ 256/1072] no-platform   -            Millport
[ 257/1072] needs-browser -            Panorama Bar & Grill
[ 258/1072] no-platform   -            Nothing Bundt Cakes
[ 259/1072] no-platform   -            La Perlita Mexican Food
[ 260/1072] no-platform   -            Seahorse Coffee
[ 261/1072] no-platform   -            The Deli Stop
[ 262/1072] wrong-branch  toast        The Crack Shack - Pacific Beach
[ 263/1072] wrong-branch  toast        Matoi
[ 264/1072] needs-browser Square Online storefront Cargo Cafe
[ 265/1072] needs-browser order.online Poki Poki - Encinitas
[ 266/1072] fetch-failed  -            Stagecoach Inn
[ 267/1072] no-platform   -            Parkys
[ 268/1072] fetch-failed  -            Topside Terrace Kitchen & Bar
[ 269/1072] needs-browser MealKeyWay   Zhengxin Chicken Steak
[ 270/1072] needs-browser Square Online (own domain) Elixir Espresso Bar
[ 271/1072] no-platform   -            Chin's Gourmet
[ 272/1072] needs-browser chownow      Gor Gai Thai Eatery
[ 273/1072] needs-browser toast        Bonehead Burger Co.
[ 274/1072] no-platform   -            Shanghai Cuisine
[ 275/1072] needs-browser Square Online storefront Sul & Beans
[ 276/1072] fetch-failed  -            Pho Olala
[ 277/1072] no-platform   -            The Peruvian Spot
[ 278/1072] no-platform   -            The Lean Machine Meal Prep
[ 279/1072] needs-browser -            Hancock Street Cafe
[ 280/1072] needs-browser Square Online storefront ZzanG Hotdog & Chicken
[ 281/1072] no-platform   -            China Express
[ 282/1072] needs-browser olo          Sweetfin
[ 283/1072] screened-out  clover       Hooked On Pokè
[ 284/1072] needs-browser order.online Daniel's Taco Shop
[ 285/1072] no-platform   -            Teaspoon
[ 286/1072] no-platform   -            Channel 2 Sports Bar
[ 287/1072] fetch-failed  -            Roots Bowls
[ 288/1072] no-platform   -            Pick Up Stix Fresh Asian Flavors
[ 289/1072] fetch-failed  -            Deano's Pub
[ 290/1072] needs-browser SpotOn       Hot or Not Thai
[ 291/1072] needs-browser MealKeyWay   Szechuan Chef Chinese Cuisine
[ 292/1072] fetch-failed  -            Le Rendez-Vous French Bakery
[ 293/1072] needs-browser HungerRush   Flippin Pizza Encinitas
[ 294/1072] no-platform   -            Bistro Kaz
[ 295/1072] no-platform   -            Chen Golden Palace
[ 296/1072] no-platform   -            La Central
[ 297/1072] needs-browser order.online DaYung's Tea
[ 298/1072] fetch-failed  -            Long Story Irish Pub
[ 299/1072] no-platform   -            Vitality Bowls
[ 300/1072] no-platform   -            Mike Hess Brewing Tasting Room
[ 301/1072] no-platform   -            It's A Piece A Cake
[ 302/1072] fetch-failed  -            Rosaria's Pizza 4
[ 303/1072] no-platform   -            Musashiya
[ 304/1072] no-platform   -            City Dragon
[ 305/1072] no-platform   -            The Brass Rail
[ 306/1072] no-platform   -            San Diego Eagle
[ 307/1072] fetch-failed  -            Tulum Seafood
[ 308/1072] no-platform   -            Sidny's Bagels & Deli
[ 309/1072] needs-browser toast        Upper East
[ 310/1072] no-platform   -            Okavango Outpost
[ 311/1072] no-platform   -            CAFE 160
[ 312/1072] too-few       netwaiter    Goyo's Bakery
[ 313/1072] no-platform   -            Kaki Sushi
[ 314/1072] no-platform   -            Bale French Sandwiches
[ 315/1072] fetch-failed  -            Spoon House
[ 316/1072] needs-browser order.online Taste of Thai
[ 317/1072] needs-browser order.online Elsa's Kitchen
[ 318/1072] no-platform   -            African Spices
[ 319/1072] no-platform   -            Hoffer's Cigar Bar
[ 320/1072] needs-browser Square Online storefront Mad Munch Grilled Cheezer Co.
[ 321/1072] no-platform   -            Gloria's Taco Shop
[ 322/1072] fetch-failed  -            Kinchana
[ 323/1072] fetch-failed  -            Mosa Tea
[ 324/1072] fetch-failed  -            Mike's Giant New York Pizza
[ 325/1072] fetch-failed  -            La Michoacana
[ 326/1072] fetch-failed  -            Achilles Coffee Roasters
[ 327/1072] fetch-failed  -            Dora
[ 328/1072] fetch-failed  -            Novecientos Grados by Tony Hawk
[ 329/1072] fetch-failed  -            Teriyaki Madness
[ 330/1072] fetch-failed  -            Cool Down Coffee
[ 331/1072] fetch-failed  -            JNC Pinoy Foodmart
[ 332/1072] fetch-failed  -            Frida's Taqueria
[ 333/1072] fetch-failed  -            Goli
[ 334/1072] fetch-failed  -            Bopomofo Cafe
[ 335/1072] fetch-failed  -            Thai Ladle
[ 336/1072] fetch-failed  -            Leos Kitchen
[ 337/1072] fetch-failed  -            Junction Bar & Grill
[ 338/1072] fetch-failed  -            Juice Kaboose
[ 339/1072] fetch-failed  -            Smittys Downtown
[ 340/1072] fetch-failed  -            Manzanita Roasting Co
[ 341/1072] fetch-failed  -            Tom's Chinese BBQ
[ 342/1072] fetch-failed  -            Deli Belly
[ 343/1072] fetch-failed  -            Pizzabilities - Alpine
[ 344/1072] fetch-failed  -            Urban Bubble
[ 345/1072] fetch-failed  -            La Nacional
[ 346/1072] fetch-failed  -            Hyderabad Cafe
[ 347/1072] fetch-failed  -            Roma's Pizza
[ 348/1072] fetch-failed  -            Ma's House
[ 349/1072] fetch-failed  -            Tasty Pizza Escondido LLC
[ 350/1072] fetch-failed  -            Nobu
[ 351/1072] fetch-failed  -            Juice Stop Encinitas
[ 352/1072] fetch-failed  -            Angela's Eccentric Kitchen
[ 353/1072] fetch-failed  -            Angry Petes Pizza Point Loma
[ 354/1072] fetch-failed  -            Kind Coffee
[ 355/1072] fetch-failed  -            La Banana Fruits - Fruteria
[ 356/1072] fetch-failed  -            Understory Bar
[ 357/1072] fetch-failed  -            Star Express
[ 358/1072] fetch-failed  -            Picasso's Naturals
[ 359/1072] fetch-failed  -            Nova Easy Kombucha
[ 360/1072] fetch-failed  -            Rad Habits Juice
[ 361/1072] fetch-failed  -            Pho G-Beef
[ 362/1072] fetch-failed  -            Spicy Noodle
[ 363/1072] fetch-failed  -            Ranch House Restaurant
[ 364/1072] fetch-failed  -            Bonchon Chicken
[ 365/1072] fetch-failed  -            Kona Kakes Tropical Cake Bakery
[ 366/1072] fetch-failed  -            Del Sushi
[ 367/1072] fetch-failed  -            Village Pub
[ 368/1072] fetch-failed  -            Tastea
[ 369/1072] fetch-failed  -            U Dessert Eats
[ 370/1072] fetch-failed  -            Juice Caboose
[ 371/1072] fetch-failed  -            Mariscos y Miches El Patron
[ 372/1072] fetch-failed  -            Burrito King
[ 373/1072] fetch-failed  -            Hometown Taste
[ 374/1072] fetch-failed  -            Granny's Apple Fries
[ 375/1072] fetch-failed  -            Rocco's Pizza Deli
[ 376/1072] fetch-failed  -            Vica’s Cafe
[ 377/1072] fetch-failed  -            Burekas Box
[ 378/1072] fetch-failed  -            Seven Seas Roasting
[ 379/1072] fetch-failed  -            Dog Leg Brewing
[ 380/1072] fetch-failed  -            Bowl To Go
[ 381/1072] fetch-failed  -            El Mercadito
[ 382/1072] fetch-failed  -            Unique Sandwiches
[ 383/1072] fetch-failed  -            Gem Coffee
[ 384/1072] fetch-failed  -            Gihon Ethiopian Kitchen
[ 385/1072] fetch-failed  -            Java Earth Coffee
[ 386/1072] fetch-failed  -            Star Dust Donut Shop
[ 387/1072] fetch-failed  -            Cheers
[ 388/1072] fetch-failed  -            A Louest
[ 389/1072] fetch-failed  -            Orient Valley Filipino Cuisine
[ 390/1072] fetch-failed  -            Cj Lounge
[ 391/1072] fetch-failed  -            Las Michoacanas
[ 392/1072] fetch-failed  -            Donut Bros
[ 393/1072] fetch-failed  -            The Pad Thai Stand
[ 394/1072] fetch-failed  -            Kinme Omakase
[ 395/1072] fetch-failed  -            Ten Seconds Yunnan Rice Noodle
[ 396/1072] fetch-failed  -            Erika's Mexican Food & Seafood
[ 397/1072] fetch-failed  -            Sarku Japan
[ 398/1072] fetch-failed  -            The Craft Taco at The Nat
[ 399/1072] fetch-failed  -            Bang Bang
[ 400/1072] fetch-failed  -            Social hookah lounge
[ 401/1072] fetch-failed  -            Papa's Pizza
[ 402/1072] fetch-failed  -            Jungle Tea
[ 403/1072] fetch-failed  -            Deano's Pub East
[ 404/1072] fetch-failed  -            R3fresh Juice Bar
[ 405/1072] fetch-failed  -            Castelli & Pizarro Family Vineyards & Winery
[ 406/1072] fetch-failed  -            Burros and Fries
[ 407/1072] fetch-failed  -            SusieCakes - Carlsbad
[ 408/1072] fetch-failed  -            Hongyuan Kebab
[ 409/1072] fetch-failed  -            Park Commons
[ 410/1072] fetch-failed  -            Bobalicious
[ 411/1072] fetch-failed  -            Tu Thanh
[ 412/1072] fetch-failed  -            China Fun
[ 413/1072] fetch-failed  -            La michoacana Plus San Diego #2
[ 414/1072] fetch-failed  -            Grab & Go - Mission Hills
[ 415/1072] fetch-failed  -            Rambler Coffee
[ 416/1072] fetch-failed  -            Hammer's New York Pizza
[ 417/1072] fetch-failed  -            K & K Orient Valley Food Center
[ 418/1072] fetch-failed  -            Kim's Bar-B-Que
[ 419/1072] fetch-failed  -            PB Oriental
[ 420/1072] fetch-failed  -            DRIFT La Jolla
[ 421/1072] fetch-failed  -            Landshark Bar & Grill
[ 422/1072] fetch-failed  -            PKI Sushi
[ 423/1072] fetch-failed  -            Modern Times Coffee
[ 424/1072] fetch-failed  -            Leucadia Pizza
[ 425/1072] fetch-failed  -            Del Cerro Pizza
[ 426/1072] fetch-failed  -            Marketplace Grille
[ 427/1072] fetch-failed  -            Prendi E Vai
[ 428/1072] fetch-failed  -            Bar Ella
[ 429/1072] fetch-failed  -            Bubbles & Brews Cafe
[ 430/1072] fetch-failed  -            Go Greek Authentic Yogurteria
[ 431/1072] fetch-failed  -            Tous les Jours
[ 432/1072] fetch-failed  -            Sieu Sieu BBQ
[ 433/1072] fetch-failed  -            Cherry Bomb
[ 434/1072] fetch-failed  -            El Viejon
[ 435/1072] fetch-failed  -            Mariscos La Morena
[ 436/1072] fetch-failed  -            Casa Fiesta Juice Bar
[ 437/1072] fetch-failed  -            The Pearl Restaurant
[ 438/1072] fetch-failed  -            Flour Atelier
[ 439/1072] fetch-failed  -            Happytime Tea
[ 440/1072] fetch-failed  -            Knights' Smokehouse BBQ
[ 441/1072] fetch-failed  -            Möge Tee
[ 442/1072] fetch-failed  -            Lapper Kitchen + Tap
[ 443/1072] fetch-failed  -            Imperial Palace
[ 444/1072] fetch-failed  -            Egg Holic
[ 445/1072] fetch-failed  -            Roppongi
[ 446/1072] fetch-failed  -            Quick Wok
[ 447/1072] fetch-failed  -            Kim's Deli
[ 448/1072] fetch-failed  -            Nothing Bundt Cakes
[ 449/1072] fetch-failed  -            Qin West
[ 450/1072] fetch-failed  -            Vinh Long Food To Go
[ 451/1072] fetch-failed  -            Vinya Yoga and Wine Bar
[ 452/1072] fetch-failed  -            Taco Loco
[ 453/1072] fetch-failed  -            Casa De Otay – The Casita
[ 454/1072] fetch-failed  -            Campus Cafe
[ 455/1072] fetch-failed  -            T. P. Bánh Bao 3
[ 456/1072] fetch-failed  -            Hua Mei Cafe
[ 457/1072] fetch-failed  -            Ching's Famous Hopia
[ 458/1072] fetch-failed  -            LJ Crafted Wines - Wines & Tastings
[ 459/1072] fetch-failed  -            Yas Lounge
[ 460/1072] fetch-failed  -            Cafe Aero
[ 461/1072] fetch-failed  -            Valerio's 1979
[ 462/1072] fetch-failed  -            Necter Juice Bar
[ 463/1072] fetch-failed  -            Josie's Hideout Saloon
[ 464/1072] fetch-failed  -            Gather
[ 465/1072] fetch-failed  -            Presotea
[ 466/1072] fetch-failed  -            The Pad Thai Stand
[ 467/1072] fetch-failed  -            D'liteful Chocolat
[ 468/1072] fetch-failed  -            Oakberry Açaí bowls
[ 469/1072] fetch-failed  -            De Kotija Taco Shop LLC
[ 470/1072] fetch-failed  -            Mochinut
[ 471/1072] fetch-failed  -            Bonita Donuts
[ 472/1072] fetch-failed  -            Creperie Antoinette
[ 473/1072] fetch-failed  -            Trevi Hills Winery
[ 474/1072] fetch-failed  -            Tree House
[ 475/1072] fetch-failed  -            Tasty Donuts
[ 476/1072] fetch-failed  -            Old Town Eatery
[ 477/1072] fetch-failed  -            Lambers Chinese Bakery
[ 478/1072] fetch-failed  -            Jamal's Chicken
[ 479/1072] fetch-failed  -            Poke One N Half
[ 480/1072] fetch-failed  -            Nomada
[ 481/1072] fetch-failed  -            Sunny Dumpling House
[ 482/1072] fetch-failed  -            Cafe Pascale Grill & Deli
[ 483/1072] fetch-failed  -            Sydney's
[ 484/1072] fetch-failed  -            Tres Hermanos Locos Tacos
[ 485/1072] fetch-failed  -            Cha Cha Tea Spot
[ 486/1072] fetch-failed  -            Guerrero Taco Shop
[ 487/1072] fetch-failed  -            Off the Vine Gardens Deli And Catering
[ 488/1072] fetch-failed  -            Cluck N Sip
[ 489/1072] fetch-failed  -            Bean Box
[ 490/1072] fetch-failed  -            DaYung's Tea
[ 491/1072] fetch-failed  -            Pure Squeeze
[ 492/1072] fetch-failed  -            Playa Azul Mariscos Restaurant
[ 493/1072] fetch-failed  -            Divina Matcha
[ 494/1072] fetch-failed  -            Nothing Bundt Cakes
[ 495/1072] fetch-failed  -            Grubz
[ 496/1072] fetch-failed  -            Qualcomm Cafe Q
[ 497/1072] fetch-failed  -            56 Thai Cafe
[ 498/1072] fetch-failed  -            Jaguar Paw
[ 499/1072] fetch-failed  -            Ohana Nutrition
[ 500/1072] fetch-failed  -            Warner Springs Golf Shop & Grill
[ 501/1072] fetch-failed  -            Asia Wok Teppanyaki & Chinese Food
[ 502/1072] fetch-failed  -            Linda's Yogurt & Deli
[ 503/1072] fetch-failed  -            All That Shabu
[ 504/1072] fetch-failed  -            Bivouac Adventure Lodge Coffee Shop
[ 505/1072] fetch-failed  -            Boba Tea Spot
[ 506/1072] fetch-failed  -            Cali Banh Mi
[ 507/1072] fetch-failed  -            Montebello
[ 508/1072] fetch-failed  -            The Grillery
[ 509/1072] fetch-failed  -            Ba Le French Sandwich Shop
[ 510/1072] fetch-failed  -            The Golf Bar
[ 511/1072] fetch-failed  -            Pita Pit
[ 512/1072] fetch-failed  -            Tazza D'Oro
[ 513/1072] fetch-failed  -            Pub 1795
[ 514/1072] fetch-failed  -            Cargo Cafe - Paseo Del Mar
[ 515/1072] fetch-failed  -            All Things Ube Desserts
[ 516/1072] fetch-failed  -            Alohana Açaí Bowls
[ 517/1072] fetch-failed  -            5 O'Clock Somewhere Rooftop Bar
[ 518/1072] fetch-failed  -            Suki Hana
[ 519/1072] fetch-failed  -            Johnny Radz Pizza
[ 520/1072] fetch-failed  -            Route 6 Coffee & Smoothies
[ 521/1072] fetch-failed  -            Mike Hess Brewing - Seaport Village Taphouse
[ 522/1072] fetch-failed  -            The Loft at UC San Diego
[ 523/1072] fetch-failed  -            Grab & Go
[ 524/1072] fetch-failed  -            Ziggi's Coffee
[ 525/1072] fetch-failed  -            Shabu Spot
[ 526/1072] fetch-failed  -            La Pizzeria Arrivederci
[ 527/1072] fetch-failed  -            Sunright Tea Studio
[ 528/1072] fetch-failed  -            J & J's Mexican Food
[ 529/1072] fetch-failed  -            Huy Ky Bakery
[ 530/1072] fetch-failed  -            F Street Cafe
[ 531/1072] fetch-failed  -            Enoteca Buona Forchetta
[ 532/1072] fetch-failed  -            Zoo Brew
[ 533/1072] fetch-failed  -            Pizza Grande
[ 534/1072] fetch-failed  -            Dockside Casual Seafood Counter
[ 535/1072] fetch-failed  -            Zest Wine Bistro
[ 536/1072] fetch-failed  -            Healthy Grill Mediterranean
[ 537/1072] fetch-failed  -            The MRKT
[ 538/1072] fetch-failed  -            Sandwich Place
[ 539/1072] fetch-failed  -            62 Area Chow Hall
[ 540/1072] fetch-failed  -            Yuki Yuki
[ 541/1072] fetch-failed  -            Suki Hana
[ 542/1072] fetch-failed  -            Royal Pearl Tea
[ 543/1072] fetch-failed  -            Forum Deli
[ 544/1072] fetch-failed  -            Tapas Bar
[ 545/1072] fetch-failed  -            Test Kitchen
[ 546/1072] fetch-failed  -            Tutti Frutti Frozen Yogurt
[ 547/1072] fetch-failed  -            Manta Pizza
[ 548/1072] fetch-failed  -            Madina Market Halal Fast Food
[ 549/1072] fetch-failed  -            Plaza Deli
[ 550/1072] fetch-failed  -            Michoacana Mia - SDSU
[ 551/1072] fetch-failed  -            Pure Green
[ 552/1072] fetch-failed  -            longball cocktail
[ 553/1072] fetch-failed  -            Blue Bowl Superfoods
[ 554/1072] fetch-failed  -            Sip Fresh
[ 555/1072] fetch-failed  -            Market One
[ 556/1072] fetch-failed  -            Chapters Cafe
[ 557/1072] fetch-failed  -            Coco Bomb
[ 558/1072] fetch-failed  -            La Paloma
[ 559/1072] fetch-failed  -            Fresca Deli .
[ 560/1072] fetch-failed  -            Showa Ramen
[ 561/1072] fetch-failed  -            Chester's
[ 562/1072] fetch-failed  -            Craft Pizza
[ 563/1072] fetch-failed  -            Prado Perk
[ 564/1072] fetch-failed  -            The Lookout at Lake Poway
[ 565/1072] fetch-failed  -            Surf City Squeeze
[ 566/1072] fetch-failed  -            Mister G Salsa
[ 567/1072] no-platform   -            Agave Taco Shop
[ 568/1072] fetch-failed  -            Collette’s Collaborative Collective Cuisine
[ 569/1072] fetch-failed  -            Thérapie Bistro
[ 570/1072] fetch-failed  -            FiveO3 Pupusas
[ 571/1072] fetch-failed  -            El Cilantro Mexican Grill
[ 572/1072] fetch-failed  -            Unico Juice Shop
[ 573/1072] fetch-failed  -            Topo's Tacos
[ 574/1072] fetch-failed  -            The Bean Box 701
[ 575/1072] fetch-failed  -            FLAVORS EXPRESS SDSU
[ 576/1072] fetch-failed  -            Chagee
[ 577/1072] fetch-failed  -            Oriste Fairway Cafe
[ 578/1072] fetch-failed  -            Lò Bánh Cuốn Tân Định
[ 579/1072] fetch-failed  -            Ramen Station
[ 580/1072] fetch-failed  -            Copa Vida
[ 581/1072] fetch-failed  -            Finca Casa Blanca
[ 582/1072] fetch-failed  -            Boba n More
[ 583/1072] fetch-failed  -            Cargo Cafe - Wateridge
[ 584/1072] fetch-failed  -            El huevo estrellado # 2
[ 585/1072] fetch-failed  -            Cargo Cafe - Gateway
[ 586/1072] fetch-failed  -            Bert's Bistro
[ 587/1072] fetch-failed  -            El Camino
[ 588/1072] fetch-failed  -            Bosley Cafe
[ 589/1072] fetch-failed  -            Med Cafe
[ 590/1072] fetch-failed  -            Sound by the Sea
[ 591/1072] fetch-failed  -            La Mesita Mexican Food
[ 592/1072] fetch-failed  -            Kellys Pub
[ 593/1072] fetch-failed  -            Leu Leu
[ 594/1072] fetch-failed  -            Urban Location Boba Tea House San Diego
[ 595/1072] fetch-failed  -            Kona Craft Cafe
[ 596/1072] fetch-failed  -            Trident Coffee Pacific Beach
[ 597/1072] fetch-failed  -            Jungle Cart
[ 598/1072] fetch-failed  -            Merenda
[ 599/1072] fetch-failed  -            Eclipse Chocolat
[ 600/1072] fetch-failed  -            Veladora
[ 601/1072] fetch-failed  -            Villa Fresh Italian Kitchen
[ 602/1072] fetch-failed  -            Charli's Landing
[ 603/1072] fetch-failed  -            La Mesa Pizzaworks
[ 604/1072] fetch-failed  -            Great Wok of China
[ 605/1072] fetch-failed  -            Players Sports Grill
[ 606/1072] fetch-failed  -            Banzai Bowls
[ 607/1072] fetch-failed  -            El Ranchero
[ 608/1072] fetch-failed  -            Thai Pasta
[ 609/1072] fetch-failed  -            Gintaro Sushi
[ 610/1072] fetch-failed  -            Jordan
[ 611/1072] fetch-failed  -            PB Poke House Oceanside
[ 612/1072] fetch-failed  -            Hi!Dumplings
[ 613/1072] fetch-failed  -            Little Victory Wine Bar
[ 614/1072] fetch-failed  -            Ascend Coffee Roasters
[ 615/1072] fetch-failed  -            Kin Saep
[ 616/1072] fetch-failed  -            Moniker General
[ 617/1072] fetch-failed  -            Docent Brewing
[ 618/1072] fetch-failed  -            Fairbanks
[ 619/1072] fetch-failed  -            Mission Baja Tacos
[ 620/1072] fetch-failed  -            Emiliana's Mexican & Deli Food
[ 621/1072] fetch-failed  -            Comstock Bar & Grill
[ 622/1072] fetch-failed  -            T&T Tacos & Tequila Grill & Cantina
[ 623/1072] fetch-failed  -            Sam's Farm Fresh
[ 624/1072] fetch-failed  -            Baba's Pizza
[ 625/1072] fetch-failed  -            The Crimson Cake
[ 626/1072] fetch-failed  -            Tengu Ramen
[ 627/1072] fetch-failed  -            Smokin J's BBQ & Taphouse
[ 628/1072] fetch-failed  -            Alborz Restaurant
[ 629/1072] fetch-failed  -            Finney's Crafthouse
[ 630/1072] fetch-failed  -            Jaws Topokki
[ 631/1072] fetch-failed  -            AleSmith Brewing Company
[ 632/1072] fetch-failed  -            Belinda's Familia Mexican Food Truck
[ 633/1072] fetch-failed  -            Mombasa Cooker
[ 634/1072] fetch-failed  -            Aromi Italian Cuisine
[ 635/1072] fetch-failed  -            Shake Smart
[ 636/1072] fetch-failed  -            Massachusetts Mike's Pizzeria
[ 637/1072] fetch-failed  -            Mis Dos Gallos Taqueria, Fruit & Deli
[ 638/1072] fetch-failed  -            China bros
[ 639/1072] fetch-failed  -            Fleurette
[ 640/1072] fetch-failed  -            ALOHA GRILL
[ 641/1072] fetch-failed  -            Le Coq
[ 642/1072] fetch-failed  -            Ryan Bros Coffee City Heights
[ 643/1072] fetch-failed  -            Scoops Ocean Beach
[ 644/1072] fetch-failed  -            West Coast Pizza Company
[ 645/1072] fetch-failed  -            EL ENCANTO SD
[ 646/1072] needs-browser -            Baked Thicc
[ 647/1072] fetch-failed  -            SugarBears Sweet Provisions
[ 648/1072] fetch-failed  -            Naked Pizza
[ 649/1072] fetch-failed  -            Fish Restaurant
[ 650/1072] fetch-failed  -            Handel’s Homemade Ice Cream
[ 651/1072] fetch-failed  -            Allen's New York Pizza
[ 652/1072] fetch-failed  -            Rice
[ 653/1072] fetch-failed  -            Sonny’s Pizza
[ 654/1072] fetch-failed  -            Top of the Bagel
[ 655/1072] fetch-failed  -            New York Buffalo Wings
[ 656/1072] fetch-failed  -            HillCrust Pizza
[ 657/1072] fetch-failed  -            Nicolosi's Pizza (Mira Lee Way)
[ 658/1072] fetch-failed  -            Panpan wok
[ 659/1072] fetch-failed  -            Himalayan Bistro Oceanside
[ 660/1072] fetch-failed  -            Old World Meat Company
[ 661/1072] fetch-failed  -            Angry Chickz - Oceanside
[ 662/1072] fetch-failed  -            Ituri Hut
[ 663/1072] fetch-failed  -            Parakeet Juicery - La Jolla
[ 664/1072] fetch-failed  -            James Coffee Co.
[ 665/1072] fetch-failed  -            Prager Brothers Artisan Breads
[ 666/1072] fetch-failed  -            El After Social Club
[ 667/1072] fetch-failed  -            The Reading Club
[ 668/1072] fetch-failed  -            CABETOS Pops
[ 669/1072] fetch-failed  -            The Waterfront
[ 670/1072] fetch-failed  -            Kasi
[ 671/1072] fetch-failed  -            Sunny Side Solana
[ 672/1072] fetch-failed  -            Souplantation
[ 673/1072] fetch-failed  -            Bambinos Pizzeria & Deli #4
[ 674/1072] fetch-failed  -            Monster Snacks
[ 675/1072] fetch-failed  -            Beeside Balcony La Jolla
[ 676/1072] fetch-failed  -            China Fusion - Vista Way
[ 677/1072] fetch-failed  -            Ascend Coffee Roasters
[ 678/1072] fetch-failed  -            Antique Row Cafe
[ 679/1072] fetch-failed  -            Time Out Café
[ 680/1072] fetch-failed  -            Blanco Cocina + Cantina
[ 681/1072] fetch-failed  -            Copa Vida
[ 682/1072] fetch-failed  -            Graziano's Pizza Oceanside
[ 683/1072] fetch-failed  -            ZZan Sushi & Soju
[ 684/1072] fetch-failed  -            Prey Brewing Company
[ 685/1072] needs-browser Square Online storefront House of Pho
[ 686/1072] fetch-failed  -            WUHU TEA & DELI
[ 687/1072] fetch-failed  -            Lefty's Cheesesteaks
[ 688/1072] no-platform   -            Caribbean Pleasure
[ 689/1072] no-platform   -            Copper Kings San Marcos
[ 690/1072] no-platform   -            Rancho Grande El Toro Mexican Cuisine
[ 691/1072] needs-browser order.online Sukho Thai Extraordinaire
[ 692/1072] no-platform   -            Finca
[ 693/1072] no-platform   -            Oodles By The Nood Bar
[ 694/1072] gated         order.online NuYo Frozen Yogurt Telegraph Canyon
[ 695/1072] no-platform   -            Tacotarian San Diego
[ 696/1072] no-platform   -            Cocina Del Mar
[ 697/1072] no-platform   -            Ernes Mexican Food & Breakfast
[ 698/1072] no-platform   -            Juice Alchemy
[ 699/1072] no-platform   -            MOOYAH Burgers, Fries & Shakes
[ 700/1072] no-platform   -            Ono Hawaiian BBQ
[ 701/1072] no-platform   -            Ocean Thai Cuisine
[ 702/1072] needs-browser toast        Sultan Baklava
[ 703/1072] no-platform   -            Doc Holliday's
[ 704/1072] no-platform   -            La Salsa
[ 705/1072] wrong-branch  toast        Cozy Corner
[ 706/1072] needs-browser MenuSifu     Joyee Noodle House(UTC)
[ 707/1072] no-platform   -            Badas burgers
[ 708/1072] wrong-branch  toast        Saigon Alley Kitchen & Bar
[ 709/1072] no-platform   -            Relic Bakery & Kitchen
[ 710/1072] fetch-failed  -            Cork N Brew
[ 711/1072] needs-browser HungerRush   Buonasera New York Pizzeria
[ 712/1072] no-platform   -            Native Foods
[ 713/1072] no-platform   -            Backdraft Bar & Grill
[ 714/1072] fetch-failed  -            Truluck's
[ 715/1072] no-platform   -            The Encore Sushi
[ 716/1072] wrong-branch  toast        Oceanside Fish Shop
[ 717/1072] needs-browser Square Online storefront Empanada Kitchen
[ 718/1072] wrong-branch  toast        Madeleine
[ 719/1072] no-platform   -            Paris Baguette
[ 720/1072] filed         toast        Napatini Bistro and Wine Bar
[ 721/1072] no-platform   -            CHINA CHEF 1
[ 722/1072] no-platform   -            Gelato 101 Solana Beach
[ 723/1072] no-platform   -            Los Mexas
[ 724/1072] no-platform   -            Crave & Feast
[ 725/1072] fetch-failed  -            Ju-ichi
[ 726/1072] fetch-failed  -            Savory Thai Restaurant
[ 727/1072] needs-browser toast        One of Us
[ 728/1072] no-platform   -            Safari Coffee Outpost
[ 729/1072] no-platform   -            Pizza Guys
[ 730/1072] needs-browser toast        Higher Grounds Coffee + Café
[ 731/1072] gated         toast        Barn Door Public House
[ 732/1072] needs-browser toast        Grandson Steaks
[ 733/1072] needs-browser -            Taqueria El Kabron Jr.
[ 734/1072] no-platform   -            Panda Imperial Restaurant
[ 735/1072] no-platform   -            El Flako's Wrangler Barbecue
[ 736/1072] wrong-branch  toast        Gold Coffee Shop
[ 737/1072] fetch-failed  -            Tacos Locos Tasty Mexican Food
[ 738/1072] needs-browser toast        Tacaliente Mexican Grill
[ 739/1072] needs-browser -            1022 Cafe & Gelateria
[ 740/1072] no-platform   -            Gaslamp Coffee Bar
[ 741/1072] too-few       netwaiter    Su Pan Bakery El Cajon
[ 742/1072] no-platform   -            Barrio Food Hub
[ 743/1072] no-platform   -            Monserate Winery
[ 744/1072] wrong-branch  chownow      Handel's Homemade Ice Cream
[ 745/1072] no-platform   -            Krak Boba
[ 746/1072] no-platform   -            Pho Oceanside
[ 747/1072] no-platform   -            Vinarius Wine Bar & Restaurant
[ 748/1072] needs-browser order.online El Rinconcito Fruteria
[ 749/1072] needs-browser SpotOn       Tasty Pho
[ 750/1072] no-platform   -            Mendoza’s Mexican Food
[ 751/1072] wrong-branch  toast        Blank Slate
[ 752/1072] no-platform   -            The Morning Grove
[ 753/1072] needs-browser toast        Corbin's Q
[ 754/1072] no-platform   -            Draft Republic San Marcos
[ 755/1072] needs-browser -            Yogurt Lounge Serra Mesa
[ 756/1072] no-platform   -            Mantra Raja
[ 757/1072] no-platform   -            Camino Riviera
[ 758/1072] wrong-branch  toast        Cala La Jolla Café
[ 759/1072] wrong-branch  toast        Chin's Szechwan - Del Mar
[ 760/1072] needs-browser toast        bcb Cafe
[ 761/1072] needs-browser chownow      Donburi Rice Bowls
[ 762/1072] no-platform   -            Pho House
[ 763/1072] no-platform   -            Sono North Park
[ 764/1072] wrong-branch  toast        Bubba’s Smokehouse BBQ
[ 765/1072] no-platform   -            Breakwater Brewing Co.
[ 766/1072] no-platform   -            Canyon Inn
[ 767/1072] no-platform   -            I Love Bagels
[ 768/1072] fetch-failed  -            Nory's Donut & Bakery
[ 769/1072] screened-out  shopify      Vigilante Coffee
[ 770/1072] screened-out  toast        Agave Birrieria
[ 771/1072] filed         spothopper   Cabo Cantina
[ 772/1072] no-platform   -            Monserate Winery
[ 773/1072] too-few       netwaiter    Appetite
[ 774/1072] needs-browser toast        Tita's Taco Shop
[ 775/1072] no-platform   -            Golden Corral
[ 776/1072] no-platform   -            Side Street Bowls & Smoothies
[ 777/1072] no-platform   -            Little While
[ 778/1072] no-platform   -            Borrego Rooftop
[ 779/1072] no-platform   -            Mo-Mo Paradise
[ 780/1072] needs-browser toast        Okama Ramen and Grill
[ 781/1072] no-platform   -            Thai Table Time
[ 782/1072] needs-browser slice        Pastalini
[ 783/1072] no-platform   -            La Sabrosita
[ 784/1072] no-platform   -            Taconora Pacific Beach
[ 785/1072] needs-browser order.online Sabor a Vida Cafe & Deli
[ 786/1072] no-platform   -            That Pizza Place - Carlsbad
[ 787/1072] too-few       own-jsonld   The Oceanaire Seafood Room
[ 788/1072] needs-browser slice        Fiori’s Pizza
[ 789/1072] fetch-failed  -            OB Kebab
[ 790/1072] no-platform   -            Mexico City Cuisine-CoLab
[ 791/1072] no-platform   -            UT-HO Boba & Baguette
[ 792/1072] fetch-failed  -            OB Garden Café
[ 793/1072] no-platform   -            George’s Bar
[ 794/1072] wrong-branch  toast        Lucha Libre Taco Shop
[ 795/1072] needs-browser toast        Chef Fei
[ 796/1072] needs-browser chownow      Parakeet Cafe - Nautilus
[ 797/1072] no-platform   -            Tacos de Birria El Chinito Jr
[ 798/1072] no-platform   -            China Fun
[ 799/1072] no-platform   -            Green Vine Delicatessen
[ 800/1072] needs-browser -            Board & Brew - Escondido
[ 801/1072] needs-browser MealKeyWay   Pho Luu Escondido - Vietnamese Cuisine
[ 802/1072] no-platform   -            Everest Himalayan Cuisine
[ 803/1072] no-platform   -            Cococabana
[ 804/1072] needs-browser toast        Paradisaea
[ 805/1072] needs-browser Square Online (own domain) BCB Coffee
[ 806/1072] fetch-failed  -            Gooseberries kafe
[ 807/1072] needs-browser toast        Taco Lounge Escaya
[ 808/1072] no-platform   -            Bovino
[ 809/1072] fetch-failed  -            Creme De La Crepe
[ 810/1072] fetch-failed  -            Grover's Grill
[ 811/1072] fetch-failed  -            Fairbanks
[ 812/1072] fetch-failed  -            Hanna Garden
[ 813/1072] fetch-failed  -            Sourpuss Donuts
[ 814/1072] fetch-failed  -            Oaks Bar Grill
[ 815/1072] fetch-failed  -            Nick's on State
[ 816/1072] fetch-failed  -            Rare Society
[ 817/1072] fetch-failed  -            Purl Tea San Marcos
[ 818/1072] fetch-failed  -            Border X Brewing
[ 819/1072] fetch-failed  -            Quarter Deck Inn Cocktails
[ 820/1072] fetch-failed  -            House of Black
[ 821/1072] fetch-failed  -            Pei Wei
[ 822/1072] fetch-failed  -            Colosseo Cucina Italiana
[ 823/1072] fetch-failed  -            Backyard Altar BBQ
[ 824/1072] fetch-failed  -            Crave
[ 825/1072] fetch-failed  -            Pompei Pizza
[ 826/1072] fetch-failed  -            Noodles
[ 827/1072] fetch-failed  -            Crest Taco
[ 828/1072] fetch-failed  -            Taco Villa
[ 829/1072] fetch-failed  -            Las Pinches Tortas
[ 830/1072] fetch-failed  -            Market St Pizzeria
[ 831/1072] fetch-failed  -            Stone Oven
[ 832/1072] fetch-failed  -            The Cakery Cafe
[ 833/1072] fetch-failed  -            Stella Jean's Ice Cream Kensington
[ 834/1072] fetch-failed  -            Lotho Deli
[ 835/1072] fetch-failed  -            Ichitaru Ramen Carlsbad
[ 836/1072] fetch-failed  -            Hazel & Jade Bakery
[ 837/1072] fetch-failed  -            Jalisco Cantina
[ 838/1072] fetch-failed  -            24 Suns
[ 839/1072] fetch-failed  -            Daisy Deli
[ 840/1072] fetch-failed  -            Rito’s Mexican Food
[ 841/1072] fetch-failed  -            Bodega Market
[ 842/1072] fetch-failed  -            Mevan Coffee & Desserts & Brunch
[ 843/1072] fetch-failed  -            Copa Vida
[ 844/1072] fetch-failed  -            Scena Fusion Kitchen & Bar
[ 845/1072] fetch-failed  -            La Jollita
[ 846/1072] fetch-failed  -            Beer Company
[ 847/1072] fetch-failed  -            Paris Baguette
[ 848/1072] fetch-failed  -            CITRINA BERRY FRESH
[ 849/1072] fetch-failed  -            Sabroso taco savor a mi tierra
[ 850/1072] fetch-failed  -            Dalu Hawaiian BBQ
[ 851/1072] fetch-failed  -            Peppoli's Pizza & Philly Steaks
[ 852/1072] fetch-failed  -            Barrel Riot
[ 853/1072] fetch-failed  -            Dimassi's Mediterranean Buffet
[ 854/1072] fetch-failed  -            Huckleberry's Breakfast & Lunch
[ 855/1072] fetch-failed  -            All Fried Up
[ 856/1072] fetch-failed  -            ROBATA-X Sushi & Izakaya
[ 857/1072] fetch-failed  -            Atelier Manna
[ 858/1072] fetch-failed  -            The Poke Tea House
[ 859/1072] fetch-failed  -            Karihan Filipino Food
[ 860/1072] fetch-failed  -            NOIR Sushi and Sake Fusion Lounge
[ 861/1072] fetch-failed  -            Trattoria da Sofia
[ 862/1072] fetch-failed  -            Curbside Eatery & Drinkery
[ 863/1072] fetch-failed  -            Citrina Berry Fresh
[ 864/1072] fetch-failed  -            ZZan Sushi & Soju
[ 865/1072] fetch-failed  -            Board & Brew - Downtown San Diego
[ 866/1072] fetch-failed  -            Mission Brewing (fka Rough Draft)
[ 867/1072] fetch-failed  -            Hilltop Cafe
[ 868/1072] fetch-failed  -            Khyber Pass Zarparan Restaurant | Afghan
[ 869/1072] fetch-failed  -            TACO CENTRO
[ 870/1072] fetch-failed  -            Antique Thai
[ 871/1072] fetch-failed  -            Silvia's Pupuseria
[ 872/1072] fetch-failed  -            Terrace Lounge
[ 873/1072] fetch-failed  -            Birria El Rey
[ 874/1072] fetch-failed  -            Torta Time
[ 875/1072] fetch-failed  -            Zuma San Diego
[ 876/1072] fetch-failed  -            Dumplings N More
[ 877/1072] fetch-failed  -            Love Letters Pizza
[ 878/1072] fetch-failed  -            Valerio's Finest Bake Shop
[ 879/1072] fetch-failed  -            BurgerIM
[ 880/1072] fetch-failed  -            Baja Fresh
[ 881/1072] fetch-failed  -            Arteazen Handcrafted Tea
[ 882/1072] fetch-failed  -            Egg Tuck
[ 883/1072] fetch-failed  -            Aromas
[ 884/1072] fetch-failed  -            I Love Pho
[ 885/1072] fetch-failed  -            Hummus Mediterranean Kitchen
[ 886/1072] fetch-failed  -            Chopsticks Inn Restaurant
[ 887/1072] fetch-failed  -            GIHON Ethiopian Kitchen
[ 888/1072] fetch-failed  -            Crepes
[ 889/1072] fetch-failed  -            Thai Basil
[ 890/1072] fetch-failed  -            KABOB SHACK - EASTLAKE
[ 891/1072] fetch-failed  -            For The Win - San Diego
[ 892/1072] fetch-failed  -            Chef Budda Blasian Soul Food LLC
[ 893/1072] fetch-failed  -            Christophe Rull Patisserie
[ 894/1072] fetch-failed  -            Chicken & Crown
[ 895/1072] fetch-failed  -            Golden Spoon Carlsbad Plaza
[ 896/1072] fetch-failed  -            Poki Poki - Escondido
[ 897/1072] fetch-failed  -            Noodle & Bun
[ 898/1072] fetch-failed  -            Sushi Freak
[ 899/1072] fetch-failed  -            Habibi Mediterranean Grill
[ 900/1072] fetch-failed  -            Ono Hawaiian BBQ
[ 901/1072] fetch-failed  -            Taco King
[ 902/1072] fetch-failed  -            La Costa Wine
[ 903/1072] fetch-failed  -            El Papas Fritas Taco Shop
[ 904/1072] fetch-failed  -            Hacienda De Vega
[ 905/1072] fetch-failed  -            Thai Thae Cuisine
[ 906/1072] fetch-failed  -            Allen's New York Pizza
[ 907/1072] fetch-failed  -            Oriental Cafe | Chinese
[ 908/1072] fetch-failed  -            Fairbanks
[ 909/1072] fetch-failed  -            Pokeport Oceanside
[ 910/1072] fetch-failed  -            PanPan wok
[ 911/1072] fetch-failed  -            Mein St. Asian Kitchen
[ 912/1072] fetch-failed  -            Beach City Smoothies - Oceanside
[ 913/1072] fetch-failed  -            Coffee Bean
[ 914/1072] fetch-failed  -            Pop Pops Paleta
[ 915/1072] fetch-failed  -            North Park Creamery
[ 916/1072] fetch-failed  -            Leona's Cucina Italiana
[ 917/1072] fetch-failed  -            Agave Birrieria
[ 918/1072] fetch-failed  -            Dark Horse Coffee Roasters
[ 919/1072] fetch-failed  -            Juice Holler
[ 920/1072] fetch-failed  -            Little Kiki Katsu & More
[ 921/1072] fetch-failed  -            Dryer's Ice Cream Parlor
[ 922/1072] fetch-failed  -            Le Charcuterie Bar
[ 923/1072] fetch-failed  -            University Towers Kitchen
[ 924/1072] fetch-failed  -            TEC Cafe
[ 925/1072] fetch-failed  -            Halal Burger Co.
[ 926/1072] fetch-failed  -            Between Us
[ 927/1072] fetch-failed  -            La Fresita Y Mas
[ 928/1072] fetch-failed  -            Chin's Szechwan - Point Loma
[ 929/1072] fetch-failed  -            Fortuna Ristorante Italiano
[ 930/1072] fetch-failed  -            Urban Teri Kitchen
[ 931/1072] fetch-failed  -            chance's coffee
[ 932/1072] fetch-failed  -            PanPan Wok
[ 933/1072] fetch-failed  -            Sweet Labors
[ 934/1072] fetch-failed  -            Uncle Feras Middle Eastern Restaurant
[ 935/1072] fetch-failed  -            Una Mas on Adams
[ 936/1072] fetch-failed  -            Lofty Coffee
[ 937/1072] fetch-failed  -            Burger Bench Vista
[ 938/1072] fetch-failed  -            TAKARAMONO SUSHI
[ 939/1072] fetch-failed  -            Pei Wei
[ 940/1072] fetch-failed  -            Fish Boon
[ 941/1072] fetch-failed  -            IZOLA
[ 942/1072] fetch-failed  -            Cent'Anni Café
[ 943/1072] fetch-failed  -            Trisler's San Diego Wine Bar
[ 944/1072] fetch-failed  -            Nékter Juice Bar
[ 945/1072] fetch-failed  -            Our Green Affair
[ 946/1072] fetch-failed  -            Empanada Kitchen
[ 947/1072] fetch-failed  -            Wings mix
[ 948/1072] fetch-failed  -            Pho Tan
[ 949/1072] fetch-failed  -            Saigon Star Restaurant
[ 950/1072] fetch-failed  -            Tacos el Niño Santana
[ 951/1072] fetch-failed  -            Diego's Taco Shop
[ 952/1072] fetch-failed  -            Buffalo Wild Wings GO
[ 953/1072] fetch-failed  -            Rancho Cafe
[ 954/1072] fetch-failed  -            Queenstown Del Mar
[ 955/1072] fetch-failed  -            El Flako's Wrangler Barbecue
[ 956/1072] fetch-failed  -            The Alley Otay Mesa
[ 957/1072] fetch-failed  -            Pegah’s Kitchen
[ 958/1072] fetch-failed  -            Pho Nam Cali
[ 959/1072] fetch-failed  -            Rush Bowls
[ 960/1072] fetch-failed  -            Deli Belly
[ 961/1072] fetch-failed  -            Pietro's Cucina Italiana
[ 962/1072] fetch-failed  -            Burtech Family Vineyard Tasting Room
[ 963/1072] fetch-failed  -            La Casa Verde
[ 964/1072] no-platform   -            Carnitas’ Snack Shack
[ 965/1072] fetch-failed  -            Paris Baguette
[ 966/1072] fetch-failed  -            Blue Water Grill
[ 967/1072] fetch-failed  -            Coco's Bakery
[ 968/1072] fetch-failed  -            The Coffee Spot
[ 969/1072] fetch-failed  -            Simply Fresh Thai
[ 970/1072] fetch-failed  -            UT-HO Boba & Baguette
[ 971/1072] fetch-failed  -            CTZN
[ 972/1072] fetch-failed  -            U31
[ 973/1072] fetch-failed  -            Two Hands Corn Dog Mira Mesa
[ 974/1072] fetch-failed  -            Filibertos
[ 975/1072] fetch-failed  -            Island Market
[ 976/1072] fetch-failed  -            Ground Up Cafe
[ 977/1072] fetch-failed  -            The Hamlett
[ 978/1072] fetch-failed  -            Los Cucos Mexican Food
[ 979/1072] fetch-failed  -            Flame Broiler
[ 980/1072] fetch-failed  -            India Princess
[ 981/1072] fetch-failed  -            Brick & Bell Plus
[ 982/1072] fetch-failed  -            Soda & Swine
[ 983/1072] fetch-failed  -            Good Omen Coffee Co
[ 984/1072] fetch-failed  -            Chocolate Bash
[ 985/1072] fetch-failed  -            Green Cheek Beer Co.
[ 986/1072] fetch-failed  -            Beach City Smoothies
[ 987/1072] fetch-failed  -            Cafe Fresh
[ 988/1072] fetch-failed  -            Los Armando's Mexican Food
[ 989/1072] fetch-failed  -            Sammy's Woodfire Pizza and Grille
[ 990/1072] fetch-failed  -            Chef’s Wok & Dumplings
[ 991/1072] fetch-failed  -            Buca di Beppo Italian Restaurant
[ 992/1072] fetch-failed  -            Good Source Coffee
[ 993/1072] fetch-failed  -            Village Inn
[ 994/1072] fetch-failed  -            Photo House
[ 995/1072] fetch-failed  -            Burrito Leo's Mexican Food
[ 996/1072] fetch-failed  -            EsKiNiTa
[ 997/1072] fetch-failed  -            El Dorado
[ 998/1072] fetch-failed  -            Deja Vu
[ 999/1072] fetch-failed  -            Ocean Buffet
[1000/1072] fetch-failed  -            BCB Coffee Company
[1001/1072] fetch-failed  -            Thai Table Time
[1002/1072] fetch-failed  -            Mawazo Kitchen
[1003/1072] fetch-failed  -            Rocko's Family Restaurant
[1004/1072] fetch-failed  -            Kava Lounge
[1005/1072] fetch-failed  -            Pha Khao Lao Cuisine
[1006/1072] fetch-failed  -            Piedra Santa
[1007/1072] fetch-failed  -            Juice Caboose
[1008/1072] fetch-failed  -            Banzai Bowls
[1009/1072] fetch-failed  -            tiger!tiger!
[1010/1072] fetch-failed  -            Winners Circle
[1011/1072] fetch-failed  -            3 Day Suit Broker
[1012/1072] fetch-failed  -            Panini Kabob Grill - Park 12
[1013/1072] fetch-failed  -            Acai Republic - Oceanside
[1014/1072] fetch-failed  -            the Koffie Co
[1015/1072] fetch-failed  -            The Honor Bar
[1016/1072] fetch-failed  -            Mandarin Wok Restaurant
[1017/1072] fetch-failed  -            Brites Soft Serve
[1018/1072] fetch-failed  -            Mi Tierra Super Taco
[1019/1072] fetch-failed  -            Slurp
[1020/1072] fetch-failed  -            Little Hidden Bakery
[1021/1072] fetch-failed  -            Jolie
[1022/1072] fetch-failed  -            iWok Chinese Kitchen
[1023/1072] fetch-failed  -            Filling Station Pub and Grill
[1024/1072] fetch-failed  -            QUICK BITES CAFE / Best Sandwiches
[1025/1072] fetch-failed  -            Las Ricas Tortas
[1026/1072] fetch-failed  -            Trade Restaurant & Lounge
[1027/1072] fetch-failed  -            Poki Poki
[1028/1072] fetch-failed  -            The Caddyshack
[1029/1072] fetch-failed  -            Bueno Wine & Goods
[1030/1072] fetch-failed  -            Little Sisters Pizza
[1031/1072] fetch-failed  -            Yonny Mini Hotpot
[1032/1072] fetch-failed  -            Coin Toss
[1033/1072] fetch-failed  -            LA PLACE DELI
[1034/1072] fetch-failed  -            Basic
[1035/1072] fetch-failed  -            Café de Anza
[1036/1072] fetch-failed  -            PanPan Wok
[1037/1072] fetch-failed  -            Rubio's Coastal Grill
[1038/1072] fetch-failed  -            Mr. Buffalo Fries
[1039/1072] fetch-failed  -            Rubio's Coastal Grill
[1040/1072] fetch-failed  -            Cocina 35 brunch
[1041/1072] fetch-failed  -            Rubio's Coastal Grill
[1042/1072] fetch-failed  -            The Great Greek Mediterranean Grill - Oceanside, CA
[1043/1072] fetch-failed  -            Olive Branch Eatery
[1044/1072] fetch-failed  -            Campland Cantina
[1045/1072] fetch-failed  -            Troy's Greek Restaurant
[1046/1072] fetch-failed  -            Ocean Thai Cuisine
[1047/1072] fetch-failed  -            MAKE Cafe
[1048/1072] fetch-failed  -            Breakers
[1049/1072] fetch-failed  -            Cafecito 1806
[1050/1072] fetch-failed  -            Thai Thai Melrose Restaurant
[1051/1072] fetch-failed  -            CinKuni (Italian & Japanese Cuisine)
[1052/1072] fetch-failed  -            Kiiro Sushi Izakaya
[1053/1072] fetch-failed  -            Pop's Pizza
[1054/1072] fetch-failed  -            BunZ
[1055/1072] fetch-failed  -            Capriotti's Sandwich Shop
[1056/1072] fetch-failed  -            SanSai Japanese Grill
[1057/1072] fetch-failed  -            The Santaluz Club Dining Room and Events
[1058/1072] fetch-failed  -            Oliva
[1059/1072] fetch-failed  -            Casa de Freds
[1060/1072] fetch-failed  -            Stony Mountain Bar & Grill
[1061/1072] fetch-failed  -            In Between
[1062/1072] fetch-failed  -            The Grand Tradition
[1063/1072] fetch-failed  -            Bean Sprouts
[1064/1072] fetch-failed  -            Buka - Taste of Nigeria
[1065/1072] fetch-failed  -            Mama Kat's Restaurant and Pie Shop
[1066/1072] fetch-failed  -            NM Cafe
[1067/1072] fetch-failed  -            Monserate Winery
[1068/1072] fetch-failed  -            Verde Kitchen & Bar
[1069/1072] fetch-failed  -            Inland Tavern
[1070/1072] fetch-failed  -            HACIENDITA BAKERY
[1071/1072] fetch-failed  -            Pizza Guys
[1072/1072] fetch-failed  -            Swami's

platform                       attempted         filed       too-few         gated  wrong-branch needs-browser   no-platform  fetch-failed  screened-out
none                                 905             0             0             0             0            17           208           680             0
toast                                 42             2             0             1            12            26             0             0             1
order.online                          23             0             0             1             2            17             0             0             3
Square Online storefront              20             0             0             0             0            20             0             0             0
chownow                               12             0             0             0             5             7             0             0             0
Square Online (own domain)            12             0             0             0             0            12             0             0             0
netwaiter                              8             0             8             0             0             0             0             0             0
spothopper                             7             1             0             0             0             6             0             0             0
olo                                    6             0             0             0             0             6             0             0             0
MealKeyWay                             6             0             0             0             0             6             0             0             0
plain-html                             5             0             0             0             0             5             0             0             0
slice                                  5             0             0             0             0             5             0             0             0
shopify                                5             1             0             0             0             0             0             0             4
SpotOn                                 5             0             0             0             0             5             0             0             0
HungerRush                             3             0             0             0             0             3             0             0             0
clover                                 2             0             0             0             0             0             0             0             2
menufy                                 2             0             0             0             0             0             0             0             2
own-jsonld                             2             0             1             0             0             0             0             0             1
GloriaFood widget                      1             0             0             0             0             1             0             0             0
MenuSifu                               1             0             0             0             0             1             0             0             0
TOTAL                               1072             4             9             2            19           137           208           680            13

4 menus, 21 dishes
wrote menus/wip/router-20260904-173820.json
wrote menus/wip/router-20260904-173820.notes.json
