queue 1039 with a website; routing 1039 at concurrency 4

[   1/1039] needs-browser chownow      Burger Bench Escondido
[   2/1039] no-platform   -            Mimi's Cafe
[   3/1039] needs-browser chownow      Brigantine Seafood
[   4/1039] no-platform   -            Taquería Imperial
[   5/1039] fetch-failed  -            Public Square Coffee House
[   6/1039] wrong-branch  order.online El Pueblo Mexican Food - Carlsbad
[   7/1039] no-platform   -            VG Donut & Bakery
[   8/1039] screened-out  order.online Wood Ranch Mission Valley
[   9/1039] needs-browser order.online Tom's Famous Family Restaurant 24
[  10/1039] needs-browser Square Online storefront Wayfarer Bread & Pastry
[  11/1039] no-platform   -            Farmer & The Seahorse
[  12/1039] needs-browser order.online TOM's Famous Family Restaurant 22
[  13/1039] gated         chownow      Handel’s Homemade Ice Cream
[  14/1039] needs-browser plain-html   Por Favor El Cajon
[  15/1039] no-platform   -            Loreto's Taco Shop
[  16/1039] needs-browser plain-html   Papas & Tacos Mexican Food
[  17/1039] no-platform   -            Taco Bar
[  18/1039] fetch-failed  -            Home Sweet Home Cafe
[  19/1039] needs-browser toast        MooTime Creamery
[  20/1039] fetch-failed  -            Plazas Mexican Food
[  21/1039] needs-browser chownow      Parakeet Cafe - Little Italy
[  22/1039] needs-browser toast        Coya Peruvian Secret
[  23/1039] needs-browser GloriaFood widget That Mexican Place
[  24/1039] needs-browser toast        Lanna Thai Cuisine
[  25/1039] no-platform   -            Todo Sushi
[  26/1039] no-platform   -            El Real Mexican Food
[  27/1039] no-platform   -            Anita's Mexican Restaurant & Cantina
[  28/1039] screened-out  order.online Grandma Tofu & BBQ
[  29/1039] no-platform   -            Hanu Korean BBQ
[  30/1039] needs-browser slice        Pastalini
[  31/1039] fetch-failed  -            Los Reyes Mexican Restaurant & Cantina
[  32/1039] no-platform   -            Otay Mandarin Chinese Restaurant
[  33/1039] needs-browser olo          Panini Kabob Grill - Mission Valley
[  34/1039] needs-browser toast        The Asian Bistro
[  35/1039] needs-browser Square Online storefront skybound coffee + dessert lounge
[  36/1039] needs-browser order.online Sancho's Tacos
[  37/1039] no-platform   -            It's Raw Poke Shop
[  38/1039] no-platform   -            Antonio's Mexican Food
[  39/1039] needs-browser Square Online (own domain) Up2You Cafe
[  40/1039] needs-browser toast        Stake Chophouse & Bar
[  41/1039] no-platform   -            Urban Crave
[  42/1039] no-platform   -            Urban Crave
[  43/1039] no-platform   -            Boudin SF
[  44/1039] needs-browser olo          Better Buzz Coffee Pacific Beach Grand
[  45/1039] fetch-failed  -            La Concha Bakery
[  46/1039] needs-browser plain-html   Pancho's Mexican Restaurant
[  47/1039] too-few       netwaiter    Connie's
[  48/1039] no-platform   -            Lucy's Bakery
[  49/1039] needs-browser plain-html   Nick's Del Mar
[  50/1039] needs-browser order.online Robertito's Mexican Food
[  51/1039] no-platform   -            Muay Thai Kitchen
[  52/1039] no-platform   -            Baci Restaurant | Italian
[  53/1039] needs-browser toast        Nado Republic
[  54/1039] no-platform   -            Red Fox Room and Steakhouse
[  55/1039] no-platform   -            Umai Sushi
[  56/1039] needs-browser Square Online (own domain) Camp Coffee Company
[  57/1039] needs-browser -            Beyer Deli
[  58/1039] needs-browser Square Online (own domain) Portal Coffee
[  59/1039] no-platform   -            Golden Donut
[  60/1039] needs-browser toast        Shaks Mediterranean Bistro
[  61/1039] gated         chownow      Handel’s Homemade Ice Cream
[  62/1039] fetch-failed  -            Mi Ranchito Taco Shop
[  63/1039] needs-browser Square Online storefront Prager Brothers Artisan Breads
[  64/1039] needs-browser spothopper   Los Panchos Mexican Grill & Seafood
[  65/1039] needs-browser MealKeyWay   Dumplings N More
[  66/1039] needs-browser spothopper   Penelopes Mexican Food
[  67/1039] needs-browser Square Online storefront Maan's Mediterranean Grill
[  68/1039] no-platform   -            Superbloom Coffee & Juice
[  69/1039] needs-browser Square Online (own domain) Barrio Donas
[  70/1039] fetch-failed  -            Bonchon Chicken
[  71/1039] needs-browser toast        The Remy
[  72/1039] no-platform   -            The Cowshed
[  73/1039] needs-browser spothopper   Curry & More - Indian Bistro
[  74/1039] no-platform   -            Yingli Restaurant | Chula Vista
[  75/1039] no-platform   -            Red Lobster
[  76/1039] needs-browser spothopper   3N1 Sports Bar & Grill
[  77/1039] needs-browser order.online Scoops La Jolla
[  78/1039] no-platform   -            Señor Taquero
[  79/1039] fetch-failed  -            Edelweiss Bakery
[  80/1039] too-few       netwaiter    Aiberto's Taco Shop
[  81/1039] fetch-failed  -            Leucadia Donut Shoppe
[  82/1039] screened-out  clover       Royal Sweets
[  83/1039] fetch-failed  -            Pacific Beach Ice Cream Co.
[  84/1039] no-platform   -            SOMISOMI
[  85/1039] gated         chownow      Handel's Homemade Ice Cream
[  86/1039] needs-browser toast        Tabu Sushi Bar & Grill Santee
[  87/1039] fetch-failed  -            Arizona Chinese Restaurant
[  88/1039] wrong-branch  order.online Lourdes Mexican Food To Go
[  89/1039] no-platform   -            Hidden Fish
[  90/1039] needs-browser Square Online storefront Portinos Restaurant
[  91/1039] needs-browser Square Online storefront Bay Park Coffee
[  92/1039] no-platform   -            Big Front Door
[  93/1039] no-platform   -            Sushi Factory
[  94/1039] no-platform   -            El Charro Mexican Food
[  95/1039] no-platform   -            Emma's Mexican Food
[  96/1039] needs-browser -            Rosarito's Mexican Food #1
[  97/1039] needs-browser Square Online storefront Sandwich Emporium
[  98/1039] too-few       netwaiter    Mary Ettas Cafe
[  99/1039] needs-browser spothopper   il Sogno Italiano
[ 100/1039] no-platform   -            Angelito's Fruteria Y Neveria
[ 101/1039] no-platform   -            Hanna's Gourmet
[ 102/1039] needs-browser order.online Gelato Paradiso
[ 103/1039] needs-browser Square Online storefront Pink Rose Cafe
[ 104/1039] no-platform   -            Flora
[ 105/1039] needs-browser -            Yogurt Heaven
[ 106/1039] no-platform   -            Valentina
[ 107/1039] needs-browser slice        Italia Pizza
[ 108/1039] no-platform   -            Honey Baked Ham
[ 109/1039] no-platform   -            Lucy's Bakery
[ 110/1039] needs-browser olo          Randy's Donuts
[ 111/1039] no-platform   -            Cafe Bella Drive Thru
[ 112/1039] fetch-failed  -            Camel's Bar and Grill
[ 113/1039] no-platform   -            Off The 8 Café
[ 114/1039] no-platform   -            Royal India Express
[ 115/1039] needs-browser olo          Luna Grill Millenia
[ 116/1039] needs-browser Square Online (own domain) Solana Sumptuous Cookies
[ 117/1039] no-platform   -            Wahoo's Fish Taco
[ 118/1039] needs-browser MealKeyWay   Surfing Crab Escondido
[ 119/1039] screened-out  menufy       Ginza Sushi
[ 120/1039] fetch-failed  -            We Olive & Wine Bar
[ 121/1039] no-platform   -            Tropifruit Juice Bar
[ 122/1039] no-platform   -            Dragon Express
[ 123/1039] no-platform   -            Cow-A-Bunga Ice Cream & Coffee
[ 124/1039] needs-browser Square Online (own domain) Serrano's Mexican Food
[ 125/1039] no-platform   -            Ike's Love & Sandwiches
[ 126/1039] needs-browser spothopper   Santos Coffee
[ 127/1039] fetch-failed  -            Thai Island@
[ 128/1039] needs-browser toast        Rosemonts Cafe
[ 129/1039] no-platform   -            BKK THAI KITCHEN
[ 130/1039] fetch-failed  -            Palomino's Mexican & Seafood
[ 131/1039] screened-out  shopify      La Colombe Coffee Roasters
[ 132/1039] fetch-failed  -            The Art of Espresso
[ 133/1039] no-platform   -            Shozen BBQ
[ 134/1039] no-platform   -            Athens Market Taverna
[ 135/1039] needs-browser order.online San Diego Sandwich Co
[ 136/1039] no-platform   -            Mexico Lindo Restaurant
[ 137/1039] needs-browser Square Online (own domain) Matcha Cafe Maiko - Escondido
[ 138/1039] no-platform   -            PGA Tour Grill
[ 139/1039] needs-browser -            Marieta's Mexican Food
[ 140/1039] needs-browser HungerRush   Flippin' Pizza La Costa
[ 141/1039] no-platform   -            Eugenio Italian Ristorante & More
[ 142/1039] fetch-failed  -            @Spacebar Cafe
[ 143/1039] no-platform   -            Cake de Partie
[ 144/1039] screened-out  own-jsonld   Hanna Garden
[ 145/1039] no-platform   -            Uncle Biffs California Killer Cookies
[ 146/1039] no-platform   -            Valerio's 1979
[ 147/1039] gated         chownow      Handel's Homemade Ice Cream
[ 148/1039] no-platform   -            La Mixteca
[ 149/1039] no-platform   -            Donuts Plus
[ 150/1039] no-platform   -            Silverlake Ramen
[ 151/1039] needs-browser -            Bravo Cafe
[ 152/1039] no-platform   -            Pizza Mania
[ 153/1039] filed         shopify      Flor and Seed Coffee Roasters
[ 154/1039] needs-browser SpotOn       Porky's Lechon Barbecue
[ 155/1039] needs-browser Square Online (own domain) Elixir Espresso & Wine Bar
[ 156/1039] needs-browser Square Online storefront Crossroads Deli
[ 157/1039] too-few       netwaiter    Opa Greek Restaurant & Grill
[ 158/1039] no-platform   -            KD's Donuts
[ 159/1039] no-platform   -            Imperial Express
[ 160/1039] fetch-failed  -            Potato Corner
[ 161/1039] fetch-failed  -            Cielo Rooftop
[ 162/1039] no-platform   -            Kokoro Restaurant
[ 163/1039] no-platform   -            The Orient Thai
[ 164/1039] needs-browser toast        The Naked Cafe
[ 165/1039] no-platform   -            Kaffee Meister
[ 166/1039] needs-browser olo          Luna Grill Encinitas
[ 167/1039] no-platform   -            White Labs Brewing Co - San Diego
[ 168/1039] fetch-failed  -            Tak Grill Fresh Mediterranean Food
[ 169/1039] no-platform   -            The Leucadian
[ 170/1039] no-platform   -            Beach + Taco Shack
[ 171/1039] no-platform   -            ENO Market & Pizzeria
[ 172/1039] no-platform   -            Nothing Bundt Cakes
[ 173/1039] needs-browser -            SoCal Sushi
[ 174/1039] needs-browser -            Phở Hòa Restaurant | Vietnamese
[ 175/1039] needs-browser Square Online storefront Thyme for Lunch Cafe & Grill
[ 176/1039] no-platform   -            Glazed Coffee & Creamery
[ 177/1039] needs-browser Square Online storefront Mesa Agricola
[ 178/1039] screened-out  menufy       IB Thai
[ 179/1039] no-platform   -            Que Tortas
[ 180/1039] no-platform   -            Ko-Li Bar
[ 181/1039] needs-browser Square Online (own domain) Industrial Grind Coffee
[ 182/1039] screened-out  shopify      James Coffee Co
[ 183/1039] needs-browser chownow      Pho Hiep & Grill
[ 184/1039] screened-out  shopify      Seven Seas Roasting Company
[ 185/1039] no-platform   -            Kaito Sushi
[ 186/1039] no-platform   -            YuJing Chinese Restaurant
[ 187/1039] fetch-failed  -            Donut Factory
[ 188/1039] no-platform   -            Chopsticks Chinese Cuisine
[ 189/1039] no-platform   -            The Grounds Bean Bar
[ 190/1039] needs-browser toast        Fat Joe’s O’side
[ 191/1039] needs-browser -            Banh Mi Blvd
[ 192/1039] no-platform   -            La Moreliana
[ 193/1039] needs-browser Square Online (own domain) Dot Cafe
[ 194/1039] needs-browser order.online BB's Deli
[ 195/1039] fetch-failed  -            Valentinas Taco Shop
[ 196/1039] no-platform   -            Blue Pepper Asian Cuisine
[ 197/1039] fetch-failed  -            Memo's Golden Bagel
[ 198/1039] fetch-failed  -            The Reunion
[ 199/1039] needs-browser -            Seaview Restaurant
[ 200/1039] no-platform   -            Tea Pavilion
[ 201/1039] needs-browser order.online Le Macaron French Pastries
[ 202/1039] needs-browser MealKeyWay   Iron Wok
[ 203/1039] fetch-failed  -            Eat Your Heart Out II
[ 204/1039] needs-browser toast        Lime in the Coconut
[ 205/1039] needs-browser SpotOn       Kalei's Kitchenette
[ 206/1039] no-platform   -            San Diego Blenders
[ 207/1039] filed         toast        Baja Rick's Cantina
[ 208/1039] needs-browser slice        Rock On Pizza
[ 209/1039] no-platform   -            Joses Taco Shop
[ 210/1039] no-platform   -            Nanay's Best BBQ
[ 211/1039] no-platform   -            Purple Owl Cafe
[ 212/1039] needs-browser Square Online storefront Sue's Korean Kitchen
[ 213/1039] fetch-failed  -            Al Teatro Panini Grill
[ 214/1039] fetch-failed  -            Bistro Pazzo
[ 215/1039] no-platform   -            Black Radish
[ 216/1039] no-platform   -            Little Ceasar's
[ 217/1039] fetch-failed  -            Idego Coffee Roasters
[ 218/1039] fetch-failed  -            Rosarito's Mexican Food #2
[ 219/1039] no-platform   -            Explorers Café
[ 220/1039] needs-browser Square Online storefront Tacoman
[ 221/1039] no-platform   -            Criscito Pizza
[ 222/1039] too-few       netwaiter    Nolberto's Taco Shop
[ 223/1039] fetch-failed  -            Bar Kamon
[ 224/1039] no-platform   -            Sweet Revenge Bakery
[ 225/1039] no-platform   -            Surfdog's Java Hot
[ 226/1039] needs-browser Square Online storefront Fan-Fan
[ 227/1039] fetch-failed  -            Thai Fresh
[ 228/1039] no-platform   -            The Luau
[ 229/1039] no-platform   -            Red Ribbon Bakeshop
[ 230/1039] no-platform   -            Coral Tree Tea House
[ 231/1039] no-platform   -            Hino
[ 232/1039] fetch-failed  -            Prince Hookah Cafe
[ 233/1039] fetch-failed  -            P B Pub
[ 234/1039] no-platform   -            World Famous I Bar
[ 235/1039] no-platform   -            Red Ribbon Bakeshop
[ 236/1039] no-platform   -            Mother's Kitchen
[ 237/1039] no-platform   -            Thai Style
[ 238/1039] no-platform   -            Brown Bag Deli
[ 239/1039] no-platform   -            The Halal Shack
[ 240/1039] needs-browser toast        Mr. Charlie's
[ 241/1039] fetch-failed  -            Victor's Kafe - Poway
[ 242/1039] no-platform   -            Crispy Chicken n' Tomato
[ 243/1039] no-platform   -            Aztec Food Hub
[ 244/1039] no-platform   -            Corner Cafe | Chinese
[ 245/1039] needs-browser plain-html   Donut Stop
[ 246/1039] no-platform   -            Tony’s Newport Cafe
[ 247/1039] no-platform   -            Taco Time Food Truck
[ 248/1039] no-platform   -            Gong Cha
[ 249/1039] no-platform   -            Zhang Liang Malatang
[ 250/1039] no-platform   -            Kona Coffee
[ 251/1039] no-platform   -            The Elegant Truffle
[ 252/1039] needs-browser SpotOn       D Wings & Ribs
[ 253/1039] needs-browser -            Panorama Bar & Grill
[ 254/1039] no-platform   -            La Perlita Mexican Food
[ 255/1039] no-platform   -            Nothing Bundt Cakes
[ 256/1039] no-platform   -            Millport
[ 257/1039] no-platform   -            Seahorse Coffee
[ 258/1039] no-platform   -            Gotcha
[ 259/1039] wrong-branch  toast        The Crack Shack - Pacific Beach
[ 260/1039] fetch-failed  -            Stagecoach Inn
[ 261/1039] no-platform   -            The Deli Stop
[ 262/1039] needs-browser order.online Poki Poki - Encinitas
[ 263/1039] needs-browser Square Online storefront Cargo Cafe
[ 264/1039] needs-browser MealKeyWay   Zhengxin Chicken Steak
[ 265/1039] no-platform   -            Chin's Gourmet
[ 266/1039] needs-browser toast        Matoi
[ 267/1039] fetch-failed  -            Topside Terrace Kitchen & Bar
[ 268/1039] no-platform   -            Parkys
[ 269/1039] needs-browser Square Online (own domain) Elixir Espresso Bar
[ 270/1039] needs-browser chownow      Gor Gai Thai Eatery
[ 271/1039] no-platform   -            Shanghai Cuisine
[ 272/1039] needs-browser Square Online storefront Sul & Beans
[ 273/1039] needs-browser Square Online storefront ZzanG Hotdog & Chicken
[ 274/1039] needs-browser toast        Bonehead Burger Co.
[ 275/1039] no-platform   -            The Peruvian Spot
[ 276/1039] no-platform   -            China Express
[ 277/1039] needs-browser -            Hancock Street Cafe
[ 278/1039] no-platform   -            The Lean Machine Meal Prep
[ 279/1039] needs-browser olo          Sweetfin
[ 280/1039] fetch-failed  -            Pho Olala
[ 281/1039] no-platform   -            Teaspoon
[ 282/1039] screened-out  clover       Hooked On Pokè
[ 283/1039] needs-browser order.online Daniel's Taco Shop
[ 284/1039] no-platform   -            Channel 2 Sports Bar
[ 285/1039] no-platform   -            Pick Up Stix Fresh Asian Flavors
[ 286/1039] fetch-failed  -            Roots Bowls
[ 287/1039] no-platform   -            Chen Golden Palace
[ 288/1039] needs-browser SpotOn       Hot or Not Thai
[ 289/1039] fetch-failed  -            Deano's Pub
[ 290/1039] needs-browser MealKeyWay   Szechuan Chef Chinese Cuisine
[ 291/1039] fetch-failed  -            Le Rendez-Vous French Bakery
[ 292/1039] no-platform   -            Bistro Kaz
[ 293/1039] needs-browser HungerRush   Flippin Pizza Encinitas
[ 294/1039] no-platform   -            La Central
[ 295/1039] needs-browser order.online DaYung's Tea
[ 296/1039] no-platform   -            Vitality Bowls
[ 297/1039] fetch-failed  -            Long Story Irish Pub
[ 298/1039] no-platform   -            Mike Hess Brewing Tasting Room
[ 299/1039] no-platform   -            It's A Piece A Cake
[ 300/1039] no-platform   -            City Dragon
[ 301/1039] no-platform   -            Musashiya
[ 302/1039] fetch-failed  -            Rosaria's Pizza 4
[ 303/1039] no-platform   -            The Brass Rail
[ 304/1039] needs-browser toast        Upper East
[ 305/1039] fetch-failed  -            Tulum Seafood
[ 306/1039] no-platform   -            Sidny's Bagels & Deli
[ 307/1039] no-platform   -            Okavango Outpost
[ 308/1039] too-few       netwaiter    Goyo's Bakery
[ 309/1039] no-platform   -            CAFE 160
[ 310/1039] no-platform   -            Bale French Sandwiches
[ 311/1039] no-platform   -            Kaki Sushi
[ 312/1039] needs-browser order.online Taste of Thai
[ 313/1039] no-platform   -            San Diego Eagle
[ 314/1039] fetch-failed  -            Kinchana
[ 315/1039] needs-browser order.online Elsa's Kitchen
[ 316/1039] fetch-failed  -            Spoon House
[ 317/1039] no-platform   -            Hoffer's Cigar Bar
[ 318/1039] no-platform   -            Gloria's Taco Shop
[ 319/1039] screened-out  toast        Agave Taco Shop
[ 320/1039] no-platform   -            African Spices
[ 321/1039] needs-browser Square Online storefront Mad Munch Grilled Cheezer Co.
[ 322/1039] fetch-failed  -            Mosa Tea
[ 323/1039] wrong-branch  toast        Achilles Coffee Roasters
[ 324/1039] screened-out  slice        Mike's Giant New York Pizza
[ 325/1039] no-platform   -            La Michoacana
[ 326/1039] needs-browser plain-html   JNC Pinoy Foodmart
[ 327/1039] needs-browser toast        Dora
[ 328/1039] no-platform   -            Nobu
[ 329/1039] no-platform   -            Bopomofo Cafe
[ 330/1039] no-platform   -            Cool Down Coffee
[ 331/1039] no-platform   -            Novecientos Grados by Tony Hawk
[ 332/1039] screened-out  order.online Frida's Taqueria
[ 333/1039] no-platform   -            Teriyaki Madness
[ 334/1039] needs-browser chownow      Juice Kaboose
[ 335/1039] needs-browser chownow      Leos Kitchen
[ 336/1039] no-platform   -            Smittys Downtown
[ 337/1039] wrong-branch  clover       Manzanita Roasting Co
[ 338/1039] needs-browser toast        Junction Bar & Grill
[ 339/1039] no-platform   -            Tom's Chinese BBQ
[ 340/1039] needs-browser order.online Deli Belly
[ 341/1039] needs-browser toast        Thai Ladle
[ 342/1039] needs-browser order.online Donut Bros
[ 343/1039] no-platform   -            Urban Bubble
[ 344/1039] needs-browser MealKeyWay   Ma's House
[ 345/1039] no-platform   -            La Nacional
[ 346/1039] no-platform   -            Pizzabilities - Alpine
[ 347/1039] needs-browser Square Online storefront Tasty Pizza Escondido LLC
[ 348/1039] too-few       netwaiter    Roma's Pizza
[ 349/1039] no-platform   -            Angela's Eccentric Kitchen
[ 350/1039] wrong-branch  clover       Hyderabad Cafe
[ 351/1039] no-platform   -            Juice Stop Encinitas
[ 352/1039] needs-browser SpotOn       La Banana Fruits - Fruteria
[ 353/1039] no-platform   -            Kind Coffee
[ 354/1039] needs-browser toast        Understory Bar
[ 355/1039] too-few       netwaiter    Star Express
[ 356/1039] no-platform   -            Picasso's Naturals
[ 357/1039] fetch-failed  -            Deano's Pub East
[ 358/1039] no-platform   -            Nova Easy Kombucha
[ 359/1039] needs-browser Square Online (own domain) Rad Habits Juice
[ 360/1039] needs-browser toast        Angry Petes Pizza Point Loma
[ 361/1039] fetch-failed  -            Bonchon Chicken
[ 362/1039] needs-browser MealKeyWay   Spicy Noodle
[ 363/1039] no-platform   -            Village Pub
[ 364/1039] no-platform   -            Tastea
[ 365/1039] needs-browser chownow      Juice Caboose
[ 366/1039] needs-browser SpotOn       Mariscos y Miches El Patron
[ 367/1039] no-platform   -            Burrito King
[ 368/1039] no-platform   -            Del Sushi
[ 369/1039] no-platform   -            Hometown Taste
[ 370/1039] no-platform   -            Granny's Apple Fries
[ 371/1039] screened-out  shopify      Seven Seas Roasting
[ 372/1039] needs-browser -            Bowl To Go
[ 373/1039] fetch-failed  -            El Mercadito
[ 374/1039] needs-browser Square Online storefront Dog Leg Brewing
[ 375/1039] no-platform   -            Unique Sandwiches
[ 376/1039] no-platform   -            Gihon Ethiopian Kitchen
[ 377/1039] wrong-branch  toast        Burekas Box
[ 378/1039] needs-browser toast        A Louest
[ 379/1039] fetch-failed  -            Gem Coffee
[ 380/1039] fetch-failed  -            Vica’s Cafe
[ 381/1039] needs-browser Square Online storefront Goli
[ 382/1039] no-platform   -            Java Earth Coffee
[ 383/1039] no-platform   -            Star Dust Donut Shop
[ 384/1039] no-platform   -            Las Michoacanas
[ 385/1039] no-platform   -            Cj Lounge
[ 386/1039] wrong-branch  order.online The Pad Thai Stand
[ 387/1039] gated         order.online Tutti Frutti Frozen Yogurt
[ 388/1039] needs-browser Square Online (own domain) The Craft Taco at The Nat
[ 389/1039] fetch-failed  -            Cheers
[ 390/1039] needs-browser MealKeyWay   Ten Seconds Yunnan Rice Noodle
[ 391/1039] needs-browser toast        Kinme Omakase
[ 392/1039] no-platform   -            Erika's Mexican Food & Seafood
[ 393/1039] fetch-failed  -            Bang Bang
[ 394/1039] no-platform   -            Social hookah lounge
[ 395/1039] fetch-failed  -            Jungle Tea
[ 396/1039] needs-browser Square Online (own domain) Castelli & Pizarro Family Vineyards & Winery
[ 397/1039] no-platform   -            Sarku Japan
[ 398/1039] no-platform   -            R3fresh Juice Bar
[ 399/1039] no-platform   -            Park Commons
[ 400/1039] wrong-branch  clover       Burros and Fries
[ 401/1039] fetch-failed  -            Bobalicious
[ 402/1039] needs-browser slice        Papa's Pizza
[ 403/1039] no-platform   -            China Fun
[ 404/1039] no-platform   -            Hongyuan Kebab
[ 405/1039] no-platform   -            SusieCakes - Carlsbad
[ 406/1039] wrong-branch  order.online La michoacana Plus San Diego #2
[ 407/1039] fetch-failed  -            Orient Valley Filipino Cuisine
[ 408/1039] too-few       netwaiter    Kim's Bar-B-Que
[ 409/1039] too-few       netwaiter    K & K Orient Valley Food Center
[ 410/1039] no-platform   -            PB Oriental
[ 411/1039] no-platform   -            PKI Sushi
[ 412/1039] needs-browser toast        Grab & Go - Mission Hills
[ 413/1039] needs-browser slice        Del Cerro Pizza
[ 414/1039] no-platform   -            Marketplace Grille
[ 415/1039] no-platform   -            Leucadia Pizza
[ 416/1039] needs-browser -            Modern Times Coffee
[ 417/1039] no-platform   -            Landshark Bar & Grill
[ 418/1039] no-platform   -            Prendi E Vai
[ 419/1039] gated         toast        Rambler Coffee
[ 420/1039] no-platform   -            Bubbles & Brews Cafe
[ 421/1039] needs-browser toast        Go Greek Authentic Yogurteria
[ 422/1039] needs-browser -            Sieu Sieu BBQ
[ 423/1039] no-platform   -            Cherry Bomb
[ 424/1039] needs-browser order.online Tous les Jours
[ 425/1039] no-platform   -            Casa Fiesta Juice Bar
[ 426/1039] no-platform   -            The Pearl Restaurant
[ 427/1039] fetch-failed  -            Mariscos La Morena
[ 428/1039] wrong-branch  toast        El Viejon
[ 429/1039] no-platform   -            Möge Tee
[ 430/1039] needs-browser Square Online storefront Flour Atelier
[ 431/1039] no-platform   -            Lapper Kitchen + Tap
[ 432/1039] no-platform   -            Knights' Smokehouse BBQ
[ 433/1039] no-platform   -            Bar Ella
[ 434/1039] no-platform   -            Imperial Palace
[ 435/1039] needs-browser plain-html   Roppongi
[ 436/1039] no-platform   -            Quick Wok
[ 437/1039] no-platform   -            Nothing Bundt Cakes
[ 438/1039] no-platform   -            Kim's Deli
[ 439/1039] needs-browser order.online Qin West
[ 440/1039] no-platform   -            Vinya Yoga and Wine Bar
[ 441/1039] wrong-branch  toast        Egg Holic
[ 442/1039] too-few       own-jsonld   Vinh Long Food To Go
[ 443/1039] needs-browser toast        Taco Loco
[ 444/1039] screened-out  shopify      Casa De Otay – The Casita
[ 445/1039] no-platform   -            T. P. Bánh Bao 3
[ 446/1039] no-platform   -            Campus Cafe
[ 447/1039] no-platform   -            Ching's Famous Hopia
[ 448/1039] no-platform   -            Hua Mei Cafe
[ 449/1039] fetch-failed  -            Happytime Tea
[ 450/1039] no-platform   -            Cafe Aero
[ 451/1039] no-platform   -            LJ Crafted Wines - Wines & Tastings
[ 452/1039] no-platform   -            Necter Juice Bar
[ 453/1039] no-platform   -            Josie's Hideout Saloon
[ 454/1039] wrong-branch  order.online The Pad Thai Stand
[ 455/1039] no-platform   -            Gather
[ 456/1039] no-platform   -            Presotea
[ 457/1039] no-platform   -            D'liteful Chocolat
[ 458/1039] fetch-failed  -            Oakberry Açaí bowls
[ 459/1039] no-platform   -            De Kotija Taco Shop LLC
[ 460/1039] needs-browser order.online Mochinut
[ 461/1039] fetch-failed  -            Bonita Donuts
[ 462/1039] no-platform   -            Creperie Antoinette
[ 463/1039] no-platform   -            Trevi Hills Winery
[ 464/1039] no-platform   -            Tasty Donuts
[ 465/1039] needs-browser -            Lambers Chinese Bakery
[ 466/1039] no-platform   -            Old Town Eatery
[ 467/1039] needs-browser order.online Poke One N Half
[ 468/1039] no-platform   -            Valerio's 1979
[ 469/1039] no-platform   -            Jamal's Chicken
[ 470/1039] wrong-branch  toast        Tree House
[ 471/1039] no-platform   -            Sydney's
[ 472/1039] no-platform   -            Tres Hermanos Locos Tacos
[ 473/1039] needs-browser chownow      Off the Vine Gardens Deli And Catering
[ 474/1039] needs-browser Square Online (own domain) Cafe Pascale Grill & Deli
[ 475/1039] too-few       netwaiter    Guerrero Taco Shop
[ 476/1039] no-platform   -            Sunny Dumpling House
[ 477/1039] no-platform   -            Cha Cha Tea Spot
[ 478/1039] needs-browser Square Online storefront Bean Box
[ 479/1039] needs-browser -            Cluck N Sip
[ 480/1039] no-platform   -            DaYung's Tea
[ 481/1039] needs-browser -            Pure Squeeze
[ 482/1039] no-platform   -            Nothing Bundt Cakes
[ 483/1039] needs-browser toast        Nomada
[ 484/1039] too-few       netwaiter    Playa Azul Mariscos Restaurant
[ 485/1039] needs-browser toast        Divina Matcha
[ 486/1039] no-platform   -            Jaguar Paw
[ 487/1039] no-platform   -            Qualcomm Cafe Q
[ 488/1039] fetch-failed  -            Yas Lounge
[ 489/1039] no-platform   -            Ohana Nutrition
[ 490/1039] no-platform   -            Linda's Yogurt & Deli
[ 491/1039] no-platform   -            Asia Wok Teppanyaki & Chinese Food
[ 492/1039] no-platform   -            All That Shabu
[ 493/1039] no-platform   -            Bivouac Adventure Lodge Coffee Shop
[ 494/1039] fetch-failed  -            Grubz
[ 495/1039] no-platform   -            Cali Banh Mi
[ 496/1039] needs-browser Square Online storefront Montebello
[ 497/1039] no-platform   -            The Golf Bar
[ 498/1039] no-platform   -            The Grillery
[ 499/1039] fetch-failed  -            Warner Springs Golf Shop & Grill
[ 500/1039] fetch-failed  -            Tazza D'Oro
[ 501/1039] too-few       netwaiter    Ba Le French Sandwich Shop
[ 502/1039] needs-browser Square Online storefront Cargo Cafe - Paseo Del Mar
[ 503/1039] needs-browser toast        56 Thai Cafe
[ 504/1039] no-platform   -            All Things Ube Desserts
[ 505/1039] no-platform   -            Pub 1795
[ 506/1039] wrong-branch  toast        Boba Tea Spot
[ 507/1039] fetch-failed  -            Route 6 Coffee & Smoothies
[ 508/1039] needs-browser MealKeyWay   Suki Hana
[ 509/1039] no-platform   -            5 O'Clock Somewhere Rooftop Bar
[ 510/1039] wrong-branch  popmenu      Alohana Açaí Bowls
[ 511/1039] wrong-branch  toast        Pita Pit
[ 512/1039] needs-browser toast        Grab & Go
[ 513/1039] no-platform   -            Mike Hess Brewing - Seaport Village Taphouse
[ 514/1039] fetch-failed  -            Shabu Spot
[ 515/1039] no-platform   -            The Loft at UC San Diego
[ 516/1039] needs-browser Paytronix    Ziggi's Coffee
[ 517/1039] too-few       netwaiter    J & J's Mexican Food
[ 518/1039] no-platform   -            Sunright Tea Studio
[ 519/1039] no-platform   -            Huy Ky Bakery
[ 520/1039] needs-browser order.online La Pizzeria Arrivederci
[ 521/1039] no-platform   -            Zoo Brew
[ 522/1039] too-few       netwaiter    Pizza Grande
[ 523/1039] no-platform   -            Dockside Casual Seafood Counter
[ 524/1039] wrong-branch  toast        Enoteca Buona Forchetta
[ 525/1039] needs-browser toast        Zest Wine Bistro
[ 526/1039] no-platform   -            F Street Cafe
[ 527/1039] wrong-branch  toast        Johnny Radz Pizza
[ 528/1039] too-few       netwaiter    Sandwich Place
[ 529/1039] fetch-failed  -            Suki Hana
[ 530/1039] no-platform   -            The MRKT
[ 531/1039] needs-browser MealKeyWay   Yuki Yuki
[ 532/1039] no-platform   -            Craft Pizza
[ 533/1039] no-platform   -            62 Area Chow Hall
[ 534/1039] no-platform   -            Forum Deli
[ 535/1039] no-platform   -            Test Kitchen
[ 536/1039] wrong-branch  toast        Tapas Bar
[ 537/1039] no-platform   -            Michoacana Mia - SDSU
[ 538/1039] no-platform   -            Madina Market Halal Fast Food
[ 539/1039] no-platform   -            Plaza Deli
[ 540/1039] no-platform   -            Moniker General
[ 541/1039] no-platform   -            Royal Pearl Tea
[ 542/1039] needs-browser -            Market One
[ 543/1039] no-platform   -            Pure Green
[ 544/1039] no-platform   -            longball cocktail
[ 545/1039] no-platform   -            Blue Bowl Superfoods
[ 546/1039] no-platform   -            Sip Fresh
[ 547/1039] no-platform   -            La Paloma
[ 548/1039] needs-browser -            Fresca Deli .
[ 549/1039] no-platform   -            Showa Ramen
[ 550/1039] no-platform   -            Manta Pizza
[ 551/1039] no-platform   -            The Lookout at Lake Poway
[ 552/1039] needs-browser order.online WUHU TEA & DELI
[ 553/1039] no-platform   -            Chester's
[ 554/1039] no-platform   -            Surf City Squeeze
[ 555/1039] no-platform   -            Collette’s Collaborative Collective Cuisine
[ 556/1039] fetch-failed  -            Mister G Salsa
[ 557/1039] no-platform   -            Mombasa Cooker
[ 558/1039] wrong-branch  toast        Coco Bomb
[ 559/1039] no-platform   -            FiveO3 Pupusas
[ 560/1039] no-platform   -            Thérapie Bistro
[ 561/1039] no-platform   -            Topo's Tacos
[ 562/1039] fetch-failed  -            Unico Juice Shop
[ 563/1039] no-platform   -            Prado Perk
[ 564/1039] no-platform   -            El Cilantro Mexican Grill
[ 565/1039] needs-browser Square Online storefront The Bean Box 701
[ 566/1039] no-platform   -            FLAVORS EXPRESS SDSU
[ 567/1039] no-platform   -            Chagee
[ 568/1039] no-platform   -            Lò Bánh Cuốn Tân Định
[ 569/1039] fetch-failed  -            Healthy Grill Mediterranean
[ 570/1039] needs-browser Square Online storefront Ramen Station
[ 571/1039] needs-browser SpotOn       Oriste Fairway Cafe
[ 572/1039] fetch-failed  -            El huevo estrellado # 2
[ 573/1039] no-platform   -            Finca Casa Blanca
[ 574/1039] no-platform   -            Boba n More
[ 575/1039] needs-browser Square Online storefront Cargo Cafe - Wateridge
[ 576/1039] needs-browser Square Online storefront Cargo Cafe - Gateway
[ 577/1039] no-platform   -            Bert's Bistro
[ 578/1039] fetch-failed  -            Med Cafe
[ 579/1039] no-platform   -            El Camino
[ 580/1039] fetch-failed  -            The Waterfront
[ 581/1039] no-platform   -            Bosley Cafe
[ 582/1039] needs-browser -            Swami's
[ 583/1039] no-platform   -            3 Day Suit Broker
[ 584/1039] needs-browser chownow      Juice Caboose
[ 585/1039] no-platform   -            Basic
[ 586/1039] no-platform   -            Coin Toss
[ 587/1039] no-platform   -            The Caddyshack
[ 588/1039] needs-browser order.online Poki Poki
[ 589/1039] no-platform   -            Filling Station Pub and Grill
[ 590/1039] no-platform   -            Allen's New York Pizza
[ 591/1039] needs-browser Square Online storefront Copa Vida
[ 592/1039] needs-browser Square Online storefront Sushi Freak
[ 593/1039] no-platform   -            Fairbanks
[ 594/1039] no-platform   -            Thai Basil
[ 595/1039] no-platform   -            Hacienda De Vega
[ 596/1039] needs-browser Square Online (own domain) Crepes
[ 597/1039] no-platform   -            GIHON Ethiopian Kitchen
[ 598/1039] no-platform   -            Winners Circle
[ 599/1039] no-platform   -            Baja Fresh
[ 600/1039] needs-browser order.online Hummus Mediterranean Kitchen
[ 601/1039] no-platform   -            Birria El Rey
[ 602/1039] no-platform   -            Curbside Eatery & Drinkery
[ 603/1039] no-platform   -            I Love Pho
[ 604/1039] no-platform   -            Karihan Filipino Food
[ 605/1039] needs-browser SpotOn       CITRINA BERRY FRESH
[ 606/1039] no-platform   -            Terrace Lounge
[ 607/1039] no-platform   -            Beer Company
[ 608/1039] needs-browser toast        Trattoria da Sofia
[ 609/1039] no-platform   -            Stone Oven
[ 610/1039] no-platform   -            Crave
[ 611/1039] needs-browser -            Golden Spoon Carlsbad Plaza
[ 612/1039] no-platform   -            Valerio's Finest Bake Shop
[ 613/1039] needs-browser Square Online storefront Purl Tea San Marcos
[ 614/1039] no-platform   -            Pei Wei
[ 615/1039] no-platform   -            Paris Baguette
[ 616/1039] no-platform   -            Rare Society
[ 617/1039] no-platform   -            Fairbanks
[ 618/1039] no-platform   -            Bovino
[ 619/1039] no-platform   -            Stella Jean's Ice Cream Kensington
[ 620/1039] needs-browser toast        Paradisaea
[ 621/1039] needs-browser plain-html   Nick's on State
[ 622/1039] no-platform   -            Oaks Bar Grill
[ 623/1039] no-platform   -            Tacos de Birria El Chinito Jr
[ 624/1039] no-platform   -            Green Vine Delicatessen
[ 625/1039] no-platform   -            China Fun
[ 626/1039] filed         order.online Board & Brew - Escondido
[ 627/1039] no-platform   -            La Sabrosita
[ 628/1039] needs-browser order.online Sabor a Vida Cafe & Deli
[ 629/1039] screened-out  shopify      Vigilante Coffee
[ 630/1039] screened-out  toast        Agave Birrieria
[ 631/1039] wrong-branch  toast        Taco Lounge Escaya
[ 632/1039] no-platform   -            Breakwater Brewing Co.
[ 633/1039] no-platform   -            Pho House
[ 634/1039] needs-browser chownow      Donburi Rice Bowls
[ 635/1039] fetch-failed  -            Gooseberries kafe
[ 636/1039] wrong-branch  toast        Chin's Szechwan - Del Mar
[ 637/1039] no-platform   -            Camino Riviera
[ 638/1039] needs-browser toast        bcb Cafe
[ 639/1039] needs-browser slice        Fiori’s Pizza
[ 640/1039] no-platform   -            Mendoza’s Mexican Food
[ 641/1039] needs-browser toast        Tita's Taco Shop
[ 642/1039] needs-browser SpotOn       Tasty Pho
[ 643/1039] no-platform   -            Draft Republic San Marcos
[ 644/1039] no-platform   -            Vinarius Wine Bar & Restaurant
[ 645/1039] no-platform   -            Pho Oceanside
[ 646/1039] wrong-branch  toast        Bubba’s Smokehouse BBQ
[ 647/1039] gated         chownow      Handel's Homemade Ice Cream
[ 648/1039] too-few       netwaiter    Su Pan Bakery El Cajon
[ 649/1039] needs-browser order.online El Rinconcito Fruteria
[ 650/1039] needs-browser toast        1022 Cafe & Gelateria
[ 651/1039] fetch-failed  -            Nory's Donut & Bakery
[ 652/1039] needs-browser toast        Tacaliente Mexican Grill
[ 653/1039] no-platform   -            Panda Imperial Restaurant
[ 654/1039] filed         order.online Taqueria El Kabron Jr.
[ 655/1039] gated         toast        Barn Door Public House
[ 656/1039] no-platform   -            Gelato 101 Solana Beach
[ 657/1039] no-platform   -            Paris Baguette
[ 658/1039] filed         toast        Napatini Bistro and Wine Bar
[ 659/1039] fetch-failed  -            Truluck's
[ 660/1039] no-platform   -            Backdraft Bar & Grill
[ 661/1039] fetch-failed  -            Cork N Brew
[ 662/1039] needs-browser HungerRush   Buonasera New York Pizzeria
[ 663/1039] no-platform   -            Ocean Thai Cuisine
[ 664/1039] no-platform   -            Ono Hawaiian BBQ
[ 665/1039] no-platform   -            MOOYAH Burgers, Fries & Shakes
[ 666/1039] needs-browser toast        Higher Grounds Coffee + Café
[ 667/1039] fetch-failed  -            Savory Thai Restaurant
[ 668/1039] no-platform   -            Ernes Mexican Food & Breakfast
[ 669/1039] no-platform   -            Finca
[ 670/1039] no-platform   -            Rancho Grande El Toro Mexican Cuisine
[ 671/1039] no-platform   -            Tacotarian San Diego
[ 672/1039] fetch-failed  -            Ju-ichi
[ 673/1039] needs-browser Square Online storefront House of Pho
[ 674/1039] no-platform   -            Caribbean Pleasure
[ 675/1039] wrong-branch  toast        Cozy Corner
[ 676/1039] no-platform   -            ZZan Sushi & Soju
[ 677/1039] no-platform   -            Graziano's Pizza Oceanside
[ 678/1039] screened-out  shopify      Ascend Coffee Roasters
[ 679/1039] wrong-branch  toast        Madeleine
[ 680/1039] no-platform   -            China Fusion - Vista Way
[ 681/1039] no-platform   -            Blanco Cocina + Cantina
[ 682/1039] no-platform   -            Bambinos Pizzeria & Deli #4
[ 683/1039] fetch-failed  -            Sunny Side Solana
[ 684/1039] needs-browser SpotOn       Souplantation
[ 685/1039] gated         order.online NuYo Frozen Yogurt Telegraph Canyon
[ 686/1039] screened-out  shopify      James Coffee Co.
[ 687/1039] needs-browser chownow      Parakeet Juicery - La Jolla
[ 688/1039] no-platform   -            Old World Meat Company
[ 689/1039] needs-browser clover       Himalayan Bistro Oceanside
[ 690/1039] no-platform   -            El After Social Club
[ 691/1039] no-platform   -            Panpan wok
[ 692/1039] fetch-failed  -            New York Buffalo Wings
[ 693/1039] no-platform   -            Sonny’s Pizza
[ 694/1039] needs-browser slice        Allen's New York Pizza
[ 695/1039] needs-browser toast        Prey Brewing Company
[ 696/1039] needs-browser -            Naked Pizza
[ 697/1039] needs-browser slice        HillCrust Pizza
[ 698/1039] gated         chownow      Handel’s Homemade Ice Cream
[ 699/1039] needs-browser clover       Ryan Bros Coffee City Heights
[ 700/1039] no-platform   -            EL ENCANTO SD
[ 701/1039] no-platform   -            Le Coq
[ 702/1039] no-platform   -            China bros
[ 703/1039] gated         toast        Aromi Italian Cuisine
[ 704/1039] needs-browser order.online Sukho Thai Extraordinaire
[ 705/1039] no-platform   -            Belinda's Familia Mexican Food Truck
[ 706/1039] no-platform   -            AleSmith Brewing Company
[ 707/1039] wrong-branch  toast        ALOHA GRILL
[ 708/1039] no-platform   -            Jaws Topokki
[ 709/1039] needs-browser toast        Angry Chickz - Oceanside
[ 710/1039] needs-browser MealKeyWay   Tengu Ramen
[ 711/1039] gated         chownow      Finney's Crafthouse
[ 712/1039] no-platform   -            The Crimson Cake
[ 713/1039] no-platform   -            Sam's Farm Fresh
[ 714/1039] no-platform   -            Comstock Bar & Grill
[ 715/1039] wrong-branch  ubereats     SugarBears Sweet Provisions
[ 716/1039] no-platform   -            Emiliana's Mexican & Deli Food
[ 717/1039] no-platform   -            Kin Saep
[ 718/1039] screened-out  shopify      Ascend Coffee Roasters
[ 719/1039] needs-browser toast        Docent Brewing
[ 720/1039] filed         order.online Baked Thicc
[ 721/1039] needs-browser Square Online storefront PB Poke House Oceanside
[ 722/1039] needs-browser MealKeyWay   Hi!Dumplings
[ 723/1039] needs-browser toast        Smokin J's BBQ & Taphouse
[ 724/1039] too-few       netwaiter    Thai Pasta
[ 725/1039] needs-browser spothopper   Players Sports Grill
[ 726/1039] no-platform   -            La Mesa Pizzaworks
[ 727/1039] needs-browser order.online El Ranchero
[ 728/1039] no-platform   -            Great Wok of China
[ 729/1039] no-platform   -            Charli's Landing
[ 730/1039] no-platform   -            Merenda
[ 731/1039] no-platform   -            Urban Location Boba Tea House San Diego
[ 732/1039] no-platform   -            Gintaro Sushi
[ 733/1039] no-platform   -            Eclipse Chocolat
[ 734/1039] screened-out  shopify      Trident Coffee Pacific Beach
[ 735/1039] no-platform   -            Sound by the Sea
[ 736/1039] no-platform   -            Good Source Coffee
[ 737/1039] no-platform   -            Thai Table Time
[ 738/1039] no-platform   -            Los Armando's Mexican Food
[ 739/1039] needs-browser MealKeyWay   Ocean Buffet
[ 740/1039] needs-browser toast        Leu Leu
[ 741/1039] no-platform   -            Green Cheek Beer Co.
[ 742/1039] needs-browser Square Online (own domain) Beach City Smoothies
[ 743/1039] needs-browser plain-html   Chef’s Wok & Dumplings
[ 744/1039] no-platform   -            Two Hands Corn Dog Mira Mesa
[ 745/1039] no-platform   -            Los Cucos Mexican Food
[ 746/1039] no-platform   -            Flame Broiler
[ 747/1039] no-platform   -            UT-HO Boba & Baguette
[ 748/1039] no-platform   -            Good Omen Coffee Co
[ 749/1039] no-platform   -            Burtech Family Vineyard Tasting Room
[ 750/1039] no-platform   -            Pietro's Cucina Italiana
[ 751/1039] no-platform   -            Paris Baguette
[ 752/1039] no-platform   -            El Flako's Wrangler Barbecue
[ 753/1039] no-platform   -            The Alley Otay Mesa
[ 754/1039] no-platform   -            Buffalo Wild Wings GO
[ 755/1039] no-platform   -            Tacos el Niño Santana
[ 756/1039] no-platform   -            Saigon Star Restaurant
[ 757/1039] needs-browser MealKeyWay   Pho Tan
[ 758/1039] no-platform   -            Diego's Taco Shop
[ 759/1039] needs-browser order.online Burrito Leo's Mexican Food
[ 760/1039] too-few       netwaiter    Wings mix
[ 761/1039] needs-browser toast        CTZN
[ 762/1039] no-platform   -            IZOLA
[ 763/1039] no-platform   -            TAKARAMONO SUSHI
[ 764/1039] needs-browser chownow      Burger Bench Vista
[ 765/1039] no-platform   -            La Casa Verde
[ 766/1039] no-platform   -            Simply Fresh Thai
[ 767/1039] no-platform   -            Pho Nam Cali
[ 768/1039] no-platform   -            Photo House
[ 769/1039] no-platform   -            Pei Wei
[ 770/1039] no-platform   -            La Mesita Mexican Food
[ 771/1039] no-platform   -            Chocolate Bash
[ 772/1039] needs-browser order.online EsKiNiTa
[ 773/1039] no-platform   -            Little Victory Wine Bar
[ 774/1039] screened-out  clover       Mission Baja Tacos
[ 775/1039] no-platform   -            T&T Tacos & Tequila Grill & Cantina
[ 776/1039] no-platform   -            Banzai Bowls
[ 777/1039] no-platform   -            Alborz Restaurant
[ 778/1039] needs-browser toast        Fleurette
[ 779/1039] needs-browser order.online Scoops Ocean Beach
[ 780/1039] needs-browser slice        West Coast Pizza Company
[ 781/1039] no-platform   -            Buca di Beppo Italian Restaurant
[ 782/1039] no-platform   -            The Honor Bar
[ 783/1039] fetch-failed  -            the Koffie Co
[ 784/1039] no-platform   -            Acai Republic - Oceanside
[ 785/1039] needs-browser olo          Panini Kabob Grill - Park 12
[ 786/1039] no-platform   -            tiger!tiger!
[ 787/1039] fetch-failed  -            Kona Craft Cafe
[ 788/1039] no-platform   -            Piedra Santa
[ 789/1039] no-platform   -            Banzai Bowls
[ 790/1039] no-platform   -            Pha Khao Lao Cuisine
[ 791/1039] no-platform   -            Rocko's Family Restaurant
[ 792/1039] needs-browser slice        Pop's Pizza
[ 793/1039] fetch-failed  -            Top of the Bagel
[ 794/1039] no-platform   -            Kiiro Sushi Izakaya
[ 795/1039] fetch-failed  -            Mandarin Wok Restaurant
[ 796/1039] no-platform   -            Thai Thai Melrose Restaurant
[ 797/1039] needs-browser toast        Breakers
[ 798/1039] no-platform   -            MAKE Cafe
[ 799/1039] no-platform   -            Troy's Greek Restaurant
[ 800/1039] needs-browser chownow      CinKuni (Italian & Japanese Cuisine)
[ 801/1039] no-platform   -            Monserate Winery
[ 802/1039] no-platform   -            Olive Branch Eatery
[ 803/1039] needs-browser toast        QUICK BITES CAFE / Best Sandwiches
[ 804/1039] no-platform   -            Campland Cantina
[ 805/1039] no-platform   -            Rubio's Coastal Grill
[ 806/1039] no-platform   -            Rubio's Coastal Grill
[ 807/1039] no-platform   -            Mr. Buffalo Fries
[ 808/1039] wrong-branch  toast        The Great Greek Mediterranean Grill - Oceanside, CA
[ 809/1039] no-platform   -            PanPan Wok
[ 810/1039] no-platform   -            Ocean Thai Cuisine
[ 811/1039] no-platform   -            Cocina 35 brunch
[ 812/1039] too-few       netwaiter    LA PLACE DELI
[ 813/1039] no-platform   -            Rubio's Coastal Grill
[ 814/1039] no-platform   -            Bueno Wine & Goods
[ 815/1039] needs-browser Square Online storefront iWok Chinese Kitchen
[ 816/1039] needs-browser slice        Little Sisters Pizza
[ 817/1039] no-platform   -            Las Ricas Tortas
[ 818/1039] needs-browser Square Online (own domain) Slurp
[ 819/1039] no-platform   -            Little Hidden Bakery
[ 820/1039] needs-browser toast        Jolie
[ 821/1039] no-platform   -            Mi Tierra Super Taco
[ 822/1039] no-platform   -            Una Mas on Adams
[ 823/1039] needs-browser toast        Brites Soft Serve
[ 824/1039] no-platform   -            Pizza Guys
[ 825/1039] no-platform   -            Fortuna Ristorante Italiano
[ 826/1039] no-platform   -            PanPan Wok
[ 827/1039] no-platform   -            chance's coffee
[ 828/1039] no-platform   -            Urban Teri Kitchen
[ 829/1039] wrong-branch  toast        Chin's Szechwan - Point Loma
[ 830/1039] needs-browser order.online Halal Burger Co.
[ 831/1039] needs-browser Square Online (own domain) Le Charcuterie Bar
[ 832/1039] no-platform   -            Juice Holler
[ 833/1039] no-platform   -            Dark Horse Coffee Roasters
[ 834/1039] no-platform   -            Uncle Feras Middle Eastern Restaurant
[ 835/1039] screened-out  toast        Agave Birrieria
[ 836/1039] no-platform   -            Leona's Cucina Italiana
[ 837/1039] needs-browser olo          Coffee Bean
[ 838/1039] needs-browser toast        Between Us
[ 839/1039] no-platform   -            North Park Creamery
[ 840/1039] needs-browser HungerRush   Pop Pops Paleta
[ 841/1039] no-platform   -            PanPan wok
[ 842/1039] needs-browser Square Online (own domain) Beach City Smoothies - Oceanside
[ 843/1039] needs-browser Square Online storefront Mein St. Asian Kitchen
[ 844/1039] no-platform   -            Pokeport Oceanside
[ 845/1039] no-platform   -            Oriental Cafe | Chinese
[ 846/1039] no-platform   -            Queenstown Del Mar
[ 847/1039] no-platform   -            La Costa Wine
[ 848/1039] no-platform   -            El Papas Fritas Taco Shop
[ 849/1039] no-platform   -            Noodle & Bun
[ 850/1039] no-platform   -            Ono Hawaiian BBQ
[ 851/1039] no-platform   -            Thai Thae Cuisine
[ 852/1039] no-platform   -            Poki Poki - Escondido
[ 853/1039] needs-browser Square Online (own domain) Chef Budda Blasian Soul Food LLC
[ 854/1039] no-platform   -            KABOB SHACK - EASTLAKE
[ 855/1039] no-platform   -            Chopsticks Inn Restaurant
[ 856/1039] no-platform   -            Christophe Rull Patisserie
[ 857/1039] no-platform   -            Arteazen Handcrafted Tea
[ 858/1039] screened-out  order.online La Fresita Y Mas
[ 859/1039] no-platform   -            Egg Tuck
[ 860/1039] needs-browser MealKeyWay   Dumplings N More
[ 861/1039] no-platform   -            Love Letters Pizza
[ 862/1039] no-platform   -            For The Win - San Diego
[ 863/1039] fetch-failed  -            Antique Thai
[ 864/1039] no-platform   -            Khyber Pass Zarparan Restaurant | Afghan
[ 865/1039] needs-browser order.online Torta Time
[ 866/1039] no-platform   -            Hilltop Cafe
[ 867/1039] no-platform   -            ZZan Sushi & Soju
[ 868/1039] no-platform   -            Board & Brew - Downtown San Diego
[ 869/1039] no-platform   -            The Poke Tea House
[ 870/1039] no-platform   -            ROBATA-X Sushi & Izakaya
[ 871/1039] needs-browser toast        NOIR Sushi and Sake Fusion Lounge
[ 872/1039] no-platform   -            Huckleberry's Breakfast & Lunch
[ 873/1039] needs-browser olo          Dimassi's Mediterranean Buffet
[ 874/1039] no-platform   -            Barrel Riot
[ 875/1039] wrong-branch  toast        TACO CENTRO
[ 876/1039] no-platform   -            Dalu Hawaiian BBQ
[ 877/1039] no-platform   -            Sabroso taco savor a mi tierra
[ 878/1039] needs-browser -            Habibi Mediterranean Grill
[ 879/1039] needs-browser toast        La Jollita
[ 880/1039] no-platform   -            Scena Fusion Kitchen & Bar
[ 881/1039] no-platform   -            Mevan Coffee & Desserts & Brunch
[ 882/1039] no-platform   -            Zuma San Diego
[ 883/1039] no-platform   -            Bodega Market
[ 884/1039] no-platform   -            24 Suns
[ 885/1039] no-platform   -            Jalisco Cantina
[ 886/1039] no-platform   -            Hazel & Jade Bakery
[ 887/1039] no-platform   -            Peppoli's Pizza & Philly Steaks
[ 888/1039] needs-browser Square Online (own domain) The Cakery Cafe
[ 889/1039] no-platform   -            Ichitaru Ramen Carlsbad
[ 890/1039] no-platform   -            Lotho Deli
[ 891/1039] needs-browser SpotOn       Crest Taco
[ 892/1039] needs-browser toast        Colosseo Cucina Italiana
[ 893/1039] fetch-failed  -            Quarter Deck Inn Cocktails
[ 894/1039] filed         wix          Sourpuss Donuts
[ 895/1039] needs-browser -            Hanna Garden
[ 896/1039] needs-browser MealKeyWay   Pho Luu Escondido - Vietnamese Cuisine
[ 897/1039] needs-browser toast        Pompei Pizza
[ 898/1039] no-platform   -            UT-HO Boba & Baguette
[ 899/1039] needs-browser chownow      Parakeet Cafe - Nautilus
[ 900/1039] no-platform   -            Taconora Pacific Beach
[ 901/1039] no-platform   -            Mexico City Cuisine-CoLab
[ 902/1039] needs-browser slice        Pastalini
[ 903/1039] no-platform   -            Thai Table Time
[ 904/1039] no-platform   -            Little While
[ 905/1039] needs-browser toast        Market St Pizzeria
[ 906/1039] no-platform   -            Side Street Bowls & Smoothies
[ 907/1039] no-platform   -            Borrego Rooftop
[ 908/1039] no-platform   -            I Love Bagels
[ 909/1039] no-platform   -            Sono North Park
[ 910/1039] no-platform   -            The Morning Grove
[ 911/1039] fetch-failed  -            Daisy Deli
[ 912/1039] no-platform   -            Mantra Raja
[ 913/1039] no-platform   -            Krak Boba
[ 914/1039] no-platform   -            Barrio Food Hub
[ 915/1039] no-platform   -            Monserate Winery
[ 916/1039] wrong-branch  toast        Blank Slate
[ 917/1039] no-platform   -            El Flako's Wrangler Barbecue
[ 918/1039] no-platform   -            Gaslamp Coffee Bar
[ 919/1039] needs-browser toast        One of Us
[ 920/1039] needs-browser toast        Grandson Steaks
[ 921/1039] no-platform   -            Crave & Feast
[ 922/1039] needs-browser toast        Okama Ramen and Grill
[ 923/1039] no-platform   -            The Encore Sushi
[ 924/1039] no-platform   -            Native Foods
[ 925/1039] no-platform   -            Badas burgers
[ 926/1039] wrong-branch  toast        Cala La Jolla Café
[ 927/1039] wrong-branch  toast        Saigon Alley Kitchen & Bar
[ 928/1039] needs-browser Square Online storefront Empanada Kitchen
[ 929/1039] no-platform   -            Doc Holliday's
[ 930/1039] needs-browser MenuSifu     Joyee Noodle House(UTC)
[ 931/1039] wrong-branch  toast        Gold Coffee Shop
[ 932/1039] no-platform   -            Kasi
[ 933/1039] no-platform   -            El Dorado
[ 934/1039] needs-browser -            Sammy's Woodfire Pizza and Grille
[ 935/1039] no-platform   -            Baba's Pizza
[ 936/1039] needs-browser Square Online storefront Copa Vida
[ 937/1039] no-platform   -            Soda & Swine
[ 938/1039] screened-out  order.online Fish Restaurant
[ 939/1039] no-platform   -            Cafe Fresh
[ 940/1039] needs-browser order.online Deli Belly
[ 941/1039] fetch-failed  -            Rancho Cafe
[ 942/1039] no-platform   -            Pegah’s Kitchen
[ 943/1039] wrong-branch  toast        Blue Water Grill
[ 944/1039] screened-out  shopify      Lofty Coffee
[ 945/1039] no-platform   -            Nékter Juice Bar
[ 946/1039] no-platform   -            Our Green Affair
[ 947/1039] no-platform   -            Cent'Anni Café
[ 948/1039] fetch-failed  -            Coco's Bakery
[ 949/1039] fetch-failed  -            Island Market
[ 950/1039] no-platform   -            U31
[ 951/1039] wrong-branch  toast        The Coffee Spot
[ 952/1039] no-platform   -            Rush Bowls
[ 953/1039] needs-browser -            The Hamlett
[ 954/1039] no-platform   -            India Princess
[ 955/1039] no-platform   -            Brick & Bell Plus
[ 956/1039] no-platform   -            Filibertos
[ 957/1039] no-platform   -            Village Inn
[ 958/1039] no-platform   -            Kava Lounge
[ 959/1039] needs-browser Square Online storefront Empanada Kitchen
[ 960/1039] no-platform   -            Jungle Cart
[ 961/1039] no-platform   -            Veladora
[ 962/1039] no-platform   -            Villa Fresh Italian Kitchen
[ 963/1039] no-platform   -            Deja Vu
[ 964/1039] no-platform   -            Jordan
[ 965/1039] no-platform   -            Fairbanks
[ 966/1039] no-platform   -            Shake Smart
[ 967/1039] fetch-failed  -            Mis Dos Gallos Taqueria, Fruit & Deli
[ 968/1039] no-platform   -            Nicolosi's Pizza (Mira Lee Way)
[ 969/1039] needs-browser Square Online storefront Prager Brothers Artisan Breads
[ 970/1039] needs-browser slice        Massachusetts Mike's Pizzeria
[ 971/1039] no-platform   -            CABETOS Pops
[ 972/1039] no-platform   -            The Reading Club
[ 973/1039] no-platform   -            Monster Snacks
[ 974/1039] no-platform   -            Time Out Café
[ 975/1039] wrong-branch  toast        Beeside Balcony La Jolla
[ 976/1039] fetch-failed  -            Kellys Pub
[ 977/1039] fetch-failed  -            Lefty's Cheesesteaks
[ 978/1039] no-platform   -            Juice Alchemy
[ 979/1039] no-platform   -            La Salsa
[ 980/1039] no-platform   -            Relic Bakery & Kitchen
[ 981/1039] no-platform   -            CHINA CHEF 1
[ 982/1039] needs-browser toast        Sultan Baklava
[ 983/1039] no-platform   -            Safari Coffee Outpost
[ 984/1039] wrong-branch  toast        Oceanside Fish Shop
[ 985/1039] gated         toast        Corbin's Q
[ 986/1039] needs-browser -            Yogurt Lounge Serra Mesa
[ 987/1039] no-platform   -            Canyon Inn
[ 988/1039] no-platform   -            Pizza Guys
[ 989/1039] filed         spothopper   Cabo Cantina
[ 990/1039] no-platform   -            Mo-Mo Paradise
[ 991/1039] too-few       own-jsonld   The Oceanaire Seafood Room
[ 992/1039] fetch-failed  -            Tacos Locos Tasty Mexican Food
[ 993/1039] wrong-branch  toast        Chef Fei
[ 994/1039] fetch-failed  -            OB Kebab
[ 995/1039] fetch-failed  -            OB Garden Café
[ 996/1039] wrong-branch  toast        Lucha Libre Taco Shop
[ 997/1039] needs-browser Square Online (own domain) BCB Coffee
[ 998/1039] no-platform   -            George’s Bar
[ 999/1039] no-platform   -            Grover's Grill
[1000/1039] no-platform   -            House of Black
[1001/1039] no-platform   -            Creme De La Crepe
[1002/1039] no-platform   -            Border X Brewing
[1003/1039] no-platform   -            Noodles
[1004/1039] fetch-failed  -            Las Pinches Tortas
[1005/1039] no-platform   -            Taco Villa
[1006/1039] needs-browser Square Online storefront Copa Vida
[1007/1039] no-platform   -            Mission Brewing (fka Rough Draft)
[1008/1039] no-platform   -            Aromas
[1009/1039] no-platform   -            Chicken & Crown
[1010/1039] fetch-failed  -            Dryer's Ice Cream Parlor
[1011/1039] no-platform   -            University Towers Kitchen
[1012/1039] no-platform   -            TEC Cafe
[1013/1039] needs-browser toast        BCB Coffee Company
[1014/1039] no-platform   -            Sweet Labors
[1015/1039] fetch-failed  -            Trade Restaurant & Lounge
[1016/1039] needs-browser MealKeyWay   Yonny Mini Hotpot
[1017/1039] fetch-failed  -            All Fried Up
[1018/1039] no-platform   -            Café de Anza
[1019/1039] no-platform   -            Mawazo Kitchen
[1020/1039] needs-browser Square Online storefront Cafecito 1806
[1021/1039] no-platform   -            SanSai Japanese Grill
[1022/1039] wrong-branch  toast        Carnitas’ Snack Shack
[1023/1039] no-platform   -            The Santaluz Club Dining Room and Events
[1024/1039] no-platform   -            Stony Mountain Bar & Grill
[1025/1039] no-platform   -            Trisler's San Diego Wine Bar
[1026/1039] no-platform   -            NM Cafe
[1027/1039] no-platform   -            Inland Tavern
[1028/1039] fetch-failed  -            In Between
[1029/1039] no-platform   -            Ground Up Cafe
[1030/1039] needs-browser -            Casa de Freds
[1031/1039] fetch-failed  -            Capriotti's Sandwich Shop
[1032/1039] needs-browser -            Verde Kitchen & Bar
[1033/1039] fetch-failed  -            HACIENDITA BAKERY
[1034/1039] no-platform   -            The Grand Tradition
[1035/1039] fetch-failed  -            BunZ
[1036/1039] no-platform   -            Oliva
[1037/1039] no-platform   -            Bean Sprouts
[1038/1039] no-platform   -            Buka - Taste of Nigeria
[1039/1039] no-platform   -            Mama Kat's Restaurant and Pie Shop

platform                       attempted         filed       too-few         gated  wrong-branch needs-browser   no-platform  fetch-failed  screened-out
none                                 678             0             0             0             0            29           544           105             0
toast                                102             2             0             4            32            61             0             0             3
order.online                          49             3             0             2             5            34             0             0             5
Square Online storefront              42             0             0             0             0            42             0             0             0
Square Online (own domain)            23             0             0             0             0            23             0             0             0
chownow                               22             0             0             7             0            15             0             0             0
netwaiter                             20             0            20             0             0             0             0             0             0
MealKeyWay                            17             0             0             0             0            17             0             0             0
slice                                 14             0             0             0             0            13             0             0             1
shopify                               12             1             0             0             0             0             0             0            11
SpotOn                                11             0             0             0             0            11             0             0             0
plain-html                             9             0             0             0             0             9             0             0             0
olo                                    9             0             0             0             0             9             0             0             0
spothopper                             8             1             0             0             0             7             0             0             0
clover                                 8             0             0             0             3             2             0             0             3
HungerRush                             4             0             0             0             0             4             0             0             0
own-jsonld                             3             0             2             0             0             0             0             0             1
menufy                                 2             0             0             0             0             0             0             0             2
GloriaFood widget                      1             0             0             0             0             1             0             0             0
popmenu                                1             0             0             0             1             0             0             0             0
Paytronix                              1             0             0             0             0             1             0             0             0
ubereats                               1             0             0             0             1             0             0             0             0
wix                                    1             1             0             0             0             0             0             0             0
MenuSifu                               1             0             0             0             0             1             0             0             0
TOTAL                               1039             8            22            13            42           279           544           105            26

8 menus, 164 dishes
wrote menus/wip/router-20260904-190259.json
wrote menus/wip/router-20260904-190259.notes.json
