1313 restaurants have no website; this run looks at 1313.
1204 already cached (free to re-parse), 109 would need a live query.
ledger 2350/2400 used, 50 left; --max-queries 50.
  1913 isa.bella: Serper 400: {"message":"Query pattern not allowed for free accounts.","statusCode":400}

queried 50 (live) / found 21 / no-confident-result 1233 / skipped 59
by rule: (a) 5, (b) 16
ledger now 2400/2400.
merged 1254 entries into data/serper-found.notes.json

sample (20 of 21):
  6406  Taquería Imperial -> https://taqueriaimperial.shop  [b]
  5420  Tacos El Gallo -> https://tacoselgallogo.twupro.com  [a]
  777  El Camino -> https://www.elcamino.edu  [b]
  7616  Yesenia's Mexican Food & Ice Cream -> https://yeseniasmexicanfoodicecreamca.com  [b]
  6913  Fiori’s Pizza -> https://fiorispizzasd.com  [b]
  6915  That Pizza Place - Carlsbad -> https://www.thatpizzaplacecarlsbad.com  [b]
  6916  La Sabrosita -> https://lasabrositacantina.com  [b]
  6920  Darshan Bakery -> https://www.darshanbakery.com  [b]
  6922  Sabor a Vida Cafe & Deli -> https://www.saboravidacafeanddeli.com  [b]
  6923  Friends of Friends -> https://order.toasttab.com/online/friends-of-friends-127-east-8th-street  [a]
  6924  Appetite -> https://appetite.netwaiter.com/san-diego/about/  [a]
  6926  Ramen Mik -> https://ramenmik.com  [b]
  1590  Golden Corral -> https://www.goldencorral.com/locations/location-detail/2697/golden-corral-diamond-blvd/  [b]
  6893  Monserate Winery -> https://monseratewinery.com  [b]
  6908  Vigilante Coffee -> https://www.vigilantecoffee.com  [b]
  6932  Agave Birrieria -> https://agavebirrieria.com  [b]
  6935  Ramen Mik -> https://ramenmik.com  [b]
  6937  FurnSaj Bakery & Restaurant -> https://order.online/store/FurnsajBakeryRestaurant-24681565  [a]
  6532  Wholly Crepe -> https://order.toasttab.com/online/wholly-crepe-san-marcos-746-s-rancho-santa-fe-rd  [a]
  6942  Taco Machin -> https://tacomachin.com  [b]

no confident result (20 of 1233 shown):
  205  Las Cuatro Milpas
  297  Tita's Kitchenette
  1700  South Beach Bar and Grille
  155  La Playa Taco Shop
  2343  Money Pit
  256  Chuy's Taco Shop
  292  Hanamichi
  2813  Oscar’s seafood
  1737  Pepper Tree Frosty
  407  Wa Dining OKAN
  226  Armando's Mexican Food
  4408  Supannee Thai
  2713  Asada Mexican Restaurant
  3573  Super China Buffet
  5768  Humberto's Taco Shop
  5941  La Quinta Grill Restaurante
  5560  Birrieria Y Menuderia Guadalajara
  1200  The Strand Bar and Grill
  266  A-Chau
  1493  Solare Restuarant Lounge
