no DATABASE_URL - brand-twin check falls back to the hand-written allowlist
clean:      3 entries (3 with menus, 0 confirmed not-found), 175 dishes
quarantine: 17 entries, 0 dishes withheld

  Lollicup Tea Zone (0 dishes) - blocked, not absent: no-website record; brand's own lollicupfresh.com/menu.html lists items (milk tea, flavored tea, slush, smoothie, coffee, food, add-ons) with zero prices anywhere on the page - franchise locations price independently. Text search (DuckDuckGo lite) surfaced only tier-5 farms (allmenus, sirved, menupix, zmenu, checkle, restaurantji) and no DoorDash/UberEats/Toast storefront URL for this specific branch. Needs a browser or app search to find this location's delivery listing.
  Seven Seas Roasting (0 dishes) - blocked, not absent: needs-browser: cafe ordering is on Craver App (sevenseas.craverapp.com), a React SPA with no server-rendered content; api_host apis.craverapp.com/v1/ with companyMenuToken 'sevenseas' returns 404 on /menus and /companies/<token> guesses, and Bearer/x-api-key headers with the page's companyApiKey did not help. Router already correctly screened out the site's own Shopify /products.json as retail merchandise/beans, not the drink menu; /pages/order-ahead-1 is also just a Shopify product search widget (Kanteen, Snapback, Beanie, coffee bags), not the cafe menu.
  Unique Sandwiches (0 dishes) - blocked, not absent: needs-browser: site returns 202 with a meta-refresh to /.well-known/sgcaptcha/ (bot wall) to both curl and a plain HTTP request with a desktop Chrome UA - server-side, not a UA problem. No delivery-platform URL found via text search.
  Bowl To Go (0 dishes) - blocked, not absent: listed website is an expired-domain listing page; bowltogo.twupro.com (found via search, address matches exactly - 6780 Miramar Rd) is a farm site of the hey-restaurants/restaurants-us pattern: generic 'Our Story' prose, and its 'Signature Dishes' section is four placeholder categories with no real names or prices at all ('Chef Special - Daily pick', 'Fresh Salad - Crisp', 'House Soup - Homemade', 'Dessert - Sweet finish'). No real menu found; needs a browser/app search for a delivery-platform listing.
  Gihon Ethiopian Kitchen (0 dishes) - blocked, not absent: needs-browser: /menu/ page has zero text prices - it's a WordPress image gallery of food photos only (verified by opening one full-res upload), no menu board/price list among them and no ordering-platform link found on the site. No delivery-platform URL found via text search either.
  El Mercadito (0 dishes) - blocked, not absent: router's URL 404s (site was fully rebuilt, new WP theme dated 2025/12). El Mercadito is a snack kiosk inside the Fiesta de Reyes complex (churros, baked goods, sodas, ice cream) described only in marketing prose on /shops/ and /dining-at-fiesta-de-reyes/, no itemized price list anywhere on the first-party site. DuckDuckGo lite/html both bot-walled (captcha / 202) before a third-party listing could be checked.
  Star Dust Donut Shop (0 dishes) - blocked, not absent: needs-browser: listed poi.place site redirects to a barred farm domain. Text search surfaced only tier-5 aggregators (checkle, restaurantji, zmenu) - checkle returned HTTP 429, zmenu HTTP 403, both to a plain curl with a browser UA; no priced content retrieved from either.
  Hilberto's Mexican Food (0 dishes) - blocked, not absent: no-website record; DuckDuckGo search surfaced allmenus.com and Yelp listings but no first-party site or ordering platform. allmenus.com/ca/santee/798302-hilbertos/menu/ returned HTTP 200 but the page is JS-rendered (8KB shell, zero prices in the raw HTML) to a plain curl. Needs a browser to render the aggregator's menu.
  Java Earth Coffee (0 dishes) - blocked, not absent: needs-browser: site returns HTTP 202 with the same sgcaptcha bot-wall meta-refresh (/.well-known/sgcaptcha/) seen on Unique Sandwiches (restaurantId 6529 in this same batch) - server-side gate, not a UA issue.
  Gem Coffee (0 dishes) - blocked, not absent: fetch-failed: connect timeout on gemcoffeesd.com persists on retry (both attempted IPs, port 443) - site appears to be down, not a bot gate. Temporary; re-queue.
  Cheers (0 dishes) - blocked, not absent: fetch-failed: connect timeout on cheerssandiego.com persists on retry (port 80) - site appears to be down. Temporary; re-queue.
  YOHED COFFEE (0 dishes) - blocked, not absent: no-website record; DuckDuckGo html/lite both bot-walled (captcha challenge / HTTP 202) on every query attempted after the first one this session - could not complete a text search in the time budget. Re-queue for a session with search still available.
  Lake Henshaw Cafe (0 dishes) - blocked, not absent: no-website record; DuckDuckGo bot-walled (see YOHED COFFEE note) before a search could complete. Remote/rural location, likely low review volume - re-queue for a session with search available.
  Orient Valley Filipino Cuisine (0 dishes) - blocked, not absent: fetch-failed: connect timeout on orientvalley-filipinocuisine.com persists on retry (port 443) - site appears to be down. Temporary; re-queue.
  Salsa Brava (0 dishes) - blocked, not absent: no-website record; DuckDuckGo bot-walled (see YOHED COFFEE note) before a search could complete. Re-queue for a session with search available.
  Las Michoacanas (0 dishes) - blocked, not absent: needs-browser: single-page site has Menu and Order Online nav items but they are JS tab-switches / third-party ordering widget with no server-rendered href or price text (0 dollar signs in the raw HTML); no menu content reachable via plain curl.
  Cj Lounge (0 dishes) - blocked, not absent: listed website redirects to the barred directory farm cjs-club.edan.io; DuckDuckGo bot-walled (see YOHED COFFEE note) before an alternate source could be found. Re-queue for a session with search available.
